[0;32mI (205) boot:ï¿½ets Jul 29 2019 12:21:46

rst:0x1 (POWERON_RESET),boot:0x13 (SPI_FAST_FLASH_BOOT)
configsip: 0, SPIWP:0xee
clk_drv:0x00,q_drv:0x00,d_drv:0x00,cs0_drv:0x00,hd_drv:0x00,wp_drv:0x00
mode:DIO, clock div:2
load:0x3fff0030,len:7172
load:0x40078000,len:15532
load:0x40080400,len:4
load:0x40080404,len:3904
entry 0x40080640
[0;32mI (29) boot: ESP-IDF v5.3-dev-1288-g5524b692ee-dirty 2nd stage bootloader[0m
[0;32mI (29) boot: compile time Jan 27 2024 11:38:47[0m
[0;32mI (32) boot: Multicore bootloader[0m
[0;32mI (36) boot: chip revision: v3.0[0m
[0;32mI (40) boot.esp32: SPI Speed      : 40MHz[0m
[0;32mI (44) boot.esp32: SPI Mode       : DIO[0m
[0;32mI (49) boot.esp32: SPI Flash Size : 2MB[0m
[0;32mI (53) boot: Enabling RNG early entropy source...[0m
[0;32mI (59) boot: Partition Table:[0m
[0;32mI (62) boot: ## Label            Usage          Type ST Offset   Length[0m
[0;32mI (70) boot:  0 nvs              WiFi data        01 02 00009000 00006000[0m
[0;32mI (77) boot:  1 phy_init         RF data          01 01 0000f000 00001000[0m
[0;32mI (84) boot:  2 factory          factory app      00 00 00010000 00100000[0m
[0;32mI (92) boot: End of partition table[0m
[0;32mI (96) esp_image: segment 0: paddr=00010020 vaddr=3f400020 size=0cf4ch ( 53068) map[0m
[0;32mI (123) esp_image: segment 1: paddr=0001cf74 vaddr=3ffb0000 size=030a4h ( 12452) load[0m
[0;32mI (128) esp_image: segment 2: paddr=00020020 vaddr=400d0020 size=1c02ch (114732) map[0m
[0;32mI (168) esp_image: segment 3: paddr=0003c054 vaddr=3ffb30a4 size=002c8h (   712) load[0m
[0;32mI (168) esp_image: segment 4: paddr=0003c324 vaddr=40080000 size=0ecd8h ( 60632) load[0m
[0;32mI (205) boot: Loaded app from partition at offset 0x10000[0m
[0;32mI (205) boot: Disabling RNG early entropy source...[0m
[0;32mI (217) cpu_start: Multicore app[0m
D (217) cpu_start: Pro cpu up[0m
D (217) cpu_start: Starting app cpu, entry point is 0x40081178[0m
D (0) cpu_start: App cpu up[0m
D (226) clk: RTC_SLOW_CLK calibration value: 3061696[0m
D (238) cpu_start: calling init function: 0x400d1648 on core: 0[0m
[0;32mI (238) cpu_start: Pro cpu start user code[0m
[0;32mI (238) cpu_start: cpu freq: 160000000 Hz[0m
D (244) cpu_start: calling init function: 0x400d168c on core: 0[0m
[0;32mI (250) cpu_start: Application information:[0m
[0;32mI (255) cpu_start: Project name:     drone_flight_control[0m
[0;32mI (261) cpu_start: App version:      1[0m
[0;32mI (265) cpu_start: Compile time:     Jan 31 2024 22:48:20[0m
[0;32mI (271) cpu_start: ELF file SHA256:  3a0dce176...[0m
[0;32mI (277) cpu_start: ESP-IDF:          v5.3-dev-1288-g5524b692ee-dirty[0m
[0;32mI (284) cpu_start: Min chip rev:     v0.0[0m
[0;32mI (288) cpu_start: Max chip rev:     v3.99 [0m
[0;32mI (293) cpu_start: Chip rev:         v3.0[0m
D (298) cpu_start: calling init function: 0x400d17d4 on core: 0[0m
D (304) memory_layout: Checking 9 reserved memory ranges:[0m
D (309) memory_layout: Reserved memory range 0x3ff82000 - 0x3ff82000[0m
D (316) memory_layout: Reserved memory range 0x3ffae000 - 0x3ffae6e0[0m
D (322) memory_layout: Reserved memory range 0x3ffb0000 - 0x3ffb3e60[0m
D (329) memory_layout: Reserved memory range 0x3ffe0000 - 0x3ffe0440[0m
D (335) memory_layout: Reserved memory range 0x3ffe3f20 - 0x3ffe4350[0m
D (342) memory_layout: Reserved memory range 0x40070000 - 0x40078000[0m
D (348) memory_layout: Reserved memory range 0x40078000 - 0x40080000[0m
D (354) memory_layout: Reserved memory range 0x40080000 - 0x4008ecd8[0m
D (361) memory_layout: Reserved memory range 0x50001fe8 - 0x50002000[0m
D (367) memory_layout: Building list of available memory regions:[0m
D (373) memory_layout: Available memory region 0x3ffae6e0 - 0x3ffb0000[0m
D (380) memory_layout: Available memory region 0x3ffb3e60 - 0x3ffb8000[0m
D (387) memory_layout: Available memory region 0x3ffb8000 - 0x3ffc0000[0m
D (393) memory_layout: Available memory region 0x3ffc0000 - 0x3ffc2000[0m
D (400) memory_layout: Available memory region 0x3ffc2000 - 0x3ffc4000[0m
D (406) memory_layout: Available memory region 0x3ffc4000 - 0x3ffc6000[0m
D (413) memory_layout: Available memory region 0x3ffc6000 - 0x3ffc8000[0m
D (420) memory_layout: Available memory region 0x3ffc8000 - 0x3ffca000[0m
D (426) memory_layout: Available memory region 0x3ffca000 - 0x3ffcc000[0m
D (433) memory_layout: Available memory region 0x3ffcc000 - 0x3ffce000[0m
D (439) memory_layout: Available memory region 0x3ffce000 - 0x3ffd0000[0m
D (446) memory_layout: Available memory region 0x3ffd0000 - 0x3ffd2000[0m
D (453) memory_layout: Available memory region 0x3ffd2000 - 0x3ffd4000[0m
D (459) memory_layout: Available memory region 0x3ffd4000 - 0x3ffd6000[0m
D (466) memory_layout: Available memory region 0x3ffd6000 - 0x3ffd8000[0m
D (472) memory_layout: Available memory region 0x3ffd8000 - 0x3ffda000[0m
D (479) memory_layout: Available memory region 0x3ffda000 - 0x3ffdc000[0m
D (486) memory_layout: Available memory region 0x3ffdc000 - 0x3ffde000[0m
D (492) memory_layout: Available memory region 0x3ffde000 - 0x3ffe0000[0m
D (499) memory_layout: Available memory region 0x3ffe0440 - 0x3ffe3f20[0m
D (505) memory_layout: Available memory region 0x3ffe4350 - 0x3ffe8000[0m
D (512) memory_layout: Available memory region 0x3ffe8000 - 0x3fff0000[0m
D (519) memory_layout: Available memory region 0x3fff0000 - 0x3fff8000[0m
D (525) memory_layout: Available memory region 0x3fff8000 - 0x3fffc000[0m
D (532) memory_layout: Available memory region 0x3fffc000 - 0x40000000[0m
D (538) memory_layout: Available memory region 0x4008ecd8 - 0x40090000[0m
D (545) memory_layout: Available memory region 0x40090000 - 0x40092000[0m
D (552) memory_layout: Available memory region 0x40092000 - 0x40094000[0m
D (558) memory_layout: Available memory region 0x40094000 - 0x40096000[0m
D (565) memory_layout: Available memory region 0x40096000 - 0x40098000[0m
D (571) memory_layout: Available memory region 0x40098000 - 0x4009a000[0m
D (578) memory_layout: Available memory region 0x4009a000 - 0x4009c000[0m
D (585) memory_layout: Available memory region 0x4009c000 - 0x4009e000[0m
D (591) memory_layout: Available memory region 0x4009e000 - 0x400a0000[0m
[0;32mI (598) heap_init: Initializing. RAM available for dynamic allocation:[0m
D (605) heap_init: New heap initialised at 0x3ffae6e0[0m
[0;32mI (610) heap_init: At 3FFAE6E0 len 00001920 (6 KiB): DRAM[0m
D (616) heap_init: New heap initialised at 0x3ffb3e60[0m
[0;32mI (621) heap_init: At 3FFB3E60 len 0002C1A0 (176 KiB): DRAM[0m
[0;32mI (628) heap_init: At 3FFE0440 len 00003AE0 (14 KiB): D/IRAM[0m
[0;32mI (634) heap_init: At 3FFE4350 len 0001BCB0 (111 KiB): D/IRAM[0m
D (640) heap_init: New heap initialised at 0x4008ecd8[0m
[0;32mI (645) heap_init: At 4008ECD8 len 00011328 (68 KiB): IRAM[0m
D (652) cpu_start: calling init function: 0x400d17e0 on core: 0[0m
D (658) cpu_start: calling init function: 0x400d3e64 on core: 0[0m
D (664) cpu_start: calling init function: 0x400ea51c on core: 0[0m
D (670) cpu_start: calling init function: 0x400d17ec on core: 0[0m
D (676) intr_alloc: Connected src 46 to int 2 (cpu 0)[0m
D (681) cpu_start: calling init function: 0x400d17f8 on core: 0[0m
D (687) cpu_start: calling init function: 0x400d5594 on core: 0[0m
D (693) cpu_start: calling init function: 0x400d6780 on core: 0[0m
D (699) cpu_start: calling init function: 0x400d3ed0 on core: 0[0m
D (705) cpu_start: calling init function: 0x400d1804 on core: 0[0m
D (711) cpu_start: calling init function: 0x400d1810 on core: 0[0m
D (717) spi_flash: trying chip: issi[0m
D (720) spi_flash: trying chip: gd[0m
D (724) spi_flash: trying chip: mxic[0m
D (727) spi_flash: trying chip: winbond[0m
D (731) spi_flash: trying chip: generic[0m
[0;32mI (735) spi_flash: detected chip: generic[0m
[0;32mI (740) spi_flash: flash io: dio[0m
[0;33mW (744) spi_flash: Detected size(4096k) larger than the size in the binary image header(2048k). Using the size in the binary image header.[0m
D (757) cpu_start: calling init function: 0x400ea524 on core: 0[0m
D (763) cpu_start: calling init function: 0x400df0b8[0m
[0;33mW (768) i2c: This driver is an old driver, please migrate your application code to adapt `driver/i2c_master.h`[0m
D (779) cpu_start: calling init function: 0x400d8358[0m
D (784) cpu_start: calling init function: 0x400d7758[0m
D (789) cpu_start: calling init function: 0x4008613c[0m
D (794) cpu_start: calling init function: 0x400d28a4[0m
D (799) cpu_start: calling init function: 0x400d1da8[0m
D (804) cpu_start: calling init function: 0x400d14b0[0m
D (809) cpu_start: calling init function: 0x400d43c4 on core: 0[0m
D (815) intr_alloc: Connected src 17 to int 3 (cpu 0)[0m
D (820) cpu_start: calling init function: 0x400d1838 on core: 0[0m
D (826) intr_alloc: Connected src 24 to int 9 (cpu 0)[0m
D (831) app_start: Starting scheduler on CPU0[0m
[0;32D (836) intr_alloc: Connected src 25 to int 2 (cpu 1)[0m
D (836) app_start: Starting scheduler on CPU1[0m
mI (836) main_task: Started on CPU0[0m
D (856) heap_init: New heap initialised at 0x3ffe0440[0m
D (856) heap_init: New heap initialised at 0x3ffe4350[0m
D (856) intr_alloc: Connected src 16 to int 12 (cpu 0)[0m
[0;32mI (856) main_task: Calling app_main()[0m
D (866) intr_alloc: Connected src 49 to int 13 (cpu 0)[0m
[0;32mI (876) IMU: devid=0x34[0m
[0;32mI (876) IMU: getRate()=0[0m
[0;32mI (876) IMU: getExternalFrameSync()=0[0m
[0;32mI (876) IMU: getDLPFMode()=6[0m
[0;32mI (886) ESC_controller: Create RMT TX channel[0m
Created RMT TX ChannelsD (886) rmt: new group(0) at 0x3ffbd988, occupy=ffffff00[0m
[0;D (896) intr_alloc: Connected src 47 to int 3 (cpu 1)[0m
32mI (896) IMU: getFullScaleAccelRange()=0[0m
D (906) rmt: group clock resolution:80000000[0m
[0;32mI (906) IMU: getFullScaleGyroRange()=0[0m
[0;32mI (906) gpio: GPIO[32]| InputEn: 0| OutputEn: 1| OpenDrain: 0| Pullup: 1| Pulldown: 0| Intr:0 [0m
[0;32mI (916) IMU: roll=-0.000810 pitch=-0.040876 yaw=-0.000031[0m
D (926) rmt: new tx channel(0,0) at 0x3ffbd608, gpio=32, res=40000000Hz, hw_mem_base=0x3ff56800, dma_mem_base=0x0, dma_nodes_nc=0x0,ping_pong_size=32, queue_depth=10[0m
[0;D (946) intr_alloc: Connected src 47 to int 3 (cpu 1)[0m
32mI (896) main_task: Returned from app_main()[0m
D (946) rmt: group clock resolution:80000000[0m
[0;32mI (956) gpio: GPIO[26]| InputEn: 0| OutputEn: 1| OpenDrain: 0| Pullup: 1| Pulldown: 0| Intr:0 [0m
D (966) rmt: new tx channel(0,1) at 0x3ffbda78, gpio=26, res=40000000Hz, hw_mem_base=0x3ff56900, dma_mem_base=0x0, dma_nodes_nc=0x0,ping_pong_size=32, queue_depth=10[0m
D (986) intr_alloc: Connected src 47 to int 17 (cpu 0)[0m
D (986) rmt: group clock resolution:80000000[0m
[0;32mI (996) gpio: GPIO[33]| InputEn: 0| OutputEn: 1| OpenDrain: 0| Pullup: 1| Pulldown: 0| Intr:0 [0m
D (1006) rmt: new tx channel(0,2) at 0x3ffbddcc, gpio=33, res=40000000Hz, hw_mem_base=0x3ff56a00, dma_mem_base=0x0, dma_nodes_nc=0x0,ping_pong_size=32, queue_depth=10[0m
D (1016) intr_alloc: Connected src 47 to int 17 (cpu 0)[0m
D (1026) rmt: group clock resolution:80000000[0m
[0;32mI (1026) gpio: GPIO[25]| InputEn: 0| OutputEn: 1| OpenDrain: 0| Pullup: 1| Pulldown: 0| Intr:0 [0m
D (1036) rmt: new tx channel(0,3) at 0x3ffbe130, gpio=25, res=40000000Hz, hw_mem_base=0x3ff56b00, dma_mem_base=0x0, dma_nodes_nc=0x0,ping_pong_size=32, queue_depth=10[0m
[0;32mI (1046) IMU: roll=-0.031124 pitch=-1.448620 yaw=-0.001373[0m
[0;32mI (1056) ESC_controller: Install Dshot ESC encoder[0m
D (1066) rmt: new bytes encoder @0x3ffafc18[0m
D (1066) rmt: new copy encoder @0x3ffafc3c[0m
D (1076) rmt: new bytes encoder @0x3ffafc70[0m
D (1076) rmt: new copy encoder @0x3ffafc94[0m
D (1076) rmt: new bytes encoder @0x3ffafcc8[0m
D (1086) rmt: new copy encoder @0x3ffafcec[0m
D (1086) rmt: new bytes encoder @0x3ffafd20[0m
D (1096) rmt: new copy encoder @0x3ffb5214[0m
[0;32mI (1096) ESC_controller: Enable RMT TX channel[0m
[0;32mI (1106) ESC_controller: Start ESCs by sending zero throttle for a while...[0m
[0;32mI (1156) IMU: roll=-0.055333 pitch=-2.708869 yaw=-0.005676[0m
[0;32mI (1256) IMU: roll=-0.083101 pitch=-3.850290 yaw=-0.008255[0m
[0;32mI (1356) IMU: roll=-0.100918 pitch=-4.989536 yaw=-0.011719[0m
[0;32mI (1456) IMU: roll=-0.121348 pitch=-6.126172 yaw=-0.015015[0m
[0;32mI (1556) IMU: roll=-0.136753 pitch=-7.262712 yaw=-0.019333[0m
[0;32mI (1656) IMU: roll=-0.153830 pitch=-8.395064 yaw=-0.019485[0m
[0;32mI (1756) IMU: roll=-0.177414 pitch=-9.527858 yaw=-0.022552[0m
[0;32mI (1856) IMU: roll=-0.188411 pitch=-10.654412 yaw=-0.027298[0m
[0;32mI (1956) IMU: roll=-0.204381 pitch=-11.777662 yaw=-0.034988[0m
[0;32mI (11106) IMU: roll=-0.234599 pitch=-12.897465 yaw=-0.041428[0m
[0;32mI (11206) IMU: roll=-0.749540 pitch=-86.128632 yaw=-0.913589[0m
[0;32mI (11306) IMU: roll=-0.751288 pitch=-85.516853 yaw=-0.911636[0m
[0;32mI (11406) IMU: roll=-0.748516 pitch=-84.899139 yaw=-0.905380[0m
[0;32mI (11506) IMU: roll=-0.751308 pitch=-84.275673 yaw=-0.903976[0m
[0;32mI (11606) IMU: roll=-0.750509 pitch=-83.648888 yaw=-0.900574[0m
[0;32mI (11706) IMU: roll=-0.749608 pitch=-83.021896 yaw=-0.898666[0m
[0;32mI (11806) IMU: roll=-0.748704 pitch=-82.388100 yaw=-0.893570[0m
[0;32mI (11906) IMU: roll=-0.750625 pitch=-81.750717 yaw=-0.887344[0m
[0;32mI (12006) IMU: roll=-0.754070 pitch=-81.107071 yaw=-0.884720[0m
[0;32mI (12106) IMU: roll=-0.752690 pitch=-80.458839 yaw=-0.879654[0m
[0;32mI (12206) IMU: roll=-0.754222 pitch=-79.808563 yaw=-0.877838[0m
[0;32mI (12306) IMU: roll=-0.751325 pitch=-79.150757 yaw=-0.871323[0m
[0;32mI (12406) IMU: roll=-0.752342 pitch=-78.490829 yaw=-0.869507[0m
[0;32mI (12506) IMU: roll=-0.748091 pitch=-77.826172 yaw=-0.859955[0m
[0;32mI (12606) IMU: roll=-0.751562 pitch=-77.158669 yaw=-0.859024[0m
[0;32mI (12706) IMU: roll=-0.750187 pitch=-76.488487 yaw=-0.852646[0m
[0;32mI (12806) IMU: roll=-0.748752 pitch=-75.810814 yaw=-0.845490[0m
[0;32mI (12906) IMU: roll=-0.750088 pitch=-75.126884 yaw=-0.839767[0m
[0;32mI (13006) IMU: roll=-0.747235 pitch=-74.440437 yaw=-0.833832[0m
[0;32mI (13106) IMU: roll=-0.749319 pitch=-73.748985 yaw=-0.830139[0m
[0;32mI (13206) IMU: roll=-0.745224 pitch=-73.050926 yaw=-0.822449[0m
[0;32mI (13306) IMU: roll=-0.749112 pitch=-72.348877 yaw=-0.819794[0m
[0;32mI (13406) IMU: roll=-0.746669 pitch=-71.641998 yaw=-0.810822[0m
[0;32mI (13506) IMU: roll=-0.751599 pitch=-70.929214 yaw=-0.810562[0m
[0;32mI (13606) IMU: roll=-0.748835 pitch=-70.211327 yaw=-0.802658[0m
[0;32mI (13706) IMU: roll=-0.746585 pitch=-69.486366 yaw=-0.794968[0m
[0;32mI (13806) IMU: roll=-0.745237 pitch=-68.757286 yaw=-0.789841[0m
[0;32mI (13906) IMU: roll=-0.744408 pitch=-68.022743 yaw=-0.785645[0m
[0;32mI (14006) IMU: roll=-0.745681 pitch=-67.285156 yaw=-0.779480[0m
[0;32mI (14106) IMU: roll=-0.743206 pitch=-66.540672 yaw=-0.775421[0m
[0;32mI (14206) IMU: roll=-0.745088 pitch=-65.792343 yaw=-0.772858[0m
[0;32mI (14306) IMU: roll=-0.737013 pitch=-65.034317 yaw=-0.758469[0m
[0;32mI (14406) IMU: roll=-0.738359 pitch=-64.273979 yaw=-0.751968[0m
[0;32mI (14506) IMU: roll=-0.730658 pitch=-63.507748 yaw=-0.740402[0m
[0;32mI (14606) IMU: roll=-0.734483 pitch=-62.736816 yaw=-0.737793[0m
[0;32mI (14706) IMU: roll=-0.729413 pitch=-61.956142 yaw=-0.727219[0m
[0;32mI (14806) IMU: roll=-0.730594 pitch=-61.172028 yaw=-0.723343[0m
