[0;32mI (221) cpu_start: Pro cpu start user code[0m
[0;32mI (221) cpu_start: cpu freq: 160000000 Hz[0m
[0;32mI (221) cpu_start: Application information:[ï¿½ets Jul 29 2019 12:21:46

rst:0x1 (POWERON_RESET),boot:0x13 (SPI_FAST_FLASH_BOOT)
configsip: 0, SPIWP:0xee
clk_drv:0x00,q_drv:0x00,d_drv:0x00,cs0_drv:0x00,hd_drv:0x00,wp_drv:0x00
mode:DIO, clock div:2
load:0x3fff0030,len:7172
load:0x40078000,len:15532
load:0x40080400,len:4
load:0x40080404,len:3904
entry 0x40080640
[0;32mI (29) boot: ESP-IDF v5.3-dev-1288-g5524b692ee-dirty 2nd stage bootloader[0m
[0;32mI (29) boot: compile time Jan 25 2024 13:26:40[0m
[0;32mI (32) boot: Multicore bootloader[0m
[0;32mI (36) boot: chip revision: v3.0[0m
[0;32mI (40) boot.esp32: SPI Speed      : 40MHz[0m
[0;32mI (44) boot.esp32: SPI Mode       : DIO[0m
[0;32mI (49) boot.esp32: SPI Flash Size : 2MB[0m
[0;32mI (53) boot: Enabling RNG early entropy source...[0m
[0;32mI (59) boot: Partition Table:[0m
[0;32mI (62) boot: ## Label            Usage          Type ST Offset   Length[0m
[0;32mI (70) boot:  0 nvs              WiFi data        01 02 00009000 00006000[0m
[0;32mI (77) boot:  1 phy_init         RF data          01 01 0000f000 00001000[0m
[0;32mI (84) boot:  2 factory          factory app      00 00 00010000 00100000[0m
[0;32mI (92) boot: End of partition table[0m
[0;32mI (96) esp_image: segment 0: paddr=00010020 vaddr=3f400020 size=0c478h ( 50296) map[0m
[0;32mI (122) esp_image: segment 1: paddr=0001c4a0 vaddr=3ffb0000 size=022f8h (  8952) load[0m
[0;32mI (125) esp_image: segment 2: paddr=0001e7a0 vaddr=40080000 size=01878h (  6264) load[0m
[0;32mI (130) esp_image: segment 3: paddr=00020020 vaddr=400d0020 size=19aach (105132) map[0m
[0;32mI (172) esp_image: segment 4: paddr=00039ad4 vaddr=40081878 size=0d3b0h ( 54192) load[0m
[0;32mI (201) boot: Loaded app from partition at offset 0x10000[0m
[0;32mI (201) boot: Disabling RNG early entropy source...[0m
[0;32mI (213) cpu_start: Multicore app[0m
[0;32mI (221) cpu_start: Pro cpu start user code[0m
[0;32mI (221) cpu_start: cpu freq: 160000000 Hz[0m
[0;32mI (221) cpu_start: Application information:[0m
[0;32mI (224) cpu_start: Project name:     drone_flight_control[0m
[0;32mI (230) cpu_start: App version:      1[0m
[0;32mI (235) cpu_start: Compile time:     Jan 25 2024 16:45:39[0m
[0;32mI (241) cpu_start: ELF file SHA256:  56a569ebf...[0m
[0;32mI (246) cpu_start: ESP-IDF:          v5.3-dev-1288-g5524b692ee-dirty[0m
[0;32mI (253) cpu_start: Min chip rev:     v0.0[0m
[0;32mI (258) cpu_start: Max chip rev:     v3.99 [0m
[0;32mI (263) cpu_start: Chip rev:         v3.0[0m
[0;32mI (268) heap_init: Initializing. RAM available for dynamic allocation:[0m
[0;32mI (275) heap_init: At 3FFAE6E0 len 00001920 (6 KiB): DRAM[0m
[0;32mI (281) heap_init: At 3FFB2C90 len 0002D370 (180 KiB): DRAM[0m
[0;32mI (287) heap_init: At 3FFE0440 len 00003AE0 (14 KiB): D/IRAM[0m
[0;32mI (294) heap_init: At 3FFE4350 len 0001BCB0 (111 KiB): D/IRAM[0m
[0;32mI (300) heap_init: At 4008EC28 len 000113D8 (68 KiB): IRAM[0m
[0;32mI (308) spi_flash: detected chip: generic[0m
[0;32mI (311) spi_flash: flash io: dio[0m
[0;33mW (315) spi_flash: Detected size(4096k) larger than the size in the binary image header(2048k). Using the size in the binary image header.[0m
[0;33mW (328) i2c: This driver is an old driver, please migrate your application code to adapt `driver/i2c_master.h`[0m
[0;32mI (339) main_task: Started on CPU0[0m
[0;32mI (349) main_task: Calling app_main()[0m
[0;32mI (349) PWM: 0.000000[0m
[0;32mI (349) IMU: I have entered MPU CODE[0m
[0;32mI (349) IMU: devid=0x34[0m
[0;32mI (349) IMU: getRate()=0[0m
[0;32mI (359) IMU: getExternalFrameSync()=0[0m
[0;32mI (359) IMU: getDLPFMode()=6[0m
[0;32mI (359) IMU: getFullScaleAccelRange()=0[0m
[0;32mI (369) ESC_controller: Create RMT TX channel[0m
Created RMT TX Channels[0;32mI (369) gpio: GPIO[33]| InputEn: 0| OutputEn: 1| OpenDrain: 0| Pullup: 1| Pulldown: 0| Intr:0 [0m
[0;32mI (369) IMU: getFullScaleGyroRange()=0[0m
[0;32mI (389) gpio: GPIO[25]| InputEn: 0| OutputEn: 1| OpenDrain: 0| Pullup: 1| Pulldown: 0| Intr:0 [0m
[0;32mI (399) gpio: GPIO[32]| InputEn: 0| OutputEn: 1| OpenDrain: 0| Pullup: 1| Pulldown: 0| Intr:0 [0m
[0;32mI (409) gpio: GPIO[26]| InputEn: 0| OutputEn: 1| OpenDrain: 0| Pullup: 1| Pulldown: 0| Intr:0 [0m
[0;32mI (419) ESC_controller: Install Dshot ESC encoder[0m
[0;32mI (419) ESC_controller: Enable RMT TX channel[0m
[0;32mI (429) ESC_controller: Start ESCs by sending zero throttle for a while...[0m
[0;32mI (389) main_task: Returned from app_main()[0m
[0;32mI (1349) PWM: 0.000000[0m
[0;32mI (2349) PWM: 0.000000[0m
[0;32mI (3349) PWM: 0.000000[0m
[0;32mI (4349) PWM: 0.000000[0m
[0;32mI (4399) IMU: roll:0.000000 pitch=0.000000 yaw=0.000000[0m
[0;32mI (4519) IMU: roll:-0.270980 pitch=1.154030 yaw=-0.185822[0m
[0;32mI (4639) IMU: roll:-0.550743 pitch=2.300167 yaw=-0.381714[0m
[0;32mI (4759) IMU: roll:-0.840095 pitch=3.438503 yaw=-0.588409[0m
[0;32mI (4879) IMU: roll:-1.139771 pitch=4.569084 yaw=-0.806580[0m
[0;32mI (4999) IMU: roll:-1.450573 pitch=5.691921 yaw=-1.037003[0m
[0;32mI (5119) IMU: roll:-1.773370 pitch=6.807011 yaw=-1.280487[0m
[0;32mI (5239) IMU: roll:-2.109113 pitch=7.914356 yaw=-1.537979[0m
[0;32mI (5349) PWM: 0.000000[0m
[0;32mI (5359) IMU: roll:-2.458640 pitch=9.013977 yaw=-1.810318[0m
[0;32mI (5479) IMU: roll:-2.823385 pitch=10.106228 yaw=-2.098831[0m
[0;32mI (5599) IMU: roll:-3.204429 pitch=11.190357 yaw=-2.404602[0m
[0;32mI (5719) IMU: roll:-3.603321 pitch=12.266800 yaw=-2.729126[0m
[0;32mI (5839) IMU: roll:-4.021579 pitch=13.335396 yaw=-3.073898[0m
[0;32mI (5959) IMU: roll:-4.464388 pitch=14.404205 yaw=-3.443527[0m
[0;32mI (6079) IMU: roll:-4.923277 pitch=15.448967 yaw=-3.831177[0m
[0;32mI (6199) IMU: roll:-5.414290 pitch=16.501865 yaw=-4.250702[0m
[0;32mI (6319) IMU: roll:-5.925254 pitch=17.530800 yaw=-4.692032[0m
[0;32mI (6349) PWM: 0.000000[0m
[0;32mI (6439) IMU: roll:-6.470855 pitch=18.560417 yaw=-5.168137[0m
[0;32mI (6559) IMU: roll:-7.048878 pitch=19.579994 yaw=-5.677490[0m
[0;32mI (6679) IMU: roll:-7.669126 pitch=20.599728 yaw=-6.229202[0m
[0;32mI (6799) IMU: roll:-8.320457 pitch=21.595394 yaw=-6.813705[0m
[0;32mI (6919) IMU: roll:-9.021955 pitch=22.589855 yaw=-7.448502[0m
[0;32mI (7039) IMU: roll:-9.773972 pitch=23.575245 yaw=-8.134445[0m
[0;32mI (7159) IMU: roll:-10.582373 pitch=24.551159 yaw=-8.877380[0m
[0;32mI (7279) IMU: roll:-11.453979 pitch=25.517200 yaw=-9.684128[0m
[0;32mI (7349) PWM: 0.000000[0m
[0;32mI (7399) IMU: roll:-12.396727 pitch=26.472950 yaw=-10.562561[0m
[0;32mI (7519) IMU: roll:-13.419731 pitch=27.417744 yaw=-11.521820[0m
[0;32mI (7639) IMU: roll:-14.533720 pitch=28.350941 yaw=-12.572601[0m
[0;32mI (7759) IMU: roll:-15.751184 pitch=29.271694 yaw=-13.727386[0m
[0;32mI (7879) IMU: roll:-17.086773 pitch=30.179043 yaw=-15.000778[0m
[0;32mI (7999) IMU: roll:-17.555134 pitch=30.474575 yaw=-15.448792[0m
[0;32mI (8119) IMU: roll:-17.569668 pitch=30.483562 yaw=-15.462708[0m
[0;32mI (8239) IMU: roll:-17.536768 pitch=30.463207 yaw=-15.431198[0m
[0;32mI (8349) PWM: 0.000000[0m
[0;32mI (8359) IMU: roll:-17.484541 pitch=30.430683 yaw=-15.381226[0m
[0;32mI (8479) IMU: roll:-17.439949 pitch=30.402889 yaw=-15.338577[0m
[0;32mI (8599) IMU: roll:-17.430635 pitch=30.397083 yaw=-15.329666[0m
[0;32mI (8719) IMU: roll:-17.419874 pitch=30.390347 yaw=-15.319351[0m
[0;32mI (8839) IMU: roll:-17.439056 pitch=30.402363 yaw=-15.337723[0m
[0;32mI (8959) IMU: roll:-17.453497 pitch=30.411358 yaw=-15.351547[0m
[0;32mI (9079) IMU: roll:-17.445007 pitch=30.406109 yaw=-15.343414[0m
[0;32mI (9199) IMU: roll:-17.455881 pitch=30.412868 yaw=-15.353821[0m
[0;32mI (9319) IMU: roll:-17.449995 pitch=30.409222 yaw=-15.348190[0m
[0;32mI (9349) PWM: 0.000000[0m
[0;32mI (9439) IMU: roll:-17.459223 pitch=30.414967 yaw=-15.357025[0m
[0;32mI (9559) IMU: roll:-17.452217 pitch=30.410603 yaw=-15.350327[0m
[0;32mI (9679) IMU: roll:-17.481165 pitch=30.428577 yaw=-15.378021[0m
[0;32mI (9799) IMU: roll:-17.448051 pitch=30.408039 yaw=-15.346344[0m
[0;32mI (9919) IMU: roll:-17.436159 pitch=30.400639 yaw=-15.334976[0m
[0;32mI (10039) IMU: roll:-17.470734 pitch=30.402454 yaw=-15.368073[0m
[0;32mI (10159) IMU: roll:-17.460070 pitch=30.393871 yaw=-15.357864[0m
[0;32mI (10279) IMU: roll:-17.475475 pitch=30.406322 yaw=-15.372604[0m
[0;32mI (10349) PWM: 0.000000[0m
[0;32mI (10399) IMU: roll:-17.470423 pitch=30.402302 yaw=-15.367767[0m
[0;31mE (10429) task_wdt: Task watchdog got triggered. The following tasks/users did not reset the watchdog in time:[0m
[0;31mE (10429) task_wdt:  - IDLE0 (CPU 0)[0m
[0;31mE (10429) task_wdt: Tasks currently running:[0m
[0;31mE (10429) task_wdt: CPU 0: ESC CONTROLLER[0m
[0;31mE (10429) task_wdt: CPU 1: IDLE1[0m
[0;31mE (10429) task_wdt: Print CPU 0 (current core) backtrace[0m


Backtrace: 0x400D9E5F:0x3FFB0FC0 0x400DA224:0x3FFB0FE0 0x40083235:0x3FFB1010 0x40087E71:0x3FFBBFB0 0x40084A25:0x3FFBBFD0 0x40084BF1:0x3FFBC000 0x400DB13D:0x3FFBC020 0x400DAB9F:0x3FFBC060 0x400D688E:0x3FFBC090 0x400D64C7:0x3FFBC100 0x40087CA9:0x3FFBC120

[0;32mI (10559) IMU: roll:-17.561817 pitch=30.475399 yaw=-15.455231[0m
[0;32mI (10679) IMU: roll:-17.561945 pitch=30.475452 yaw=-15.455353[0m
[0;32mI (10799) IMU: roll:-17.544149 pitch=30.461216 yaw=-15.438324[0m
[0;32mI (10919) IMU: roll:-17.544640 pitch=30.461575 yaw=-15.438782[0m
[0;32mI (11039) IMU: roll:-17.521059 pitch=30.442783 yaw=-15.416214[0m
[0;32mI (11159) IMU: roll:-17.514650 pitch=30.437695 yaw=-15.410080[0m
[0;32mI (11279) IMU: roll:-17.542706 pitch=30.459919 yaw=-15.436935[0m
[0;32mI (11349) PWM: 0.000000[0m
[0;32mI (11399) IMU: roll:-17.520803 pitch=30.442524 yaw=-15.415970[0m
[0;32mI (11519) IMU: roll:-17.524759 pitch=30.445621 yaw=-15.419769[0m
[0;32mI (11639) IMU: roll:-17.531731 pitch=30.451305 yaw=-15.426422[0m
[0;32mI (11759) IMU: roll:-17.505610 pitch=30.435528 yaw=-15.401443[0m
[0;32mI (11879) IMU: roll:-17.498001 pitch=30.430965 yaw=-15.394135[0m
[0;32mI (11999) IMU: roll:-17.440321 pitch=30.396076 yaw=-15.338974[0m
[0;32mI (12119) IMU: roll:-17.454748 pitch=30.404781 yaw=-15.352783[0m
[0;32mI (12239) IMU: roll:-17.430389 pitch=30.389851 yaw=-15.329544[0m
[0;32mI (12349) PWM: 0.000000[0m
[0;32mI (12359) IMU: roll:-17.423279 pitch=30.385532 yaw=-15.322739[0m
[0;32mI (12479) IMU: roll:-17.429703 pitch=30.389332 yaw=-15.328888[0m
[0;32mI (12599) IMU: roll:-17.446798 pitch=30.399754 yaw=-15.345245[0m
[0;32mI (12719) IMU: roll:-17.442568 pitch=30.397160 yaw=-15.341187[0m
[0;32mI (12839) IMU: roll:-17.447054 pitch=30.399914 yaw=-15.345490[0m
[0;32mI (12959) IMU: roll:-17.419533 pitch=30.383099 yaw=-15.319168[0m
[0;32mI (13079) IMU: roll:-17.416174 pitch=30.381016 yaw=-15.315948[0m
[0;32mI (13199) IMU: roll:-17.428045 pitch=30.388287 yaw=-15.327301[0m
[0;32mI (13319) IMU: roll:-17.419666 pitch=30.380573 yaw=-15.319290[0m
[0;32mI (13349) PWM: 0.000000[0m
[0;32mI (13439) IMU: roll:-17.433111 pitch=30.393017 yaw=-15.332153[0m
[0;32mI (13559) IMU: roll:-17.431490 pitch=30.391552 yaw=-15.330582[0m
[0;32mI (13679) IMU: roll:-17.412952 pitch=30.374592 yaw=-15.312851[0m
[0;32mI (13799) IMU: roll:-17.405340 pitch=30.367672 yaw=-15.305573[0m
[0;32mI (13919) IMU: roll:-17.419025 pitch=30.380291 yaw=-15.318680[0m
[0;32mI (14039) IMU: roll:-17.415892 pitch=30.377865 yaw=-15.315674[0m
[0;32mI (14159) IMU: roll:-17.432211 pitch=30.389004 yaw=-15.331284[0m
[0;32mI (14279) IMU: roll:-17.426867 pitch=30.385387 yaw=-15.326172[0m
[0;32mI (14349) PWM: 0.000000[0m
[0;32mI (14399) IMU: roll:-17.384098 pitch=30.356136 yaw=-15.285248[0m
[0;32mI (14519) IMU: roll:-17.390602 pitch=30.360630 yaw=-15.291473[0m
