[0;32mI (221) cpu_start: Pro cpu start user code[0m
[0;32mI (221) cpu_start: cpu freq: 160000000 Hz[0m
[0;32mI (ï¿½ets Jul 29 2019 12:21:46

rst:0x1 (POWERON_RESET),boot:0x13 (SPI_FAST_FLASH_BOOT)
configsip: 0, SPIWP:0xee
clk_drv:0x00,q_drv:0x00,d_drv:0x00,cs0_drv:0x00,hd_drv:0x00,wp_drv:0x00
mode:DIO, clock div:2
load:0x3fff0030,len:7172
load:0x40078000,len:15532
load:0x40080400,len:4
load:0x40080404,len:3904
entry 0x40080640
[0;32mI (29) boot: ESP-IDF v5.3-dev-1288-g5524b692ee-dirty 2nd stage bootloader[0m
[0;32mI (29) boot: compile time Jan 25 2024 13:26:40[0m
[0;32mI (32) boot: Multicore bootloader[0m
[0;32mI (36) boot: chip revision: v3.0[0m
[0;32mI (40) boot.esp32: SPI Speed      : 40MHz[0m
[0;32mI (44) boot.esp32: SPI Mode       : DIO[0m
[0;32mI (49) boot.esp32: SPI Flash Size : 2MB[0m
[0;32mI (53) boot: Enabling RNG early entropy source...[0m
[0;32mI (59) boot: Partition Table:[0m
[0;32mI (62) boot: ## Label            Usage          Type ST Offset   Length[0m
[0;32mI (70) boot:  0 nvs              WiFi data        01 02 00009000 00006000[0m
[0;32mI (77) boot:  1 phy_init         RF data          01 01 0000f000 00001000[0m
[0;32mI (84) boot:  2 factory          factory app      00 00 00010000 00100000[0m
[0;32mI (92) boot: End of partition table[0m
[0;32mI (96) esp_image: segment 0: paddr=00010020 vaddr=3f400020 size=0c468h ( 50280) map[0m
[0;32mI (122) esp_image: segment 1: paddr=0001c490 vaddr=3ffb0000 size=022f8h (  8952) load[0m
[0;32mI (125) esp_image: segment 2: paddr=0001e790 vaddr=40080000 size=01888h (  6280) load[0m
[0;32mI (130) esp_image: segment 3: paddr=00020020 vaddr=400d0020 size=19a84h (105092) map[0m
[0;32mI (172) esp_image: segment 4: paddr=00039aac vaddr=40081888 size=0d3a0h ( 54176) load[0m
[0;32mI (201) boot: Loaded app from partition at offset 0x10000[0m
[0;32mI (201) boot: Disabling RNG early entropy source...[0m
[0;32mI (212) cpu_start: Multicore app[0m
[0;32mI (221) cpu_start: Pro cpu start user code[0m
[0;32mI (221) cpu_start: cpu freq: 160000000 Hz[0m
[0;32mI (221) cpu_start: Application information:[0m
[0;32mI (224) cpu_start: Project name:     drone_flight_control[0m
[0;32mI (230) cpu_start: App version:      1[0m
[0;32mI (235) cpu_start: Compile time:     Jan 25 2024 16:45:39[0m
[0;32mI (241) cpu_start: ELF file SHA256:  e811cba59...[0m
[0;32mI (246) cpu_start: ESP-IDF:          v5.3-dev-1288-g5524b692ee-dirty[0m
[0;32mI (253) cpu_start: Min chip rev:     v0.0[0m
[0;32mI (258) cpu_start: Max chip rev:     v3.99 [0m
[0;32mI (263) cpu_start: Chip rev:         v3.0[0m
[0;32mI (268) heap_init: Initializing. RAM available for dynamic allocation:[0m
[0;32mI (275) heap_init: At 3FFAE6E0 len 00001920 (6 KiB): DRAM[0m
[0;32mI (281) heap_init: At 3FFB2C98 len 0002D368 (180 KiB): DRAM[0m
[0;32mI (287) heap_init: At 3FFE0440 len 00003AE0 (14 KiB): D/IRAM[0m
[0;32mI (293) heap_init: At 3FFE4350 len 0001BCB0 (111 KiB): D/IRAM[0m
[0;32mI (300) heap_init: At 4008EC28 len 000113D8 (68 KiB): IRAM[0m
[0;32mI (308) spi_flash: detected chip: generic[0m
[0;32mI (311) spi_flash: flash io: dio[0m
[0;33mW (315) spi_flash: Detected size(4096k) larger than the size in the binary image header(2048k). Using the size in the binary image header.[0m
[0;33mW (328) i2c: This driver is an old driver, please migrate your application code to adapt `driver/i2c_master.h`[0m
[0;32mI (339) main_task: Started on CPU0[0m
[0;32mI (349) main_task: Calling app_main()[0m
[0;32mI (349) IMU: I have entered MPU CODE[0m
[0;32mI (349) IMU: devid=0x34[0m
[0;32mI (349) IMU: getRate()=0[0m
[0;32mI (349) IMU: getExternalFrameSync()=0[0m
[0;32mI (359) ESC_controller: Create RMT TX channel[0m
Created RMT TX Channels[0;32mI (359) gpio: GPIO[33]| InputEn: 0| OutputEn: 1| OpenDrain: 0| Pullup: 1| Pulldown: 0| Intr:0 [0m
[0;32mI (359) IMU: getDLPFMode()=6[0m
[0;32mI (369) gpio: GPIO[25]| InputEn: 0| OutputEn: 1| OpenDrain: 0| Pullup: 1| Pulldown: 0| Intr:0 [0m
[0;32mI (379) IMU: getFullScaleAccelRange()=0[0m
[0;32mI (389) gpio: GPIO[32]| InputEn: 0| OutputEn: 1| OpenDrain: 0| Pullup: 1| Pulldown: 0| Intr:0 [0m
[0;32mI (389) IMU: getFullScaleGyroRange()=0[0m
[0;32mI (399) gpio: GPIO[26]| InputEn: 0| OutputEn: 1| OpenDrain: 0| Pullup: 1| Pulldown: 0| Intr:0 [0m
[0;32mI (409) ESC_controller: Install Dshot ESC encoder[0m
[0;32mI (419) ESC_controller: Enable RMT TX channel[0m
[0;32mI (419) ESC_controller: Start ESCs by sending zero throttle for a while...[0m
[0;32mI (369) main_task: Returned from app_main()[0m
[0;32mI (4419) IMU: roll:0.000000 pitch=0.000000 yaw=0.000000[0m
[0;32mI (4539) IMU: roll:-0.192562 pitch=0.622441 yaw=30.008606[0m
[0;32mI (4659) IMU: roll:-0.039806 pitch=1.254336 yaw=60.011276[0m
[0;32mI (4779) IMU: roll:0.406221 pitch=1.728633 yaw=90.004883[0m
[0;32mI (4899) IMU: roll:1.016406 pitch=1.915164 yaw=119.988220[0m
[0;32mI (5019) IMU: roll:1.630387 pitch=1.775522 yaw=149.956238[0m
[0;32mI (5139) IMU: roll:2.100585 pitch=1.348953 yaw=179.910324[0m
[0;32mI (5259) IMU: roll:2.290393 pitch=0.743598 yaw=209.856277[0m
[0;32mI (5379) IMU: roll:2.145164 pitch=0.124592 yaw=239.809464[0m
[0;32mI (5499) IMU: roll:1.717530 pitch=-0.340202 yaw=-90.211121[0m
[0;32mI (5619) IMU: roll:1.126721 pitch=-0.533222 yaw=-60.218307[0m
[0;32mI (5739) IMU: roll:0.517811 pitch=-0.402914 yaw=-30.210709[0m
[0;32mI (5859) IMU: roll:0.055485 pitch=0.014401 yaw=-0.197723[0m
[0;32mI (5979) IMU: roll:-0.131931 pitch=0.607863 yaw=29.808899[0m
[0;32mI (6099) IMU: roll:-0.002228 pitch=1.213907 yaw=59.808502[0m
[0;32mI (6219) IMU: roll:0.405133 pitch=1.675333 yaw=89.800735[0m
[0;32mI (6339) IMU: roll:0.987074 pitch=1.874739 yaw=119.782150[0m
[0;32mI (6459) IMU: roll:1.583108 pitch=1.755739 yaw=149.750198[0m
[0;32mI (6579) IMU: roll:2.061463 pitch=1.339617 yaw=179.701981[0m
[0;32mI (6699) IMU: roll:2.245521 pitch=0.753159 yaw=209.646988[0m
[0;32mI (6819) IMU: roll:2.143270 pitch=0.148774 yaw=239.599014[0m
[0;32mI (6939) IMU: roll:1.707115 pitch=-0.310613 yaw=-90.432617[0m
[0;32mI (7059) IMU: roll:1.145524 pitch=-0.504598 yaw=-60.439545[0m
[0;32mI (7179) IMU: roll:0.530456 pitch=-0.383934 yaw=-30.203484[0m
[0;32mI (7299) IMU: roll:0.084785 pitch=0.019046 yaw=-0.421227[0m
[0;32mI (7419) IMU: roll:-0.110830 pitch=0.597493 yaw=29.587021[0m
[0;32mI (7539) IMU: roll:0.015937 pitch=1.198996 yaw=59.587448[0m
[0;32mI (7659) IMU: roll:0.423828 pitch=1.650470 yaw=89.578735[0m
[0;32mI (7779) IMU: roll:1.008926 pitch=1.840655 yaw=119.559784[0m
[0;32mI (7899) IMU: roll:1.594255 pitch=1.714408 yaw=149.526810[0m
[0;32mI (8019) IMU: roll:2.020883 pitch=1.317458 yaw=179.479568[0m
[0;32mI (8139) IMU: roll:2.238137 pitch=0.750956 yaw=209.425949[0m
[0;32mI (8259) IMU: roll:2.083678 pitch=0.159656 yaw=239.379105[0m
[0;32mI (8379) IMU: roll:1.677229 pitch=-0.275463 yaw=-90.650391[0m
[0;32mI (8499) IMU: roll:1.135915 pitch=-0.458203 yaw=-60.659180[0m
[0;32mI (8619) IMU: roll:0.541163 pitch=-0.342862 yaw=-30.653221[0m
[0;32mI (8739) IMU: roll:0.101208 pitch=0.055864 yaw=-0.642868[0m
[0;32mI (8859) IMU: roll:-0.067328 pitch=0.621372 yaw=29.593567[0m
[0;32mI (8979) IMU: roll:0.041059 pitch=1.193143 yaw=59.364792[0m
[0;32mI (9099) IMU: roll:0.437601 pitch=1.639283 yaw=89.356262[0m
[0;32mI (9219) IMU: roll:1.047963 pitch=1.814954 yaw=119.568146[0m
[0;32mI (9339) IMU: roll:1.587361 pitch=1.673719 yaw=149.304672[0m
[0;32mI (9459) IMU: roll:1.989388 pitch=1.279503 yaw=179.260208[0m
[0;32mI (9579) IMU: roll:2.118142 pitch=0.741284 yaw=209.209274[0m
[0;32mI (9699) IMU: roll:2.000023 pitch=0.203612 yaw=239.166153[0m
[0;32mI (9819) IMU: roll:1.506390 pitch=-0.243504 yaw=-90.633652[0m
[0;32mI (9939) IMU: roll:0.980223 pitch=-0.323176 yaw=-60.866852[0m
[0;32mI (10059) IMU: roll:0.508632 pitch=-0.154567 yaw=-30.862381[0m
[0;32mI (10179) IMU: roll:0.167944 pitch=0.236813 yaw=-0.855316[0m
[0;32mI (10299) IMU: roll:0.066557 pitch=0.742456 yaw=29.145920[0m
[0;31mE (10419) task_wdt: Task watchdog got triggered. The following tasks/users did not reset the watchdog in time:[0m
[0;31mE (10419) task_wdt:  - IDLE0 (CPU 0)[0m
[0;31mE (10419) task_wdt: Tasks currently running:[0m
[0;31mE (10419) task_wdt: CPU 0: ESC CONTROLLER[0m
[0;31mE (10419) task_wdt: CPU 1: IDLE1[0m
[0;31mE (10419) task_wdt: Print CPU 0 (current core) backtrace[0m


Backtrace: 0x400D9E37:0x3FFB0FC0 0x400DA1FC:0x3FFB0FE0 0x40083235:0x3FFB1010 0x400DAB79:0x3FFBC060 0x400D685E:0x3FFBC090 0x400D64C3:0x3FFBC100 0x40087CA9:0x3FFBC120

[0;32mI (10449) IMU: roll:0.348356 pitch=1.354631 yaw=68.609909[0m
[0;32mI (10579) IMU: roll:0.790449 pitch=1.624232 yaw=99.318680[0m
[0;32mI (10699) IMU: roll:1.300962 pitch=1.634305 yaw=129.064041[0m
[0;32mI (10819) IMU: roll:1.735917 pitch=1.391228 yaw=159.026566[0m
[0;32mI (10939) IMU: roll:2.007755 pitch=0.962192 yaw=188.979965[0m
[0;32mI (11059) IMU: roll:2.006527 pitch=0.458730 yaw=218.934006[0m
[0;32mI (11179) IMU: roll:1.772134 pitch=0.015527 yaw=248.899612[0m
[0;32mI (11299) IMU: roll:1.347584 pitch=-0.248752 yaw=-81.119781[0m
[0;32mI (11419) IMU: roll:0.846637 pitch=-0.263694 yaw=-51.122437[0m
[0;32mI (11539) IMU: roll:0.406698 pitch=-0.028552 yaw=-21.118668[0m
[0;32mI (11659) IMU: roll:0.146996 pitch=0.394308 yaw=8.888046[0m
[0;32mI (11779) IMU: roll:0.134256 pitch=0.894752 yaw=38.887344[0m
[0;32mI (11899) IMU: roll:0.368983 pitch=1.335653 yaw=69.110443[0m
[0;32mI (12019) IMU: roll:0.787359 pitch=1.593649 yaw=98.866409[0m
[0;32mI (12139) IMU: roll:1.277014 pitch=1.612185 yaw=128.840790[0m
[0;32mI (12259) IMU: roll:1.710289 pitch=1.382073 yaw=158.803909[0m
[0;32mI (12379) IMU: roll:1.973957 pitch=0.963301 yaw=188.988113[0m
[0;32mI (12499) IMU: roll:1.989791 pitch=0.476588 yaw=218.713913[0m
[0;32mI (12619) IMU: roll:1.758991 pitch=0.040899 yaw=248.909470[0m
[0;32mI (12739) IMU: roll:1.349471 pitch=-0.217169 yaw=-81.338837[0m
[0;32mI (12859) IMU: roll:0.859167 pitch=-0.238371 yaw=-51.342606[0m
