er code[0m
[0;32mI (221) cpu_start: cpu freq: 160000000 Hz[0m
[0;32mI (222) cpu_start: Application information:[0m
[0;32mI (224) cpu_sï¿½ets Jul 29 2019 12:21:46

rst:0x1 (POWERON_RESET),boot:0x13 (SPI_FAST_FLASH_BOOT)
configsip: 0, SPIWP:0xee
clk_drv:0x00,q_drv:0x00,d_drv:0x00,cs0_drv:0x00,hd_drv:0x00,wp_drv:0x00
mode:DIO, clock div:2
load:0x3fff0030,len:7172
load:0x40078000,len:15532
load:0x40080400,len:4
load:0x40080404,len:3904
entry 0x40080640
[0;32mI (29) boot: ESP-IDF v5.3-dev-1288-g5524b692ee-dirty 2nd stage bootloader[0m
[0;32mI (29) boot: compile time Jan 25 2024 13:26:40[0m
[0;32mI (32) boot: Multicore bootloader[0m
[0;32mI (36) boot: chip revision: v3.0[0m
[0;32mI (40) boot.esp32: SPI Speed      : 40MHz[0m
[0;32mI (44) boot.esp32: SPI Mode       : DIO[0m
[0;32mI (49) boot.esp32: SPI Flash Size : 2MB[0m
[0;32mI (53) boot: Enabling RNG early entropy source...[0m
[0;32mI (59) boot: Partition Table:[0m
[0;32mI (62) boot: ## Label            Usage          Type ST Offset   Length[0m
[0;32mI (70) boot:  0 nvs              WiFi data        01 02 00009000 00006000[0m
[0;32mI (77) boot:  1 phy_init         RF data          01 01 0000f000 00001000[0m
[0;32mI (84) boot:  2 factory          factory app      00 00 00010000 00100000[0m
[0;32mI (92) boot: End of partition table[0m
[0;32mI (96) esp_image: segment 0: paddr=00010020 vaddr=3f400020 size=0c4a8h ( 50344) map[0m
[0;32mI (122) esp_image: segment 1: paddr=0001c4d0 vaddr=3ffb0000 size=022f8h (  8952) load[0m
[0;32mI (125) esp_image: segment 2: paddr=0001e7d0 vaddr=40080000 size=01848h (  6216) load[0m
[0;32mI (130) esp_image: segment 3: paddr=00020020 vaddr=400d0020 size=19b08h (105224) map[0m
[0;32mI (172) esp_image: segment 4: paddr=00039b30 vaddr=40081848 size=0d3e0h ( 54240) load[0m
[0;32mI (201) boot: Loaded app from partition at offset 0x10000[0m
[0;32mI (201) boot: Disabling RNG early entropy source...[0m
[0;32mI (213) cpu_start: Multicore app[0m
[0;32mI (221) cpu_start: Pro cpu start user code[0m
[0;32mI (221) cpu_start: cpu freq: 160000000 Hz[0m
[0;32mI (222) cpu_start: Application information:[0m
[0;32mI (224) cpu_start: Project name:     drone_flight_control[0m
[0;32mI (231) cpu_start: App version:      1[0m
[0;32mI (235) cpu_start: Compile time:     Jan 25 2024 16:45:39[0m
[0;32mI (241) cpu_start: ELF file SHA256:  f6c429513...[0m
[0;32mI (246) cpu_start: ESP-IDF:          v5.3-dev-1288-g5524b692ee-dirty[0m
[0;32mI (253) cpu_start: Min chip rev:     v0.0[0m
[0;32mI (258) cpu_start: Max chip rev:     v3.99 [0m
[0;32mI (263) cpu_start: Chip rev:         v3.0[0m
[0;32mI (268) heap_init: Initializing. RAM available for dynamic allocation:[0m
[0;32mI (275) heap_init: At 3FFAE6E0 len 00001920 (6 KiB): DRAM[0m
[0;32mI (281) heap_init: At 3FFB2C90 len 0002D370 (180 KiB): DRAM[0m
[0;32mI (287) heap_init: At 3FFE0440 len 00003AE0 (14 KiB): D/IRAM[0m
[0;32mI (294) heap_init: At 3FFE4350 len 0001BCB0 (111 KiB): D/IRAM[0m
[0;32mI (300) heap_init: At 4008EC28 len 000113D8 (68 KiB): IRAM[0m
[0;32mI (308) spi_flash: detected chip: generic[0m
[0;32mI (311) spi_flash: flash io: dio[0m
[0;33mW (315) spi_flash: Detected size(4096k) larger than the size in the binary image header(2048k). Using the size in the binary image header.[0m
[0;33mW (328) i2c: This driver is an old driver, please migrate your application code to adapt `driver/i2c_master.h`[0m
[0;32mI (339) main_task: Started on CPU0[0m
[0;32mI (349) main_task: Calling app_main()[0m
[0;32mI (349) IMU: I have entered MPU CODE[0m
[0;32mI (349) IMU: devid=0x34[0m
[0;32mI (349) IMU: getRate()=0[0m
[0;32mI (349) IMU: getExternalFrameSync()=0[0m
[0;32mI (359) IMU: getDLPFMode()=0[0m
[0;32mI (359) ESC_controller: Create RMT TX channel[0m
[0;32mI (359) IMU: getFullScaleAccelRange()=0[0m
Created RMT TX Channels[0;32mI (369) IMU: getFullScaleGyroRange()=0[0m
[0;32mI (369) gpio: GPIO[33]| InputEn: 0| OutputEn: 1| OpenDrain: 0| Pullup: 1| Pulldown: 0| Intr:0 [0m
[0;32mI (389) gpio: GPIO[25]| InputEn: 0| OutputEn: 1| OpenDrain: 0| Pullup: 1| Pulldown: 0| Intr:0 [0m
[0;32mI (399) gpio: GPIO[32]| InputEn: 0| OutputEn: 1| OpenDrain: 0| Pullup: 1| Pulldown: 0| Intr:0 [0m
[0;32mI (409) gpio: GPIO[26]| InputEn: 0| OutputEn: 1| OpenDrain: 0| Pullup: 1| Pulldown: 0| Intr:0 [0m
[0;32mI (409) ESC_controller: Install Dshot ESC encoder[0m
[0;32mI (419) ESC_controller: Enable RMT TX channel[0m
[0;32mI (419) ESC_controller: Start ESCs by sending zero throttle for a while...[0m
[0;32mI (399) PWM: 0.000000[0m
[0;32mI (369) main_task: Returned from app_main()[0m
[0;32mI (1439) PWM: 0.000000[0m
[0;32mI (2439) PWM: 0.000000[0m
[0;32mI (3439) PWM: 0.000000[0m
[0;32mI (4439) PWM: 0.000000[0m
[0;32mI (5439) PWM: 0.000000[0m
[0;32mI (6439) PWM: 0.000000[0m
[0;32mI (7439) PWM: 0.000000[0m
[0;32mI (8439) PWM: 0.000000[0m
[0;32mI (9439) PWM: 0.000000[0m
[0;31mE (10419) task_wdt: Task watchdog got triggered. The following tasks/users did not reset the watchdog in time:[0m
[0;31mE (10419) task_wdt:  - IDLE0 (CPU 0)[0m
[0;31mE (10419) task_wdt: Tasks currently running:[0m
[0;31mE (10419) task_wdt: CPU 0: ESC CONTROLLER[0m
[0;31mE (10419) task_wdt: CPU 1: IDLE1[0m
[0;31mE (10419) task_wdt: Print CPU 0 (current core) backtrace[0m


Backtrace: 0x400D9EBB:0x3FFB0FC0 0x400DA280:0x3FFB0FE0 0x40083235:0x3FFB1010 0x4000BFED:0x3FFBC040 0x4008804B:0x3FFBC050 0x400876C3:0x3FFBC070 0x400DB011:0x3FFBC0B0 0x400DAC33:0x3FFBC0E0 0x400D68DC:0x3FFBC110 0x400D64CF:0x3FFBC180 0x40087CA9:0x3FFBC1A0

[0;32mI (10459) PWM: 0.000000[0m
[0;32mI (11459) PWM: 0.000000[0m
[0;32mI (12459) PWM: 0.000000[0m
[0;32mI (13459) PWM: 0.000000[0m
[0;32mI (14459) PWM: 0.000000[0m
[0;31mE (15419) task_wdt: Task watchdog got triggered. The following tasks/users did not reset the watchdog in time:[0m
[0;31mE (15419) task_wdt:  - IDLE0 (CPU 0)[0m
[0;31mE (15419) task_wdt: Tasks currently running:[0m
[0;31mE (15419) task_wdt: CPU 0: ESC CONTROLLER[0m
[0;31mE (15419) task_wdt: CPU 1: IDLE1[0m
[0;31mE (15419) task_wdt: Print CPU 0 (current core) backtrace[0m


Backtrace: 0x400D9EBB:0x3FFB0FC0 0x400DA280:0x3FFB0FE0 0x40083235:0x3FFB1010 0x4000BFED:0x3FFBC030 0x4008804B:0x3FFBC040 0x40087A42:0x3FFBC060 0x400DB16F:0x3FFBC0A0 0x400DABFB:0x3FFBC0E0 0x400D689A:0x3FFBC110 0x400D64CF:0x3FFBC180 0x40087CA9:0x3FFBC1A0

[0;32mI (15459) PWM: 0.000000[0m
[0;32mI (16459) PWM: 0.000000[0m
