 (201) boot: Disabling RNG early entropy source...[0m
[0;32mI (213) cpu_start: Multicore app[0m
ets Jul 29 2019 12:21:46

rst:0x1 (POWERON_RESET),boot:0x13 (SPI_FAST_FLASH_BOOT)
configsip: 0, SPIWP:0xee
clk_drv:0x00,q_drv:0x00,d_drv:0x00,cs0_drv:0x00,hd_drv:0x00,wp_drv:0x00
mode:DIO, clock div:2
load:0x3fff0030,len:7172
load:0x40078000,len:15532
load:0x40080400,len:4
load:0x40080404,len:3904
entry 0x40080640
[0;32mI (29) boot: ESP-IDF v5.3-dev-1288-g5524b692ee-dirty 2nd stage bootloader[0m
[0;32mI (29) boot: compile time Jan 25 2024 13:26:40[0m
[0;32mI (32) boot: Multicore bootloader[0m
[0;32mI (36) boot: chip revision: v3.0[0m
[0;32mI (40) boot.esp32: SPI Speed      : 40MHz[0m
[0;32mI (44) boot.esp32: SPI Mode       : DIO[0m
[0;32mI (49) boot.esp32: SPI Flash Size : 2MB[0m
[0;32mI (53) boot: Enabling RNG early entropy source...[0m
[0;32mI (59) boot: Partition Table:[0m
[0;32mI (62) boot: ## Label            Usage          Type ST Offset   Length[0m
[0;32mI (70) boot:  0 nvs              WiFi data        01 02 00009000 00006000[0m
[0;32mI (77) boot:  1 phy_init         RF data          01 01 0000f000 00001000[0m
[0;32mI (84) boot:  2 factory          factory app      00 00 00010000 00100000[0m
[0;32mI (92) boot: End of partition table[0m
[0;32mI (96) esp_image: segment 0: paddr=00010020 vaddr=3f400020 size=0c478h ( 50296) map[0m
[0;32mI (122) esp_image: segment 1: paddr=0001c4a0 vaddr=3ffb0000 size=022f8h (  8952) load[0m
[0;32mI (125) esp_image: segment 2: paddr=0001e7a0 vaddr=40080000 size=01878h (  6264) load[0m
[0;32mI (130) esp_image: segment 3: paddr=00020020 vaddr=400d0020 size=19ab0h (105136) map[0m
[0;32mI (172) esp_image: segment 4: paddr=00039ad8 vaddr=40081878 size=0d3b0h ( 54192) load[0m
[0;32mI (201) boot: Loaded app from partition at offset 0x10000[0m
[0;32mI (201) boot: Disabling RNG early entropy source...[0m
[0;32mI (213) cpu_start: Multicore app[0m
[0;32mI (221) cpu_start: Pro cpu start user code[0m
[0;32mI (221) cpu_start: cpu freq: 160000000 Hz[0m
[0;32mI (221) cpu_start: Application information:[0m
[0;32mI (224) cpu_start: Project name:     drone_flight_control[0m
[0;32mI (231) cpu_start: App version:      1[0m
[0;32mI (235) cpu_start: Compile time:     Jan 25 2024 16:45:39[0m
[0;32mI (241) cpu_start: ELF file SHA256:  f8bdbb5ff...[0m
[0;32mI (246) cpu_start: ESP-IDF:          v5.3-dev-1288-g5524b692ee-dirty[0m
[0;32mI (253) cpu_start: Min chip rev:     v0.0[0m
[0;32mI (258) cpu_start: Max chip rev:     v3.99 [0m
[0;32mI (263) cpu_start: Chip rev:         v3.0[0m
[0;32mI (268) heap_init: Initializing. RAM available for dynamic allocation:[0m
[0;32mI (275) heap_init: At 3FFAE6E0 len 00001920 (6 KiB): DRAM[0m
[0;32mI (281) heap_init: At 3FFB2C98 len 0002D368 (180 KiB): DRAM[0m
[0;32mI (287) heap_init: At 3FFE0440 len 00003AE0 (14 KiB): D/IRAM[0m
[0;32mI (294) heap_init: At 3FFE4350 len 0001BCB0 (111 KiB): D/IRAM[0m
[0;32mI (300) heap_init: At 4008EC28 len 000113D8 (68 KiB): IRAM[0m
[0;32mI (308) spi_flash: detected chip: generic[0m
[0;32mI (311) spi_flash: flash io: dio[0m
[0;33mW (315) spi_flash: Detected size(4096k) larger than the size in the binary image header(2048k). Using the size in the binary image header.[0m
[0;33mW (328) i2c: This driver is an old driver, please migrate your application code to adapt `driver/i2c_master.h`[0m
[0;32mI (339) main_task: Started on CPU0[0m
[0;32mI (349) main_task: Calling app_main()[0m
[0;32mI (349) PWM: 0.000000[0m
[0;32mI (349) IMU: I have entered MPU CODE[0m
[0;32mI (349) IMU: devid=0x34[0m
[0;32mI (349) IMU: getRate()=0[0m
[0;32mI (359) IMU: getExternalFrameSync()=0[0m
[0;32mI (359) IMU: getDLPFMode()=6[0m
[0;32mI (359) IMU: getFullScaleAccelRange()=0[0m
[0;32mI (369) ESC_controller: Create RMT TX channel[0m
Created RMT TX Channels[0;32mI (369) gpio: GPIO[33]| InputEn: 0| OutputEn: 1| OpenDrain: 0| Pullup: 1| Pulldown: 0| Intr:0 [0m
[0;32mI (379) IMU: getFullScaleGyroRange()=0[0m
[0;32mI (389) gpio: GPIO[25]| InputEn: 0| OutputEn: 1| OpenDrain: 0| Pullup: 1| Pulldown: 0| Intr:0 [0m
[0;32mI (399) gpio: GPIO[32]| InputEn: 0| OutputEn: 1| OpenDrain: 0| Pullup: 1| Pulldown: 0| Intr:0 [0m
[0;32mI (409) gpio: GPIO[26]| InputEn: 0| OutputEn: 1| OpenDrain: 0| Pullup: 1| Pulldown: 0| Intr:0 [0m
[0;32mI (419) ESC_controller: Install Dshot ESC encoder[0m
[0;32mI (419) ESC_controller: Enable RMT TX channel[0m
[0;32mI (429) ESC_controller: Start ESCs by sending zero throttle for a while...[0m
[0;32mI (389) main_task: Returned from app_main()[0m
[0;32mI (1349) PWM: 0.000000[0m
[0;32mI (2349) PWM: 0.000000[0m
[0;32mI (3349) PWM: 0.000000[0m
[0;32mI (4349) PWM: 0.000000[0m
[0;32mI (4399) IMU: roll:0.000000 pitch=0.000000 yaw=0.000000[0m
[0;32mI (4519) IMU: roll:0.347150 pitch=0.107531 yaw=29.981171[0m
[0;32mI (4639) IMU: roll:0.682170 pitch=0.032430 yaw=59.953156[0m
[0;32mI (4759) IMU: roll:0.925165 pitch=-0.201899 yaw=89.918320[0m
[0;32mI (4879) IMU: roll:1.040218 pitch=-0.528168 yaw=119.881104[0m
[0;32mI (4999) IMU: roll:0.990282 pitch=-0.873538 yaw=149.847107[0m
[0;32mI (5119) IMU: roll:0.773741 pitch=-1.153730 yaw=179.821716[0m
[0;32mI (5239) IMU: roll:0.436647 pitch=-1.281262 yaw=209.807861[0m
[0;32mI (5349) PWM: 0.000000[0m
[0;32mI (5359) IMU: roll:0.072690 pitch=-1.223273 yaw=239.803406[0m
[0;32mI (5479) IMU: roll:-0.202525 pitch=-0.992410 yaw=-90.187729[0m
[0;32mI (5599) IMU: roll:-0.332664 pitch=-0.654109 yaw=-60.187073[0m
[0;32mI (5719) IMU: roll:-0.265957 pitch=-0.293418 yaw=-29.988777[0m
[0;32mI (5839) IMU: roll:-0.040110 pitch=-0.017694 yaw=-0.201637[0m
[0;32mI (5959) IMU: roll:0.271337 pitch=0.121018 yaw=29.779984[0m
[0;32mI (6079) IMU: roll:0.637054 pitch=0.075109 yaw=59.752899[0m
[0;32mI (6199) IMU: roll:0.944283 pitch=-0.154850 yaw=89.717773[0m
[0;32mI (6319) IMU: roll:1.091774 pitch=-0.504907 yaw=119.678925[0m
[0;32mI (6349) PWM: 0.000000[0m
[0;32mI (6439) IMU: roll:1.025778 pitch=-0.875964 yaw=149.643814[0m
[0;32mI (6559) IMU: roll:0.782773 pitch=-1.166130 yaw=179.820923[0m
[0;32mI (6679) IMU: roll:0.429220 pitch=-1.295850 yaw=209.807922[0m
[0;32mI (6799) IMU: roll:0.069816 pitch=-1.237057 yaw=239.804443[0m
[0;32mI (6919) IMU: roll:-0.219560 pitch=-1.001035 yaw=-90.397919[0m
[0;32mI (7039) IMU: roll:-0.329475 pitch=-0.647366 yaw=-60.195389[0m
[0;32mI (7159) IMU: roll:-0.206330 pitch=-0.320307 yaw=-30.402573[0m
[0;32mI (7279) IMU: roll:-0.142792 pitch=-0.124498 yaw=-0.413437[0m
[0;32mI (7349) PWM: 0.000000[0m
[0;32mI (7399) IMU: roll:-0.030083 pitch=0.108496 yaw=29.572357[0m
[0;32mI (7519) IMU: roll:0.295620 pitch=0.342932 yaw=59.553970[0m
[0;32mI (7639) IMU: roll:0.998643 pitch=0.416659 yaw=89.526917[0m
[0;32mI (7759) IMU: roll:1.502567 pitch=0.063313 yaw=119.479752[0m
[0;32mI (7879) IMU: roll:1.699786 pitch=-0.511053 yaw=149.424011[0m
[0;32mI (7999) IMU: roll:1.573955 pitch=-1.126737 yaw=179.373596[0m
[0;32mI (8119) IMU: roll:1.178773 pitch=-1.590283 yaw=209.494690[0m
[0;32mI (8239) IMU: roll:0.752786 pitch=-1.758503 yaw=239.333710[0m
[0;32mI (8349) PWM: 0.000000[0m
[0;32mI (8359) IMU: roll:0.201884 pitch=-1.775892 yaw=-90.664703[0m
[0;32mI (8479) IMU: roll:-0.347347 pitch=-1.518865 yaw=-60.651901[0m
[0;32mI (8599) IMU: roll:-0.578737 pitch=-0.995645 yaw=-30.643486[0m
[0;32mI (8719) IMU: roll:-0.572515 pitch=-0.463683 yaw=-0.638504[0m
[0;32mI (8839) IMU: roll:-0.398561 pitch=-0.185371 yaw=29.356598[0m
[0;32mI (8959) IMU: roll:4.846868 pitch=-1.974536 yaw=59.262711[0m
[0;32mI (9079) IMU: roll:7.837517 pitch=-5.570941 yaw=89.176132[0m
[0;32mI (9199) IMU: roll:4.370480 pitch=-8.641666 yaw=118.946915[0m
[0;32mI (9319) IMU: roll:-0.217017 pitch=-9.576876 yaw=149.325882[0m
[0;32mI (9349) PWM: 0.000000[0m
[0;32mI (9439) IMU: roll:-4.636480 pitch=-8.100964 yaw=179.766968[0m
[0;32mI (9559) IMU: roll:-7.673386 pitch=-4.593326 yaw=210.137146[0m
[0;32mI (9679) IMU: roll:-8.627191 pitch=-0.095862 yaw=239.823792[0m
[0;32mI (9799) IMU: roll:-7.167748 pitch=4.366433 yaw=-90.313995[0m
[0;32mI (9919) IMU: roll:-3.796999 pitch=7.669311 yaw=-60.237549[0m
[0;32mI (10039) IMU: roll:0.684101 pitch=9.005323 yaw=-29.762581[0m
[0;32mI (10159) IMU: roll:5.094803 pitch=7.985725 yaw=0.213623[0m
[0;32mI (10279) IMU: roll:8.297330 pitch=4.738797 yaw=30.002991[0m
[0;32mI (10349) PWM: 0.000000[0m
[0;32mI (10399) IMU: roll:9.434053 pitch=0.312525 yaw=59.665390[0m
[0;31mE (10429) task_wdt: Task watchdog got triggered. The following tasks/users did not reset the watchdog in time:[0m
[0;31mE (10429) task_wdt:  - IDLE0 (CPU 0)[0m
[0;31mE (10429) task_wdt: Tasks currently running:[0m
[0;31mE (10429) task_wdt: CPU 0: ESC CONTROLLER[0m
[0;31mE (10429) task_wdt: CPU 1: IDLE1[0m
[0;31mE (10429) task_wdt: Print CPU 0 (current core) backtrace[0m


