[0;32mI (221) cpu_start: Pro cpu start user code[0m
[0;32mI (221) cpu_start: cpu freq: ï¿½ets Jun  8 2016 00:22:57

rst:0x1 (POWERON_RESET),boot:0x13 (SPI_FAST_FLASH_BOOT)
configsip: 0, SPIWP:0xee
clk_drv:0x00,q_drv:0x00,d_drv:0x00,cs0_drv:0x00,hd_drv:0x00,wp_drv:0x00
mode:DIO, clock div:2
load:0x3fff0030,len:7172
load:0x40078000,len:15532
load:0x40080400,len:4
load:0x40080404,len:3904
entry 0x40080640
[0;32mI (29) boot: ESP-IDF v5.3-dev-1288-g5524b692ee-dirty 2nd stage bootloader[0m
[0;32mI (29) boot: compile time Jan 25 2024 13:26:40[0m
[0;32mI (31) boot: Multicore bootloader[0m
[0;32mI (35) boot: chip revision: v1.0[0m
[0;32mI (39) boot.esp32: SPI Speed      : 40MHz[0m
[0;32mI (44) boot.esp32: SPI Mode       : DIO[0m
[0;32mI (48) boot.esp32: SPI Flash Size : 2MB[0m
[0;32mI (53) boot: Enabling RNG early entropy source...[0m
[0;32mI (58) boot: Partition Table:[0m
[0;32mI (62) boot: ## Label            Usage          Type ST Offset   Length[0m
[0;32mI (69) boot:  0 nvs              WiFi data        01 02 00009000 00006000[0m
[0;32mI (77) boot:  1 phy_init         RF data          01 01 0000f000 00001000[0m
[0;32mI (84) boot:  2 factory          factory app      00 00 00010000 00100000[0m
[0;32mI (92) boot: End of partition table[0m
[0;32mI (96) esp_image: segment 0: paddr=00010020 vaddr=3f400020 size=0c4c8h ( 50376) map[0m
[0;32mI (121) esp_image: segment 1: paddr=0001c4f0 vaddr=3ffb0000 size=022e8h (  8936) load[0m
[0;32mI (125) esp_image: segment 2: paddr=0001e7e0 vaddr=40080000 size=01838h (  6200) load[0m
[0;32mI (130) esp_image: segment 3: paddr=00020020 vaddr=400d0020 size=1984ch (104524) map[0m
[0;32mI (172) esp_image: segment 4: paddr=00039874 vaddr=40081838 size=0d3f0h ( 54256) load[0m
[0;32mI (200) boot: Loaded app from partition at offset 0x10000[0m
[0;32mI (200) boot: Disabling RNG early entropy source...[0m
[0;32mI (212) cpu_start: Multicore app[0m
[0;32mI (221) cpu_start: Pro cpu start user code[0m
[0;32mI (221) cpu_start: cpu freq: 160000000 Hz[0m
[0;32mI (221) cpu_start: Application information:[0m
[0;32mI (224) cpu_start: Project name:     drone_flight_control[0m
[0;32mI (230) cpu_start: App version:      1[0m
[0;32mI (234) cpu_start: Compile time:     Jan 25 2024 13:26:36[0m
[0;32mI (240) cpu_start: ELF file SHA256:  d554309ea...[0m
[0;32mI (246) cpu_start: ESP-IDF:          v5.3-dev-1288-g5524b692ee-dirty[0m
[0;32mI (253) cpu_start: Min chip rev:     v0.0[0m
[0;32mI (257) cpu_start: Max chip rev:     v3.99 [0m
[0;32mI (262) cpu_start: Chip rev:         v1.0[0m
[0;32mI (267) heap_init: Initializing. RAM available for dynamic allocation:[0m
[0;32mI (274) heap_init: At 3FFAE6E0 len 00001920 (6 KiB): DRAM[0m
[0;32mI (280) heap_init: At 3FFB2C28 len 0002D3D8 (180 KiB): DRAM[0m
[0;32mI (287) heap_init: At 3FFE0440 len 00003AE0 (14 KiB): D/IRAM[0m
[0;32mI (293) heap_init: At 3FFE4350 len 0001BCB0 (111 KiB): D/IRAM[0m
[0;32mI (299) heap_init: At 4008EC28 len 000113D8 (68 KiB): IRAM[0m
[0;32mI (307) spi_flash: detected chip: generic[0m
[0;32mI (310) spi_flash: flash io: dio[0m
[0;33mW (314) spi_flash: Detected size(4096k) larger than the size in the binary image header(2048k). Using the size in the binary image header.[0m
[0;33mW (327) i2c: This driver is an old driver, please migrate your application code to adapt `driver/i2c_master.h`[0m
[0;32mI (339) main_task: Started on CPU0[0m
[0;32mI (349) main_task: Calling app_main()[0m
Done with i2cDone with mpu[0;32mI (349) IMU: I have entered MPU CODE[0m
[0;32mI (349) IMU: devid=0x34[0m
[0;32mI (349) IMU: getRate()=0[0m
[0;32mI (359) ESC_controller: Create RMT TX channel[0m
[0;32mI (359) IMU: getExternalFrameSync()=0[0m
Created RMT TX Channels[0;32mI (369) IMU: getDLPFMode()=6[0m
[0;32mI (369) gpio: GPIO[33]| InputEn: 0| OutputEn: 1| OpenDrain: 0| Pullup: 1| Pulldown: 0| Intr:0 [0m
[0;32mI (369) IMU: getFullScaleAccelRange()=0[0m
[0;32mI (379) gpio: GPIO[25]| InputEn: 0| OutputEn: 1| OpenDrain: 0| Pullup: 1| Pulldown: 0| Intr:0 [0m
[0;32mI (379) IMU: getFullScaleGyroRange()=0[0m
[0;32mI (389) gpio: GPIO[32]| InputEn: 0| OutputEn: 1| OpenDrain: 0| Pullup: 1| Pulldown: 0| Intr:0 [0m
[0;32mI (409) gpio: GPIO[26]| InputEn: 0| OutputEn: 1| OpenDrain: 0| Pullup: 1| Pulldown: 0| Intr:0 [0m
[0;32mI (419) ESC_controller: Install Dshot ESC encoder[0m
[0;32mI (419) ESC_controller: Enable RMT TX channel[0m
[0;32mI (429) ESC_controller: Start ESCs by sending zero throttle for a while...[0m
Done with motor[0;32mI (429) main_task: Returned from app_main()[0m
[0;32mI (1429) ESC_controller: Increase throttle, no telemetry[0m
Looping[0;32mI (4409) IMU: roll:0.000000 pitch=0.000000 yaw=0.000000[0m
[0;32mI (4529) IMU: roll:-0.044117 pitch=-0.036192 yaw=0.001801[0m
[0;32mI (4649) IMU: roll:-0.038671 pitch=-0.061858 yaw=0.004944[0m
[0;32mI (4769) IMU: roll:0.000367 pitch=-0.049239 yaw=0.007111[0m
[0;32mI (4889) IMU: roll:-0.066762 pitch=0.038110 yaw=0.009659[0m
[0;32mI (5009) IMU: roll:-0.124775 pitch=-0.111704 yaw=0.012177[0m
[0;32mI (5129) IMU: roll:-0.017873 pitch=-0.066035 yaw=0.014297[0m
[0;32mI (5249) IMU: roll:-0.028354 pitch=-0.086598 yaw=0.018356[0m
[0;32mI (5369) IMU: roll:-0.033558 pitch=-0.188936 yaw=0.020630[0m
[0;32mI (5489) IMU: roll:-0.061931 pitch=0.034663 yaw=0.023376[0m
[0;32mI (5609) IMU: roll:-0.001187 pitch=-0.188019 yaw=0.026535[0m
[0;32mI (5729) IMU: roll:-0.075667 pitch=0.020192 yaw=0.029236[0m
[0;32mI (5849) IMU: roll:0.084635 pitch=-0.171954 yaw=0.032120[0m
[0;32mI (5969) IMU: roll:-0.085568 pitch=-0.000472 yaw=0.033920[0m
[0;32mI (6089) IMU: roll:-0.058146 pitch=-0.007843 yaw=0.035324[0m
[0;32mI (6209) IMU: roll:-0.039454 pitch=-0.054125 yaw=0.038498[0m
[0;32mI (6329) IMU: roll:0.008364 pitch=-0.067024 yaw=0.040009[0m
[0;32mI (6449) IMU: roll:-0.028289 pitch=-0.122130 yaw=0.041534[0m
[0;32mI (6569) IMU: roll:0.024719 pitch=-0.019308 yaw=0.043243[0m
[0;32mI (6689) IMU: roll:0.096218 pitch=-0.017833 yaw=0.047363[0m
[0;32mI (6809) IMU: roll:0.059145 pitch=0.012775 yaw=0.050156[0m
[0;32mI (6929) IMU: roll:-0.075842 pitch=-0.019308 yaw=0.052368[0m
[0;32mI (7049) IMU: roll:-0.119441 pitch=-0.032165 yaw=0.054031[0m
[0;32mI (7169) IMU: roll:-0.144685 pitch=-0.089215 yaw=0.056808[0m
[0;32mI (7289) IMU: roll:-0.053104 pitch=0.029217 yaw=0.059158[0m
[0;32mI (7409) IMU: roll:-0.095665 pitch=-0.069872 yaw=0.061035[0m
[0;32mI (7529) IMU: roll:-0.081015 pitch=-0.090906 yaw=0.064682[0m
[0;32mI (7649) IMU: roll:0.036938 pitch=-0.069328 yaw=0.067841[0m
[0;32mI (7769) IMU: roll:-0.031984 pitch=-0.148438 yaw=0.070984[0m
[0;32mI (7889) IMU: roll:-0.130879 pitch=-0.101297 yaw=0.072250[0m
[0;32mI (8009) IMU: roll:-0.164313 pitch=-0.068435 yaw=0.074249[0m
[0;32mI (8129) IMU: roll:0.109053 pitch=-0.124019 yaw=0.077560[0m
[0;32mI (8249) IMU: roll:-0.044061 pitch=0.026857 yaw=0.078552[0m
[0;32mI (8369) IMU: roll:-0.112342 pitch=0.012971 yaw=0.080811[0m
[0;32mI (8489) IMU: roll:0.011123 pitch=-0.116857 yaw=0.084702[0m
[0;32mI (8609) IMU: roll:-0.054001 pitch=0.010315 yaw=0.088516[0m
