ts Jun  8 2016 00:22:57

rst:0x1 (POWERON_RESET),boot:0x13 (SPI_FAST_FLASH_BOOT)
configsip: 0, SPIWP:0xee
clk_drv:0x00,q_drv:0x00,d_drv:0x00,cs0_drv:0x00,hd_drv:0x00,wp_drv:0x00
mode:DIO, clock div:2
load:0x3fff0030,len:7172
load:0x40078000,len:15532
load:0x40080400,len:4
load:0x40080404,len:3904
entry 0x40080640
[0;32mI (29) boot: ESP-IDF v5.3-dev-1288-g5524b692ee-dirty 2nd stage bootloader[0m
[0;32mI (29) boot: compile time Jan 25 2024 13:26:40[0m
[0;32mI (31) boot: Multicore bootloader[0m
[0;32mI (35) boot: chip revision: v1.0[0m
[0;32mI (39) boot.esp32: SPI Speed      : 40MHz[0m
[0;32mI (44) boot.esp32: SPI Mode       : DIO[0m
[0;32mI (48) boot.esp32: SPI Flash Size : 2MB[0m
[0;32mI (53) boot: Enabling RNG early entropy source...[0m
[0;32mI (58) boot: Partition Table:[0m
[0;32mI (62) boot: ## Label            Usage          Type ST Offset   Length[0m
[0;32mI (69) boot:  0 nvs              WiFi data        01 02 00009000 00006000[0m
[0;32mI (77) boot:  1 phy_init         RF data          01 01 0000f000 00001000[0m
[0;32mI (84) boot:  2 factory          factory app      00 00 00010000 00100000[0m
[0;32mI (92) boot: End of partition table[0m
[0;32mI (96) esp_image: segment 0: paddr=00010020 vaddr=3f400020 size=0c458h ( 50264) map[0m
[0;32mI (121) esp_image: segment 1: paddr=0001c480 vaddr=3ffb0000 size=022e8h (  8936) load[0m
[0;32mI (125) esp_image: segment 2: paddr=0001e770 vaddr=40080000 size=018a8h (  6312) load[0m
[0;32mI (130) esp_image: segment 3: paddr=00020020 vaddr=400d0020 size=19740h (104256) map[0m
[0;32mI (171) esp_image: segment 4: paddr=00039768 vaddr=400818a8 size=0d380h ( 54144) load[0m
[0;32mI (200) boot: Loaded app from partition at offset 0x10000[0m
[0;32mI (200) boot: Disabling RNG early entropy source...[0m
[0;32mI (212) cpu_start: Multicore app[0m
[0;32mI (221) cpu_start: Pro cpu start user code[0m
[0;32mI (221) cpu_start: cpu freq: 160000000 Hz[0m
[0;32mI (221) cpu_start: Application information:[0m
[0;32mI (224) cpu_start: Project name:     drone_flight_control[0m
[0;32mI (230) cpu_start: App version:      1[0m
[0;32mI (234) cpu_start: Compile time:     Jan 25 2024 13:26:36[0m
[0;32mI (240) cpu_start: ELF file SHA256:  01ed96560...[0m
[0;32mI (246) cpu_start: ESP-IDF:          v5.3-dev-1288-g5524b692ee-dirty[0m
[0;32mI (253) cpu_start: Min chip rev:     v0.0[0m
[0;32mI (257) cpu_start: Max chip rev:     v3.99 [0m
[0;32mI (262) cpu_start: Chip rev:         v1.0[0m
[0;32mI (267) heap_init: Initializing. RAM available for dynamic allocation:[0m
[0;32mI (274) heap_init: At 3FFAE6E0 len 00001920 (6 KiB): DRAM[0m
[0;32mI (280) heap_init: At 3FFB2C28 len 0002D3D8 (180 KiB): DRAM[0m
[0;32mI (286) heap_init: At 3FFE0440 len 00003AE0 (14 KiB): D/IRAM[0m
[0;32mI (293) heap_init: At 3FFE4350 len 0001BCB0 (111 KiB): D/IRAM[0m
[0;32mI (299) heap_init: At 4008EC28 len 000113D8 (68 KiB): IRAM[0m
[0;32mI (307) spi_flash: detected chip: generic[0m
[0;32mI (310) spi_flash: flash io: dio[0m
[0;33mW (314) spi_flash: Detected size(4096k) larger than the size in the binary image header(2048k). Using the size in the binary image header.[0m
[0;33mW (327) i2c: This driver is an old driver, please migrate your application code to adapt `driver/i2c_master.h`[0m
[0;32mI (338) main_task: Started on CPU0[0m
[0;32mI (348) main_task: Calling app_main()[0m
Done with i2cDone with mpu[0;32mI (348) IMU: I have entered MPU CODE[0m
[0;32mI (348) IMU: devid=0x34[0m
[0;32mI (348) IMU: getRate()=0[0m
[0;32mI (358) IMU: getExternalFrameSync()=0[0m
[0;32mI (358) ESC_controller: Create RMT TX channel[0m
Created RMT TX Channels[0;32mI (368) IMU: getDLPFMode()=6[0m
[0;32mI (368) gpio: GPIO[33]| InputEn: 0| OutputEn: 1| OpenDrain: 0| Pullup: 1| Pulldown: 0| Intr:0 [0m
[0;32mI (368) IMU: getFullScaleAccelRange()=0[0m
[0;32mI (378) gpio: GPIO[25]| InputEn: 0| OutputEn: 1| OpenDrain: 0| Pullup: 1| Pulldown: 0| Intr:0 [0m
[0;32mI (378) IMU: getFullScaleGyroRange()=0[0m
[0;32mI (388) gpio: GPIO[32]| InputEn: 0| OutputEn: 1| OpenDrain: 0| Pullup: 1| Pulldown: 0| Intr:0 [0m
[0;32mI (408) gpio: GPIO[26]| InputEn: 0| OutputEn: 1| OpenDrain: 0| Pullup: 1| Pulldown: 0| Intr:0 [0m
[0;32mI (418) ESC_controller: Install Dshot ESC encoder[0m
[0;32mI (418) ESC_controller: Enable RMT TX channel[0m
[0;32mI (428) ESC_controller: Start ESCs by sending zero throttle for a while...[0m
[0;32mI (428) ESC_controller: Increase throttle, no telemetry[0m
Done with motor[0;32mI (438) main_task: Returned from app_main()[0m
[0;32mI (4408) IMU: roll:0.000000 pitch=0.000000 yaw=0.000000[0m
[0;32mI (4528) IMU: roll:0.048830 pitch=-0.080404 yaw=0.005035[0m
[0;32mI (4648) IMU: roll:0.123133 pitch=-0.078173 yaw=0.008453[0m
[0;32mI (4768) IMU: roll:0.074786 pitch=-0.088333 yaw=0.013367[0m
[0;32mI (4888) IMU: roll:0.083726 pitch=-0.064922 yaw=0.017960[0m
[0;32mI (5008) IMU: roll:0.102668 pitch=0.016236 yaw=0.022141[0m
[0;32mI (5128) IMU: roll:0.076244 pitch=-0.029340 yaw=0.026123[0m
[0;32mI (5248) IMU: roll:0.048330 pitch=-0.013402 yaw=0.029388[0m
[0;32mI (5368) IMU: roll:-0.004017 pitch=-0.080140 yaw=0.031906[0m
[0;32mI (5488) IMU: roll:0.051616 pitch=0.003053 yaw=0.035751[0m
[0;32mI (5608) IMU: roll:0.053813 pitch=-0.011005 yaw=0.038910[0m
[0;32mI (5728) IMU: roll:0.001825 pitch=0.038319 yaw=0.042709[0m
[0;32mI (5848) IMU: roll:0.082607 pitch=0.112515 yaw=0.046570[0m
[0;32mI (5968) IMU: roll:0.049698 pitch=-0.077250 yaw=0.049896[0m
[0;32mI (6088) IMU: roll:-0.025323 pitch=-0.020817 yaw=0.052902[0m
[0;32mI (6208) IMU: roll:0.147404 pitch=0.009003 yaw=0.057602[0m
[0;32mI (6328) IMU: roll:0.049906 pitch=0.095023 yaw=0.058578[0m
[0;32mI (6448) IMU: roll:0.054806 pitch=0.005505 yaw=0.062363[0m
[0;32mI (6568) IMU: roll:0.052187 pitch=0.020092 yaw=0.067444[0m
[0;32mI (6688) IMU: roll:0.062885 pitch=-0.090513 yaw=0.073669[0m
[0;32mI (6808) IMU: roll:0.145811 pitch=-0.052971 yaw=0.079208[0m
[0;32mI (6928) IMU: roll:-0.036389 pitch=-0.122804 yaw=0.081467[0m
[0;32mI (7048) IMU: roll:-0.070570 pitch=0.018305 yaw=0.083374[0m
[0;32mI (7168) IMU: roll:0.075728 pitch=-0.104851 yaw=0.087723[0m
[0;32mI (7288) IMU: roll:0.024557 pitch=0.020658 yaw=0.090851[0m
[0;32mI (7408) IMU: roll:0.059141 pitch=-0.015525 yaw=0.095123[0m
[0;32mI (7528) IMU: roll:0.034463 pitch=0.051178 yaw=0.098511[0m
[0;32mI (7648) IMU: roll:0.125059 pitch=-0.047668 yaw=0.104630[0m
[0;32mI (7768) IMU: roll:0.050353 pitch=-0.036813 yaw=0.107010[0m
[0;32mI (7888) IMU: roll:0.087299 pitch=0.005783 yaw=0.111038[0m
[0;32mI (8008) IMU: roll:0.069029 pitch=-0.019139 yaw=0.115356[0m
[0;32mI (8128) IMU: roll:0.052021 pitch=-0.006583 yaw=0.119217[0m
[0;32mI (8248) IMU: roll:0.141942 pitch=-0.106777 yaw=0.124222[0m
[0;32mI (8368) IMU: roll:0.019040 pitch=-0.067242 yaw=0.127975[0m
[0;32mI (8488) IMU: roll:0.062739 pitch=0.009759 yaw=0.134171[0m
[0;32mI (8608) IMU: roll:0.114110 pitch=0.002588 yaw=0.139633[0m
[0;32mI (8728) IMU: roll:0.117266 pitch=-0.006891 yaw=0.144684[0m
[0;32mI (8848) IMU: roll:0.088143 pitch=-0.017382 yaw=0.149139[0m
[0;32mI (8968) IMU: roll:0.052729 pitch=-0.024678 yaw=0.153351[0m
[0;32mI (9088) IMU: roll:-0.098672 pitch=0.035843 yaw=0.156387[0m
[0;32mI (9208) IMU: roll:0.098951 pitch=-0.096167 yaw=0.162399[0m
[0;32mI (9328) IMU: roll:0.245084 pitch=0.023026 yaw=0.166656[0m
[0;32mI (9448) IMU: roll:0.022379 pitch=0.025822 yaw=0.167587[0m
[0;32mI (9568) IMU: roll:0.033224 pitch=-0.026148 yaw=0.172348[0m
[0;32mI (9688) IMU: roll:-0.049433 pitch=0.036286 yaw=0.177933[0m
[0;32mI (9808) IMU: roll:0.032859 pitch=0.007623 yaw=0.183548[0m
[0;32mI (9928) IMU: roll:0.080316 pitch=-0.098258 yaw=0.189041[0m
[0;32mI (10048) IMU: roll:-0.017076 pitch=0.029669 yaw=0.194077[0m
[0;32mI (10168) IMU: roll:-0.015826 pitch=0.027305 yaw=0.197525[0m
[0;32mI (10288) IMU: roll:0.068668 pitch=0.099109 yaw=0.201599[0m
[0;32mI (10408) IMU: roll:-0.031387 pitch=-0.064837 yaw=0.205109[0m
[0;32mI (10528) IMU: roll:0.082781 pitch=-0.039799 yaw=0.211014[0m
[0;32mI (10648) IMU: roll:0.088989 pitch=-0.019559 yaw=0.214401[0m
[0;32mI (10768) IMU: roll:0.092731 pitch=-0.019201 yaw=0.218811[0m
[0;32mI (10888) IMU: roll:0.109214 pitch=-0.039781 yaw=0.223129[0m
[0;32mI (11008) IMU: roll:0.063197 pitch=-0.049664 yaw=0.227234[0m
[0;32mI (11128) IMU: roll:0.078863 pitch=-0.043132 yaw=0.231018[0m
[0;32mI (11248) IMU: roll:-0.009579 pitch=-0.042188 yaw=0.234726[0m
[0;32mI (11368) IMU: roll:0.018791 pitch=-0.021321 yaw=0.238846[0m
[0;32mI (11488) IMU: roll:0.033403 pitch=-0.001350 yaw=0.243988[0m
[0;32mI (11608) IMU: roll:0.051520 pitch=0.016273 yaw=0.247086[0m
[0;32mI (11728) IMU: roll:0.075713 pitch=0.008350 yaw=0.252243[0m
[0;32mI (11848) IMU: roll:0.100401 pitch=-0.068323 yaw=0.257233[0m
[0;32mI (11968) IMU: roll:0.133599 pitch=-0.061264 yaw=0.262817[0m
[0;32mI (12088) IMU: roll:0.099292 pitch=-0.173884 yaw=0.265671[0m
[0;32mI (12208) IMU: roll:-0.032356 pitch=-0.076299 yaw=0.269119[0m
[0;32mI (12328) IMU: roll:0.002908 pitch=-0.074389 yaw=0.273758[0m
[0;32mI (12448) IMU: roll:0.068146 pitch=-0.051051 yaw=0.276062[0m
[0;32mI (12568) IMU: roll:0.074977 pitch=-0.086777 yaw=0.280121[0m
[0;32mI (12688) IMU: roll:0.189044 pitch=-0.110379 yaw=0.287888[0m
[0;32mI (12808) IMU: roll:0.158739 pitch=0.026365 yaw=0.293274[0m
[0;32mI (12928) IMU: roll:-0.015000 pitch=-0.083063 yaw=0.297958[0m
[0;32mI (13048) IMU: roll:0.040618 pitch=-0.014595 yaw=0.303940[0m
[0;32mI (13168) IMU: roll:-0.037192 pitch=-0.110199 yaw=0.307922[0m
[0;32mI (13288) IMU: roll:-0.100560 pitch=-0.012185 yaw=0.311172[0m
[0;32mI (13408) IMU: roll:-0.028277 pitch=0.030184 yaw=0.316666[0m
[0;32mI (13528) IMU: roll:-0.098657 pitch=-0.048061 yaw=0.319214[0m
[0;32mI (13648) IMU: roll:0.077897 pitch=-0.032608 yaw=0.325180[0m
[0;32mI (13768) IMU: roll:0.176833 pitch=-0.132442 yaw=0.330780[0m
[0;32mI (13888) IMU: roll:-0.016969 pitch=-0.057563 yaw=0.333420[0m
[0;32mI (14008) IMU: roll:0.021452 pitch=-0.039981 yaw=0.339508[0m
