e app[0m
[0;32mI (221) cpu_start: Pro cpu start user code[0m
[0;32mI (221) cpu_start: cpu freï¿½ets Jul 29 2019 12:21:46

rst:0x1 (POWERON_RESET),boot:0x13 (SPI_FAST_FLASH_BOOT)
configsip: 0, SPIWP:0xee
clk_drv:0x00,q_drv:0x00,d_drv:0x00,cs0_drv:0x00,hd_drv:0x00,wp_drv:0x00
mode:DIO, clock div:2
load:0x3fff0030,len:7172
load:0x40078000,len:15532
load:0x40080400,len:4
load:0x40080404,len:3904
entry 0x40080640
[0;32mI (29) boot: ESP-IDF v5.3-dev-1288-g5524b692ee-dirty 2nd stage bootloader[0m
[0;32mI (29) boot: compile time Jan 25 2024 13:26:40[0m
[0;32mI (32) boot: Multicore bootloader[0m
[0;32mI (36) boot: chip revision: v3.0[0m
[0;32mI (40) boot.esp32: SPI Speed      : 40MHz[0m
[0;32mI (44) boot.esp32: SPI Mode       : DIO[0m
[0;32mI (49) boot.esp32: SPI Flash Size : 2MB[0m
[0;32mI (53) boot: Enabling RNG early entropy source...[0m
[0;32mI (59) boot: Partition Table:[0m
[0;32mI (62) boot: ## Label            Usage          Type ST Offset   Length[0m
[0;32mI (70) boot:  0 nvs              WiFi data        01 02 00009000 00006000[0m
[0;32mI (77) boot:  1 phy_init         RF data          01 01 0000f000 00001000[0m
[0;32mI (84) boot:  2 factory          factory app      00 00 00010000 00100000[0m
[0;32mI (92) boot: End of partition table[0m
[0;32mI (96) esp_image: segment 0: paddr=00010020 vaddr=3f400020 size=0c468h ( 50280) map[0m
[0;32mI (122) esp_image: segment 1: paddr=0001c490 vaddr=3ffb0000 size=022f8h (  8952) load[0m
[0;32mI (125) esp_image: segment 2: paddr=0001e790 vaddr=40080000 size=01888h (  6280) load[0m
[0;32mI (130) esp_image: segment 3: paddr=00020020 vaddr=400d0020 size=19a84h (105092) map[0m
[0;32mI (172) esp_image: segment 4: paddr=00039aac vaddr=40081888 size=0d3a0h ( 54176) load[0m
[0;32mI (201) boot: Loaded app from partition at offset 0x10000[0m
[0;32mI (201) boot: Disabling RNG early entropy source...[0m
[0;32mI (212) cpu_start: Multicore app[0m
[0;32mI (221) cpu_start: Pro cpu start user code[0m
[0;32mI (221) cpu_start: cpu freq: 160000000 Hz[0m
[0;32mI (221) cpu_start: Application information:[0m
[0;32mI (224) cpu_start: Project name:     drone_flight_control[0m
[0;32mI (230) cpu_start: App version:      1[0m
[0;32mI (235) cpu_start: Compile time:     Jan 25 2024 16:45:39[0m
[0;32mI (241) cpu_start: ELF file SHA256:  59e285bc4...[0m
[0;32mI (246) cpu_start: ESP-IDF:          v5.3-dev-1288-g5524b692ee-dirty[0m
[0;32mI (253) cpu_start: Min chip rev:     v0.0[0m
[0;32mI (258) cpu_start: Max chip rev:     v3.99 [0m
[0;32mI (263) cpu_start: Chip rev:         v3.0[0m
[0;32mI (268) heap_init: Initializing. RAM available for dynamic allocation:[0m
[0;32mI (275) heap_init: At 3FFAE6E0 len 00001920 (6 KiB): DRAM[0m
[0;32mI (281) heap_init: At 3FFB2C98 len 0002D368 (180 KiB): DRAM[0m
[0;32mI (287) heap_init: At 3FFE0440 len 00003AE0 (14 KiB): D/IRAM[0m
[0;32mI (293) heap_init: At 3FFE4350 len 0001BCB0 (111 KiB): D/IRAM[0m
[0;32mI (300) heap_init: At 4008EC28 len 000113D8 (68 KiB): IRAM[0m
[0;32mI (308) spi_flash: detected chip: generic[0m
[0;32mI (311) spi_flash: flash io: dio[0m
[0;33mW (315) spi_flash: Detected size(4096k) larger than the size in the binary image header(2048k). Using the size in the binary image header.[0m
[0;33mW (328) i2c: This driver is an old driver, please migrate your application code to adapt `driver/i2c_master.h`[0m
[0;32mI (339) main_task: Started on CPU0[0m
[0;32mI (349) main_task: Calling app_main()[0m
[0;32mI (349) IMU: I have entered MPU CODE[0m
[0;32mI (349) IMU: devid=0x34[0m
[0;32mI (349) IMU: getRate()=0[0m
[0;32mI (349) IMU: getExternalFrameSync()=0[0m
[0;32mI (359) ESC_controller: Create RMT TX channel[0m
Created RMT TX Channels[0;32mI (359) gpio: GPIO[33]| InputEn: 0| OutputEn: 1| OpenDrain: 0| Pullup: 1| Pulldown: 0| Intr:0 [0m
[0;32mI (359) IMU: getDLPFMode()=6[0m
[0;32mI (369) gpio: GPIO[25]| InputEn: 0| OutputEn: 1| OpenDrain: 0| Pullup: 1| Pulldown: 0| Intr:0 [0m
[0;32mI (379) IMU: getFullScaleAccelRange()=0[0m
[0;32mI (389) gpio: GPIO[32]| InputEn: 0| OutputEn: 1| OpenDrain: 0| Pullup: 1| Pulldown: 0| Intr:0 [0m
[0;32mI (389) IMU: getFullScaleGyroRange()=0[0m
[0;32mI (399) gpio: GPIO[26]| InputEn: 0| OutputEn: 1| OpenDrain: 0| Pullup: 1| Pulldown: 0| Intr:0 [0m
[0;32mI (409) ESC_controller: Install Dshot ESC encoder[0m
[0;32mI (419) ESC_controller: Enable RMT TX channel[0m
[0;32mI (419) ESC_controller: Start ESCs by sending zero throttle for a while...[0m
[0;32mI (369) main_task: Returned from app_main()[0m
[0;32mI (4419) IMU: roll:0.000000 pitch=0.000000 yaw=0.000000[0m
[0;32mI (4539) IMU: roll:-0.169567 pitch=0.636316 yaw=30.009804[0m
[0;32mI (4659) IMU: roll:-0.003587 pitch=1.273484 yaw=60.010170[0m
[0;32mI (4779) IMU: roll:0.453597 pitch=1.740698 yaw=90.000969[0m
[0;32mI (4899) IMU: roll:1.085582 pitch=1.918351 yaw=119.981590[0m
[0;32mI (5019) IMU: roll:1.710820 pitch=1.762447 yaw=149.946167[0m
[0;32mI (5139) IMU: roll:2.180075 pitch=1.311747 yaw=179.896515[0m
[0;32mI (5259) IMU: roll:2.349499 pitch=0.691397 yaw=209.839172[0m
[0;32mI (5379) IMU: roll:2.189935 pitch=0.065266 yaw=239.790375[0m
[0;32mI (5499) IMU: roll:1.744677 pitch=-0.400601 yaw=-90.078224[0m
[0;32mI (5619) IMU: roll:1.125184 pitch=-0.580339 yaw=-60.082787[0m
[0;32mI (5739) IMU: roll:0.514485 pitch=-0.432103 yaw=-30.225647[0m
[0;32mI (5859) IMU: roll:0.056349 pitch=0.007918 yaw=-0.213722[0m
[0;32mI (5979) IMU: roll:-0.114734 pitch=0.616164 yaw=29.792809[0m
[0;32mI (6099) IMU: roll:0.033761 pitch=1.227249 yaw=59.794838[0m
[0;32mI (6219) IMU: roll:0.470530 pitch=1.683099 yaw=89.785210[0m
[0;32mI (6339) IMU: roll:1.067962 pitch=1.861273 yaw=119.917305[0m
[0;32mI (6459) IMU: roll:1.669246 pitch=1.716306 yaw=149.732452[0m
[0;32mI (6579) IMU: roll:2.114814 pitch=1.289336 yaw=179.836090[0m
[0;32mI (6699) IMU: roll:2.290570 pitch=0.698269 yaw=209.781250[0m
[0;32mI (6819) IMU: roll:2.141267 pitch=0.101360 yaw=239.582397[0m
[0;32mI (6939) IMU: roll:1.723834 pitch=-0.343815 yaw=-90.448479[0m
[0;32mI (7059) IMU: roll:1.134916 pitch=-0.517624 yaw=-60.452873[0m
[0;32mI (7179) IMU: roll:0.547350 pitch=-0.379697 yaw=-30.447655[0m
[0;32mI (7299) IMU: roll:0.105199 pitch=0.038007 yaw=-0.283035[0m
[0;32mI (7419) IMU: roll:-0.057883 pitch=0.614242 yaw=29.572182[0m
[0;32mI (7539) IMU: roll:0.079458 pitch=1.201281 yaw=59.571190[0m
[0;32mI (7659) IMU: roll:0.497541 pitch=1.639130 yaw=89.562370[0m
[0;32mI (7779) IMU: roll:1.063356 pitch=1.811613 yaw=119.543159[0m
[0;32mI (7899) IMU: roll:1.641616 pitch=1.677814 yaw=149.509583[0m
[0;32mI (8019) IMU: roll:2.067764 pitch=1.276785 yaw=179.463135[0m
[0;32mI (8139) IMU: roll:2.242582 pitch=0.711007 yaw=209.409454[0m
[0;32mI (8259) IMU: roll:2.102855 pitch=0.133152 yaw=239.515930[0m
[0;32mI (8379) IMU: roll:1.703728 pitch=-0.295696 yaw=-90.664833[0m
[0;32mI (8499) IMU: roll:1.136512 pitch=-0.469752 yaw=-60.671684[0m
[0;32mI (8619) IMU: roll:0.569780 pitch=-0.337762 yaw=-30.514435[0m
[0;32mI (8739) IMU: roll:0.149487 pitch=0.054922 yaw=-0.655807[0m
[0;32mI (8859) IMU: roll:-0.007628 pitch=0.612516 yaw=29.579689[0m
[0;32mI (8979) IMU: roll:0.111185 pitch=1.167655 yaw=59.349495[0m
[0;32mI (9099) IMU: roll:0.505760 pitch=1.592995 yaw=89.342369[0m
[0;32mI (9219) IMU: roll:1.058304 pitch=1.763545 yaw=119.474968[0m
[0;32mI (9339) IMU: roll:1.600831 pitch=1.640435 yaw=149.290619[0m
[0;32mI (9459) IMU: roll:2.019545 pitch=1.264321 yaw=179.245972[0m
[0;32mI (9579) IMU: roll:2.199648 pitch=0.722528 yaw=209.346252[0m
[0;32mI (9699) IMU: roll:2.071917 pitch=0.169275 yaw=239.149475[0m
[0;32mI (9819) IMU: roll:1.694252 pitch=-0.250510 yaw=-90.880333[0m
[0;32mI (9939) IMU: roll:1.157608 pitch=-0.427073 yaw=-60.889259[0m
[0;32mI (10059) IMU: roll:0.612723 pitch=-0.311022 yaw=-30.883759[0m
[0;32mI (10179) IMU: roll:0.187946 pitch=0.064020 yaw=-0.722069[0m
[0;32mI (10299) IMU: roll:0.021746 pitch=0.592120 yaw=29.130257[0m
[0;31mE (10419) task_wdt: Task watchdog got triggered. The following tasks/users did not reset the watchdog in time:[0m
[0;31mE (10419) task_wdt:  - IDLE0 (CPU 0)[0m
[0;31mE (10419) task_wdt: Tasks currently running:[0m
[0;31mE (10419) task_wdt: CPU 0: ESC CONTROLLER[0m
[0;31mE (10419) task_wdt: CPU 1: IDLE1[0m
[0;31mE (10419) task_wdt: Print CPU 0 (current core) backtrace[0m


Backtrace: 0x400D9E37:0x3FFB0FC0 0x400DA1FC:0x3FFB0FE0 0x40083235:0x3FFB1010 0x40084786:0x3FFBBF70 0x400D6932:0x3FFBBFA0 0x40084A09:0x3FFBBFD0 0x40084BF1:0x3FFBC000 0x400DB115:0x3FFBC020 0x400DAB77:0x3FFBC060 0x400D68E2:0x3FFBC090 0x400D64C3:0x3FFBC100 0x40087CA9:0x3FFBC120

[0;32mI (10459) IMU: roll:0.270589 pitch=1.322803 yaw=70.958977[0m
[0;32mI (10589) IMU: roll:0.738898 pitch=1.650655 yaw=101.548439[0m
[0;32mI (10709) IMU: roll:1.266478 pitch=1.699609 yaw=131.526672[0m
[0;32mI (10829) IMU: roll:1.769242 pitch=1.477824 yaw=161.489197[0m
[0;32mI (10949) IMU: roll:2.082902 pitch=1.034683 yaw=191.442474[0m
[0;32mI (11069) IMU: roll:2.127791 pitch=0.496316 yaw=221.392334[0m
[0;32mI (11189) IMU: roll:1.917391 pitch=0.003102 yaw=251.354919[0m
[0;32mI (11309) IMU: roll:1.477577 pitch=-0.319960 yaw=-78.666588[0m
[0;32mI (11429) IMU: roll:0.948531 pitch=-0.381213 yaw=-48.668747[0m
[0;32mI (11549) IMU: roll:0.439381 pitch=-0.166201 yaw=-18.663246[0m
[0;32mI (11669) IMU: roll:0.107177 pitch=0.277638 yaw=11.345551[0m
[0;32mI (11789) IMU: roll:0.065171 pitch=0.826029 yaw=41.347740[0m
[0;32mI (11909) IMU: roll:0.294714 pitch=1.320190 yaw=71.343056[0m
[0;32mI (12029) IMU: roll:0.725422 pitch=1.636059 yaw=101.327721[0m
[0;32mI (12149) IMU: roll:1.264237 pitch=1.692644 yaw=131.304962[0m
[0;32mI (12269) IMU: roll:1.755753 pitch=1.471711 yaw=161.268555[0m
[0;32mI (12389) IMU: roll:2.075035 pitch=1.033539 yaw=191.221313[0m
[0;32mI (12509) IMU: roll:2.121679 pitch=0.497577 yaw=221.172180[0m
[0;32mI (12629) IMU: roll:1.921073 pitch=0.005130 yaw=251.132141[0m
[0;32mI (12749) IMU: roll:1.482637 pitch=-0.315917 yaw=-78.889580[0m
[0;32mI (12869) IMU: roll:0.951662 pitch=-0.378309 yaw=-48.890854[0m
[0;32mI (12989) IMU: roll:0.461767 pitch=-0.166186 yaw=-18.732780[0m
[0;32mI (13109) IMU: roll:0.146556 pitch=0.262838 yaw=11.274391[0m
[0;32mI (13229) IMU: roll:0.062640 pitch=0.792561 yaw=41.124214[0m
[0;32mI (13349) IMU: roll:0.281089 pitch=1.298572 yaw=71.532570[0m
[0;32mI (13469) IMU: roll:0.726078 pitch=1.615897 yaw=101.109337[0m
[0;32mI (13589) IMU: roll:1.228035 pitch=1.678530 yaw=131.236572[0m
[0;32mI (13709) IMU: roll:1.722933 pitch=1.477280 yaw=161.049072[0m
[0;32mI (13829) IMU: roll:2.039066 pitch=1.054794 yaw=191.002350[0m
[0;32mI (13949) IMU: roll:2.097328 pitch=0.532216 yaw=220.954163[0m
[0;32mI (14069) IMU: roll:1.906984 pitch=0.044978 yaw=250.916901[0m
[0;32mI (14189) IMU: roll:1.470622 pitch=-0.281221 yaw=-79.107414[0m
[0;32mI (14309) IMU: roll:0.866381 pitch=-0.321893 yaw=-49.108353[0m
[0;32mI (14429) IMU: roll:0.563645 pitch=-0.070936 yaw=-19.105316[0m
[0;32mI (14549) IMU: roll:0.505589 pitch=0.218547 yaw=10.898766[0m
[0;32mI (14669) IMU: roll:0.112019 pitch=0.626460 yaw=40.898323[0m
[0;32mI (14789) IMU: roll:0.203085 pitch=1.170761 yaw=71.048744[0m
[0;32mI (14909) IMU: roll:0.721282 pitch=1.517289 yaw=100.885674[0m
[0;32mI (15029) IMU: roll:1.183307 pitch=1.576570 yaw=130.862366[0m
[0;32mI (15149) IMU: roll:1.584058 pitch=1.422036 yaw=160.828949[0m
