[0m
[0;32mI (205) boot: Disabling RNG early entropy source...[0m
[0;32mI (217) cpu_start: Multicore app[0m
D (21ï¿½ets Jul 29 2019 12:21:46

rst:0x1 (POWERON_RESET),boot:0x13 (SPI_FAST_FLASH_BOOT)
configsip: 0, SPIWP:0xee
clk_drv:0x00,q_drv:0x00,d_drv:0x00,cs0_drv:0x00,hd_drv:0x00,wp_drv:0x00
mode:DIO, clock div:2
load:0x3fff0030,len:7172
load:0x40078000,len:15532
load:0x40080400,len:4
load:0x40080404,len:3904
entry 0x40080640
[0;32mI (29) boot: ESP-IDF v5.3-dev-1288-g5524b692ee-dirty 2nd stage bootloader[0m
[0;32mI (29) boot: compile time Jan 27 2024 11:38:47[0m
[0;32mI (32) boot: Multicore bootloader[0m
[0;32mI (36) boot: chip revision: v3.0[0m
[0;32mI (40) boot.esp32: SPI Speed      : 40MHz[0m
[0;32mI (44) boot.esp32: SPI Mode       : DIO[0m
[0;32mI (49) boot.esp32: SPI Flash Size : 2MB[0m
[0;32mI (53) boot: Enabling RNG early entropy source...[0m
[0;32mI (59) boot: Partition Table:[0m
[0;32mI (62) boot: ## Label            Usage          Type ST Offset   Length[0m
[0;32mI (70) boot:  0 nvs              WiFi data        01 02 00009000 00006000[0m
[0;32mI (77) boot:  1 phy_init         RF data          01 01 0000f000 00001000[0m
[0;32mI (84) boot:  2 factory          factory app      00 00 00010000 00100000[0m
[0;32mI (92) boot: End of partition table[0m
[0;32mI (96) esp_image: segment 0: paddr=00010020 vaddr=3f400020 size=0cfach ( 53164) map[0m
[0;32mI (123) esp_image: segment 1: paddr=0001cfd4 vaddr=3ffb0000 size=03044h ( 12356) load[0m
[0;32mI (128) esp_image: segment 2: paddr=00020020 vaddr=400d0020 size=1c078h (114808) map[0m
[0;32mI (168) esp_image: segment 3: paddr=0003c0a0 vaddr=3ffb3044 size=00348h (   840) load[0m
[0;32mI (169) esp_image: segment 4: paddr=0003c3f0 vaddr=40080000 size=0ecd8h ( 60632) load[0m
[0;32mI (205) boot: Loaded app from partition at offset 0x10000[0m
[0;32mI (205) boot: Disabling RNG early entropy source...[0m
[0;32mI (217) cpu_start: Multicore app[0m
D (217) cpu_start: Pro cpu up[0m
D (217) cpu_start: Starting app cpu, entry point is 0x40081178[0m
D (0) cpu_start: App cpu up[0m
D (226) clk: RTC_SLOW_CLK calibration value: 3068890[0m
D (238) cpu_start: calling init function: 0x400d1650 on core: 0[0m
[0;32mI (238) cpu_start: Pro cpu start user code[0m
[0;32mI (238) cpu_start: cpu freq: 160000000 Hz[0m
D (244) cpu_start: calling init function: 0x400d1694 on core: 0[0m
[0;32mI (250) cpu_start: Application information:[0m
[0;32mI (255) cpu_start: Project name:     drone_flight_control[0m
[0;32mI (261) cpu_start: App version:      1[0m
[0;32mI (265) cpu_start: Compile time:     Jan 31 2024 22:48:20[0m
[0;32mI (271) cpu_start: ELF file SHA256:  49efe98e3...[0m
[0;32mI (277) cpu_start: ESP-IDF:          v5.3-dev-1288-g5524b692ee-dirty[0m
[0;32mI (284) cpu_start: Min chip rev:     v0.0[0m
[0;32mI (289) cpu_start: Max chip rev:     v3.99 [0m
[0;32mI (293) cpu_start: Chip rev:         v3.0[0m
D (298) cpu_start: calling init function: 0x400d17dc on core: 0[0m
D (304) memory_layout: Checking 9 reserved memory ranges:[0m
D (310) memory_layout: Reserved memory range 0x3ff82000 - 0x3ff82000[0m
D (316) memory_layout: Reserved memory range 0x3ffae000 - 0x3ffae6e0[0m
D (322) memory_layout: Reserved memory range 0x3ffb0000 - 0x3ffb3e68[0m
D (329) memory_layout: Reserved memory range 0x3ffe0000 - 0x3ffe0440[0m
D (335) memory_layout: Reserved memory range 0x3ffe3f20 - 0x3ffe4350[0m
D (342) memory_layout: Reserved memory range 0x40070000 - 0x40078000[0m
D (348) memory_layout: Reserved memory range 0x40078000 - 0x40080000[0m
D (354) memory_layout: Reserved memory range 0x40080000 - 0x4008ecd8[0m
D (361) memory_layout: Reserved memory range 0x50001fe8 - 0x50002000[0m
D (367) memory_layout: Building list of available memory regions:[0m
D (374) memory_layout: Available memory region 0x3ffae6e0 - 0x3ffb0000[0m
D (380) memory_layout: Available memory region 0x3ffb3e68 - 0x3ffb8000[0m
D (387) memory_layout: Available memory region 0x3ffb8000 - 0x3ffc0000[0m
D (393) memory_layout: Available memory region 0x3ffc0000 - 0x3ffc2000[0m
D (400) memory_layout: Available memory region 0x3ffc2000 - 0x3ffc4000[0m
D (406) memory_layout: Available memory region 0x3ffc4000 - 0x3ffc6000[0m
D (413) memory_layout: Available memory region 0x3ffc6000 - 0x3ffc8000[0m
D (420) memory_layout: Available memory region 0x3ffc8000 - 0x3ffca000[0m
D (426) memory_layout: Available memory region 0x3ffca000 - 0x3ffcc000[0m
D (433) memory_layout: Available memory region 0x3ffcc000 - 0x3ffce000[0m
D (439) memory_layout: Available memory region 0x3ffce000 - 0x3ffd0000[0m
D (446) memory_layout: Available memory region 0x3ffd0000 - 0x3ffd2000[0m
D (453) memory_layout: Available memory region 0x3ffd2000 - 0x3ffd4000[0m
D (459) memory_layout: Available memory region 0x3ffd4000 - 0x3ffd6000[0m
D (466) memory_layout: Available memory region 0x3ffd6000 - 0x3ffd8000[0m
D (472) memory_layout: Available memory region 0x3ffd8000 - 0x3ffda000[0m
D (479) memory_layout: Available memory region 0x3ffda000 - 0x3ffdc000[0m
D (486) memory_layout: Available memory region 0x3ffdc000 - 0x3ffde000[0m
D (492) memory_layout: Available memory region 0x3ffde000 - 0x3ffe0000[0m
D (499) memory_layout: Available memory region 0x3ffe0440 - 0x3ffe3f20[0m
D (505) memory_layout: Available memory region 0x3ffe4350 - 0x3ffe8000[0m
D (512) memory_layout: Available memory region 0x3ffe8000 - 0x3fff0000[0m
D (519) memory_layout: Available memory region 0x3fff0000 - 0x3fff8000[0m
D (525) memory_layout: Available memory region 0x3fff8000 - 0x3fffc000[0m
D (532) memory_layout: Available memory region 0x3fffc000 - 0x40000000[0m
D (538) memory_layout: Available memory region 0x4008ecd8 - 0x40090000[0m
D (545) memory_layout: Available memory region 0x40090000 - 0x40092000[0m
D (552) memory_layout: Available memory region 0x40092000 - 0x40094000[0m
D (558) memory_layout: Available memory region 0x40094000 - 0x40096000[0m
D (565) memory_layout: Available memory region 0x40096000 - 0x40098000[0m
D (571) memory_layout: Available memory region 0x40098000 - 0x4009a000[0m
D (578) memory_layout: Available memory region 0x4009a000 - 0x4009c000[0m
D (585) memory_layout: Available memory region 0x4009c000 - 0x4009e000[0m
D (591) memory_layout: Available memory region 0x4009e000 - 0x400a0000[0m
[0;32mI (598) heap_init: Initializing. RAM available for dynamic allocation:[0m
D (605) heap_init: New heap initialised at 0x3ffae6e0[0m
[0;32mI (610) heap_init: At 3FFAE6E0 len 00001920 (6 KiB): DRAM[0m
D (616) heap_init: New heap initialised at 0x3ffb3e68[0m
[0;32mI (621) heap_init: At 3FFB3E68 len 0002C198 (176 KiB): DRAM[0m
[0;32mI (628) heap_init: At 3FFE0440 len 00003AE0 (14 KiB): D/IRAM[0m
[0;32mI (634) heap_init: At 3FFE4350 len 0001BCB0 (111 KiB): D/IRAM[0m
D (640) heap_init: New heap initialised at 0x4008ecd8[0m
[0;32mI (645) heap_init: At 4008ECD8 len 00011328 (68 KiB): IRAM[0m
D (652) cpu_start: calling init function: 0x400d17e8 on core: 0[0m
D (658) cpu_start: calling init function: 0x400d3e6c on core: 0[0m
D (664) cpu_start: calling init function: 0x400ea568 on core: 0[0m
D (670) cpu_start: calling init function: 0x400d17f4 on core: 0[0m
D (676) intr_alloc: Connected src 46 to int 2 (cpu 0)[0m
D (681) cpu_start: calling init function: 0x400d1800 on core: 0[0m
D (687) cpu_start: calling init function: 0x400d559c on core: 0[0m
D (693) cpu_start: calling init function: 0x400d6788 on core: 0[0m
D (699) cpu_start: calling init function: 0x400d3ed8 on core: 0[0m
D (705) cpu_start: calling init function: 0x400d180c on core: 0[0m
D (711) cpu_start: calling init function: 0x400d1818 on core: 0[0m
D (717) spi_flash: trying chip: issi[0m
D (720) spi_flash: trying chip: gd[0m
D (724) spi_flash: trying chip: mxic[0m
D (727) spi_flash: trying chip: winbond[0m
D (731) spi_flash: trying chip: generic[0m
[0;32mI (735) spi_flash: detected chip: generic[0m
[0;32mI (740) spi_flash: flash io: dio[0m
[0;33mW (744) spi_flash: Detected size(4096k) larger than the size in the binary image header(2048k). Using the size in the binary image header.[0m
D (757) cpu_start: calling init function: 0x400ea570 on core: 0[0m
D (763) cpu_start: calling init function: 0x400df104[0m
[0;33mW (768) i2c: This driver is an old driver, please migrate your application code to adapt `driver/i2c_master.h`[0m
D (779) cpu_start: calling init function: 0x400d83a4[0m
D (784) cpu_start: calling init function: 0x400d77a4[0m
D (789) cpu_start: calling init function: 0x4008613c[0m
D (794) cpu_start: calling init function: 0x400d28ac[0m
D (799) cpu_start: calling init function: 0x400d1db0[0m
D (804) cpu_start: calling init function: 0x400d14b8[0m
D (809) cpu_start: calling init function: 0x400d43cc on core: 0[0m
D (815) intr_alloc: Connected src 17 to int 3 (cpu 0)[0m
D (820) cpu_start: calling init function: 0x400d1840 on core: 0[0m
D (826) intr_alloc: Connected src 24 to int 9 (cpu 0)[0m
D (831) app_start: Starting scheduler on CPU0[0m
[0;32D (836) intr_alloc: Connected src 25 to int 2 (cpu 1)[0m
D (836) app_start: Starting scheduler on CPU1[0m
mI (836) main_task: Started on CPU0[0m
D (856) heap_init: New heap initialised at 0x3ffe0440[0m
D (856) heap_init: New heap initialised at 0x3ffe4350[0m
D (856) intr_alloc: Connected src 16 to int 12 (cpu 0)[0m
[0;32mI (856) main_task: Calling app_main()[0m
D (866) intr_alloc: Connected src 49 to int 13 (cpu 0)[0m
[0;32mI (876) IMU: devid=0x34[0m
[0;32mI (876) IMU: getRate()=0[0m
[0;32mI (876) IMU: getExternalFrameSync()=0[0m
[0;32mI (886) ESC_controller: Create RMT TX channel[0m
Created RMT TX ChannelsD (886) rmt: new group(0) at 0x3ffbd990, occupy=ffffff00[0m
[0D (896) intr_alloc: Connected src 47 to int 3 (cpu 1)[0m
;32mI (876) IMU: getDLPFMode()=6[0m
D (896) rmt: group clock resolution:80000000[0m
[0;32mI (906) IMU: getFullScaleAccelRange()=0[0m
[0;32mI (906) gpio: GPIO[32]| InputEn: 0| OutputEn: 1| OpenDrain: 0| Pullup: 1| Pulldown: 0| Intr:0 [0m
[0;32mI (906) IMU: getFullScaleGyroRange()=0[0m
D (916) rmt: new tx channel(0,0) at 0x3ffbd610, gpio=32, res=40000000Hz, hw_mem_base=0x3ff56800, dma_mem_base=0x0, dma_nodes_nc=0x0,ping_pong_size=32, queue_depth=10[0m
D (936) intr_alloc: Connected src 47 to int 3 (cpu 1)[0m
[0;32mI (926) IMU: roll=0.036723 pitch=-0.015832 yaw=0.000137[0m
[0;32mI (926) PWM: ouput_roll:-0.394844 _outputpitch=0.162121 output_yaw=-0.001655[0m
D (946) rmt: group clock resolution:80000000[0m
[0;32mI (896) main_task: Returned from app_main()[0m
[0;32mI (966) gpio: GPIO[26]| InputEn: 0| OutputEn: 1| OpenDrain: 0| Pullup: 1| Pulldown: 0| Intr:0 [0m
D (976) rmt: new tx channel(0,1) at 0x3ffbd9f8, gpio=26, res=40000000Hz, hw_mem_base=0x3ff56900, dma_mem_base=0x0, dma_nodes_nc=0x0,ping_pong_size=32, queue_depth=10[0m
D (996) intr_alloc: Connected src 47 to int 17 (cpu 0)[0m
D (996) rmt: group clock resolution:80000000[0m
[0;32mI (996) gpio: GPIO[33]| InputEn: 0| OutputEn: 1| OpenDrain: 0| Pullup: 1| Pulldown: 0| Intr:0 [0m
D (1006) rmt: new tx channel(0,2) at 0x3ffbdeac, gpio=33, res=40000000Hz, hw_mem_base=0x3ff56a00, dma_mem_base=0x0, dma_nodes_nc=0x0,ping_pong_size=32, queue_depth=10[0m
D (1026) intr_alloc: Connected src 47 to int 17 (cpu 0)[0m
D (1026) rmt: group clock resolution:80000000[0m
[0;32mI (1036) gpio: GPIO[25]| InputEn: 0| OutputEn: 1| OpenDrain: 0| Pullup: 1| Pulldown: 0| Intr:0 [0m
D (1046) rmt: new tx channel(0,3) at 0x3ffbe210, gpio=25, res=40000000Hz, hw_mem_base=0x3ff56b00, dma_mem_base=0x0, dma_nodes_nc=0x0,ping_pong_size=32, queue_depth=10[0m
[0;32mI (1056) ESC_controller: Install Dshot ESC encoder[0m
D (1066) rmt: new bytes encoder @0x3ffbe614[0m
D (1066) rmt: new copy encoder @0x3ffbe638[0m
D (1076) rmt: new bytes encoder @0x3ffbe66c[0m
D (1076) rmt: new copy encoder @0x3ffbe690[0m
D (1086) rmt: new bytes encoder @0x3ffbe584[0m
D (1086) rmt: new copy encoder @0x3ffbe5a8[0m
D (1086) rmt: new bytes encoder @0x3ffbe6a4[0m
D (1096) rmt: new copy encoder @0x3ffbe5dc[0m
[0;32mI (1096) ESC_controller: Enable RMT TX channel[0m
[0;32mI (1106) ESC_controller: Start ESCs by sending zero throttle for a while...[0m
[0;32mI (1096) PWM: ouput_roll:-17.274273 _outputpitch=7.086102 output_yaw=-0.204655[0m
[0;32mI (1086) IMU: roll=1.620778 pitch=-0.698434 yaw=0.017029[0m
[0;32mI (1226) IMU: roll=3.071930 pitch=-1.328441 yaw=0.051849[0m
[0;32mI (1226) PWM: ouput_roll:-26.308319 _outputpitch=10.698383 output_yaw=-0.557528[0m
[0;32mI (1326) IMU: roll=4.100416 pitch=-1.777205 yaw=0.085800[0m
[0;32mI (1326) PWM: ouput_roll:-31.431492 _outputpitch=12.700830 output_yaw=-0.829945[0m
[0;32mI (1426) IMU: roll=5.129179 pitch=-2.226923 yaw=0.128082[0m
[0;32mI (1426) PWM: ouput_roll:-38.386345 _outputpitch=15.492229 output_yaw=-1.207932[0m
[0;32mI (1526) IMU: roll=6.153838 pitch=-2.678712 yaw=0.177139[0m
[0;32mI (1526) PWM: ouput_roll:-45.349380 _outputpitch=18.318810 output_yaw=-1.636344[0m
[0;32mI (1626) IMU: roll=7.175705 pitch=-3.132215 yaw=0.235992[0m
[0;32mI (1726) IMU: roll=8.193514 pitch=-3.591343 yaw=0.305344[0m
[0;32mI (1826) IMU: roll=9.204121 pitch=-4.053939 yaw=0.379684[0m
[0;32mI (1926) IMU: roll=10.206964 pitch=-4.524474 yaw=0.467163[0m
[0;32mI (2026) IMU: roll=11.214294 pitch=-4.980840 yaw=0.560486[0m
[0;32mI (11106) PWM: ouput_roll:-52.352936 _outputpitch=21.172308 output_yaw=-2.158154[0m
[0;32mI (11106) PWM: ouput_roll:-59.377705 _outputpitch=24.094366 output_yaw=-2.770222[0m
[0;32mI (11106) IMU: roll=12.206468 pitch=-5.455610 yaw=0.664200[0m
[0;32mI (11116) PWM: ouput_roll:-66.395012 _outputpitch=27.046656 output_yaw=-3.403892[0m
[0;32mI (11126) PWM: ouput_roll:-73.411659 _outputpitch=30.084190 output_yaw=-4.179630[0m
[0;32mI (11126) PWM: ouput_roll:-80.561295 _outputpitch=32.962112 output_yaw=-4.977613[0m
[0;32mI (11136) PWM: ouput_roll:-87.581497 _outputpitch=36.106251 output_yaw=-5.882100[0m
[0;32mI (11216) IMU: roll=65.434906 pitch=-77.645241 yaw=55.462196[0m
[0;32mI (11216) PWM: ouput_roll:-400.000000 _outputpitch=400.000000 output_yaw=-400.000000[0m
[0;32mI (11316) IMU: roll=65.298882 pitch=-76.163383 yaw=54.125549[0m
[0;32mI (11316) PWM: ouput_roll:-400.000000 _outputpitch=400.000000 output_yaw=-400.000000[0m
[0;32mI (11416) IMU: roll=65.146553 pitch=-74.682236 yaw=52.790955[0m
[0;32mI (11416) PWM: ouput_roll:-400.000000 _outputpitch=400.000000 output_yaw=-400.000000[0m
[0;32mI (11516) IMU: roll=64.985207 pitch=-73.214439 yaw=51.470581[0m
[0;32mI (11516) PWM: ouput_roll:-400.000000 _outputpitch=400.000000 output_yaw=-400.000000[0m
[0;32mI (11616) IMU: roll=64.806488 pitch=-71.753899 yaw=50.159210[0m
[0;32mI (11616) PWM: ouput_roll:-400.000000 _outputpitch=400.000000 output_yaw=-400.000000[0m
[0;32mI (11716) IMU: roll=64.611267 pitch=-70.311043 yaw=48.865723[0m
[0;32mI (11716) PWM: ouput_roll:-400.000000 _outputpitch=400.000000 output_yaw=-400.000000[0m
[0;32mI (11816) IMU: roll=64.400864 pitch=-68.869141 yaw=47.573257[0m
[0;32mI (11816) PWM: ouput_roll:-400.000000 _outputpitch=400.000000 output_yaw=-393.592224[0m
[0;32mI (11916) IMU: roll=64.171364 pitch=-67.438652 yaw=46.293610[0m
[0;32mI (11916) PWM: ouput_roll:-400.000000 _outputpitch=400.000000 output_yaw=-385.720978[0m
[0;32mI (12016) IMU: roll=63.928967 pitch=-66.031677 yaw=45.037537[0m
[0;32mI (12016) PWM: ouput_roll:-400.000000 _outputpitch=400.000000 output_yaw=-378.018585[0m
[0;32mI (12116) IMU: roll=63.673450 pitch=-64.636383 yaw=43.796204[0m
[0;32mI (12116) PWM: ouput_roll:-400.000000 _outputpitch=400.000000 output_yaw=-370.336670[0m
[0;32mI (12216) IMU: roll=63.400112 pitch=-63.252335 yaw=42.567032[0m
[0;32mI (12216) PWM: ouput_roll:-400.000000 _outputpitch=400.000000 output_yaw=-362.680298[0m
[0;32mI (12316) IMU: roll=63.112015 pitch=-61.889641 yaw=41.359940[0m
[0;32mI (12316) PWM: ouput_roll:-400.000000 _outputpitch=400.000000 output_yaw=-355.179871[0m
[0;32mI (12416) IMU: roll=62.810951 pitch=-60.544155 yaw=40.172211[0m
[0;32mI (12416) PWM: ouput_roll:-400.000000 _outputpitch=394.849731 output_yaw=-347.764130[0m
[0;32mI (12516) IMU: roll=62.495598 pitch=-59.216759 yaw=39.002045[0m
[0;32mI (12516) PWM: ouput_roll:-400.000000 _outputpitch=389.329987 output_yaw=-340.423157[0m
[0;32mI (12616) IMU: roll=62.163418 pitch=-57.906418 yaw=37.852417[0m
[0;32mI (12616) PWM: ouput_roll:-400.000000 _outputpitch=383.855865 output_yaw=-333.200897[0m
[0;32mI (12716) IMU: roll=61.820290 pitch=-56.622169 yaw=36.729614[0m
[0;32mI (12716) PWM: ouput_roll:-400.000000 _outputpitch=378.524872 output_yaw=-326.162262[0m
[0;32mI (12816) IMU: roll=61.461212 pitch=-55.357037 yaw=35.627762[0m
[0;32mI (12816) PWM: ouput_roll:-400.000000 _outputpitch=373.228577 output_yaw=-319.212616[0m
[0;32mI (12916) IMU: roll=61.084949 pitch=-54.111641 yaw=34.543533[0m
[0;32mI (12916) PWM: ouput_roll:-400.000000 _outputpitch=368.003601 output_yaw=-312.336456[0m
[0;32mI (13016) IMU: roll=60.697624 pitch=-52.882465 yaw=33.482529[0m
[0;32mI (13016) PWM: ouput_roll:-400.000000 _outputpitch=362.811981 output_yaw=-305.615448[0m
[0;32mI (13116) IMU: roll=60.293175 pitch=-51.678360 yaw=32.440201[0m
[0;32mI (13116) PWM: ouput_roll:-400.000000 _outputpitch=357.759766 output_yaw=-298.973541[0m
