v-1288-g5524b692ee-dirty[0m
[0;32mI (253) cpu_start: Min chip rev:     v0.0[0m
[0;32mI (258) cpu_start: Max chip rev:     v3.ï¿½ets Jun  8 2016 00:22:57

rst:0x1 (POWERON_RESET),boot:0x13 (SPI_FAST_FLASH_BOOT)
configsip: 0, SPIWP:0xee
clk_drv:0x00,q_drv:0x00,d_drv:0x00,cs0_drv:0x00,hd_drv:0x00,wp_drv:0x00
mode:DIO, clock div:2
load:0x3fff0030,len:7172
load:0x40078000,len:15532
load:0x40080400,len:4
load:0x40080404,len:3904
entry 0x40080640
[0;32mI (29) boot: ESP-IDF v5.3-dev-1288-g5524b692ee-dirty 2nd stage bootloader[0m
[0;32mI (29) boot: compile time Jan 25 2024 13:26:40[0m
[0;32mI (31) boot: Multicore bootloader[0m
[0;32mI (35) boot: chip revision: v1.0[0m
[0;32mI (39) boot.esp32: SPI Speed      : 40MHz[0m
[0;32mI (44) boot.esp32: SPI Mode       : DIO[0m
[0;32mI (48) boot.esp32: SPI Flash Size : 2MB[0m
[0;32mI (53) boot: Enabling RNG early entropy source...[0m
[0;32mI (58) boot: Partition Table:[0m
[0;32mI (62) boot: ## Label            Usage          Type ST Offset   Length[0m
[0;32mI (69) boot:  0 nvs              WiFi data        01 02 00009000 00006000[0m
[0;32mI (77) boot:  1 phy_init         RF data          01 01 0000f000 00001000[0m
[0;32mI (84) boot:  2 factory          factory app      00 00 00010000 00100000[0m
[0;32mI (92) boot: End of partition table[0m
[0;32mI (96) esp_image: segment 0: paddr=00010020 vaddr=3f400020 size=0c508h ( 50440) map[0m
[0;32mI (121) esp_image: segment 1: paddr=0001c530 vaddr=3ffb0000 size=022f8h (  8952) load[0m
[0;32mI (125) esp_image: segment 2: paddr=0001e830 vaddr=40080000 size=017e8h (  6120) load[0m
[0;32mI (130) esp_image: segment 3: paddr=00020020 vaddr=400d0020 size=19acch (105164) map[0m
[0;32mI (172) esp_image: segment 4: paddr=00039af4 vaddr=400817e8 size=0d440h ( 54336) load[0m
[0;32mI (201) boot: Loaded app from partition at offset 0x10000[0m
[0;32mI (201) boot: Disabling RNG early entropy source...[0m
[0;32mI (212) cpu_start: Multicore app[0m
[0;32mI (221) cpu_start: Pro cpu start user code[0m
[0;32mI (221) cpu_start: cpu freq: 160000000 Hz[0m
[0;32mI (221) cpu_start: Application information:[0m
[0;32mI (224) cpu_start: Project name:     drone_flight_control[0m
[0;32mI (230) cpu_start: App version:      1[0m
[0;32mI (235) cpu_start: Compile time:     Jan 25 2024 13:26:36[0m
[0;32mI (241) cpu_start: ELF file SHA256:  4006a24e6...[0m
[0;32mI (246) cpu_start: ESP-IDF:          v5.3-dev-1288-g5524b692ee-dirty[0m
[0;32mI (253) cpu_start: Min chip rev:     v0.0[0m
[0;32mI (258) cpu_start: Max chip rev:     v3.99 [0m
[0;32mI (263) cpu_start: Chip rev:         v1.0[0m
[0;32mI (268) heap_init: Initializing. RAM available for dynamic allocation:[0m
[0;32mI (275) heap_init: At 3FFAE6E0 len 00001920 (6 KiB): DRAM[0m
[0;32mI (281) heap_init: At 3FFB2C80 len 0002D380 (180 KiB): DRAM[0m
[0;32mI (287) heap_init: At 3FFE0440 len 00003AE0 (14 KiB): D/IRAM[0m
[0;32mI (293) heap_init: At 3FFE4350 len 0001BCB0 (111 KiB): D/IRAM[0m
[0;32mI (300) heap_init: At 4008EC28 len 000113D8 (68 KiB): IRAM[0m
[0;32mI (307) spi_flash: detected chip: generic[0m
[0;32mI (310) spi_flash: flash io: dio[0m
[0;33mW (314) spi_flash: Detected size(4096k) larger than the size in the binary image header(2048k). Using the size in the binary image header.[0m
[0;33mW (327) i2c: This driver is an old driver, please migrate your application code to adapt `driver/i2c_master.h`[0m
[0;32mI (339) main_task: Started on CPU0[0m
[0;32mI (349) main_task: Calling app_main()[0m
Done with i2c[0;32mI (349) PWM: Hi we are finally in the LOOP[0m
[0;32mI (349) IMU: I have entered MPU CODE[0m
[0;32mI (349) IMU: I have entered MPU CODE[0m
[0;32mI (349) IMU: devid=0x34[0m
[0;32mI (349) ESC_controller: Create RMT TX channel[0m
[0;32mI (359) IMU: devid=0x34[0m
[0;32mI (359) IMU: getRate()=0[0m
Created RMT TX Channels[0;32mI (369) IMU: getRate()=0[0m
[0;32mI (369) gpio: GPIO[33]| InputEn: 0| OutputEn: 1| OpenDrain: 0| Pullup: 1| Pulldown: 0| Intr:0 [0m
[0;32mI (369) IMU: getExternalFrameSync()=0[0m
[0;32mI (379) IMU: getExternalFrameSync()=0[0m
[0;32mI (389) gpio: GPIO[25]| InputEn: 0| OutputEn: 1| OpenDrain: 0| Pullup: 1| Pulldown: 0| Intr:0 [0m
[0;32mI (389) IMU: getDLPFMode()=6[0m
[0;32mI (399) IMU: getDLPFMode()=6[0m
[0;32mI (409) gpio: GPIO[32]| InputEn: 0| OutputEn: 1| OpenDrain: 0| Pullup: 1| Pulldown: 0| Intr:0 [0m
[0;32mI (409) IMU: getFullScaleAccelRange()=0[0m
[0;32mI (409) IMU: getFullScaleAccelRange()=0[0m
[0;32mI (419) gpio: GPIO[26]| InputEn: 0| OutputEn: 1| OpenDrain: 0| Pullup: 1| Pulldown: 0| Intr:0 [0m
[0;32mI (429) IMU: getFullScaleGyroRange()=0[0m
[0;32mI (429) IMU: getFullScaleGyroRange()=0[0m
[0;32mI (439) ESC_controller: Install Dshot ESC encoder[0m
[0;32mI (449) ESC_controller: Enable RMT TX channel[0m
[0;32mI (459) ESC_controller: Start ESCs by sending zero throttle for a while...[0m
[0;32mI (349) main_task: Returned from app_main()[0m
[0;32mI (4469) IMU: roll:0.000000 pitch=0.000000 yaw=0.000000[0m
[0;32mI (4469) IMU: roll:0.000000 pitch=0.000000 yaw=0.000000[0m
[0;32mI (4589) IMU: roll:-0.025140 pitch=0.087090 yaw=0.013687[0m
[0;32mI (4589) IMU: roll:-0.021844 pitch=0.055054 yaw=0.013718[0m
[0;32mI (4709) IMU: roll:-0.035433 pitch=0.075717 yaw=0.027023[0m
[0;32mI (4709) IMU: roll:0.186115 pitch=0.111129 yaw=0.028488[0m
[0;32mI (4829) IMU: roll:-0.033126 pitch=0.043050 yaw=0.041611[0m
[0;32mI (4829) IMU: roll:0.195594 pitch=0.030799 yaw=0.042938[0m
[0;32mI (4949) IMU: roll:-0.008259 pitch=0.001119 yaw=0.056198[0m
[0;32mI (4949) IMU: roll:0.146867 pitch=0.103540 yaw=0.057205[0m
[0;32mI (5069) IMU: roll:-0.011825 pitch=0.029452 yaw=0.071564[0m
[0;32mI (5069) IMU: roll:0.199103 pitch=0.086868 yaw=0.072830[0m
[0;32mI (5189) IMU: roll:-0.036983 pitch=0.016265 yaw=0.088638[0m
[0;32mI (5189) IMU: roll:0.042442 pitch=0.120501 yaw=0.089279[0m
[0;32mI (5309) IMU: roll:0.053967 pitch=0.110671 yaw=0.104904[0m
[0;32mI (5309) IMU: roll:0.221431 pitch=0.207507 yaw=0.105789[0m
[0;32mI (5429) IMU: roll:0.044283 pitch=0.071486 yaw=0.119186[0m
[0;32mI (5429) IMU: roll:0.204508 pitch=-0.038367 yaw=0.120117[0m
[0;32mI (5469) ESC_controller: Increase throttle, no telemetry[0m
[0;32mI (5869) IMU: roll:0.010111 pitch=0.053452 yaw=0.146927[0m
[0;32mI (5919) IMU: roll:0.461723 pitch=0.141240 yaw=0.153183[0m
[0;32mI (6379) IMU: roll:-0.172259 pitch=-0.146264 yaw=0.172531[0m
[0;32mI (6479) IMU: roll:-0.255159 pitch=-0.187303 yaw=0.179657[0m
[0;32mI (6889) IMU: roll:0.098170 pitch=-0.032160 yaw=0.204926[0m
[0;32mI (7039) IMU: roll:-0.013548 pitch=0.547820 yaw=0.212524[0m
[0;32mI (7399) IMU: roll:-0.067057 pitch=-0.180459 yaw=0.232285[0m
[0;32mI (7599) IMU: roll:0.034968 pitch=-0.240175 yaw=0.245041[0m
[0;32mI (7909) IMU: roll:0.096863 pitch=0.019758 yaw=0.262726[0m
[0;32mI (8159) IMU: roll:-0.242963 pitch=-0.449473 yaw=0.277191[0m
[0;32mI (8419) IMU: roll:0.249204 pitch=0.272392 yaw=0.292587[0m
[0;32mI (8719) IMU: roll:0.161548 pitch=0.239275 yaw=0.306320[0m
[0;32mI (8929) IMU: roll:0.098465 pitch=0.052047 yaw=0.318161[0m
[0;32mI (9279) IMU: roll:-0.339978 pitch=0.572983 yaw=0.334442[0m
[0;32mI (9439) IMU: roll:0.292461 pitch=-0.066136 yaw=0.346725[0m
[0;32mI (9839) IMU: roll:0.149911 pitch=-0.063043 yaw=0.368607[0m
[0;32mI (9949) IMU: roll:0.163363 pitch=0.110493 yaw=0.374222[0m
[0;32mI (10399) IMU: roll:0.450417 pitch=-0.315870 yaw=0.399445[0m
[0;32mI (10459) IMU: roll:-0.030838 pitch=0.241708 yaw=0.401978[0m
[0;31mE (10459) task_wdt: Task watchdog got triggered. The following tasks/users did not reset the watchdog in time:[0m
[0;31mE (10459) task_wdt:  - IDLE0 (CPU 0)[0m
[0;31mE (10459) task_wdt: Tasks currently running:[0m
[0;31mE (10459) task_wdt: CPU 0: DShotController[0m
[0;31mE (10459) task_wdt: CPU 1: IDLE1[0m
[0;31mE (10459) task_wdt: Print CPU 0 (current core) backtrace[0m


Backtrace: 0x400D9E7F:0x3FFB0FC0 0x400DA244:0x3FFB0FE0 0x40083235:0x3FFB1010 0x4000BFED:0x3FFBBFE0 0x4008804B:0x3FFBBFF0 0x400DAF99:0x3FFBC010 0x400DABF7:0x3FFBC040 0x400D687C:0x3FFBC070 0x400D64DB:0x3FFBC0E0 0x40087CA9:0x3FFBC100

[0;32mI (10999) IMU: roll:0.226230 pitch=-0.136102 yaw=0.440384[0m
[0;32mI (11009) IMU: roll:0.222068 pitch=-0.056166 yaw=0.440689[0m
[0;32mI (11559) IMU: roll:-0.279593 pitch=0.550692 yaw=0.470398[0m
[0;32mI (11559) IMU: roll:-0.165009 pitch=0.545856 yaw=0.470490[0m
[0;32mI (12119) IMU: roll:-0.020844 pitch=-0.014674 yaw=0.502197[0m
[0;32mI (12119) IMU: roll:0.093740 pitch=-0.019510 yaw=0.502289[0m
[0;32mI (12679) IMU: roll:-0.034179 pitch=-0.451924 yaw=0.532684[0m
[0;32mI (12679) IMU: roll:0.080405 pitch=-0.456761 yaw=0.532776[0m
[0;32mI (13239) IMU: roll:-0.063513 pitch=0.205965 yaw=0.556946[0m
[0;32mI (13239) IMU: roll:0.051071 pitch=0.201129 yaw=0.557037[0m
[0;32mI (13799) IMU: roll:0.475263 pitch=0.274766 yaw=0.592651[0m
[0;32mI (13799) IMU: roll:0.589847 pitch=0.269930 yaw=0.592743[0m
[0;32mI (14359) IMU: roll:-0.153554 pitch=-0.046195 yaw=0.619125[0m
[0;32mI (14359) IMU: roll:-0.038970 pitch=-0.051031 yaw=0.619217[0m
[0;32mI (14919) IMU: roll:0.248437 pitch=0.459905 yaw=0.652649[0m
[0;32mI (14919) IMU: roll:0.363021 pitch=0.455069 yaw=0.652740[0m
[0;31mE (15459) task_wdt: Task watchdog got triggered. The following tasks/users did not reset the watchdog in time:[0m
[0;31mE (15459) task_wdt:  - IDLE0 (CPU 0)[0m
[0;31mE (15459) task_wdt: Tasks currently running:[0m
[0;31mE (15459) task_wdt: CPU 0: DShotController[0m
[0;31mE (15459) task_wdt: CPU 1: IDLE1[0m
[0;31mE (15459) task_wdt: Print CPU 0 (current core) backtrace[0m


Backtrace: 0x400D9E7F:0x3FFB0FC0 0x400DA244:0x3FFB0FE0 0x40083235:0x3FFB1010 0x4000BFF0:0x3FFBBFC0 0x4008804B:0x3FFBBFD0 0x40087A42:0x3FFBBFF0 0x400DBA12:0x3FFBC030 0x400D6826:0x3FFBC070 0x400D64DB:0x3FFBC0E0 0x40087CA9:0x3FFBC100

[0;32mI (15509) IMU: roll:-0.342815 pitch=-0.379997 yaw=0.680740[0m
[0;32mI (15509) IMU: roll:-0.228231 pitch=-0.384834 yaw=0.680832[0m
[0;32mI (16069) IMU: roll:0.082470 pitch=0.186472 yaw=0.712845[0m
[0;32mI (16069) IMU: roll:0.197054 pitch=0.181636 yaw=0.712936[0m
[0;32mI (16629) IMU: roll:-0.321780 pitch=-0.353379 yaw=0.743195[0m
[0;32mI (16629) IMU: roll:-0.207195 pitch=-0.358216 yaw=0.743286[0m
[0;32mI (17189) IMU: roll:-0.014907 pitch=0.252862 yaw=0.775436[0m
[0;32mI (17189) IMU: roll:0.099677 pitch=0.248026 yaw=0.775528[0m
[0;32mI (17749) IMU: roll:0.210627 pitch=-0.373506 yaw=0.812134[0m
[0;32mI (17749) IMU: roll:0.325211 pitch=-0.378342 yaw=0.812225[0m
[0;32mI (18309) IMU: roll:-0.164675 pitch=0.185806 yaw=0.843246[0m
[0;32mI (18309) IMU: roll:-0.050090 pitch=0.180970 yaw=0.843338[0m
[0;32mI (18869) IMU: roll:0.420349 pitch=-0.167460 yaw=0.873642[0m
[0;32mI (18869) IMU: roll:0.534933 pitch=-0.172296 yaw=0.873734[0m
