 up[0m
D (217) cpu_start: Starting app cpu, entry point is 0x40081178[0m
D (0) cpu_start: App cpu up[0m
D (226) clk: RTC_SLOW_CLK calibraï¿½ets Jul 29 2019 12:21:46

rst:0x1 (POWERON_RESET),boot:0x13 (SPI_FAST_FLASH_BOOT)
configsip: 0, SPIWP:0xee
clk_drv:0x00,q_drv:0x00,d_drv:0x00,cs0_drv:0x00,hd_drv:0x00,wp_drv:0x00
mode:DIO, clock div:2
load:0x3fff0030,len:7172
load:0x40078000,len:15532
load:0x40080400,len:4
load:0x40080404,len:3904
entry 0x40080640
[0;32mI (29) boot: ESP-IDF v5.3-dev-1288-g5524b692ee-dirty 2nd stage bootloader[0m
[0;32mI (29) boot: compile time Jan 27 2024 11:38:47[0m
[0;32mI (32) boot: Multicore bootloader[0m
[0;32mI (36) boot: chip revision: v3.0[0m
[0;32mI (40) boot.esp32: SPI Speed      : 40MHz[0m
[0;32mI (44) boot.esp32: SPI Mode       : DIO[0m
[0;32mI (49) boot.esp32: SPI Flash Size : 2MB[0m
[0;32mI (53) boot: Enabling RNG early entropy source...[0m
[0;32mI (59) boot: Partition Table:[0m
[0;32mI (62) boot: ## Label            Usage          Type ST Offset   Length[0m
[0;32mI (70) boot:  0 nvs              WiFi data        01 02 00009000 00006000[0m
[0;32mI (77) boot:  1 phy_init         RF data          01 01 0000f000 00001000[0m
[0;32mI (84) boot:  2 factory          factory app      00 00 00010000 00100000[0m
[0;32mI (92) boot: End of partition table[0m
[0;32mI (96) esp_image: segment 0: paddr=00010020 vaddr=3f400020 size=0cf4ch ( 53068) map[0m
[0;32mI (123) esp_image: segment 1: paddr=0001cf74 vaddr=3ffb0000 size=030a4h ( 12452) load[0m
[0;32mI (128) esp_image: segment 2: paddr=00020020 vaddr=400d0020 size=1bed0h (114384) map[0m
[0;32mI (168) esp_image: segment 3: paddr=0003bef8 vaddr=3ffb30a4 size=002d8h (   728) load[0m
[0;32mI (168) esp_image: segment 4: paddr=0003c1d8 vaddr=40080000 size=0ecd8h ( 60632) load[0m
[0;32mI (205) boot: Loaded app from partition at offset 0x10000[0m
[0;32mI (205) boot: Disabling RNG early entropy source...[0m
[0;32mI (217) cpu_start: Multicore app[0m
D (217) cpu_start: Pro cpu up[0m
D (217) cpu_start: Starting app cpu, entry point is 0x40081178[0m
D (0) cpu_start: App cpu up[0m
D (226) clk: RTC_SLOW_CLK calibration value: 3077235[0m
D (238) cpu_start: calling init function: 0x400d1644 on core: 0[0m
[0;32mI (238) cpu_start: Pro cpu start user code[0m
[0;32mI (238) cpu_start: cpu freq: 160000000 Hz[0m
D (244) cpu_start: calling init function: 0x400d1688 on core: 0[0m
[0;32mI (250) cpu_start: Application information:[0m
[0;32mI (255) cpu_start: Project name:     drone_flight_control[0m
[0;32mI (261) cpu_start: App version:      1[0m
[0;32mI (265) cpu_start: Compile time:     Jan 31 2024 22:48:20[0m
[0;32mI (271) cpu_start: ELF file SHA256:  11832ef6e...[0m
[0;32mI (277) cpu_start: ESP-IDF:          v5.3-dev-1288-g5524b692ee-dirty[0m
[0;32mI (284) cpu_start: Min chip rev:     v0.0[0m
[0;32mI (288) cpu_start: Max chip rev:     v3.99 [0m
[0;32mI (293) cpu_start: Chip rev:         v3.0[0m
D (298) cpu_start: calling init function: 0x400d17d0 on core: 0[0m
D (304) memory_layout: Checking 9 reserved memory ranges:[0m
D (309) memory_layout: Reserved memory range 0x3ff82000 - 0x3ff82000[0m
D (316) memory_layout: Reserved memory range 0x3ffae000 - 0x3ffae6e0[0m
D (322) memory_layout: Reserved memory range 0x3ffb0000 - 0x3ffb3e68[0m
D (329) memory_layout: Reserved memory range 0x3ffe0000 - 0x3ffe0440[0m
D (335) memory_layout: Reserved memory range 0x3ffe3f20 - 0x3ffe4350[0m
D (341) memory_layout: Reserved memory range 0x40070000 - 0x40078000[0m
D (348) memory_layout: Reserved memory range 0x40078000 - 0x40080000[0m
D (354) memory_layout: Reserved memory range 0x40080000 - 0x4008ecd8[0m
D (361) memory_layout: Reserved memory range 0x50001fe8 - 0x50002000[0m
D (367) memory_layout: Building list of available memory regions:[0m
D (373) memory_layout: Available memory region 0x3ffae6e0 - 0x3ffb0000[0m
D (380) memory_layout: Available memory region 0x3ffb3e68 - 0x3ffb8000[0m
D (387) memory_layout: Available memory region 0x3ffb8000 - 0x3ffc0000[0m
D (393) memory_layout: Available memory region 0x3ffc0000 - 0x3ffc2000[0m
D (400) memory_layout: Available memory region 0x3ffc2000 - 0x3ffc4000[0m
D (406) memory_layout: Available memory region 0x3ffc4000 - 0x3ffc6000[0m
D (413) memory_layout: Available memory region 0x3ffc6000 - 0x3ffc8000[0m
D (420) memory_layout: Available memory region 0x3ffc8000 - 0x3ffca000[0m
D (426) memory_layout: Available memory region 0x3ffca000 - 0x3ffcc000[0m
D (433) memory_layout: Available memory region 0x3ffcc000 - 0x3ffce000[0m
D (439) memory_layout: Available memory region 0x3ffce000 - 0x3ffd0000[0m
D (446) memory_layout: Available memory region 0x3ffd0000 - 0x3ffd2000[0m
D (452) memory_layout: Available memory region 0x3ffd2000 - 0x3ffd4000[0m
D (459) memory_layout: Available memory region 0x3ffd4000 - 0x3ffd6000[0m
D (466) memory_layout: Available memory region 0x3ffd6000 - 0x3ffd8000[0m
D (472) memory_layout: Available memory region 0x3ffd8000 - 0x3ffda000[0m
D (479) memory_layout: Available memory region 0x3ffda000 - 0x3ffdc000[0m
D (485) memory_layout: Available memory region 0x3ffdc000 - 0x3ffde000[0m
D (492) memory_layout: Available memory region 0x3ffde000 - 0x3ffe0000[0m
D (499) memory_layout: Available memory region 0x3ffe0440 - 0x3ffe3f20[0m
D (505) memory_layout: Available memory region 0x3ffe4350 - 0x3ffe8000[0m
D (512) memory_layout: Available memory region 0x3ffe8000 - 0x3fff0000[0m
D (518) memory_layout: Available memory region 0x3fff0000 - 0x3fff8000[0m
D (525) memory_layout: Available memory region 0x3fff8000 - 0x3fffc000[0m
D (532) memory_layout: Available memory region 0x3fffc000 - 0x40000000[0m
D (538) memory_layout: Available memory region 0x4008ecd8 - 0x40090000[0m
D (545) memory_layout: Available memory region 0x40090000 - 0x40092000[0m
D (551) memory_layout: Available memory region 0x40092000 - 0x40094000[0m
D (558) memory_layout: Available memory region 0x40094000 - 0x40096000[0m
D (565) memory_layout: Available memory region 0x40096000 - 0x40098000[0m
D (571) memory_layout: Available memory region 0x40098000 - 0x4009a000[0m
D (578) memory_layout: Available memory region 0x4009a000 - 0x4009c000[0m
D (584) memory_layout: Available memory region 0x4009c000 - 0x4009e000[0m
D (591) memory_layout: Available memory region 0x4009e000 - 0x400a0000[0m
[0;32mI (598) heap_init: Initializing. RAM available for dynamic allocation:[0m
D (605) heap_init: New heap initialised at 0x3ffae6e0[0m
[0;32mI (610) heap_init: At 3FFAE6E0 len 00001920 (6 KiB): DRAM[0m
D (616) heap_init: New heap initialised at 0x3ffb3e68[0m
[0;32mI (621) heap_init: At 3FFB3E68 len 0002C198 (176 KiB): DRAM[0m
[0;32mI (627) heap_init: At 3FFE0440 len 00003AE0 (14 KiB): D/IRAM[0m
[0;32mI (634) heap_init: At 3FFE4350 len 0001BCB0 (111 KiB): D/IRAM[0m
D (640) heap_init: New heap initialised at 0x4008ecd8[0m
[0;32mI (645) heap_init: At 4008ECD8 len 00011328 (68 KiB): IRAM[0m
D (651) cpu_start: calling init function: 0x400d17dc on core: 0[0m
D (658) cpu_start: calling init function: 0x400d3e60 on core: 0[0m
D (663) cpu_start: calling init function: 0x400ea3c0 on core: 0[0m
D (669) cpu_start: calling init function: 0x400d17e8 on core: 0[0m
D (676) intr_alloc: Connected src 46 to int 2 (cpu 0)[0m
D (681) cpu_start: calling init function: 0x400d17f4 on core: 0[0m
D (687) cpu_start: calling init function: 0x400d5590 on core: 0[0m
D (693) cpu_start: calling init function: 0x400d677c on core: 0[0m
D (699) cpu_start: calling init function: 0x400d3ecc on core: 0[0m
D (705) cpu_start: calling init function: 0x400d1800 on core: 0[0m
D (711) cpu_start: calling init function: 0x400d180c on core: 0[0m
D (717) spi_flash: trying chip: issi[0m
D (720) spi_flash: trying chip: gd[0m
D (724) spi_flash: trying chip: mxic[0m
D (727) spi_flash: trying chip: winbond[0m
D (731) spi_flash: trying chip: generic[0m
[0;32mI (735) spi_flash: detected chip: generic[0m
[0;32mI (740) spi_flash: flash io: dio[0m
[0;33mW (744) spi_flash: Detected size(4096k) larger than the size in the binary image header(2048k). Using the size in the binary image header.[0m
D (757) cpu_start: calling init function: 0x400ea3c8 on core: 0[0m
D (763) cpu_start: calling init function: 0x400def5c[0m
[0;33mW (768) i2c: This driver is an old driver, please migrate your application code to adapt `driver/i2c_master.h`[0m
D (778) cpu_start: calling init function: 0x400d81fc[0m
D (784) cpu_start: calling init function: 0x400d75fc[0m
D (789) cpu_start: calling init function: 0x4008613c[0m
D (794) cpu_start: calling init function: 0x400d28a0[0m
D (799) cpu_start: calling init function: 0x400d1da4[0m
D (804) cpu_start: calling init function: 0x400d14ac[0m
D (809) cpu_start: calling init function: 0x400d43c0 on core: 0[0m
D (815) intr_alloc: Connected src 17 to int 3 (cpu 0)[0m
D (820) cpu_start: calling init function: 0x400d1834 on core: 0[0m
D (826) intr_alloc: Connected src 24 to int 9 (cpu 0)[0m
D (831) app_start: Starting scheduler on CPU0[0m
[0;32D (835) intr_alloc: Connected src 25 to int 2 (cpu 1)[0m
D (835) app_start: Starting scheduler on CPU1[0m
mI (835) main_task: Started on CPU0[0m
D (855) heap_init: New heap initialised at 0x3ffe0440[0m
D (855) heap_init: New heap initialised at 0x3ffe4350[0m
D (855) intr_alloc: Connected src 16 to int 12 (cpu 0)[0m
[0;32mI (855) main_task: Calling app_main()[0m
D (865) intr_alloc: Connected src 49 to int 13 (cpu 0)[0m
[0;32mI (875) IMU: devid=0x34[0m
[0;32mI (875) IMU: getRate()=0[0m
[0;32mI (875) IMU: getExternalFrameSync()=0[0m
[0;32mI (875) IMU: getDLPFMode()=6[0m
[0;32mI (885) ESC_controller: Create RMT TX channel[0m
Created RMT TX ChannelsD (885) rmt: new group(0) at 0x3ffbd990, occupy=ffffff00[0m
D (895) intr_alloc: Connected src 47 to int 17 (cpu 0)[0m
[0;32mI (895) IMU: getFullScaleAccelRange()=0[0m
D (905) rmt: group clock resolution:80000000[0m
[0;32mI (905) IMU: getFullScaleGyroRange()=0[0m
[0;32mI (905) gpio: GPIO[32]| InputEn: 0| OutputEn: 1| OpenDrain: 0| Pullup: 1| Pulldown: 0| Intr:0 [0m
[0;32mI (915) IMU: roll=-0.012596 pitch=-0.038098 yaw=0.000107[0m
D (925) rmt: new tx channel(0,0) at 0x3ffbd610, gpio=32, res=40000000Hz, hw_mem_base=0x3ff56800, dma_mem_base=0x0, dma_nodes_nc=0x0,ping_pong_size=32, queue_depth=10[0m
D (945) intr_alloc: Connected src 47 to int 17 (cpu 0)[0m
D (945) rmt: group clock resolution:80000000[0m
[0;32mI (955) gpio: GPIO[26]| InputEn: 0| OutputEn: 1| OpenDrain: 0| Pullup: 1| Pulldown: 0| Intr:0 [0m
D (965) rmt: new tx channel(0,1) at 0x3ffbda80, gpio=26, res=40000000Hz, hw_mem_base=0x3ff56900, dma_mem_base=0x0, dma_nodes_nc=0x0,ping_pong_size=32, queue_depth=10[0m
D (975) intr_alloc: Connected src 47 to int 17 (cpu 0)[0m
D (985) rmt: group clock resolution:80000000[0m
[0;32mI (985) gpio: GPIO[33]| InputEn: 0| OutputEn: 1| OpenDrain: 0| Pullup: 1| Pulldown: 0| Intr:0 [0m
D (995) rmt: new tx channel(0,2) at 0x3ffbddd4, gpio=33, res=40000000Hz, hw_mem_base=0x3ff56a00, dma_mem_base=0x0, dma_nodes_nc=0x0,ping_pong_size=32, queue_depth=10[0m
D (1015) intr_alloc: Connected src 47 to int 17 (cpu 0)[0m
D (1015) rmt: group clock resolution:80000000[0m
[0;32mI (1025) IMU: roll=-0.373179 pitch=-1.159457 yaw=-0.007614[0m
[0;32mI (1025) gpio: GPIO[25]| InputEn: 0| OutputEn: 1| OpenDrain: 0| Pullup: 1| Pulldown: 0| Intr:0 [0m
D (1035) rmt: new tx channel(0,3) at 0x3ffbe128, gpio=25, res=40000000Hz, hw_mem_base=0x3ff56b00, dma_mem_base=0x0, dma_nodes_nc=0x0,ping_pong_size=32, queue_depth=10[0m
[0;32mI (1055) ESC_controller: Install Dshot ESC encoder[0m
D (1055) rmt: new bytes encoder @0x3ffbe49c[0m
D (1065) rmt: new copy encoder @0x3ffbe4c0[0m
D (1065) rmt: new bytes encoder @0x3ffbe4f4[0m
D (1065) rmt: new copy encoder @0x3ffbe518[0m
D (1075) rmt: new bytes encoder @0x3ffbe54c[0m
D (1075) rmt: new copy encoder @0x3ffbe570[0m
D (1085) rmt: new bytes encoder @0x3ffbe5a4[0m
D (1085) rmt: new copy encoder @0x3ffbe5c8[0m
[0;32mI (1095) ESC_controller: Enable RMT TX channel[0m
[0;32mI (1095) ESC_controller: Start ESCs by sending zero throttle for a while...[0m
[0;32mI (905) main_task: Returned from app_main()[0m
[0;32mI (1125) IMU: roll=-0.731996 pitch=-2.245131 yaw=-0.017532[0m
[0;32mI (1225) IMU: roll=-1.082226 pitch=-3.332216 yaw=-0.037918[0m
[0;32mI (1325) IMU: roll=-1.433813 pitch=-4.420053 yaw=-0.059814[0m
[0;32mI (1425) IMU: roll=-1.782057 pitch=-5.505023 yaw=-0.091339[0m
[0;32mI (1525) IMU: roll=-2.126914 pitch=-6.587361 yaw=-0.128616[0m
[0;32mI (1625) IMU: roll=-2.474671 pitch=-7.666511 yaw=-0.169052[0m
[0;32mI (1725) IMU: roll=-2.809969 pitch=-8.745249 yaw=-0.218445[0m
[0;32mI (1825) IMU: roll=-3.164279 pitch=-9.819502 yaw=-0.276733[0m
[0;32mI (1925) IMU: roll=-3.501924 pitch=-10.890101 yaw=-0.341064[0m
