pu_start: Multicore app[0m
[0;32mI (221) cpu_start: Pro cpu start user ï¿½ets Jul 29 2019 12:21:46

rst:0x1 (POWERON_RESET),boot:0x13 (SPI_FAST_FLASH_BOOT)
configsip: 0, SPIWP:0xee
clk_drv:0x00,q_drv:0x00,d_drv:0x00,cs0_drv:0x00,hd_drv:0x00,wp_drv:0x00
mode:DIO, clock div:2
load:0x3fff0030,len:7172
load:0x40078000,len:15532
load:0x40080400,len:4
load:0x40080404,len:3904
entry 0x40080640
[0;32mI (29) boot: ESP-IDF v5.3-dev-1288-g5524b692ee-dirty 2nd stage bootloader[0m
[0;32mI (29) boot: compile time Jan 25 2024 13:26:40[0m
[0;32mI (32) boot: Multicore bootloader[0m
[0;32mI (36) boot: chip revision: v3.0[0m
[0;32mI (40) boot.esp32: SPI Speed      : 40MHz[0m
[0;32mI (44) boot.esp32: SPI Mode       : DIO[0m
[0;32mI (49) boot.esp32: SPI Flash Size : 2MB[0m
[0;32mI (53) boot: Enabling RNG early entropy source...[0m
[0;32mI (59) boot: Partition Table:[0m
[0;32mI (62) boot: ## Label            Usage          Type ST Offset   Length[0m
[0;32mI (70) boot:  0 nvs              WiFi data        01 02 00009000 00006000[0m
[0;32mI (77) boot:  1 phy_init         RF data          01 01 0000f000 00001000[0m
[0;32mI (84) boot:  2 factory          factory app      00 00 00010000 00100000[0m
[0;32mI (92) boot: End of partition table[0m
[0;32mI (96) esp_image: segment 0: paddr=00010020 vaddr=3f400020 size=0c478h ( 50296) map[0m
[0;32mI (122) esp_image: segment 1: paddr=0001c4a0 vaddr=3ffb0000 size=022f8h (  8952) load[0m
[0;32mI (125) esp_image: segment 2: paddr=0001e7a0 vaddr=40080000 size=01878h (  6264) load[0m
[0;32mI (130) esp_image: segment 3: paddr=00020020 vaddr=400d0020 size=19aa0h (105120) map[0m
[0;32mI (172) esp_image: segment 4: paddr=00039ac8 vaddr=40081878 size=0d3b0h ( 54192) load[0m
[0;32mI (201) boot: Loaded app from partition at offset 0x10000[0m
[0;32mI (201) boot: Disabling RNG early entropy source...[0m
[0;32mI (213) cpu_start: Multicore app[0m
[0;32mI (221) cpu_start: Pro cpu start user code[0m
[0;32mI (221) cpu_start: cpu freq: 160000000 Hz[0m
[0;32mI (221) cpu_start: Application information:[0m
[0;32mI (224) cpu_start: Project name:     drone_flight_control[0m
[0;32mI (230) cpu_start: App version:      1[0m
[0;32mI (235) cpu_start: Compile time:     Jan 27 2024 00:12:51[0m
[0;32mI (241) cpu_start: ELF file SHA256:  1c68d670a...[0m
[0;32mI (246) cpu_start: ESP-IDF:          v5.3-dev-1288-g5524b692ee-dirty[0m
[0;32mI (253) cpu_start: Min chip rev:     v0.0[0m
[0;32mI (258) cpu_start: Max chip rev:     v3.99 [0m
[0;32mI (263) cpu_start: Chip rev:         v3.0[0m
[0;32mI (268) heap_init: Initializing. RAM available for dynamic allocation:[0m
[0;32mI (275) heap_init: At 3FFAE6E0 len 00001920 (6 KiB): DRAM[0m
[0;32mI (281) heap_init: At 3FFB2C90 len 0002D370 (180 KiB): DRAM[0m
[0;32mI (287) heap_init: At 3FFE0440 len 00003AE0 (14 KiB): D/IRAM[0m
[0;32mI (294) heap_init: At 3FFE4350 len 0001BCB0 (111 KiB): D/IRAM[0m
[0;32mI (300) heap_init: At 4008EC28 len 000113D8 (68 KiB): IRAM[0m
[0;32mI (308) spi_flash: detected chip: generic[0m
[0;32mI (311) spi_flash: flash io: dio[0m
[0;33mW (315) spi_flash: Detected size(4096k) larger than the size in the binary image header(2048k). Using the size in the binary image header.[0m
[0;33mW (328) i2c: This driver is an old driver, please migrate your application code to adapt `driver/i2c_master.h`[0m
[0;32mI (339) main_task: Started on CPU0[0m
[0;32mI (349) main_task: Calling app_main()[0m
[0;32mI (349) PWM: 0.000000[0m
[0;32mI (349) IMU: I have entered MPU CODE[0m
[0;32mI (349) IMU: devid=0x34[0m
[0;32mI (349) IMU: getRate()=0[0m
[0;32mI (359) IMU: getExternalFrameSync()=0[0m
[0;32mI (359) IMU: getDLPFMode()=6[0m
[0;32mI (359) ESC_controller: Create RMT TX channel[0m
[0;32mI (359) IMU: getFullScaleAccelRange()=0[0m
Created RMT TX Channels[0;32mI (369) IMU: getFullScaleGyroRange()=0[0m
[0;32mI (379) gpio: GPIO[33]| InputEn: 0| OutputEn: 1| OpenDrain: 0| Pullup: 1| Pulldown: 0| Intr:0 [0m
[0;32mI (389) gpio: GPIO[25]| InputEn: 0| OutputEn: 1| OpenDrain: 0| Pullup: 1| Pulldown: 0| Intr:0 [0m
[0;32mI (399) gpio: GPIO[32]| InputEn: 0| OutputEn: 1| OpenDrain: 0| Pullup: 1| Pulldown: 0| Intr:0 [0m
[0;32mI (409) gpio: GPIO[26]| InputEn: 0| OutputEn: 1| OpenDrain: 0| Pullup: 1| Pulldown: 0| Intr:0 [0m
[0;32mI (419) ESC_controller: Install Dshot ESC encoder[0m
[0;32mI (419) ESC_controller: Enable RMT TX channel[0m
[0;32mI (429) ESC_controller: Start ESCs by sending zero throttle for a while...[0m
[0;32mI (369) main_task: Returned from app_main()[0m
[0;32mI (1349) PWM: 0.000000[0m
[0;32mI (2349) PWM: 0.000000[0m
[0;32mI (3349) PWM: 0.000000[0m
[0;32mI (4349) PWM: 0.000000[0m
[0;32mI (4389) IMU: roll:0.000000 pitch=0.000000 yaw=0.000000[0m
[0;32mI (4509) IMU: roll:0.082802 pitch=0.586224 yaw=30.002968[0m
[0;32mI (4629) IMU: roll:0.340786 pitch=1.067428 yaw=59.996559[0m
[0;32mI (4749) IMU: roll:0.792549 pitch=1.326934 yaw=89.981163[0m
[0;32mI (4869) IMU: roll:1.308552 pitch=1.309128 yaw=119.954231[0m
[0;32mI (4989) IMU: roll:1.715625 pitch=1.039953 yaw=149.915405[0m
[0;32mI (5109) IMU: roll:1.934520 pitch=0.626751 yaw=179.870422[0m
[0;32mI (5229) IMU: roll:1.946259 pitch=0.155677 yaw=209.826660[0m
[0;32mI (5349) PWM: 0.000000[0m
[0;32mI (5349) IMU: roll:1.717315 pitch=-0.264964 yaw=239.792572[0m
[0;32mI (5469) IMU: roll:1.313802 pitch=-0.510360 yaw=-90.216789[0m
[0;32mI (5589) IMU: roll:0.860827 pitch=-0.524038 yaw=-59.962700[0m
[0;32mI (5709) IMU: roll:0.447793 pitch=-0.313864 yaw=-29.958878[0m
[0;32mI (5829) IMU: roll:0.217634 pitch=0.074396 yaw=-0.211624[0m
[0;32mI (5949) IMU: roll:0.205160 pitch=0.525845 yaw=30.045509[0m
[0;32mI (6069) IMU: roll:0.403665 pitch=0.918631 yaw=60.038826[0m
[0;32mI (6189) IMU: roll:0.775021 pitch=1.165336 yaw=90.024391[0m
[0;32mI (6309) IMU: roll:1.211074 pitch=1.192110 yaw=120.000526[0m
[0;32mI (6349) PWM: 0.000000[0m
[0;32mI (6429) IMU: roll:1.631397 pitch=1.000687 yaw=149.965729[0m
[0;32mI (6549) IMU: roll:1.857932 pitch=0.625932 yaw=179.665924[0m
