[0;32mI (221) cpu_start: Pro cpu start user code[0m
[0;32mI (221) cpu_start: cpu freq: 160000000 Hz[0m
[0;32mI (222) cpu_start: Application information:ï¿½ets Jul 29 2019 12:21:46

rst:0x1 (POWERON_RESET),boot:0x13 (SPI_FAST_FLASH_BOOT)
configsip: 0, SPIWP:0xee
clk_drv:0x00,q_drv:0x00,d_drv:0x00,cs0_drv:0x00,hd_drv:0x00,wp_drv:0x00
mode:DIO, clock div:2
load:0x3fff0030,len:7172
load:0x40078000,len:15532
load:0x40080400,len:4
load:0x40080404,len:3904
entry 0x40080640
[0;32mI (29) boot: ESP-IDF v5.3-dev-1288-g5524b692ee-dirty 2nd stage bootloader[0m
[0;32mI (29) boot: compile time Jan 25 2024 13:26:40[0m
[0;32mI (32) boot: Multicore bootloader[0m
[0;32mI (36) boot: chip revision: v3.0[0m
[0;32mI (40) boot.esp32: SPI Speed      : 40MHz[0m
[0;32mI (44) boot.esp32: SPI Mode       : DIO[0m
[0;32mI (49) boot.esp32: SPI Flash Size : 2MB[0m
[0;32mI (53) boot: Enabling RNG early entropy source...[0m
[0;32mI (59) boot: Partition Table:[0m
[0;32mI (62) boot: ## Label            Usage          Type ST Offset   Length[0m
[0;32mI (70) boot:  0 nvs              WiFi data        01 02 00009000 00006000[0m
[0;32mI (77) boot:  1 phy_init         RF data          01 01 0000f000 00001000[0m
[0;32mI (84) boot:  2 factory          factory app      00 00 00010000 00100000[0m
[0;32mI (92) boot: End of partition table[0m
[0;32mI (96) esp_image: segment 0: paddr=00010020 vaddr=3f400020 size=0c4f8h ( 50424) map[0m
[0;32mI (122) esp_image: segment 1: paddr=0001c520 vaddr=3ffb0000 size=022f8h (  8952) load[0m
[0;32mI (126) esp_image: segment 2: paddr=0001e820 vaddr=40080000 size=017f8h (  6136) load[0m
[0;32mI (130) esp_image: segment 3: paddr=00020020 vaddr=400d0020 size=19ac8h (105160) map[0m
[0;32mI (172) esp_image: segment 4: paddr=00039af0 vaddr=400817f8 size=0d430h ( 54320) load[0m
[0;32mI (201) boot: Loaded app from partition at offset 0x10000[0m
[0;32mI (201) boot: Disabling RNG early entropy source...[0m
[0;32mI (213) cpu_start: Multicore app[0m
[0;32mI (221) cpu_start: Pro cpu start user code[0m
[0;32mI (221) cpu_start: cpu freq: 160000000 Hz[0m
[0;32mI (222) cpu_start: Application information:[0m
[0;32mI (225) cpu_start: Project name:     drone_flight_control[0m
[0;32mI (231) cpu_start: App version:      1[0m
[0;32mI (235) cpu_start: Compile time:     Jan 25 2024 16:45:39[0m
[0;32mI (241) cpu_start: ELF file SHA256:  28f2ce773...[0m
[0;32mI (246) cpu_start: ESP-IDF:          v5.3-dev-1288-g5524b692ee-dirty[0m
[0;32mI (254) cpu_start: Min chip rev:     v0.0[0m
[0;32mI (258) cpu_start: Max chip rev:     v3.99 [0m
[0;32mI (263) cpu_start: Chip rev:         v3.0[0m
[0;32mI (268) heap_init: Initializing. RAM available for dynamic allocation:[0m
[0;32mI (275) heap_init: At 3FFAE6E0 len 00001920 (6 KiB): DRAM[0m
[0;32mI (281) heap_init: At 3FFB2C90 len 0002D370 (180 KiB): DRAM[0m
[0;32mI (287) heap_init: At 3FFE0440 len 00003AE0 (14 KiB): D/IRAM[0m
[0;32mI (294) heap_init: At 3FFE4350 len 0001BCB0 (111 KiB): D/IRAM[0m
[0;32mI (300) heap_init: At 4008EC28 len 000113D8 (68 KiB): IRAM[0m
[0;32mI (308) spi_flash: detected chip: generic[0m
[0;32mI (311) spi_flash: flash io: dio[0m
[0;33mW (315) spi_flash: Detected size(4096k) larger than the size in the binary image header(2048k). Using the size in the binary image header.[0m
[0;33mW (328) i2c: This driver is an old driver, please migrate your application code to adapt `driver/i2c_master.h`[0m
[0;32mI (339) main_task: Started on CPU0[0m
[0;32mI (349) main_task: Calling app_main()[0m
Done with i2c[0;32mI (349) IMU: I have entered MPU CODE[0m
[0;32mI (349) PWM: Hi we are finally in the LOOP[0m
[0;32mI (349) IMU: devid=0x34[0m
[0;32mI (359) IMU: I have entered MPU CODE[0m
[0;32mI (359) IMU: getRate()=0[0m
[0;32mI (359) ESC_controller: Create RMT TX channel[0m
[0;32mI (359) IMU: devid=0x34[0m
[0;32mI (359) IMU: getExternalFrameSync()=0[0m
Created RMT TX Channels[0;32mI (369) IMU: getRate()=0[0m
[0;32mI (379) gpio: GPIO[33]| InputEn: 0| OutputEn: 1| OpenDrain: 0| Pullup: 1| Pulldown: 0| Intr:0 [0m
[0;32mI (379) IMU: getDLPFMode()=6[0m
[0;32mI (379) IMU: getExternalFrameSync()=0[0m
[0;32mI (389) gpio: GPIO[25]| InputEn: 0| OutputEn: 1| OpenDrain: 0| Pullup: 1| Pulldown: 0| Intr:0 [0m
[0;32mI (389) IMU: getFullScaleAccelRange()=0[0m
[0;32mI (399) IMU: getDLPFMode()=6[0m
[0;32mI (409) gpio: GPIO[32]| InputEn: 0| OutputEn: 1| OpenDrain: 0| Pullup: 1| Pulldown: 0| Intr:0 [0m
[0;32mI (409) IMU: getFullScaleGyroRange()=0[0m
[0;32mI (419) IMU: getFullScaleAccelRange()=0[0m
[0;32mI (429) gpio: GPIO[26]| InputEn: 0| OutputEn: 1| OpenDrain: 0| Pullup: 1| Pulldown: 0| Intr:0 [0m
[0;32mI (429) IMU: getFullScaleGyroRange()=0[0m
[0;32mI (439) ESC_controller: Install Dshot ESC encoder[0m
[0;32mI (359) main_task: Returned from app_main()[0m
[0;32mI (449) ESC_controller: Enable RMT TX channel[0m
[0;32mI (459) ESC_controller: Start ESCs by sending zero throttle for a while...[0m
[0;32mI (4449) IMU: roll:0.000000 pitch=0.000000 yaw=0.000000[0m
[0;32mI (4459) IMU: roll:0.000000 pitch=0.000000 yaw=0.000000[0m
[0;32mI (4569) IMU: roll:-0.775675 pitch=-0.191355 yaw=59.955223[0m
[0;32mI (4579) IMU: roll:-0.784330 pitch=-0.157982 yaw=59.958725[0m
[0;32mI (4689) IMU: roll:-1.381263 pitch=0.400974 yaw=119.945740[0m
[0;32mI (4699) IMU: roll:-1.365521 pitch=0.459204 yaw=119.947906[0m
[0;32mI (4809) IMU: roll:-1.185512 pitch=1.233257 yaw=179.925049[0m
[0;32mI (4819) IMU: roll:-1.132486 pitch=1.283655 yaw=179.926697[0m
[0;32mI (4929) IMU: roll:-0.271537 pitch=1.471841 yaw=239.880066[0m
[0;32mI (4939) IMU: roll:-0.203045 pitch=1.482589 yaw=239.880081[0m
[0;32mI (5049) IMU: roll:0.310857 pitch=0.734825 yaw=299.788696[0m
[0;32mI (5059) IMU: roll:0.330184 pitch=0.715352 yaw=299.787231[0m
[0;32mI (5169) IMU: roll:-0.187555 pitch=-0.031389 yaw=-0.295929[0m
[0;32mI (5179) IMU: roll:-0.190148 pitch=-0.026424 yaw=-0.295563[0m
[0;32mI (5289) IMU: roll:-1.088031 pitch=-0.013665 yaw=59.666809[0m
[0;32mI (5299) IMU: roll:-1.097546 pitch=0.029020 yaw=59.668846[0m
[0;32mI (5409) IMU: roll:-1.550841 pitch=0.763483 yaw=119.652435[0m
[0;32mI (5419) IMU: roll:-1.523965 pitch=0.825300 yaw=119.654648[0m
[0;32mI (5469) ESC_controller: Increase throttle, no telemetry[0m
[0;32mI (5589) IMU: roll:-1.071618 pitch=1.646019 yaw=179.308151[0m
[0;32mI (5749) IMU: roll:-0.316171 pitch=1.757944 yaw=219.277710[0m
[0;32mI (5889) IMU: roll:0.186704 pitch=1.481461 yaw=251.732849[0m
[0;32mI (5909) IMU: roll:0.347599 pitch=1.362557 yaw=259.214600[0m
[0;32mI (6099) IMU: roll:0.490062 pitch=0.398886 yaw=311.594482[0m
[0;32mI (6279) IMU: roll:-0.081899 pitch=-0.272798 yaw=-3.481644[0m
[0;32mI (6459) IMU: roll:-0.938264 pitch=-0.303959 yaw=41.482590[0m
[0;32mI (6549) IMU: roll:-1.228110 pitch=-0.157542 yaw=61.298805[0m
[0;32mI (6649) IMU: roll:-1.570184 pitch=0.380519 yaw=93.608704[0m
[0;32mI (6819) IMU: roll:-1.503148 pitch=1.141440 yaw=136.265091[0m
[0;32mI (6999) IMU: roll:-0.884531 pitch=1.698963 yaw=181.236618[0m
[0;32mI (7179) IMU: roll:0.127108 pitch=1.497926 yaw=226.174515[0m
[0;32mI (7209) IMU: roll:0.101131 pitch=1.475134 yaw=228.671692[0m
[0;32mI (7369) IMU: roll:0.758691 pitch=0.812488 yaw=278.221924[0m
[0;32mI (7539) IMU: roll:0.505691 pitch=-0.141154 yaw=320.800171[0m
[0;32mI (7719) IMU: roll:-0.361891 pitch=-0.647342 yaw=5.742111[0m
[0;32mI (7869) IMU: roll:-1.134931 pitch=-0.563156 yaw=40.552422[0m
[0;32mI (7889) IMU: roll:-1.298158 pitch=-0.427924 yaw=48.050751[0m
[0;32mI (8079) IMU: roll:-1.887771 pitch=0.581834 yaw=100.530197[0m
[0;32mI (8259) IMU: roll:-1.564420 pitch=1.558791 yaw=145.513748[0m
[0;32mI (8439) IMU: roll:-0.653685 pitch=2.024583 yaw=190.484116[0m
[0;32mI (8529) IMU: roll:-0.282239 pitch=1.974151 yaw=210.289398[0m
[0;32mI (8629) IMU: roll:0.452237 pitch=1.601410 yaw=242.550980[0m
