81178[0m
D (0) cpu_start: App cpu up[0m
D (224) clk: RTC_SLOW_CLK calibration value: 3399347[0m
D (235ï¿½ets Jul 29 2019 12:21:46

rst:0x1 (POWERON_RESET),boot:0x13 (SPI_FAST_FLASH_BOOT)
configsip: 0, SPIWP:0xee
clk_drv:0x00,q_drv:0x00,d_drv:0x00,cs0_drv:0x00,hd_drv:0x00,wp_drv:0x00
mode:DIO, clock div:2
load:0x3fff0030,len:7172
load:0x40078000,len:15532
load:0x40080400,len:4
load:0x40080404,len:3904
entry 0x40080640
[0;32mI (29) boot: ESP-IDF v5.3-dev-1288-g5524b692ee-dirty 2nd stage bootloader[0m
[0;32mI (29) boot: compile time Jan 27 2024 11:38:47[0m
[0;32mI (32) boot: Multicore bootloader[0m
[0;32mI (36) boot: chip revision: v3.0[0m
[0;32mI (40) boot.esp32: SPI Speed      : 40MHz[0m
[0;32mI (44) boot.esp32: SPI Mode       : DIO[0m
[0;32mI (49) boot.esp32: SPI Flash Size : 2MB[0m
[0;32mI (53) boot: Enabling RNG early entropy source...[0m
[0;32mI (59) boot: Partition Table:[0m
[0;32mI (62) boot: ## Label            Usage          Type ST Offset   Length[0m
[0;32mI (70) boot:  0 nvs              WiFi data        01 02 00009000 00006000[0m
[0;32mI (77) boot:  1 phy_init         RF data          01 01 0000f000 00001000[0m
[0;32mI (84) boot:  2 factory          factory app      00 00 00010000 00100000[0m
[0;32mI (92) boot: End of partition table[0m
[0;32mI (96) esp_image: segment 0: paddr=00010020 vaddr=3f400020 size=0ca18h ( 51736) map[0m
[0;32mI (122) esp_image: segment 1: paddr=0001ca40 vaddr=3ffb0000 size=0235ch (  9052) load[0m
[0;32mI (126) esp_image: segment 2: paddr=0001eda4 vaddr=40080000 size=01274h (  4724) load[0m
[0;32mI (130) esp_image: segment 3: paddr=00020020 vaddr=400d0020 size=19e50h (106064) map[0m
[0;32mI (173) esp_image: segment 4: paddr=00039e78 vaddr=40081274 size=0da50h ( 55888) load[0m
[0;32mI (202) boot: Loaded app from partition at offset 0x10000[0m
[0;32mI (203) boot: Disabling RNG early entropy source...[0m
[0;32mI (214) cpu_start: Multicore app[0m
D (214) cpu_start: Pro cpu up[0m
D (214) cpu_start: Starting app cpu, entry point is 0x40081178[0m
D (0) cpu_start: App cpu up[0m
D (224) clk: RTC_SLOW_CLK calibration value: 3399974[0m
D (235) cpu_start: calling init function: 0x400d1520 on core: 0[0m
[0;32mI (235) cpu_start: Pro cpu start user code[0m
[0;32mI (235) cpu_start: cpu freq: 160000000 Hz[0m
D (241) cpu_start: calling init function: 0x400d1564 on core: 0[0m
[0;32mI (247) cpu_start: Application information:[0m
[0;32mI (252) cpu_start: Project name:     drone_flight_control[0m
[0;32mI (258) cpu_start: App version:      1[0m
[0;32mI (263) cpu_start: Compile time:     Jan 27 2024 11:38:47[0m
[0;32mI (269) cpu_start: ELF file SHA256:  32bc9e47c...[0m
[0;32mI (274) cpu_start: ESP-IDF:          v5.3-dev-1288-g5524b692ee-dirty[0m
[0;32mI (281) cpu_start: Min chip rev:     v0.0[0m
[0;32mI (286) cpu_start: Max chip rev:     v3.99 [0m
[0;32mI (291) cpu_start: Chip rev:         v3.0[0m
D (295) cpu_start: calling init function: 0x400d16ac on core: 0[0m
D (302) memory_layout: Checking 9 reserved memory ranges:[0m
D (307) memory_layout: Reserved memory range 0x3ff82000 - 0x3ff82000[0m
D (313) memory_layout: Reserved memory range 0x3ffae000 - 0x3ffae6e0[0m
D (320) memory_layout: Reserved memory range 0x3ffb0000 - 0x3ffb2cf8[0m
D (326) memory_layout: Reserved memory range 0x3ffe0000 - 0x3ffe0440[0m
D (333) memory_layout: Reserved memory range 0x3ffe3f20 - 0x3ffe4350[0m
D (339) memory_layout: Reserved memory range 0x40070000 - 0x40078000[0m
D (345) memory_layout: Reserved memory range 0x40078000 - 0x40080000[0m
D (352) memory_layout: Reserved memory range 0x40080000 - 0x4008ecc4[0m
D (358) memory_layout: Reserved memory range 0x50001fe8 - 0x50002000[0m
D (365) memory_layout: Building list of available memory regions:[0m
D (371) memory_layout: Available memory region 0x3ffae6e0 - 0x3ffb0000[0m
D (377) memory_layout: Available memory region 0x3ffb2cf8 - 0x3ffb8000[0m
D (384) memory_layout: Available memory region 0x3ffb8000 - 0x3ffc0000[0m
D (391) memory_layout: Available memory region 0x3ffc0000 - 0x3ffc2000[0m
D (397) memory_layout: Available memory region 0x3ffc2000 - 0x3ffc4000[0m
D (404) memory_layout: Available memory region 0x3ffc4000 - 0x3ffc6000[0m
D (410) memory_layout: Available memory region 0x3ffc6000 - 0x3ffc8000[0m
D (417) memory_layout: Available memory region 0x3ffc8000 - 0x3ffca000[0m
D (424) memory_layout: Available memory region 0x3ffca000 - 0x3ffcc000[0m
D (430) memory_layout: Available memory region 0x3ffcc000 - 0x3ffce000[0m
D (437) memory_layout: Available memory region 0x3ffce000 - 0x3ffd0000[0m
D (443) memory_layout: Available memory region 0x3ffd0000 - 0x3ffd2000[0m
D (450) memory_layout: Available memory region 0x3ffd2000 - 0x3ffd4000[0m
D (457) memory_layout: Available memory region 0x3ffd4000 - 0x3ffd6000[0m
D (463) memory_layout: Available memory region 0x3ffd6000 - 0x3ffd8000[0m
D (470) memory_layout: Available memory region 0x3ffd8000 - 0x3ffda000[0m
D (476) memory_layout: Available memory region 0x3ffda000 - 0x3ffdc000[0m
D (483) memory_layout: Available memory region 0x3ffdc000 - 0x3ffde000[0m
D (490) memory_layout: Available memory region 0x3ffde000 - 0x3ffe0000[0m
D (496) memory_layout: Available memory region 0x3ffe0440 - 0x3ffe3f20[0m
D (503) memory_layout: Available memory region 0x3ffe4350 - 0x3ffe8000[0m
D (509) memory_layout: Available memory region 0x3ffe8000 - 0x3fff0000[0m
D (516) memory_layout: Available memory region 0x3fff0000 - 0x3fff8000[0m
D (523) memory_layout: Available memory region 0x3fff8000 - 0x3fffc000[0m
D (529) memory_layout: Available memory region 0x3fffc000 - 0x40000000[0m
D (536) memory_layout: Available memory region 0x4008ecc4 - 0x40090000[0m
D (542) memory_layout: Available memory region 0x40090000 - 0x40092000[0m
D (549) memory_layout: Available memory region 0x40092000 - 0x40094000[0m
D (556) memory_layout: Available memory region 0x40094000 - 0x40096000[0m
D (562) memory_layout: Available memory region 0x40096000 - 0x40098000[0m
D (569) memory_layout: Available memory region 0x40098000 - 0x4009a000[0m
D (575) memory_layout: Available memory region 0x4009a000 - 0x4009c000[0m
D (582) memory_layout: Available memory region 0x4009c000 - 0x4009e000[0m
D (589) memory_layout: Available memory region 0x4009e000 - 0x400a0000[0m
[0;32mI (595) heap_init: Initializing. RAM available for dynamic allocation:[0m
D (603) heap_init: New heap initialised at 0x3ffae6e0[0m
[0;32mI (607) heap_init: At 3FFAE6E0 len 00001920 (6 KiB): DRAM[0m
D (614) heap_init: New heap initialised at 0x3ffb2cf8[0m
[0;32mI (619) heap_init: At 3FFB2CF8 len 0002D308 (180 KiB): DRAM[0m
[0;32mI (625) heap_init: At 3FFE0440 len 00003AE0 (14 KiB): D/IRAM[0m
[0;32mI (631) heap_init: At 3FFE4350 len 0001BCB0 (111 KiB): D/IRAM[0m
D (638) heap_init: New heap initialised at 0x4008ecc4[0m
[0;32mI (643) heap_init: At 4008ECC4 len 0001133C (68 KiB): IRAM[0m
D (649) cpu_start: calling init function: 0x400d16b8 on core: 0[0m
D (655) cpu_start: calling init function: 0x400d3d3c on core: 0[0m
D (661) cpu_start: calling init function: 0x400e84a8 on core: 0[0m
D (667) cpu_start: calling init function: 0x400d16c4 on core: 0[0m
D (673) intr_alloc: Connected src 46 to int 2 (cpu 0)[0m
D (678) cpu_start: calling init function: 0x400d16d0 on core: 0[0m
D (684) cpu_start: calling init function: 0x400d546c on core: 0[0m
D (690) cpu_start: calling init function: 0x400d6658 on core: 0[0m
D (696) cpu_start: calling init function: 0x400d3da8 on core: 0[0m
D (702) cpu_start: calling init function: 0x400d16dc on core: 0[0m
D (708) cpu_start: calling init function: 0x400d16e8 on core: 0[0m
D (714) spi_flash: trying chip: issi[0m
D (718) spi_flash: trying chip: gd[0m
D (721) spi_flash: trying chip: mxic[0m
D (725) spi_flash: trying chip: winbond[0m
D (729) spi_flash: trying chip: generic[0m
[0;32mI (733) spi_flash: detected chip: generic[0m
[0;32mI (737) spi_flash: flash io: dio[0m
[0;33mW (741) spi_flash: Detected size(4096k) larger than the size in the binary image header(2048k). Using the size in the binary image header.[0m
D (754) cpu_start: calling init function: 0x400e84b0 on core: 0[0m
D (760) cpu_start: calling init function: 0x400dd1d4[0m
[0;33mW (765) i2c: This driver is an old driver, please migrate your application code to adapt `driver/i2c_master.h`[0m
D (776) cpu_start: calling init function: 0x400d737c[0m
D (781) cpu_start: calling init function: 0x4008613c[0m
D (786) cpu_start: calling init function: 0x400d277c[0m
D (791) cpu_start: calling init function: 0x400d1c80[0m
D (796) cpu_start: calling init function: 0x400d1388[0m
D (801) cpu_start: calling init function: 0x400d429c on core: 0[0m
D (807) intr_alloc: Connected src 17 to int 3 (cpu 0)[0m
D (812) cpu_start: calling init function: 0x400d1710 on core: 0[0m
D (818) intr_alloc: Connected src 24 to int 9 (cpu 0)[0m
D (823) app_start: Starting scheduler on CPU0[0m
[0;32D (828) intr_alloc: Connected src 25 to int 2 (cpu 1)[0m
D (828) app_start: Starting scheduler on CPU1[0m
mI (828) main_task: Started on CPU0[0m
D (848) heap_init: New heap initialised at 0x3ffe0440[0m
D (848) heap_init: New heap initialised at 0x3ffe4350[0m
D (848) intr_alloc: Connected src 16 to int 12 (cpu 0)[0m
[0;32mI (848) main_task: Calling app_main()[0m
D (858) intr_alloc: Connected src 49 to int 13 (cpu 0)[0m
[0;32mI (868) IMU: devid=0x34[0m
[0;32mI (868) IMU: getRate()=0[0m
[0;32mI (868) IMU: getExternalFrameSync()=0[0m
[0;32mI (868) IMU: getDLPFMode()=6[0m
[0;32mI (878) ESC_controller: Create RMT TX channel[0m
[0;32mI (878) IMU: getFullScaleAccelRange()=0[0m
Created RMT TX ChannelsD (888) rmt: new group(0) at 0x3ffbc768, occupy=ffffff00[0m
[0;3D (898) intr_alloc: Connected src 47 to int 17 (cpu 0)[0m
2mI (888) IMU: getFullScaleGyroRange()=0[0m
D (898) rmt: group clock resolution:80000000[0m
D (908) IMU: accel=-2.000000 -0.237427 0.610718 gyro=5.969466 -7.076336 250.129776[0m
[0;32mI (908) gpio: GPIO[33]| InputEn: 0| OutputEn: 1| OpenDrain: 0| Pullup: 1| Pulldown: 0| Intr:0 [0m
D (918) IMU: dt=0.011544[0m
D (928) rmt: new tx channel(0,0) at 0x3ffbc3f8, gpio=33, res=40000000Hz, hw_mem_base=0x3ff56800, dma_mem_base=0x0, dma_nodes_nc=0x0,ping_pong_size=32, queue_depth=10[0m
D (938) D (938) intr_alloc: Connected src 47 to int 3 (cpu 1)[0m
IMU: accel=-2.000000 -0.238647 0.610474 gyro=5.839694 -7.061069 250.129776[0m
[0;32mI (928) PWM: 0.054534[0m
D (958) IMU: dt=0.027608[0m
D (948) rmt: group clock resolution:80000000[0m
D (968) IMU: accel=-2.000000 -0.237549 0.609863 gyro=6.038168 -7.099236 250.129776[0m
[0;32mI (968) gpio: GPIO[25]| InputEn: 0| OutputEn: 1| OpenDrain: 0| Pullup: 1| Pulldown: 0| Intr:0 [0m
D (968) IMU: dt=0.011975[0m
D (978) rmt: new tx channel(0,1) at 0x3ffbc894, gpio=25, res=40000000Hz, hw_mem_base=0x3ff56900, dma_mem_base=0x0, dma_nodes_nc=0x0,ping_pong_size=32, queue_depth=10[0m
D (998) intr_alloc: Connected src 47 to int 3 (cpu 1)[0m
D (998) IMU: accel=-2.000000 -0.237671 0.610962 gyro=6.030534 -7.076336 250.129776[0m
D (1008) rmt: group clock resolution:80000000[0m
D (1008) IMU: dt=0.027601[0m
[0;32mI (1018) gpio: GPIO[32]| InputEn: 0| OutputEn: 1| OpenDrain: 0| Pullup: 1| Pulldown: 0| Intr:0 [0m
D (1028) IMU: accel=-2.000000 -0.239258 0.609863 gyro=5.885496 -7.099236 250.129776[0m
D (1028) rmt: new tx channel(0,2) at 0x3ffbccc0, gpio=32, res=40000000Hz, hw_mem_base=0x3ff56a00, dma_mem_base=0x0, dma_nodes_nc=0x0,ping_pong_size=32, queue_depth=10[0m
D D (1048) intr_alloc: Connected src 47 to int 3 (cpu 1)[0m
(1038) IMU: dt=0.017097[0m
D (1058) rmt: group clock resolution:80000000[0m
[0;32mI (878) main_task: Returned from app_main()[0m
D (1068) IMU: accel=-2.000000 -0.237915 0.612793 gyro=5.862596 -7.099236 250.129776[0m
[0;32mI (1058) gpio: GPIO[26]| InputEn: 0| OutputEn: 1| OpenDrain: 0| Pullup: 1| Pulldown: 0| Intr:0 [0m
D (1078) IMU: dt=0.017009[0m
D (1088) rmt: new tx channel(0,3) at 0x3ffbd014, gpio=26, res=40000000Hz, hw_mem_base=0x3ff56b00, dma_mem_base=0x0, dma_nodes_nc=0x0,ping_pong_size=32, queue_depth=10[0m
D (1098) IMU: accel=-2.000000 -0.238770 0.612427 gyro=5.961832 -7.068702 250.129776[0m
[0;32mI (1098) ESC_controller: Install Dshot ESC encoder[0m
D (1108) IMU: dt=0.022652[0m
D (1118) rmt: new bytes encoder @0x3ffafc18[0m
D (1118) rmt: new copy encoder @0x3ffafc3c[0m
D (1128) rmt: new bytes encoder @0x3ffafc70[0m
D (1128) rmt: new copy encoder @0x3ffafc94[0m
D (1138) rmt: new bytes encoder @0x3ffafcc8[0m
D (1138) rmt: new copy encoder @0x3ffafcec[0m
D (1148) rmt: new bytes encoder @0x3ffafd20[0m
D (1148) rmt: new copy encoder @0x3ffb40ac[0m
[0;32mI (1148) ESC_controller: Enable RMT TX channel[0m
[0;32mI (1158) ESC_controller: Start ESCs by sending zero throttle for a while...[0m
[0;32mI (1958) PWM: 0.190285[0m
D (1968) IMU: accel=-2.000000 -0.238403 0.617798 gyro=5.801527 -7.007634 250.129776[0m
D (1968) IMU: dt=0.846363[0m
[0;32mI (2958) PWM: 0.255276[0m
D (2968) IMU: accel=-2.000000 -0.239258 0.614380 gyro=5.885496 -7.030534 250.129776[0m
D (2968) IMU: dt=0.999857[0m
[0;32mI (3958) PWM: 0.411840[0m
D (3968) IMU: accel=-2.000000 -0.238159 0.610718 gyro=5.885496 -7.053435 250.129776[0m
D (3968) IMU: dt=0.999841[0m
[0;32mI (4958) PWM: 0.510391[0m
D (4968) IMU: accel=-2.000000 -0.240967 0.611084 gyro=5.839694 -7.068702 250.129776[0m
D (4968) IMU: dt=0.999836[0m
[0;32mI (5958) PWM: 0.610656[0m
D (5968) IMU: accel=-2.000000 -0.238770 0.608887 gyro=5.809160 -7.091603 250.129776[0m
D (5968) IMU: dt=0.999845[0m
[0;32mI (6958) PWM: 0.749216[0m
D (6968) IMU: accel=-2.000000 -0.238647 0.612549 gyro=5.847328 -7.099236 250.129776[0m
D (6968) IMU: dt=0.999865[0m
[0;32mI (7958) PWM: 2.292367[0m
D (7968) IMU: accel=-2.000000 -0.239502 0.611084 gyro=5.816794 -7.076336 250.129776[0m
D (7968) IMU: dt=0.999830[0m
[0;32mI (8958) PWM: -0.270207[0m
D (8968) IMU: accel=-2.000000 -0.237671 0.611816 gyro=6.007634 -7.091603 250.129776[0m
D (8968) IMU: dt=0.999830[0m
[0;32mI (9958) PWM: 1.364372[0m
D (9968) IMU: accel=-2.000000 -0.239380 0.607544 gyro=5.854962 -7.099236 250.129776[0m
D (9968) IMU: dt=0.999843[0m
[0;32mI (10958) PWM: 1.725921[0m
D (10968) IMU: accel=-2.000000 -0.239136 0.611206 gyro=5.778626 -7.076336 250.129776[0m
D (10968) IMU: dt=0.999834[0m
[0;31mE (11148) task_wdt: Task watchdog got triggered. The following tasks/users did not reset the watchdog in time:[0m
[0;31mE (11148) task_wdt:  - IDLE1 (CPU 1)[0m
[0;31mE (11148) task_wdt: Tasks currently running:[0m
[0;31mE (11148) task_wdt: CPU 0: IDLE0[0m
[0;31mE (11148) task_wdt: CPU 1: ESC CONTROLLER[0m
[0;31mE (11148) task_wdt: Print CPU 1 backtrace[0m


Backtrace: 0x4008463E:0x3FFB15F0 0x40083279:0x3FFB1610 0x400847B1:0x3FFBC060 0x400D6AE6:0x3FFBC090 0x40084A6D:0x3FFBC0C0 0x40084C53:0x3FFBC0F0 0x400DB449:0x3FFBC110 0x400DAE45:0x3FFBC150 0x400D6A12:0x3FFBC180 0x400D6673:0x3FFBC1F0 0x40087D0D:0x3FFBC210

[0;32mI (11958) PWM: -0.376477[0m
D (11968) IMU: accel=-2.000000 -0.240112 0.614868 gyro=5.679389 -7.022901 250.129776[0m
D (11968) IMU: dt=0.999861[0m
[0;32mI (12968) PWM: 2.031318[0m
D (12978) IMU: accel=-2.000000 -0.239136 0.613892 gyro=5.832061 -7.061069 250.129776[0m
D (12978) IMU: dt=1.009799[0m
[0;32mI (13968) PWM: 0.936394[0m
D (13978) IMU: accel=-2.000000 -0.238770 0.614624 gyro=5.763359 -7.083970 250.129776[0m
D (13978) IMU: dt=0.999832[0m
[0;32mI (14978) PWM: 0.037767[0m
D (14988) IMU: accel=-2.000000 -0.239990 0.618164 gyro=5.801527 -7.083970 250.129776[0m
D (14988) IMU: dt=1.009836[0m
[0;32mI (15978) PWM: 2.234149[0m
D (15988) IMU: accel=-2.000000 -0.239746 0.611328 gyro=5.870229 -7.061069 250.129776[0m
D (15988) IMU: dt=0.999830[0m
[0;31mE (16148) task_wdt: Task watchdog got triggered. The following tasks/users did not reset the watchdog in time:[0m
[0;31mE (16148) task_wdt:  - IDLE1 (CPU 1)[0m
[0;31mE (16148) task_wdt: Tasks currently running:[0m
[0;31mE (16148) task_wdt: CPU 0: IDLE0[0m
[0;31mE (16148) task_wdt: CPU 1: ESC CONTROLLER[0m
[0;31mE (16148) task_wdt: Print CPU 1 backtrace[0m


Backtrace: 0x4008463E:0x3FFB15F0 0x40083279:0x3FFB1610 0x4000BFED:0x3FFBC0D0 0x400880AF:0x3FFBC0E0 0x40087727:0x3FFBC100 0x400DBDC9:0x3FFBC140 0x400D69E6:0x3FFBC180 0x400D6673:0x3FFBC1F0 0x40087D0D:0x3FFBC210

[0;32mI (16988) PWM: 0.251531[0m
D (16998) IMU: accel=-2.000000 -0.240479 0.615967 gyro=5.671756 -7.045802 250.129776[0m
D (16998) IMU: dt=1.009857[0m
[0;32mI (17988) PWM: 0.710291[0m
D (17998) IMU: accel=-2.000000 -0.240356 0.613770 gyro=5.877862 -7.091603 250.129776[0m
D (17998) IMU: dt=0.999809[0m
[0;32mI (18998) PWM: 2.118500[0m
D (19008) IMU: accel=-2.000000 -0.238647 0.609375 gyro=5.847328 -7.061069 250.129776[0m
D (19008) IMU: dt=1.009829[0m
[0;32mI (20008) PWM: -0.258036[0m
D (20018) IMU: accel=-2.000000 -0.238770 0.612183 gyro=5.969466 -7.045802 250.129776[0m
D (20018) IMU: dt=1.009831[0m
