rt user code[0m
[0;32mI (238) cpu_start: cpu freq: 160000000 Hz[0m
D (244) cpu_start: calling init function: 0x400d1694 on core: 0[0m
[ï¿½ets Jul 29 2019 12:21:46

rst:0x1 (POWERON_RESET),boot:0x13 (SPI_FAST_FLASH_BOOT)
configsip: 0, SPIWP:0xee
clk_drv:0x00,q_drv:0x00,d_drv:0x00,cs0_drv:0x00,hd_drv:0x00,wp_drv:0x00
mode:DIO, clock div:2
load:0x3fff0030,len:7172
load:0x40078000,len:15532
load:0x40080400,len:4
load:0x40080404,len:3904
entry 0x40080640
[0;32mI (29) boot: ESP-IDF v5.3-dev-1288-g5524b692ee-dirty 2nd stage bootloader[0m
[0;32mI (29) boot: compile time Jan 27 2024 11:38:47[0m
[0;32mI (32) boot: Multicore bootloader[0m
[0;32mI (36) boot: chip revision: v3.0[0m
[0;32mI (40) boot.esp32: SPI Speed      : 40MHz[0m
[0;32mI (44) boot.esp32: SPI Mode       : DIO[0m
[0;32mI (49) boot.esp32: SPI Flash Size : 2MB[0m
[0;32mI (53) boot: Enabling RNG early entropy source...[0m
[0;32mI (59) boot: Partition Table:[0m
[0;32mI (62) boot: ## Label            Usage          Type ST Offset   Length[0m
[0;32mI (70) boot:  0 nvs              WiFi data        01 02 00009000 00006000[0m
[0;32mI (77) boot:  1 phy_init         RF data          01 01 0000f000 00001000[0m
[0;32mI (84) boot:  2 factory          factory app      00 00 00010000 00100000[0m
[0;32mI (92) boot: End of partition table[0m
[0;32mI (96) esp_image: segment 0: paddr=00010020 vaddr=3f400020 size=0cfach ( 53164) map[0m
[0;32mI (123) esp_image: segment 1: paddr=0001cfd4 vaddr=3ffb0000 size=03044h ( 12356) load[0m
[0;32mI (128) esp_image: segment 2: paddr=00020020 vaddr=400d0020 size=1c078h (114808) map[0m
[0;32mI (168) esp_image: segment 3: paddr=0003c0a0 vaddr=3ffb3044 size=00348h (   840) load[0m
[0;32mI (169) esp_image: segment 4: paddr=0003c3f0 vaddr=40080000 size=0ecd8h ( 60632) load[0m
[0;32mI (205) boot: Loaded app from partition at offset 0x10000[0m
[0;32mI (205) boot: Disabling RNG early entropy source...[0m
[0;32mI (217) cpu_start: Multicore app[0m
D (217) cpu_start: Pro cpu up[0m
D (217) cpu_start: Starting app cpu, entry point is 0x40081178[0m
D (0) cpu_start: App cpu up[0m
D (226) clk: RTC_SLOW_CLK calibration value: 3080128[0m
D (238) cpu_start: calling init function: 0x400d1650 on core: 0[0m
[0;32mI (238) cpu_start: Pro cpu start user code[0m
[0;32mI (238) 