[0;32mI (221) cpu_start: Pro cpu start user code[0m
[0;32mI (221) cpu_start: cpu freq: 160000000 Hz[0m
[0;32mI (221) cpu_start: Applicï¿½ets Jul 29 2019 12:21:46

rst:0x1 (POWERON_RESET),boot:0x13 (SPI_FAST_FLASH_BOOT)
configsip: 0, SPIWP:0xee
clk_drv:0x00,q_drv:0x00,d_drv:0x00,cs0_drv:0x00,hd_drv:0x00,wp_drv:0x00
mode:DIO, clock div:2
load:0x3fff0030,len:7172
load:0x40078000,len:15532
load:0x40080400,len:4
load:0x40080404,len:3904
entry 0x40080640
[0;32mI (29) boot: ESP-IDF v5.3-dev-1288-g5524b692ee-dirty 2nd stage bootloader[0m
[0;32mI (29) boot: compile time Jan 25 2024 13:26:40[0m
[0;32mI (32) boot: Multicore bootloader[0m
[0;32mI (36) boot: chip revision: v3.0[0m
[0;32mI (40) boot.esp32: SPI Speed      : 40MHz[0m
[0;32mI (44) boot.esp32: SPI Mode       : DIO[0m
[0;32mI (49) boot.esp32: SPI Flash Size : 2MB[0m
[0;32mI (53) boot: Enabling RNG early entropy source...[0m
[0;32mI (59) boot: Partition Table:[0m
[0;32mI (62) boot: ## Label            Usage          Type ST Offset   Length[0m
[0;32mI (70) boot:  0 nvs              WiFi data        01 02 00009000 00006000[0m
[0;32mI (77) boot:  1 phy_init         RF data          01 01 0000f000 00001000[0m
[0;32mI (84) boot:  2 factory          factory app      00 00 00010000 00100000[0m
[0;32mI (92) boot: End of partition table[0m
[0;32mI (96) esp_image: segment 0: paddr=00010020 vaddr=3f400020 size=0c448h ( 50248) map[0m
[0;32mI (122) esp_image: segment 1: paddr=0001c470 vaddr=3ffb0000 size=022f8h (  8952) load[0m
[0;32mI (125) esp_image: segment 2: paddr=0001e770 vaddr=40080000 size=018a8h (  6312) load[0m
[0;32mI (130) esp_image: segment 3: paddr=00020020 vaddr=400d0020 size=19a88h (105096) map[0m
[0;32mI (172) esp_image: segment 4: paddr=00039ab0 vaddr=400818a8 size=0d380h ( 54144) load[0m
[0;32mI (201) boot: Loaded app from partition at offset 0x10000[0m
[0;32mI (201) boot: Disabling RNG early entropy source...[0m
[0;32mI (212) cpu_start: Multicore app[0m
[0;32mI (221) cpu_start: Pro cpu start user code[0m
[0;32mI (221) cpu_start: cpu freq: 160000000 Hz[0m
[0;32mI (221) cpu_start: Application information:[0m
[0;32mI (224) cpu_start: Project name:     drone_flight_control[0m
[0;32mI (230) cpu_start: App version:      1[0m
[0;32mI (235) cpu_start: Compile time:     Jan 27 2024 00:12:51[0m
[0;32mI (241) cpu_start: ELF file SHA256:  079c1549b...[0m
[0;32mI (246) cpu_start: ESP-IDF:          v5.3-dev-1288-g5524b692ee-dirty[0m
[0;32mI (253) cpu_start: Min chip rev:     v0.0[0m
[0;32mI (258) cpu_start: Max chip rev:     v3.99 [0m
[0;32mI (263) cpu_start: Chip rev:         v3.0[0m
[0;32mI (268) heap_init: Initializing. RAM available for dynamic allocation:[0m
[0;32mI (275) heap_init: At 3FFAE6E0 len 00001920 (6 KiB): DRAM[0m
[0;32mI (281) heap_init: At 3FFB2C90 len 0002D370 (180 KiB): DRAM[0m
[0;32mI (287) heap_init: At 3FFE0440 len 00003AE0 (14 KiB): D/IRAM[0m
[0;32mI (293) heap_init: At 3FFE4350 len 0001BCB0 (111 KiB): D/IRAM[0m
[0;32mI (300) heap_init: At 4008EC28 len 000113D8 (68 KiB): IRAM[0m
[0;32mI (308) spi_flash: detected chip: generic[0m
[0;32mI (311) spi_flash: flash io: dio[0m
[0;33mW (315) spi_flash: Detected size(4096k) larger than the size in the binary image header(2048k). Using the size in the binary image header.[0m
[0;33mW (328) i2c: This driver is an old driver, please migrate your application code to adapt `driver/i2c_master.h`[0m
[0;32mI (339) main_task: Started on CPU0[0m
[0;32mI (349) main_task: Calling app_main()[0m
[0;32mI (349) PWM: 0.000000[0m
[0;32mI (349) IMU: devid=0x34[0m
[0;32mI (349) IMU: getRate()=0[0m
[0;32mI (349) IMU: getExternalFrameSync()=0[0m
[0;32mI (359) IMU: getDLPFMode()=6[0m
[0;32mI (359) ESC_controller: Create RMT TX channel[0m
[0;32mI (359) IMU: getFullScaleAccelRange()=0[0m
Created RMT TX Channels[0;32mI (369) IMU: getFullScaleGyroRange()=0[0m
[0;32mI (369) gpio: GPIO[33]| InputEn: 0| OutputEn: 1| OpenDrain: 0| Pullup: 1| Pulldown: 0| Intr:0 [0m
[0;32mI (389) gpio: GPIO[25]| InputEn: 0| OutputEn: 1| OpenDrain: 0| Pullup: 1| Pulldown: 0| Intr:0 [0m
[0;32mI (389) gpio: GPIO[32]| InputEn: 0| OutputEn: 1| OpenDrain: 0| Pullup: 1| Pulldown: 0| Intr:0 [0m
[0;32mI (399) gpio: GPIO[26]| InputEn: 0| OutputEn: 1| OpenDrain: 0| Pullup: 1| Pulldown: 0| Intr:0 [0m
[0;32mI (409) ESC_controller: Install Dshot ESC encoder[0m
[0;32mI (419) ESC_controller: Enable RMT TX channel[0m
[0;32mI (419) ESC_controller: Start ESCs by sending zero throttle for a while...[0m
[0;32mI (369) main_task: Returned from app_main()[0m
[0;32mI (1349) PWM: 0.000000[0m
[0;32mI (2349) PWM: 0.000000[0m
[0;32mI (3349) PWM: 0.000000[0m
[0;32mI (4349) PWM: 0.000000[0m
[0;32mI (4389) IMU: roll:0.000000 pitch=0.000000 yaw=0.000000[0m
[0;32mI (4509) IMU: roll:-0.151752 pitch=0.647249 yaw=30.010719[0m
[0;32mI (4629) IMU: roll:0.009463 pitch=1.306107 yaw=60.011559[0m
[0;32mI (4749) IMU: roll:0.521032 pitch=1.779159 yaw=90.002388[0m
[0;32mI (4869) IMU: roll:1.161009 pitch=1.943958 yaw=119.982765[0m
[0;32mI (4989) IMU: roll:1.794555 pitch=1.764466 yaw=149.946320[0m
[0;32mI (5109) IMU: roll:2.264888 pitch=1.293744 yaw=179.895813[0m
[0;32mI (5229) IMU: roll:2.462596 pitch=0.640053 yaw=209.836670[0m
[0;32mI (5349) PWM: 0.000000[0m
[0;32mI (5349) IMU: roll:2.241324 pitch=-0.011048 yaw=239.787079[0m
[0;32mI (5469) IMU: roll:1.766745 pitch=-0.464173 yaw=-90.230751[0m
[0;32mI (5589) IMU: roll:1.107139 pitch=-0.620482 yaw=-60.083656[0m
[0;32mI (5709) IMU: roll:0.491669 pitch=-0.438688 yaw=-30.226418[0m
[0;32mI (5829) IMU: roll:0.076832 pitch=0.018842 yaw=-0.213493[0m
[0;32mI (5949) IMU: roll:-0.055061 pitch=0.629180 yaw=29.794212[0m
[0;32mI (6069) IMU: roll:0.063702 pitch=1.240996 yaw=59.796089[0m
[0;32mI (6189) IMU: roll:0.400008 pitch=1.733479 yaw=89.787285[0m
[0;32mI (6309) IMU: roll:0.992071 pitch=1.974054 yaw=119.920647[0m
[0;32mI (6349) PWM: 0.000000[0m
[0;32mI (6429) IMU: roll:1.709893 pitch=1.860745 yaw=149.735901[0m
[0;32mI (6549) IMU: roll:2.212554 pitch=1.438128 yaw=179.946777[0m
[0;32mI (6669) IMU: roll:2.483354 pitch=0.798623 yaw=209.625854[0m
[0;32mI (6789) IMU: roll:2.399662 pitch=0.093380 yaw=239.723724[0m
[0;32mI (6909) IMU: roll:1.985074 pitch=-0.466970 yaw=-90.463432[0m
[0;32mI (7029) IMU: roll:1.309094 pitch=-0.731800 yaw=-60.470955[0m
[0;32mI (7149) IMU: roll:0.596486 pitch=-0.629834 yaw=-30.460022[0m
[0;32mI (7269) IMU: roll:0.011673 pitch=-0.175189 yaw=-0.444489[0m
[0;32mI (7349) PWM: 0.000000[0m
[0;32mI (7389) IMU: roll:-0.271199 pitch=0.509437 yaw=29.568047[0m
[0;32mI (7509) IMU: roll:-0.090402 pitch=1.220812 yaw=59.571037[0m
[0;32mI (7629) IMU: roll:0.362984 pitch=1.764102 yaw=89.714867[0m
[0;32mI (7749) IMU: roll:1.061447 pitch=1.993462 yaw=119.546989[0m
[0;32mI (7869) IMU: roll:1.729186 pitch=1.862260 yaw=149.512146[0m
[0;32mI (7989) IMU: roll:2.224753 pitch=1.419552 yaw=179.462616[0m
[0;32mI (8109) IMU: roll:2.431154 pitch=0.786100 yaw=209.403503[0m
[0;32mI (8229) IMU: roll:2.361783 pitch=0.110366 yaw=239.350525[0m
[0;32mI (8349) PWM: 0.000000[0m
[0;32mI (8349) IMU: roll:1.906365 pitch=-0.423362 yaw=-90.684654[0m
[0;32mI (8469) IMU: roll:1.268803 pitch=-0.660604 yaw=-60.693428[0m
[0;32mI (8589) IMU: roll:0.609267 pitch=-0.545941 yaw=-30.531479[0m
[0;32mI (8709) IMU: roll:0.067337 pitch=-0.111881 yaw=-0.515831[0m
[0;32mI (8829) IMU: roll:-0.174103 pitch=0.526917 yaw=29.341896[0m
[0;32mI (8949) IMU: roll:-0.039876 pitch=1.193746 yaw=59.343178[0m
[0;32mI (9069) IMU: roll:0.392512 pitch=1.716021 yaw=89.337425[0m
[0;32mI (9189) IMU: roll:1.002487 pitch=1.954627 yaw=119.319038[0m
[0;32mI (9309) IMU: roll:1.632955 pitch=1.865525 yaw=149.285980[0m
[0;32mI (9349) PWM: 0.000000[0m
[0;32mI (9429) IMU: roll:2.216340 pitch=1.452301 yaw=179.238983[0m
[0;32mI (9549) IMU: roll:2.471209 pitch=0.802145 yaw=209.466858[0m
[0;32mI (9669) IMU: roll:2.356245 pitch=0.122280 yaw=239.126495[0m
[0;32mI (9789) IMU: roll:1.878662 pitch=-0.402988 yaw=-90.907356[0m
[0;32mI (9909) IMU: roll:1.287827 pitch=-0.632045 yaw=-60.915337[0m
[0;32mI (10029) IMU: roll:0.639445 pitch=-0.537571 yaw=-30.677353[0m
[0;32mI (10149) IMU: roll:0.109081 pitch=-0.126405 yaw=-0.893570[0m
[0;32mI (10269) IMU: roll:-0.120636 pitch=0.487507 yaw=29.114784[0m
[0;32mI (10349) PWM: 0.000000[0m
[0;32mI (10389) IMU: roll:-0.043686 pitch=1.154283 yaw=59.377922[0m
[0;31mE (10419) task_wdt: Task watchdog got triggered. The following tasks/users did not reset the watchdog in time:[0m
[0;31mE (10419) task_wdt:  - IDLE0 (CPU 0)[0m
[0;31mE (10419) task_wdt: Tasks currently running:[0m
[0;31mE (10419) task_wdt: CPU 0: ESC CONTROLLER[0m
[0;31mE (10419) task_wdt: CPU 1: IDLE1[0m
[0;31mE (10419) task_wdt: Print CPU 0 (current core) backtrace[0m


Backtrace: 0x400D9E3B:0x3FFB0FC0 0x400DA200:0x3FFB0FE0 0x40083235:0x3FFB1010 0x4000BFED:0x3FFBBFB0 0x400895D6:0x3FFBBFC0 0x400879D8:0x3FFBBFE0 0x400DB0EF:0x3FFBC020 0x400DAB7B:0x3FFBC060 0x400D685E:0x3FFBC090 0x400D64C3:0x3FFBC100 0x40087CA9:0x3FFBC120

[0;32mI (10549) IMU: roll:0.545300 pitch=1.791522 yaw=99.047997[0m
[0;32mI (10669) IMU: roll:1.206191 pitch=1.936194 yaw=129.027863[0m
[0;32mI (10789) IMU: roll:1.842212 pitch=1.737263 yaw=158.992249[0m
[0;32mI (10909) IMU: roll:2.202715 pitch=1.272569 yaw=189.092041[0m
[0;32mI (11029) IMU: roll:2.407045 pitch=0.632827 yaw=219.142395[0m
[0;32mI (11149) IMU: roll:2.214976 pitch=0.014395 yaw=249.065125[0m
[0;32mI (11269) IMU: roll:1.801440 pitch=-0.442275 yaw=-80.932869[0m
[0;32mI (11349) PWM: 0.000000[0m
[0;32mI (11389) IMU: roll:1.206398 pitch=-0.638765 yaw=-51.198418[0m
[0;32mI (11509) IMU: roll:0.548196 pitch=-0.497440 yaw=-21.037277[0m
[0;32mI (11629) IMU: roll:0.056389 pitch=-0.047201 yaw=8.825829[0m
[0;32mI (11749) IMU: roll:-0.130349 pitch=0.594976 yaw=39.093880[0m
[0;32mI (11869) IMU: roll:0.037210 pitch=1.226753 yaw=68.835442[0m
[0;32mI (11989) IMU: roll:0.514817 pitch=1.696411 yaw=99.055443[0m
[0;32mI (12109) IMU: roll:1.113881 pitch=1.881524 yaw=129.066742[0m
[0;32mI (12229) IMU: roll:1.738296 pitch=1.741652 yaw=158.772797[0m
[0;32mI (12349) PWM: 0.000000[0m
[0;32mI (12349) IMU: roll:2.202379 pitch=1.291900 yaw=188.723419[0m
