 early entropy source...[0m
[0;32mI (214) cpu_start: Multicore app[0m
D (215) cpu_start: Pro cpu up[0m
D (215) cpu_start: Staï¿½ets Jul 29 2019 12:21:46

rst:0x1 (POWERON_RESET),boot:0x13 (SPI_FAST_FLASH_BOOT)
configsip: 0, SPIWP:0xee
clk_drv:0x00,q_drv:0x00,d_drv:0x00,cs0_drv:0x00,hd_drv:0x00,wp_drv:0x00
mode:DIO, clock div:2
load:0x3fff0030,len:7172
load:0x40078000,len:15532
load:0x40080400,len:4
load:0x40080404,len:3904
entry 0x40080640
[0;32mI (29) boot: ESP-IDF v5.3-dev-1288-g5524b692ee-dirty 2nd stage bootloader[0m
[0;32mI (29) boot: compile time Jan 27 2024 11:38:47[0m
[0;32mI (32) boot: Multicore bootloader[0m
[0;32mI (36) boot: chip revision: v3.0[0m
[0;32mI (40) boot.esp32: SPI Speed      : 40MHz[0m
[0;32mI (44) boot.esp32: SPI Mode       : DIO[0m
[0;32mI (49) boot.esp32: SPI Flash Size : 2MB[0m
[0;32mI (53) boot: Enabling RNG early entropy source...[0m
[0;32mI (59) boot: Partition Table:[0m
[0;32mI (62) boot: ## Label            Usage          Type ST Offset   Length[0m
[0;32mI (70) boot:  0 nvs              WiFi data        01 02 00009000 00006000[0m
[0;32mI (77) boot:  1 phy_init         RF data          01 01 0000f000 00001000[0m
[0;32mI (84) boot:  2 factory          factory app      00 00 00010000 00100000[0m
[0;32mI (92) boot: End of partition table[0m
[0;32mI (96) esp_image: segment 0: paddr=00010020 vaddr=3f400020 size=0caa8h ( 51880) map[0m
[0;32mI (122) esp_image: segment 1: paddr=0001cad0 vaddr=3ffb0000 size=0237ch (  9084) load[0m
[0;32mI (126) esp_image: segment 2: paddr=0001ee54 vaddr=40080000 size=011c4h (  4548) load[0m
[0;32mI (130) esp_image: segment 3: paddr=00020020 vaddr=400d0020 size=1a014h (106516) map[0m
[0;32mI (173) esp_image: segment 4: paddr=0003a03c vaddr=400811c4 size=0db00h ( 56064) load[0m
[0;32mI (203) boot: Loaded app from partition at offset 0x10000[0m
[0;32mI (203) boot: Disabling RNG early entropy source...[0m
[0;32mI (214) cpu_start: Multicore app[0m
D (215) cpu_start: Pro cpu up[0m
D (215) cpu_start: Starting app cpu, entry point is 0x40081178[0m
D (0) cpu_start: App cpu up[0m
D (224) clk: RTC_SLOW_CLK calibration value: 3083955[0m
D (236) cpu_start: calling init function: 0x400d155c on core: 0[0m
[0;32mI (236) cpu_start: Pro cpu start user code[0m
[0;32mI (236) cpu_start: cpu freq: 160000000 Hz[0m
D (242) cpu_start: calling init function: 0x400d15a0 on core: 0[0m
[0;32mI (248) cpu_start: Application information:[0m
[0;32mI (252) cpu_start: Project name:     drone_flight_control[0m
[0;32mI (259) cpu_start: App version:      1[0m
[0;32mI (263) cpu_start: Compile time:     Jan 31 2024 22:48:20[0m
[0;32mI (269) cpu_start: ELF file SHA256:  e33cf0bc1...[0m
[0;32mI (274) cpu_start: ESP-IDF:          v5.3-dev-1288-g5524b692ee-dirty[0m
[0;32mI (281) cpu_start: Min chip rev:     v0.0[0m
[0;32mI (286) cpu_start: Max chip rev:     v3.99 [0m
[0;32mI (291) cpu_start: Chip rev:         v3.0[0m
D (296) cpu_start: calling init function: 0x400d16e8 on core: 0[0m
D (302) memory_layout: Checking 9 reserved memory ranges:[0m
D (307) memory_layout: Reserved memory range 0x3ff82000 - 0x3ff82000[0m
D (314) memory_layout: Reserved memory range 0x3ffae000 - 0x3ffae6e0[0m
D (320) memory_layout: Reserved memory range 0x3ffb0000 - 0x3ffb2d20[0m
D (326) memory_layout: Reserved memory range 0x3ffe0000 - 0x3ffe0440[0m
D (333) memory_layout: Reserved memory range 0x3ffe3f20 - 0x3ffe4350[0m
D (339) memory_layout: Reserved memory range 0x40070000 - 0x40078000[0m
D (346) memory_layout: Reserved memory range 0x40078000 - 0x40080000[0m
D (352) memory_layout: Reserved memory range 0x40080000 - 0x4008ecc4[0m
D (359) memory_layout: Reserved memory range 0x50001fe8 - 0x50002000[0m
D (365) memory_layout: Building list of available memory regions:[0m
D (371) memory_layout: Available memory region 0x3ffae6e0 - 0x3ffb0000[0m
D (378) memory_layout: Available memory region 0x3ffb2d20 - 0x3ffb8000[0m
D (384) memory_layout: Available memory region 0x3ffb8000 - 0x3ffc0000[0m
D (391) memory_layout: Available memory region 0x3ffc0000 - 0x3ffc2000[0m
D (397) memory_layout: Available memory region 0x3ffc2000 - 0x3ffc4000[0m
D (404) memory_layout: Available memory region 0x3ffc4000 - 0x3ffc6000[0m
D (411) memory_layout: Available memory region 0x3ffc6000 - 0x3ffc8000[0m
D (417) memory_layout: Available memory region 0x3ffc8000 - 0x3ffca000[0m
D (424) memory_layout: Available memory region 0x3ffca000 - 0x3ffcc000[0m
D (430) memory_layout: Available memory region 0x3ffcc000 - 0x3ffce000[0m
D (437) memory_layout: Available memory region 0x3ffce000 - 0x3ffd0000[0m
D (444) memory_layout: Available memory region 0x3ffd0000 - 0x3ffd2000[0m
D (450) memory_layout: Available memory region 0x3ffd2000 - 0x3ffd4000[0m
D (457) memory_layout: Available memory region 0x3ffd4000 - 0x3ffd6000[0m
D (463) memory_layout: Available memory region 0x3ffd6000 - 0x3ffd8000[0m
D (470) memory_layout: Available memory region 0x3ffd8000 - 0x3ffda000[0m
D (477) memory_layout: Available memory region 0x3ffda000 - 0x3ffdc000[0m
D (483) memory_layout: Available memory region 0x3ffdc000 - 0x3ffde000[0m
D (490) memory_layout: Available memory region 0x3ffde000 - 0x3ffe0000[0m
D (496) memory_layout: Available memory region 0x3ffe0440 - 0x3ffe3f20[0m
D (503) memory_layout: Available memory region 0x3ffe4350 - 0x3ffe8000[0m
D (510) memory_layout: Available memory region 0x3ffe8000 - 0x3fff0000[0m
D (516) memory_layout: Available memory region 0x3fff0000 - 0x3fff8000[0m
D (523) memory_layout: Available memory region 0x3fff8000 - 0x3fffc000[0m
D (529) memory_layout: Available memory region 0x3fffc000 - 0x40000000[0m
D (536) memory_layout: Available memory region 0x4008ecc4 - 0x40090000[0m
D (543) memory_layout: Available memory region 0x40090000 - 0x40092000[0m
D (549) memory_layout: Available memory region 0x40092000 - 0x40094000[0m
D (556) memory_layout: Available memory region 0x40094000 - 0x40096000[0m
D (562) memory_layout: Available memory region 0x40096000 - 0x40098000[0m
D (569) memory_layout: Available memory region 0x40098000 - 0x4009a000[0m
D (576) memory_layout: Available memory region 0x4009a000 - 0x4009c000[0m
D (582) memory_layout: Available memory region 0x4009c000 - 0x4009e000[0m
D (589) memory_layout: Available memory region 0x4009e000 - 0x400a0000[0m
[0;32mI (595) heap_init: Initializing. RAM available for dynamic allocation:[0m
D (603) heap_init: New heap initialised at 0x3ffae6e0[0m
[0;32mI (608) heap_init: At 3FFAE6E0 len 00001920 (6 KiB): DRAM[0m
D (614) heap_init: New heap initialised at 0x3ffb2d20[0m
[0;32mI (619) heap_init: At 3FFB2D20 len 0002D2E0 (180 KiB): DRAM[0m
[0;32mI (625) heap_init: At 3FFE0440 len 00003AE0 (14 KiB): D/IRAM[0m
[0;32mI (632) heap_init: At 3FFE4350 len 0001BCB0 (111 KiB): D/IRAM[0m
D (638) heap_init: New heap initialised at 0x4008ecc4[0m
[0;32mI (643) heap_init: At 4008ECC4 len 0001133C (68 KiB): IRAM[0m
D (649) cpu_start: calling init function: 0x400d16f4 on core: 0[0m
D (655) cpu_start: calling init function: 0x400d3d78 on core: 0[0m
D (661) cpu_start: calling init function: 0x400e866c on core: 0[0m
D (667) cpu_start: calling init function: 0x400d1700 on core: 0[0m
D (674) intr_alloc: Connected src 46 to int 2 (cpu 0)[0m
D (678) cpu_start: calling init function: 0x400d170c on core: 0[0m
D (684) cpu_start: calling init function: 0x400d54a8 on core: 0[0m
D (690) cpu_start: calling init function: 0x400d6694 on core: 0[0m
D (696) cpu_start: calling init function: 0x400d3de4 on core: 0[0m
D (703) cpu_start: calling init function: 0x400d1718 on core: 0[0m
D (708) cpu_start: calling init function: 0x400d1724 on core: 0[0m
D (714) spi_flash: trying chip: issi[0m
D (718) spi_flash: trying chip: gd[0m
D (721) spi_flash: trying chip: mxic[0m
D (725) spi_flash: trying chip: winbond[0m
D (729) spi_flash: trying chip: generic[0m
[0;32mI (733) spi_flash: detected chip: generic[0m
[0;32mI (738) spi_flash: flash io: dio[0m
[0;33mW (741) spi_flash: Detected size(4096k) larger than the size in the binary image header(2048k). Using the size in the binary image header.[0m
D (755) cpu_start: calling init function: 0x400e8674 on core: 0[0m
D (761) cpu_start: calling init function: 0x400dd398[0m
[0;33mW (766) i2c: This driver is an old driver, please migrate your application code to adapt `driver/i2c_master.h`[0m
D (776) cpu_start: calling init function: 0x400d7540[0m
D (781) cpu_start: calling init function: 0x4008613c[0m
D (786) cpu_start: calling init function: 0x400d27b8[0m
D (792) cpu_start: calling init function: 0x400d1cbc[0m
D (796) cpu_start: calling init function: 0x400d13c4[0m
D (802) cpu_start: calling init function: 0x400d42d8 on core: 0[0m
D (808) intr_alloc: Connected src 17 to int 3 (cpu 0)[0m
D (813) cpu_start: calling init function: 0x400d174c on core: 0[0m
D (819) intr_alloc: Connected src 24 to int 9 (cpu 0)[0m
D (824) app_start: Starting scheduler on CPU0[0m
[0;32D (828) intr_alloc: Connected src 25 to int 2 (cpu 1)[0m
D (828) app_start: Starting scheduler on CPU1[0m
mI (828) main_task: Started on CPU0[0m
D (848) heap_init: New heap initialised at 0x3ffe0440[0m
D (848) heap_init: New heap initialised at 0x3ffe4350[0m
D (848) intr_alloc: Connected src 16 to int 12 (cpu 0)[0m
[0;32mI (848) main_task: Calling app_main()[0m
D (858) intr_alloc: Connected src 49 to int 13 (cpu 0)[0m
[0;32mI (868) IMU: devid=0x34[0m
[0;32mI (868) IMU: getRate()=0[0m
[0;32mI (868) IMU: getExternalFrameSync()=0[0m
[0;32mI (868) IMU: getDLPFMode()=6[0m
[0;32mI (878) ESC_controller: Create RMT TX channel[0m
Created RMT TX ChannelsD (878) rmt: new group(0) at 0x3ffbc848, occupy=ffffff00[0m
D (888) intr_alloc: Connected src 47 to int 17 (cpu 0)[0m
[0;32mI (888) IMU: getFullScaleAccelRange()=0[0m
D (898) rmt: group clock resolution:80000000[0m
[0;32mI (898) IMU: getFullScaleGyroRange()=0[0m
[0;32mI (898) gpio: GPIO[32]| InputEn: 0| OutputEn: 1| OpenDrain: 0| Pullup: 1| Pulldown: 0| Intr:0 [0m
[0;32mI (908) IMU: roll=0.115024 pitch=-0.037196 yaw=0.108246[0m
[0;32mI (908) PWM: ouput_roll:-0.925940 _outputpitch=0.319141 output_yaw=-0.330150[0m
D (918) rmt: new tx channel(0,0) at 0x3ffbc4c8, gpio=32, res=40000000Hz, hw_mem_base=0x3ff56800, dma_mem_base=0x0, dma_nodes_nc=0x0,ping_pong_size=32, queue_depth=10[0m
D (948) intr_alloc: Connected src 47 to int 17 (cpu 0)[0m
D (948) rmt: group clock resolution:80000000[0m
[0;32mI (958) gpio: GPIO[26]| InputEn: 0| OutputEn: 1| OpenDrain: 0| Pullup: 1| Pulldown: 0| Intr:0 [0m
D (968) rmt: new tx channel(0,1) at 0x3ffbca18, gpio=26, res=40000000Hz, hw_mem_base=0x3ff56900, dma_mem_base=0x0, dma_nodes_nc=0x0,ping_pong_size=32, queue_depth=10[0m
D (978) intr_alloc: Connected src 47 to int 17 (cpu 0)[0m
D (988) rmt: group clock resolution:80000000[0m
[0;32mI (988) gpio: GPIO[33]| InputEn: 0| OutputEn: 1| OpenDrain: 0| Pullup: 1| Pulldown: 0| Intr:0 [0m
D (998) rmt: new tx channel(0,2) at 0x3ffbcd6c, gpio=33, res=40000000Hz, hw_mem_base=0x3ff56a00, dma_mem_base=0x0, dma_nodes_nc=0x0,ping_pong_size=32, queue_depth=10[0m
D (1008) intr_alloc: Connected src 47 to int 17 (cpu 0)[0m
[0;32mI (1018) IMU: roll=4.162205 pitch=0.526482 yaw=3.708710[0m
D (1018) rmt: group clock resolution:80000000[0m
[0;32mI (1028) PWM: ouput_roll:-33.281456 _outputpitch=-4.570032 output_yaw=-11.208731[0m
[0;32mI (1028) gpio: GPIO[25]| InputEn: 0| OutputEn: 1| OpenDrain: 0| Pullup: 1| Pulldown: 0| Intr:0 [0m
D (1048) rmt: new tx channel(0,3) at 0x3ffbd0c0, gpio=25, res=40000000Hz, hw_mem_base=0x3ff56b00, dma_mem_base=0x0, dma_nodes_nc=0x0,ping_pong_size=32, queue_depth=10[0m
[0;32mI (1058) ESC_controller: Install Dshot ESC encoder[0m
D (1068) rmt: new bytes encoder @0x3ffbd434[0m
D (1068) rmt: new copy encoder @0x3ffbd458[0m
D (1078) rmt: new bytes encoder @0x3ffbd48c[0m
D (1078) rmt: new copy encoder @0x3ffbd4b0[0m
D (1078) rmt: new bytes encoder @0x3ffbd4e4[0m
D (1088) rmt: new copy encoder @0x3ffbd508[0m
D (1088) rmt: new bytes encoder @0x3ffbd53c[0m
D (1098) rmt: new copy encoder @0x3ffbd560[0m
[0;32mI (1098) ESC_controller: Enable RMT TX channel[0m
[0;32mI (1108) ESC_controller: Start ESCs by sending zero throttle for a while...[0m
[0;32mI (898) main_task: Returned from app_main()[0m
[0;32mI (1128) IMU: roll=6.189538 pitch=0.510818 yaw=5.321182[0m
[0;32mI (1128) PWM: ouput_roll:-41.715233 _outputpitch=-3.632241 output_yaw=-12.711744[0m
[0;32mI (1228) IMU: roll=7.601515 pitch=0.102837 yaw=6.471451[0m
[0;32mI (1228) PWM: ouput_roll:-49.336456 _outputpitch=-0.196126 output_yaw=-14.873650[0m
[0;32mI (1328) IMU: roll=8.128397 pitch=-0.898001 yaw=6.430878[0m
[0;32mI (1328) PWM: ouput_roll:-51.133980 _outputpitch=7.770870 output_yaw=-13.923205[0m
[0;32mI (1428) IMU: roll=8.229624 pitch=-2.890577 yaw=5.679657[0m
[0;32mI (1428) PWM: ouput_roll:-51.301510 _outputpitch=23.437756 output_yaw=-11.994100[0m
[0;32mI (1528) IMU: roll=8.831638 pitch=-3.663454 yaw=5.927094[0m
[0;32mI (1628) IMU: roll=9.439485 pitch=-4.036992 yaw=6.323959[0m
