u_start: Multicore app[0m
D (215) cpu_start: Pro cpu up[0m
D (215) cpu_start: Starting app cpu, entry point is 0x40081178[0m
Dï¿½ets Jul 29 2019 12:21:46

rst:0x1 (POWERON_RESET),boot:0x13 (SPI_FAST_FLASH_BOOT)
configsip: 0, SPIWP:0xee
clk_drv:0x00,q_drv:0x00,d_drv:0x00,cs0_drv:0x00,hd_drv:0x00,wp_drv:0x00
mode:DIO, clock div:2
load:0x3fff0030,len:7172
load:0x40078000,len:15532
load:0x40080400,len:4
load:0x40080404,len:3904
entry 0x40080640
[0;32mI (29) boot: ESP-IDF v5.3-dev-1288-g5524b692ee-dirty 2nd stage bootloader[0m
[0;32mI (29) boot: compile time Jan 27 2024 11:38:47[0m
[0;32mI (32) boot: Multicore bootloader[0m
[0;32mI (36) boot: chip revision: v3.0[0m
[0;32mI (40) boot.esp32: SPI Speed      : 40MHz[0m
[0;32mI (44) boot.esp32: SPI Mode       : DIO[0m
[0;32mI (49) boot.esp32: SPI Flash Size : 2MB[0m
[0;32mI (53) boot: Enabling RNG early entropy source...[0m
[0;32mI (59) boot: Partition Table:[0m
[0;32mI (62) boot: ## Label            Usage          Type ST Offset   Length[0m
[0;32mI (70) boot:  0 nvs              WiFi data        01 02 00009000 00006000[0m
[0;32mI (77) boot:  1 phy_init         RF data          01 01 0000f000 00001000[0m
[0;32mI (84) boot:  2 factory          factory app      00 00 00010000 00100000[0m
[0;32mI (92) boot: End of partition table[0m
[0;32mI (96) esp_image: segment 0: paddr=00010020 vaddr=3f400020 size=0ca68h ( 51816) map[0m
[0;32mI (122) esp_image: segment 1: paddr=0001ca90 vaddr=3ffb0000 size=0237ch (  9084) load[0m
[0;32mI (126) esp_image: segment 2: paddr=0001ee14 vaddr=40080000 size=01204h (  4612) load[0m
[0;32mI (130) esp_image: segment 3: paddr=00020020 vaddr=400d0020 size=19fd4h (106452) map[0m
[0;32mI (173) esp_image: segment 4: paddr=00039ffc vaddr=40081204 size=0dac0h ( 56000) load[0m
[0;32mI (203) boot: Loaded app from partition at offset 0x10000[0m
[0;32mI (203) boot: Disabling RNG early entropy source...[0m
[0;32mI (214) cpu_start: Multicore app[0m
D (215) cpu_start: Pro cpu up[0m
D (215) cpu_start: Starting app cpu, entry point is 0x40081178[0m
D (0) cpu_start: App cpu up[0m
D (224) clk: RTC_SLOW_CLK calibration value: 3061453[0m
D (236) cpu_start: calling init function: 0x400d1550 on core: 0[0m
[0;32mI (236) cpu_start: Pro cpu start user code[0m
[0;32mI (236) cpu_start: cpu freq: 160000000 Hz[0m
D (242) cpu_start: calling init function: 0x400d1594 on core: 0[0m
[0;32mI (248) cpu_start: Application information:[0m
[0;32mI (252) cpu_start: Project name:     drone_flight_control[0m
[0;32mI (258) cpu_start: App version:      1[0m
[0;32mI (263) cpu_start: Compile time:     Jan 31 2024 22:48:20[0m
[0;32mI (269) cpu_start: ELF file SHA256:  f6c4544b2...[0m
[0;32mI (274) cpu_start: ESP-IDF:          v5.3-dev-1288-g5524b692ee-dirty[0m
[0;32mI (281) cpu_start: Min chip rev:     v0.0[0m
[0;32mI (286) cpu_start: Max chip rev:     v3.99 [0m
[0;32mI (291) cpu_start: Chip rev:         v3.0[0m
D (296) cpu_start: calling init function: 0x400d16dc on core: 0[0m
D (302) memory_layout: Checking 9 reserved memory ranges:[0m
D (307) memory_layout: Reserved memory range 0x3ff82000 - 0x3ff82000[0m
D (313) memory_layout: Reserved memory range 0x3ffae000 - 0x3ffae6e0[0m
D (320) memory_layout: Reserved memory range 0x3ffb0000 - 0x3ffb2d20[0m
D (326) memory_layout: Reserved memory range 0x3ffe0000 - 0x3ffe0440[0m
D (333) memory_layout: Reserved memory range 0x3ffe3f20 - 0x3ffe4350[0m
D (339) memory_layout: Reserved memory range 0x40070000 - 0x40078000[0m
D (346) memory_layout: Reserved memory range 0x40078000 - 0x40080000[0m
D (352) memory_layout: Reserved memory range 0x40080000 - 0x4008ecc4[0m
D (358) memory_layout: Reserved memory range 0x50001fe8 - 0x50002000[0m
D (365) memory_layout: Building list of available memory regions:[0m
D (371) memory_layout: Available memory region 0x3ffae6e0 - 0x3ffb0000[0m
D (378) memory_layout: Available memory region 0x3ffb2d20 - 0x3ffb8000[0m
D (384) memory_layout: Available memory region 0x3ffb8000 - 0x3ffc0000[0m
D (391) memory_layout: Available memory region 0x3ffc0000 - 0x3ffc2000[0m
D (397) memory_layout: Available memory region 0x3ffc2000 - 0x3ffc4000[0m
D (404) memory_layout: Available memory region 0x3ffc4000 - 0x3ffc6000[0m
D (411) memory_layout: Available memory region 0x3ffc6000 - 0x3ffc8000[0m
D (417) memory_layout: Available memory region 0x3ffc8000 - 0x3ffca000[0m
D (424) memory_layout: Available memory region 0x3ffca000 - 0x3ffcc000[0m
D (430) memory_layout: Available memory region 0x3ffcc000 - 0x3ffce000[0m
D (437) memory_layout: Available memory region 0x3ffce000 - 0x3ffd0000[0m
D (444) memory_layout: Available memory region 0x3ffd0000 - 0x3ffd2000[0m
D (450) memory_layout: Available memory region 0x3ffd2000 - 0x3ffd4000[0m
D (457) memory_layout: Available memory region 0x3ffd4000 - 0x3ffd6000[0m
D (463) memory_layout: Available memory region 0x3ffd6000 - 0x3ffd8000[0m
D (470) memory_layout: Available memory region 0x3ffd8000 - 0x3ffda000[0m
D (477) memory_layout: Available memory region 0x3ffda000 - 0x3ffdc000[0m
D (483) memory_layout: Available memory region 0x3ffdc000 - 0x3ffde000[0m
D (490) memory_layout: Available memory region 0x3ffde000 - 0x3ffe0000[0m
D (496) memory_layout: Available memory region 0x3ffe0440 - 0x3ffe3f