[0;32mI (221) cpu_start: Pro cpu start user code[0m
[0;32mI (221) cpu_startï¿½ets Jul 29 2019 12:21:46

rst:0x1 (POWERON_RESET),boot:0x13 (SPI_FAST_FLASH_BOOT)
configsip: 0, SPIWP:0xee
clk_drv:0x00,q_drv:0x00,d_drv:0x00,cs0_drv:0x00,hd_drv:0x00,wp_drv:0x00
mode:DIO, clock div:2
load:0x3fff0030,len:7172
load:0x40078000,len:15532
load:0x40080400,len:4
load:0x40080404,len:3904
entry 0x40080640
[0;32mI (29) boot: ESP-IDF v5.3-dev-1288-g5524b692ee-dirty 2nd stage bootloader[0m
[0;32mI (29) boot: compile time Jan 25 2024 13:26:40[0m
[0;32mI (32) boot: Multicore bootloader[0m
[0;32mI (36) boot: chip revision: v3.0[0m
[0;32mI (40) boot.esp32: SPI Speed      : 40MHz[0m
[0;32mI (44) boot.esp32: SPI Mode       : DIO[0m
[0;32mI (49) boot.esp32: SPI Flash Size : 2MB[0m
[0;32mI (53) boot: Enabling RNG early entropy source...[0m
[0;32mI (59) boot: Partition Table:[0m
[0;32mI (62) boot: ## Label            Usage          Type ST Offset   Length[0m
[0;32mI (70) boot:  0 nvs              WiFi data        01 02 00009000 00006000[0m
[0;32mI (77) boot:  1 phy_init         RF data          01 01 0000f000 00001000[0m
[0;32mI (84) boot:  2 factory          factory app      00 00 00010000 00100000[0m
[0;32mI (92) boot: End of partition table[0m
[0;32mI (96) esp_image: segment 0: paddr=00010020 vaddr=3f400020 size=0c4f8h ( 50424) map[0m
[0;32mI (122) esp_image: segment 1: paddr=0001c520 vaddr=3ffb0000 size=022f8h (  8952) load[0m
[0;32mI (126) esp_image: segment 2: paddr=0001e820 vaddr=40080000 size=017f8h (  6136) load[0m
[0;32mI (130) esp_image: segment 3: paddr=00020020 vaddr=400d0020 size=19ac8h (105160) map[0m
[0;32mI (172) esp_image: segment 4: paddr=00039af0 vaddr=400817f8 size=0d430h ( 54320) load[0m
[0;32mI (201) boot: Loaded app from partition at offset 0x10000[0m
[0;32mI (201) boot: Disabling RNG early entropy source...[0m
[0;32mI (213) cpu_start: Multicore app[0m
[0;32mI (221) cpu_start: Pro cpu start user code[0m
[0;32mI (221) cpu_start: cpu freq: 160000000 Hz[0m
[0;32mI (222) cpu_start: Application information:[0m
[0;32mI (225) cpu_start: Project name:     drone_flight_control[0m
[0;32mI (231) cpu_start: App version:      1[0m
[0;32mI (235) cpu_start: Compile time:     Jan 25 2024 16:45:39[0m
[0;32mI (241) cpu_start: ELF file SHA256:  e32882600...[0m
[0;32mI (246) cpu_start: ESP-IDF:          v5.3-dev-1288-g5524b692ee-dirty[0m
[0;32mI (253) cpu_start: Min chip rev:     v0.0[0m
[0;32mI (258) cpu_start: Max chip rev:     v3.99 [0m
[0;32mI (263) cpu_start: Chip rev:         v3.0[0m
[0;32mI (268) heap_init: Initializing. RAM available for dynamic allocation:[0m
[0;32mI (275) heap_init: At 3FFAE6E0 len 00001920 (6 KiB): DRAM[0m
[0;32mI (281) heap_init: At 3FFB2C90 len 0002D370 (180 KiB): DRAM[0m
[0;32mI (287) heap_init: At 3FFE0440 len 00003AE0 (14 KiB): D/IRAM[0m
[0;32mI (294) heap_init: At 3FFE4350 len 0001BCB0 (111 KiB): D/IRAM[0m
[0;32mI (300) heap_init: At 4008EC28 len 000113D8 (68 KiB): IRAM[0m
[0;32mI (308) spi_flash: detected chip: generic[0m
[0;32mI (311) spi_flash: flash io: dio[0m
[0;33mW (315) spi_flash: Detected size(4096k) larger than the size in the binary image header(2048k). Using the size in the binary image header.[0m
[0;33mW (328) i2c: This driver is an old driver, please migrate your application code to adapt `driver/i2c_master.h`[0m
[0;32mI (339) main_task: Started on CPU0[0m
[0;32mI (349) main_task: Calling app_main()[0m
Done with i2c[0;32mI (349) IMU: I have entered MPU CODE[0m
[0;32mI (349) PWM: Hi we are finally in the LOOP[0m
[0;32mI (349) IMU: devid=0x34[0m
[0;32mI (359) IMU: I have entered MPU CODE[0m
[0;32mI (359) IMU: getRate()=0[0m
[0;32mI (359) ESC_controller: Create RMT TX channel[0m
[0;32mI (359) IMU: devid=0x34[0m
[0;32mI (359) IMU: getExternalFrameSync()=0[0m
Created RMT TX Channels[0;32mI (369) IMU: getRate()=0[0m
[0;32mI (379) gpio: GPIO[33]| InputEn: 0| OutputEn: 1| OpenDrain: 0| Pullup: 1| Pulldown: 0| Intr:0 [0m
[0;32mI (379) IMU: getDLPFMode()=6[0m
[0;32mI (379) IMU: getExternalFrameSync()=0[0m
[0;32mI (389) gpio: GPIO[25]| InputEn: 0| OutputEn: 1| OpenDrain: 0| Pullup: 1| Pulldown: 0| Intr:0 [0m
[0;32mI (389) IMU: getFullScaleAccelRange()=0[0m
[0;32mI (399) IMU: getDLPFMode()=6[0m
[0;32mI (409) gpio: GPIO[32]| InputEn: 0| OutputEn: 1| OpenDrain: 0| Pullup: 1| Pulldown: 0| Intr:0 [0m
[0;32mI (409) IMU: getFullScaleGyroRange()=0[0m
[0;32mI (419) IMU: getFullScaleAccelRange()=0[0m
[0;32mI (429) gpio: GPIO[26]| InputEn: 0| OutputEn: 1| OpenDrain: 0| Pullup: 1| Pulldown: 0| Intr:0 [0m
[0;32mI (429) IMU: getFullScaleGyroRange()=0[0m
[0;32mI (439) ESC_controller: Install Dshot ESC encoder[0m
[0;32mI (359) main_task: Returned from app_main()[0m
[0;32mI (449) ESC_controller: Enable RMT TX channel[0m
[0;32mI (459) ESC_controller: Start ESCs by sending zero throttle for a while...[0m
[0;32mI (4449) IMU: roll:0.000000 pitch=0.000000 yaw=0.000000[0m
[0;32mI (4459) IMU: roll:0.000000 pitch=0.000000 yaw=0.000000[0m
[0;32mI (4569) IMU: roll:-1.106331 pitch=0.232495 yaw=60.012184[0m
[0;32mI (4579) IMU: roll:-1.094405 pitch=0.280463 yaw=60.014923[0m
[0;32mI (4689) IMU: roll:-1.453049 pitch=1.303765 yaw=120.034012[0m
[0;32mI (4699) IMU: roll:-1.393884 pitch=1.366036 yaw=120.034561[0m
[0;32mI (4809) IMU: roll:-0.691438 pitch=2.132606 yaw=180.017212[0m
[0;32mI (4819) IMU: roll:-0.597433 pitch=2.160837 yaw=180.016205[0m
[0;32mI (4929) IMU: roll:0.379077 pitch=1.902297 yaw=239.954300[0m
[0;32mI (4939) IMU: roll:0.461224 pitch=1.884030 yaw=239.950882[0m
[0;32mI (5049) IMU: roll:0.721318 pitch=0.855758 yaw=299.856384[0m
[0;32mI (5059) IMU: roll:0.757794 pitch=0.823298 yaw=299.852966[0m
[0;32mI (5169) IMU: roll:-0.020929 pitch=0.039655 yaw=-0.199265[0m
[0;32mI (5179) IMU: roll:-0.018586 pitch=0.040290 yaw=-0.199310[0m
[0;32mI (5289) IMU: roll:-1.076275 pitch=0.265281 yaw=59.808929[0m
[0;32mI (5299) IMU: roll:-1.062823 pitch=0.312117 yaw=59.810081[0m
[0;32mI (5409) IMU: roll:-1.405552 pitch=1.294796 yaw=119.820404[0m
[0;32mI (5419) IMU: roll:-1.346927 pitch=1.355012 yaw=119.820908[0m
[0;32mI (5469) ESC_controller: Increase throttle, no telemetry[0m
[0;32mI (5589) IMU: roll:-0.584794 pitch=2.119570 yaw=179.477127[0m
[0;32mI (5749) IMU: roll:0.141035 pitch=2.054148 yaw=219.438187[0m
[0;32mI (5889) IMU: roll:0.510986 pitch=1.685287 yaw=251.892380[0m
[0;32mI (5909) IMU: roll:0.650532 pitch=1.539594 yaw=259.371094[0m
[0;32mI (6099) IMU: roll:0.621954 pitch=0.606895 yaw=311.769348[0m
[0;32mI (6279) IMU: roll:0.004488 pitch=0.094259 yaw=-3.274673[0m
[0;32mI (6459) IMU: roll:-0.787053 pitch=0.161718 yaw=41.716988[0m
[0;32mI (6549) IMU: roll:-1.084867 pitch=0.334607 yaw=61.544235[0m
[0;32mI (6649) IMU: roll:-1.321755 pitch=0.896736 yaw=93.865112[0m
[0;32mI (6819) IMU: roll:-1.173683 pitch=1.633674 yaw=136.528793[0m
[0;32mI (6999) IMU: roll:-0.530022 pitch=2.086370 yaw=181.499161[0m
[0;32mI (7179) IMU: roll:0.239244 pitch=1.956045 yaw=226.443466[0m
[0;32mI (7209) IMU: roll:0.191638 pitch=1.941718 yaw=228.943130[0m
[0;32mI (7369) IMU: roll:0.701656 pitch=1.197300 yaw=278.496216[0m
[0;32mI (7539) IMU: roll:0.498933 pitch=0.490264 yaw=321.103394[0m
[0;32mI (7719) IMU: roll:-0.165464 pitch=0.096669 yaw=6.067245[0m
[0;32mI (7869) IMU: roll:-0.764359 pitch=0.158608 yaw=40.890045[0m
[0;32mI (7889) IMU: roll:-0.868522 pitch=0.258816 yaw=48.387527[0m
[0;32mI (8079) IMU: roll:-1.300760 pitch=1.028827 yaw=100.878128[0m
[0;32mI (8259) IMU: roll:-1.047385 pitch=1.747869 yaw=145.862106[0m
[0;32mI (8439) IMU: roll:-0.361063 pitch=2.077826 yaw=190.827255[0m
[0;32mI (8529) IMU: roll:-0.115873 pitch=2.034656 yaw=210.632370[0m
[0;32mI (8629) IMU: roll:0.438477 pitch=1.742468 yaw=242.897568[0m
[0;32mI (8799) IMU: roll:0.671641 pitch=1.068717 yaw=285.497314[0m
[0;32mI (8979) IMU: roll:0.363357 pitch=0.382777 yaw=330.433044[0m
[0;32mI (9159) IMU: roll:-0.335977 pitch=0.114659 yaw=15.404892[0m
[0;32mI (9189) IMU: roll:-0.383583 pitch=0.100333 yaw=17.904617[0m
[0;32mI (9349) IMU: roll:-1.086278 pitch=0.516047 yaw=67.549446[0m
[0;32mI (9519) IMU: roll:-1.260503 pitch=1.193249 yaw=110.219162[0m
[0;32mI (9699) IMU: roll:-0.901221 pitch=1.835961 yaw=155.199722[0m
[0;32mI (9849) IMU: roll:-0.455800 pitch=2.023926 yaw=190.001541[0m
[0;32mI (9869) IMU: roll:-0.241883 pitch=2.041394 yaw=197.487808[0m
[0;32mI (10059) IMU: roll:0.484096 pitch=1.619031 yaw=249.901443[0m
[0;32mI (10239) IMU: roll:0.618877 pitch=0.909515 yaw=294.823975[0m
[0;32mI (10419) IMU: roll:0.212763 pitch=0.310683 yaw=-20.232483[0m
[0;31mE (10459) task_wdt: Task watchdog got triggered. The following tasks/users did not reset the watchdog in time:[0m
[0;31mE (10459) task_wdt:  - IDLE1 (CPU 1)[0m
[0;31mE (10459) task_wdt: Tasks currently running:[0m
[0;31mE (10459) task_wdt: CPU 0: IDLE0[0m
[0;31mE (10459) task_wdt: CPU 1: ESC CONTROLLER[0m
[0;31mE (10459) task_wdt: Print CPU 1 backtrace[0m


Backtrace: 0x400845DA:0x3FFB15F0 0x40083235:0x3FFB1610 0x4000BFED:0x3FFBBFF0 0x4008804B:0x3FFBC000 0x400DAF95:0x3FFBC020 0x400DABF3:0x3FFBC050 0x400D6874:0x3FFBC080 0x400D64D3:0x3FFBC0F0 0x40087CA9:0x3FFBC110

[0;32mI (10509) IMU: roll:-0.210576 pitch=0.153780 yaw=7.005066[0m
[0;32mI (10639) IMU: roll:-0.916145 pitch=0.386319 yaw=54.278816[0m
[0;32mI (10799) IMU: roll:-1.217158 pitch=0.942020 yaw=94.283768[0m
[0;32mI (10969) IMU: roll:-1.068568 pitch=1.597920 yaw=136.945160[0m
[0;32mI (11149) IMU: roll:-0.481506 pitch=1.987735 yaw=181.914307[0m
[0;32mI (11179) IMU: roll:-0.529112 pitch=1.973408 yaw=184.413986[0m
[0;32mI (11339) IMU: roll:0.292093 pitch=1.781513 yaw=233.992538[0m
[0;32mI (11509) IMU: roll:0.595666 pitch=1.201322 yaw=276.596619[0m
[0;32mI (11689) IMU: roll:0.400380 pitch=0.535137 yaw=321.529053[0m
[0;32mI (11839) IMU: roll:-0.056455 pitch=0.232852 yaw=-3.671478[0m
[0;32mI (11859) IMU: roll:-0.159853 pitch=0.209646 yaw=3.820450[0m
[0;32mI (12049) IMU: roll:-0.911266 pitch=0.438910 yaw=56.301231[0m
[0;32mI (12229) IMU: roll:-1.186821 pitch=1.056402 yaw=101.294846[0m
[0;32mI (12409) IMU: roll:-0.940122 pitch=1.688693 yaw=146.276993[0m
[0;32mI (12499) IMU: roll:-0.779442 pitch=1.834229 yaw=166.091537[0m
[0;32mI (12599) IMU: roll:-0.222156 pitch=1.959898 yaw=198.377975[0m
[0;32mI (12769) IMU: roll:0.340803 pitch=1.677604 yaw=240.993271[0m
[0;32mI (12949) IMU: roll:0.561079 pitch=1.051515 yaw=285.919922[0m
[0;32mI (13129) IMU: roll:0.278635 pitch=0.455129 yaw=330.859558[0m
[0;32mI (13159) IMU: roll:0.231029 pitch=0.440803 yaw=333.359253[0m
[0;32mI (13319) IMU: roll:-0.451064 pitch=0.244555 yaw=22.977417[0m
[0;32mI (13489) IMU: roll:-0.984002 pitch=0.563153 yaw=65.646095[0m
[0;32mI (13669) IMU: roll:-1.150165 pitch=1.197704 yaw=110.637787[0m
[0;32mI (13819) IMU: roll:-1.002356 pitch=1.619485 yaw=145.451645[0m
[0;32mI (13839) IMU: roll:-0.849825 pitch=1.738862 yaw=152.943039[0m
[0;32mI (14029) IMU: roll:-0.118508 pitch=1.916870 yaw=205.385117[0m
[0;32mI (14209) IMU: roll:0.409622 pitch=1.549076 yaw=250.320358[0m
[0;32mI (14389) IMU: roll:0.507837 pitch=0.919748 yaw=295.248108[0m
[0;32mI (14479) IMU: roll:0.363707 pitch=0.672015 yaw=315.049683[0m
[0;32mI (14579) IMU: roll:0.057580 pitch=0.355131 yaw=-12.663651[0m
