on at offset 0x10000[0m
[0;32mI (205) boot: Disabling RNG early entropy source...[0m
[0;32mI (217) cpu_start: Multicore app[0m
D (217) cpu_start: Pro cpu up[0ï¿½ets Jul 29 2019 12:21:46

rst:0x1 (POWERON_RESET),boot:0x13 (SPI_FAST_FLASH_BOOT)
configsip: 0, SPIWP:0xee
clk_drv:0x00,q_drv:0x00,d_drv:0x00,cs0_drv:0x00,hd_drv:0x00,wp_drv:0x00
mode:DIO, clock div:2
load:0x3fff0030,len:7172
load:0x40078000,len:15532
load:0x40080400,len:4
load:0x40080404,len:3904
entry 0x40080640
[0;32mI (29) boot: ESP-IDF v5.3-dev-1288-g5524b692ee-dirty 2nd stage bootloader[0m
[0;32mI (29) boot: compile time Jan 27 2024 11:38:47[0m
[0;32mI (32) boot: Multicore bootloader[0m
[0;32mI (36) boot: chip revision: v3.0[0m
[0;32mI (40) boot.esp32: SPI Speed      : 40MHz[0m
[0;32mI (44) boot.esp32: SPI Mode       : DIO[0m
[0;32mI (49) boot.esp32: SPI Flash Size : 2MB[0m
[0;32mI (53) boot: Enabling RNG early entropy source...[0m
[0;32mI (59) boot: Partition Table:[0m
[0;32mI (62) boot: ## Label            Usage          Type ST Offset   Length[0m
[0;32mI (70) boot:  0 nvs              WiFi data        01 02 00009000 00006000[0m
[0;32mI (77) boot:  1 phy_init         RF data          01 01 0000f000 00001000[0m
[0;32mI (84) boot:  2 factory          factory app      00 00 00010000 00100000[0m
[0;32mI (92) boot: End of partition table[0m
[0;32mI (96) esp_image: segment 0: paddr=00010020 vaddr=3f400020 size=0cfach ( 53164) map[0m
[0;32mI (123) esp_image: segment 1: paddr=0001cfd4 vaddr=3ffb0000 size=03044h ( 12356) load[0m
[0;32mI (128) esp_image: segment 2: paddr=00020020 vaddr=400d0020 size=1c078h (114808) map[0m
[0;32mI (168) esp_image: segment 3: paddr=0003c0a0 vaddr=3ffb3044 size=00338h (   824) load[0m
[0;32mI (169) esp_image: segment 4: paddr=0003c3e0 vaddr=40080000 size=0ecd8h ( 60632) load[0m
[0;32mI (205) boot: Loaded app from partition at offset 0x10000[0m
[0;32mI (205) boot: Disabling RNG early entropy source...[0m
[0;32mI (217) cpu_start: Multicore app[0m
D (217) cpu_start: Pro cpu up[0m
D (217) cpu_start: Starting app cpu, entry point is 0x40081178[0m
D (0) cpu_start: App cpu up[0m
D (226) clk: RTC_SLOW_CLK calibration value: 3079437[0m
D (238) cpu_start: calling init function: 0x400d1650 on core: 0[0m
[0;32mI (238) cpu_start: Pro cpu start user code[0m
[0;32mI (238) cpu_start: cpu freq: 160000000 Hz[0m
D (244) cpu_start: calling init function: 0x400d1694 on core: 0[0m
[0;32mI (250) cpu_start: Application information:[0m
[0;32mI (255) cpu_start: Project name:     drone_flight_control[0m
[0;32mI (261) cpu_start: App version:      1[0m
[0;32mI (265) cpu_start: Compile time:     Jan 31 2024 22:48:20[0m
[0;32mI (271) cpu_start: ELF file SHA256:  1e4ddda2f...[0m
[0;32mI (277) cpu_start: ESP-IDF:          v5.3-dev-1288-g5524b692ee-dirty[0m
[0;32mI (284) cpu_start: Min chip rev:     v0.0[0m
[0;32mI (289) cpu_start: Max chip rev:     v3.99 [0m
[0;32mI (293) cpu_start: Chip rev:         v3.0[0m
D (298) cpu_start: calling init function: 0x400d17dc on core: 0[0m
D (304) memory_layout: Checking 9 reserved memory ranges:[0m
D (310) memory_layout: Reserved memory range 0x3ff82000 - 0x3ff82000[0m
D (316) memory_layout: Reserved memory range 0x3ffae000 - 0x3ffae6e0[0m
D (322) memory_layout: Reserved memory range 0x3ffb0000 - 0x3ffb3e68[0m
D (329) memory_layout: Reserved memory range 0x3ffe0000 - 0x3ffe0440[0m
D (335) memory_layout: Reserved memory range 0x3ffe3f20 - 0x3ffe4350[0m
D (342) memory_layout: Reserved memory range 0x40070000 - 0x40078000[0m
D (348) memory_layout: Reserved memory range 0x40078000 - 0x40080000[0m
D (354) memory_layout: Reserved memory range 0x40080000 - 0x4008ecd8[0m
D (361) memory_layout: Reserved memory range 0x50001fe8 - 0x50002000[0m
D (367) memory_layout: Building list of available memory regions:[0m
D (374) memory_layout: Available memory region 0x3ffae6e0 - 0x3ffb0000[0m
D (380) memory_layout: Available memory region 0x3ffb3e68 - 0x3ffb8000[0m
D (387) memory_layout: Available memory region 0x3ffb8000 - 0x3ffc0000[0m
D (393) memory_layout: Available memory region 0x3ffc0000 - 0x3ffc2000[0m
D (400) memory_layout: Available memory region 0x3ffc2000 - 0x3ffc4000[0m
D (406) memory_layout: Available memory region 0x3ffc4000 - 0x3ffc6000[0m
D (413) memory_layout: Available memory region 0x3ffc6000 - 0x3ffc8000[0m
D (420) memory_layout: Available memory region 0x3ffc8000 - 0x3ffca000[0m
D (426) memory_layout: Available memory region 0x3ffca000 - 0x3ffcc000[0m
D (433) memory_layout: Available memory region 0x3ffcc000 - 0x3ffce000[0m
D (439) memory_layout: Available memory region 0x3ffce000 - 0x3ffd0000[0m
D (446) memory_layout: Available memory region 0x3ffd0000 - 0x3ffd2000[0m
D (453) memory_layout: Available memory region 0x3ffd2000 - 0x3ffd4000[0m
D (459) memory_layout: Available memory region 0x3ffd4000 - 0x3ffd6000[0m
D (466) memory_layout: Available memory region 0x3ffd6000 - 0x3ffd8000[0m
D (472) memory_layout: Available memory region 0x3ffd8000 - 0x3ffda000[0m
D (479) memory_layout: Available memory region 0x3ffda000 - 0x3ffdc000[0m
D (486) memory_layout: Available memory region 0x3ffdc000 - 0x3ffde000[0m
D (492) memory_layout: Available memory region 0x3ffde000 - 0x3ffe0000[0m
D (499) memory_layout: Available memory region 0x3ffe0440 - 0x3ffe3f20[0m
D (505) memory_layout: Available memory region 0x3ffe4350 - 0x3ffe8000[0m
D (512) memory_layout: Available memory region 0x3ffe8000 - 0x3fff0000[0m
D (519) memory_layout: Available memory region 0x3fff0000 - 0x3fff8000[0m
D (525) memory_layout: Available memory region 0x3fff8000 - 0x3fffc000[0m
D (532) memory_layout: Available memory region 0x3fffc000 - 0x40000000[0m
D (538) memory_layout: Available memory region 0x4008ecd8 - 0x40090000[0m
D (545) memory_layout: Available memory region 0x40090000 - 0x40092000[0m
D (552) memory_layout: Available memory region 0x40092000 - 0x40094000[0m
D (558) memory_layout: Available memory region 0x40094000 - 0x40096000[0m
D (565) memory_layout: Available memory region 0x40096000 - 0x40098000[0m
D (571) memory_layout: Available memory region 0x40098000 - 0x4009a000[0m
D (578) memory_layout: Available memory region 0x4009a000 - 0x4009c000[0m
D (585) memory_layout: Available memory region 0x4009c000 - 0x4009e000[0m
D (591) memory_layout: Available memory region 0x4009e000 - 0x400a0000[0m
[0;32mI (598) heap_init: Initializing. RAM available for dynamic allocation:[0m
D (605) heap_init: New heap initialised at 0x3ffae6e0[0m
[0;32mI (610) heap_init: At 3FFAE6E0 len 00001920 (6 KiB): DRAM[0m
D (616) heap_init: New heap initialised at 0x3ffb3e68[0m
[0;32mI (621) heap_init: At 3FFB3E68 len 0002C198 (176 KiB): DRAM[0m
[0;32mI (628) heap_init: At 3FFE0440 len 00003AE0 (14 KiB): D/IRAM[0m
[0;32mI (634) heap_init: At 3FFE4350 len 0001BCB0 (111 KiB): D/IRAM[0m
D (640) heap_init: New heap initialised at 0x4008ecd8[0m
[0;32mI (645) heap_init: At 4008ECD8 len 00011328 (68 KiB): IRAM[0m
D (652) cpu_start: calling init function: 0x400d17e8 on core: 0[0m
D (658) cpu_start: calling init function: 0x400d3e6c on core: 0[0m
D (664) cpu_start: calling init function: 0x400ea568 on core: 0[0m
D (670) cpu_start: calling init function: 0x400d17f4 on core: 0[0m
D (676) intr_alloc: Connected src 46 to int 2 (cpu 0)[0m
D (681) cpu_start: calling init function: 0x400d1800 on core: 0[0m
D (687) cpu_start: calling init function: 0x400d559c on core: 0[0m
D (693) cpu_start: calling init function: 0x400d6788 on core: 0[0m
D (699) cpu_start: calling init function: 0x400d3ed8 on core: 0[0m
D (705) cpu_start: calling init function: 0x400d180c on core: 0[0m
D (711) cpu_start: calling init function: 0x400d1818 on core: 0[0m
D (717) spi_flash: trying chip: issi[0m
D (720) spi_flash: trying chip: gd[0m
D (724) spi_flash: trying chip: mxic[0m
D (727) spi_flash: trying chip: winbond[0m
D (731) spi_flash: trying chip: generic[0m
[0;32mI (735) spi_flash: detected chip: generic[0m
[0;32mI (740) spi_flash: flash io: dio[0m
[0;33mW (744) spi_flash: Detected size(4096k) larger than the size in the binary image header(2048k). Using the size in the binary image header.[0m
D (757) cpu_start: calling init function: 0x400ea570 on core: 0[0m
D (763) cpu_start: calling init function: 0x400df104[0m
[0;33mW (768) i2c: This driver is an old driver, please migrate your application code to adapt `driver/i2c_master.h`[0m
D (779) cpu_start: calling init function: 0x400d83a4[0m
D (784) cpu_start: calling init function: 0x400d77a4[0m
D (789) cpu_start: calling init function: 0x4008613c[0m
D (794) cpu_start: calling init function: 0x400d28ac[0m
D (799) cpu_start: calling init function: 0x400d1db0[0m
D (804) cpu_start: calling init function: 0x400d14b8[0m
D (809) cpu_start: calling init function: 0x400d43cc on core: 0[0m
D (815) intr_alloc: Connected src 17 to int 3 (cpu 0)[0m
D (820) cpu_start: calling init function: 0x400d1840 on core: 0[0m
D (826) intr_alloc: Connected src 24 to int 9 (cpu 0)[0m
D (831) app_start: Starting scheduler on CPU0[0m
[0;32D (836) intr_alloc: Connected src 25 to int 2 (cpu 1)[0m
D (836) app_start: Starting scheduler on CPU1[0m
mI (836) main_task: Started on CPU0[0m
D (856) heap_init: New heap initialised at 0x3ffe0440[0m
D (856) heap_init: New heap initialised at 0x3ffe4350[0m
D (856) intr_alloc: Connected src 16 to int 12 (cpu 0)[0m
[0;32mI (856) main_task: Calling app_main()[0m
D (866) intr_alloc: Connected src 49 to int 13 (cpu 0)[0m
[0;32mI (876) IMU: devid=0x34[0m
[0;32mI (876) IMU: getRate()=0[0m
[0;32mI (876) IMU: getExternalFrameSync()=0[0m
[0;32mI (886) ESC_controller: Create RMT TX channel[0m
Created RMT TX ChannelsD (886) rmt: new group(0) at 0x3ffbd990, occupy=ffffff00[0m
[0D (896) intr_alloc: Connected src 47 to int 3 (cpu 1)[0m
;32mI (876) IMU: getDLPFMode()=6[0m
D (896) rmt: group clock resolution:80000000[0m
[0;32mI (906) IMU: getFullScaleAccelRange()=0[0m
[0;32mI (906) gpio: GPIO[32]| InputEn: 0| OutputEn: 1| OpenDrain: 0| Pullup: 1| Pulldown: 0| Intr:0 [0m
[0;32mI (906) IMU: getFullScaleGyroRange()=0[0m
D (916) rmt: new tx channel(0,0) at 0x3ffbd610, gpio=32, res=40000000Hz, hw_mem_base=0x3ff56800, dma_mem_base=0x0, dma_nodes_nc=0x0,ping_pong_size=32, queue_depth=10[0m
D (936) intr_alloc: Connected src 47 to int 3 (cpu 1)[0m
[0;32mI (926) IMU: roll=-0.012023 pitch=-0.038783 yaw=-0.000092[0m
[0;32mI (926) PWM: ouput_roll:0.072559 _outputpitch=0.195270 output_yaw=0.000092[0m
D (946) rmt: group clock resolution:80000000[0m
[0;32mI (896) main_task: Returned from app_main()[0m
[0;32mI (966) gpio: GPIO[26]| InputEn: 0| OutputEn: 1| OpenDrain: 0| Pullup: 1| Pulldown: 0| Intr:0 [0m
D (976) rmt: new tx channel(0,1) at 0x3ffbd9f8, gpio=26, res=40000000Hz, hw_mem_base=0x3ff56900, dma_mem_base=0x0, dma_nodes_nc=0x0,ping_pong_size=32, queue_depth=10[0m
D (996) intr_alloc: Connected src 47 to int 17 (cpu 0)[0m
D (996) rmt: group clock resolution:80000000[0m
[0;32mI (996) gpio: GPIO[33]| InputEn: 0| OutputEn: 1| OpenDrain: 0| Pullup: 1| Pulldown: 0| Intr:0 [0m
D (1006) rmt: new tx channel(0,2) at 0x3ffbdeac, gpio=33, res=40000000Hz, hw_mem_base=0x3ff56a00, dma_mem_base=0x0, dma_nodes_nc=0x0,ping_pong_size=32, queue_depth=10[0m
D (1026) intr_alloc: Connected src 47 to int 17 (cpu 0)[0m
D (1026) rmt: group clock resolution:80000000[0m
[0;32mI (1036) gpio: GPIO[25]| InputEn: 0| OutputEn: 1| OpenDrain: 0| Pullup: 1| Pulldown: 0| Intr:0 [0m
D (1046) rmt: new tx channel(0,3) at 0x3ffbe210, gpio=25, res=40000000Hz, hw_mem_base=0x3ff56b00, dma_mem_base=0x0, dma_nodes_nc=0x0,ping_pong_size=32, queue_depth=10[0m
[0;32mI (1056) ESC_controller: Install Dshot ESC encoder[0m
D (1066) rmt: new bytes encoder @0x3ffbe614[0m
D (1066) rmt: new copy encoder @0x3ffbe638[0m
D (1076) rmt: new bytes encoder @0x3ffbe66c[0m
D (1076) rmt: new copy encoder @0x3ffbe690[0m
D (1086) rmt: new bytes encoder @0x3ffbe584[0m
D (1086) rmt: new copy encoder @0x3ffbe5a8[0m
D (1086) rmt: new bytes encoder @0x3ffbe6a4[0m
D (1096) rmt: new copy encoder @0x3ffbe5dc[0m
[0;32mI (1096) ESC_controller: Enable RMT TX channel[0m
[0;32mI (1106) ESC_controller: Start ESCs by sending zero throttle for a while...[0m
[0;32mI (1096) PWM: ouput_roll:3.172972 _outputpitch=8.625688 output_yaw=0.012680[0m
[0;32mI (1086) IMU: roll=-0.529676 pitch=-1.712876 yaw=-0.012680[0m
[0;32mI (1226) IMU: roll=-1.004359 pitch=-3.248790 yaw=-0.032349[0m
[0;32mI (1226) PWM: ouput_roll:5.020910 _outputpitch=16.418964 output_yaw=0.032349[0m
[0;32mI (1326) IMU: roll=-1.339577 pitch=-4.337311 yaw=-0.056335[0m
[0;32mI (1326) PWM: ouput_roll:6.129740 _outputpitch=22.013376 output_yaw=0.056335[0m
[0;32mI (1426) IMU: roll=-1.671440 pitch=-5.426363 yaw=-0.088196[0m
[0;32mI (1426) PWM: ouput_roll:7.508985 _outputpitch=27.648558 output_yaw=0.088196[0m
[0;32mI (1526) IMU: roll=-2.004071 pitch=-6.512952 yaw=-0.126266[0m
[0;32mI (1526) PWM: ouput_roll:8.911186 _outputpitch=33.309456 output_yaw=0.126266[0m
[0;32mI (1626) IMU: roll=-2.337648 pitch=-7.599075 yaw=-0.168213[0m
[0;32mI (1726) IMU: roll=-2.663126 pitch=-8.683094 yaw=-0.218842[0m
[0;32mI (1826) IMU: roll=-2.991126 pitch=-9.762945 yaw=-0.275162[0m
[0;32mI (1926) IMU: roll=-3.314634 pitch=-10.840856 yaw=-0.333359[0m
