ets Jun  8 2016 00:22:57

rst:0x1 (POWERON_RESET),boot:0x13 (SPI_FAST_FLASH_BOOT)
configsip: 0, SPIWP:0xee
clk_drv:0x00,q_drv:0x00,d_drv:0x00,cs0_drv:0x00,hd_drv:0x00,wp_drv:0x00
mode:DIO, clock div:2
load:0x3fff0030,len:7172
load:0x40078000,len:15532
load:0x40080400,len:4
load:0x40080404,len:3904
entry 0x40080640
[0;32mI (29) boot: ESP-IDF v5.3-dev-1288-g5524b692ee-dirty 2nd stage bootloader[0m
[0;32mI (29) boot: compile time Jan 25 2024 13:26:40[0m
[0;32mI (31) boot: Multicore bootloader[0m
[0;32mI (35) boot: chip revision: v1.0[0m
[0;32mI (39) boot.esp32: SPI Speed      : 40MHz[0m
[0;32mI (44) boot.esp32: SPI Mode       : DIO[0m
[0;32mI (48) boot.esp32: SPI Flash Size : 2MB[0m
[0;32mI (53) boot: Enabling RNG early entropy source...[0m
[0;32mI (58) boot: Partition Table:[0m
[0;32mI (62) boot: ## Label            Usage          Type ST Offset   Length[0m
[0;32mI (69) boot:  0 nvs              WiFi data        01 02 00009000 00006000[0m
[0;32mI (77) boot:  1 phy_init         RF data          01 01 0000f000 00001000[0m
[0;32mI (84) boot:  2 factory          factory app      00 00 00010000 00100000[0m
[0;32mI (92) boot: End of partition table[0m
[0;32mI (96) esp_image: segment 0: paddr=00010020 vaddr=3f400020 size=0c508h ( 50440) map[0m
[0;32mI (121) esp_image: segment 1: paddr=0001c530 vaddr=3ffb0000 size=022f8h (  8952) load[0m
[0;32mI (125) esp_image: segment 2: paddr=0001e830 vaddr=40080000 size=017e8h (  6120) load[0m
[0;32mI (130) esp_image: segment 3: paddr=00020020 vaddr=400d0020 size=19b34h (105268) map[0m
[0;32mI (172) esp_image: segment 4: paddr=00039b5c vaddr=400817e8 size=0d440h ( 54336) load[0m
[0;32mI (201) boot: Loaded app from partition at offset 0x10000[0m
[0;32mI (201) boot: Disabling RNG early entropy source...[0m
[0;32mI (212) cpu_start: Multicore app[0m
[0;32mI (221) cpu_start: Pro cpu start user code[0m
[0;32mI (221) cpu_start: cpu freq: 160000000 Hz[0m
[0;32mI (221) cpu_start: Application information:[0m
[0;32mI (224) cpu_start: Project name:     drone_flight_control[0m
[0;32mI (230) cpu_start: App version:      1[0m
[0;32mI (235) cpu_start: Compile time:     Jan 25 2024 13:26:36[0m
[0;32mI (241) cpu_start: ELF file SHA256:  15f64524a...[0m
[0;32mI (246) cpu_start: ESP-IDF:          v5.3-dev-1288-g5524b692ee-dirty[0m
[0;32mI (253) cpu_start: Min chip rev:     v0.0[0m
[0;32mI (258) cpu_start: Max chip rev:     v3.99 [0m
[0;32mI (263) cpu_start: Chip rev:         v1.0[0m
[0;32mI (268) heap_init: Initializing. RAM available for dynamic allocation:[0m
[0;32mI (275) heap_init: At 3FFAE6E0 len 00001920 (6 KiB): DRAM[0m
[0;32mI (281) heap_init: At 3FFB2C80 len 0002D380 (180 KiB): DRAM[0m
[0;32mI (287) heap_init: At 3FFE0440 len 00003AE0 (14 KiB): D/IRAM[0m
[0;32mI (293) heap_init: At 3FFE4350 len 0001BCB0 (111 KiB): D/IRAM[0m
[0;32mI (300) heap_init: At 4008EC28 len 000113D8 (68 KiB): IRAM[0m
[0;32mI (307) spi_flash: detected chip: generic[0m
[0;32mI (310) spi_flash: flash io: dio[0m
[0;33mW (314) spi_flash: Detected size(4096k) larger than the size in the binary image header(2048k). Using the size in the binary image header.[0m
[0;33mW (327) i2c: This driver is an old driver, please migrate your application code to adapt `driver/i2c_master.h`[0m
[0;32mI (339) main_task: Started on CPU0[0m
[0;32mI (349) main_task: Calling app_main()[0m
Done with i2cDone with mpu[0;32mI (349) IMU: I have entered MPU CODE[0m
[0;32mI (349) IMU: devid=0x34[0m
[0;32mI (349) IMU: getRate()=0[0m
[0;32mI (359) PWM: ESC[0m
Done with pid[0;32mI (359) ESC_controller: Create RMT TX channel[0m
[0;32mI (359) IMU: I have entered MPU CODE[0m
[0;32mI (359) IMU: getExternalFrameSync()=0[0m
[0;32mI (369) IMU: devid=0x34[0m
Created RMT TX Channels[0;32mI (379) IMU: getDLPFMode()=6[0m
[0;32mI (379) IMU: getRate()=0[0m
[0;32mI (379) gpio: GPIO[33]| InputEn: 0| OutputEn: 1| OpenDrain: 0| Pullup: 1| Pulldown: 0| Intr:0 [0m
[0;32mI (389) IMU: getExternalFrameSync()=0[0m
[0;32mI (389) IMU: getFullScaleAccelRange()=0[0m
[0;32mI (399) IMU: getDLPFMode()=6[0m
[0;32mI (399) gpio: GPIO[25]| InputEn: 0| OutputEn: 1| OpenDrain: 0| Pullup: 1| Pulldown: 0| Intr:0 [0m
[0;32mI (409) IMU: getFullScaleAccelRange()=0[0m
[0;32mI (409) IMU: getFullScaleGyroRange()=0[0m
[0;32mI (419) IMU: getFullScaleGyroRange()=0[0m
[0;32mI (419) gpio: GPIO[32]| InputEn: 0| OutputEn: 1| OpenDrain: 0| Pullup: 1| Pulldown: 0| Intr:0 [0m
Done with motor[0;32mI (439) main_task: Returned from app_main()[0m
[0;32mI (439) gpio: GPIO[26]| InputEn: 0| OutputEn: 1| OpenDrain: 0| Pullup: 1| Pulldown: 0| Intr:0 [0m
[0;32mI (449) ESC_controller: Install Dshot ESC encoder[0m
[0;32mI (459) ESC_controller: Enable RMT TX channel[0m
[0;32mI (459) ESC_controller: Start ESCs by sending zero throttle for a while...[0m
[0;32mI (4439) IMU: roll:0.000000 pitch=0.000000 yaw=0.000000[0m
[0;32mI (4439) IMU: roll:0.000000 pitch=0.000000 yaw=0.000000[0m
[0;32mI (5469) ESC_controller: Increase throttle, no telemetry[0m
[0;31mE (10459) task_wdt: Task watchdog got triggered. The following tasks/users did not reset the watchdog in time:[0m
[0;31mE (10459) task_wdt:  - IDLE1 (CPU 1)[0m
[0;31mE (10459) task_wdt: Tasks currently running:[0m
[0;31mE (10459) task_wdt: CPU 0: IDLE0[0m
[0;31mE (10459) task_wdt: CPU 1: DShotController[0m
[0;31mE (10459) task_wdt: Print CPU 1 backtrace[0m


Backtrace: 0x400845DA:0x3FFB15F0 0x40083235:0x3FFB1610 0x4000BFED:0x3FFBC060 0x4008804B:0x3FFBC070 0x400DAF89:0x3FFBC090 0x400DAC5F:0x3FFBC0C0 0x400D691C:0x3FFBC0F0 0x400D64E7:0x3FFBC160 0x40087CA9:0x3FFBC180

[0;32mI (14549) IMU: roll:-0.113923 pitch=-61.963669 yaw=0.986206[0m
[0;32mI (14549) IMU: roll:-0.173629 pitch=-61.777843 yaw=0.986725[0m
[0;31mE (15459) task_wdt: Task watchdog got triggered. The following tasks/users did not reset the watchdog in time:[0m
[0;31mE (15459) task_wdt:  - IDLE1 (CPU 1)[0m
[0;31mE (15459) task_wdt: Tasks currently running:[0m
[0;31mE (15459) task_wdt: CPU 0: IDLE0[0m
[0;31mE (15459) task_wdt: CPU 1: DShotController[0m
[0;31mE (15459) task_wdt: Print CPU 1 backtrace[0m


Backtrace: 0x400845DA:0x3FFB15F0 0x40083235:0x3FFB1610 0x4000BFED:0x3FFBC060 0x4008804B:0x3FFBC070 0x400DB001:0x3FFBC090 0x400DAC5F:0x3FFBC0C0 0x400D691C:0x3FFBC0F0 0x400D64E7:0x3FFBC160 0x40087CA9:0x3FFBC180

[0;31mE (20459) task_wdt: Task watchdog got triggered. The following tasks/users did not reset the watchdog in time:[0m
[0;31mE (20459) task_wdt:  - IDLE1 (CPU 1)[0m
[0;31mE (20459) task_wdt: Tasks currently running:[0m
[0;31mE (20459) task_wdt: CPU 0: IDLE0[0m
[0;31mE (20459) task_wdt: CPU 1: DShotController[0m
[0;31mE (20459) task_wdt: Print CPU 1 backtrace[0m


Backtrace: 0x400845DA:0x3FFB15F0 0x40083235:0x3FFB1610 0x4000BFED:0x3FFBC030 0x4008804B:0x3FFBC040 0x40084C6A:0x3FFBC060 0x400DB1C5:0x3FFBC080 0x400DAC27:0x3FFBC0C0 0x400D68AE:0x3FFBC0F0 0x400D64E7:0x3FFBC160 0x40087CA9:0x3FFBC180

[0;32mI (24659) IMU: roll:-0.926915 pitch=-68.864182 yaw=2.933304[0m
[0;32mI (24659) IMU: roll:-0.983043 pitch=-68.686111 yaw=2.930740[0m
[0;31mE (25459) task_wdt: Task watchdog got triggered. The following tasks/users did not reset the watchdog in time:[0m
[0;31mE (25459) task_wdt:  - IDLE1 (CPU 1)[0m
[0;31mE (25459) task_wdt: Tasks currently running:[0m
[0;31mE (25459) task_wdt: CPU 0: IDLE0[0m
[0;31mE (25459) task_wdt: CPU 1: DShotController[0m
[0;31mE (25459) task_wdt: Print CPU 1 backtrace[0m


Backtrace: 0x400845DA:0x3FFB15F0 0x40083235:0x3FFB1610 0x40087E71:0x3FFBC060 0x400DB1C5:0x3FFBC080 0x400DAC27:0x3FFBC0C0 0x400D6932:0x3FFBC0F0 0x400D64E7:0x3FFBC160 0x40087CA9:0x3FFBC180

[0;31mE (30459) task_wdt: Task watchdog got triggered. The following tasks/users did not reset the watchdog in time:[0m
[0;31mE (30459) task_wdt:  - IDLE1 (CPU 1)[0m
[0;31mE (30459) task_wdt: Tasks currently running:[0m
[0;31mE (30459) task_wdt: CPU 0: IDLE0[0m
[0;31mE (30459) task_wdt: CPU 1: DShotController[0m
[0;31mE (30459) task_wdt: Print CPU 1 backtrace[0m


Backtrace: 0x400845DA:0x3FFB15F0 0x40083235:0x3FFB1610 0x40084875:0x3FFBBFE0 0x400D69A5:0x3FFBC000 0x40084A09:0x3FFBC030 0x40084BF1:0x3FFBC060 0x400DB1C5:0x3FFBC080 0x400DAC27:0x3FFBC0C0 0x400D68AE:0x3FFBC0F0 0x400D64E7:0x3FFBC160 0x40087CA9:0x3FFBC180

[0;32mI (34769) IMU: roll:-0.993343 pitch=-70.496635 yaw=4.682907[0m
[0;32mI (34769) IMU: roll:-1.049439 pitch=-70.320435 yaw=4.680130[0m
[0;31mE (35459) task_wdt: Task watchdog got triggered. The following tasks/users did not reset the watchdog in time:[0m
[0;31mE (35459) task_wdt:  - IDLE1 (CPU 1)[0m
[0;31mE (35459) task_wdt: Tasks currently running:[0m
[0;31mE (35459) task_wdt: CPU 0: IDLE0[0m
[0;31mE (35459) task_wdt: CPU 1: DShotController[0m
[0;31mE (35459) task_wdt: Print CPU 1 backtrace[0m


Backtrace: 0x400845DA:0x3FFB15F0 0x40083235:0x3FFB1610 0x4000BFED:0x3FFBC060 0x4008804B:0x3FFBC070 0x400DB001:0x3FFBC090 0x400DAC5F:0x3FFBC0C0 0x400D691C:0x3FFBC0F0 0x400D64E7:0x3FFBC160 0x40087CA9:0x3FFBC180

[0;31mE (40459) task_wdt: Task watchdog got triggered. The following tasks/users did not reset the watchdog in time:[0m
[0;31mE (40459) task_wdt:  - IDLE1 (CPU 1)[0m
[0;31mE (40459) task_wdt: Tasks currently running:[0m
[0;31mE (40459) task_wdt: CPU 0: IDLE0[0m
[0;31mE (40459) task_wdt: CPU 1: DShotController[0m
[0;31mE (40459) task_wdt: Print CPU 1 backtrace[0m


Backtrace: 0x400845DA:0x3FFB15F0 0x40083235:0x3FFB1610 0x4000BFED:0x3FFBC060 0x4008804B:0x3FFBC070 0x400DB001:0x3FFBC090 0x400DAC5F:0x3FFBC0C0 0x400D691C:0x3FFBC0F0 0x400D64E7:0x3FFBC160 0x40087CA9:0x3FFBC180

[0;32mI (44879) IMU: roll:-1.146070 pitch=-70.959717 yaw=7.308960[0m
[0;32mI (44879) IMU: roll:-1.201472 pitch=-70.784187 yaw=7.305328[0m
[0;31mE (45459) task_wdt: Task watchdog got triggered. The following tasks/users did not reset the watchdog in time:[0m
[0;31mE (45459) task_wdt:  - IDLE1 (CPU 1)[0m
[0;31mE (45459) task_wdt: Tasks currently running:[0m
[0;31mE (45459) task_wdt: CPU 0: IDLE0[0m
[0;31mE (45459) task_wdt: CPU 1: DShotController[0m
[0;31mE (45459) task_wdt: Print CPU 1 backtrace[0m


Backtrace: 0x400845DA:0x3FFB15F0 0x40083235:0x3FFB1610 0x4000BFED:0x3FFBC060 0x4008804B:0x3FFBC070 0x400DB001:0x3FFBC090 0x400DAC5F:0x3FFBC0C0 0x400D691C:0x3FFBC0F0 0x400D64E7:0x3FFBC160 0x40087CA9:0x3FFBC180

