m
[0;32mI (214) cpu_start: Multicore app[0m
D (214) cpu_start: Pro cpu up[0m
D (215) cpu_start: Starting app cpu, ï¿½ets Jul 29 2019 12:21:46

rst:0x1 (POWERON_RESET),boot:0x13 (SPI_FAST_FLASH_BOOT)
configsip: 0, SPIWP:0xee
clk_drv:0x00,q_drv:0x00,d_drv:0x00,cs0_drv:0x00,hd_drv:0x00,wp_drv:0x00
mode:DIO, clock div:2
load:0x3fff0030,len:7172
load:0x40078000,len:15532
load:0x40080400,len:4
load:0x40080404,len:3904
entry 0x40080640
[0;32mI (29) boot: ESP-IDF v5.3-dev-1288-g5524b692ee-dirty 2nd stage bootloader[0m
[0;32mI (29) boot: compile time Jan 27 2024 11:38:47[0m
[0;32mI (32) boot: Multicore bootloader[0m
[0;32mI (36) boot: chip revision: v3.0[0m
[0;32mI (40) boot.esp32: SPI Speed      : 40MHz[0m
[0;32mI (44) boot.esp32: SPI Mode       : DIO[0m
[0;32mI (49) boot.esp32: SPI Flash Size : 2MB[0m
[0;32mI (53) boot: Enabling RNG early entropy source...[0m
[0;32mI (59) boot: Partition Table:[0m
[0;32mI (62) boot: ## Label            Usage          Type ST Offset   Length[0m
[0;32mI (70) boot:  0 nvs              WiFi data        01 02 00009000 00006000[0m
[0;32mI (77) boot:  1 phy_init         RF data          01 01 0000f000 00001000[0m
[0;32mI (84) boot:  2 factory          factory app      00 00 00010000 00100000[0m
[0;32mI (92) boot: End of partition table[0m
[0;32mI (96) esp_image: segment 0: paddr=00010020 vaddr=3f400020 size=0ca18h ( 51736) map[0m
[0;32mI (122) esp_image: segment 1: paddr=0001ca40 vaddr=3ffb0000 size=0236ch (  9068) load[0m
[0;32mI (126) esp_image: segment 2: paddr=0001edb4 vaddr=40080000 size=01264h (  4708) load[0m
[0;32mI (130) esp_image: segment 3: paddr=00020020 vaddr=400d0020 size=19f60h (106336) map[0m
[0;32mI (173) esp_image: segment 4: paddr=00039f88 vaddr=40081264 size=0da60h ( 55904) load[0m
[0;32mI (203) boot: Loaded app from partition at offset 0x10000[0m
[0;32mI (203) boot: Disabling RNG early entropy source...[0m
[0;32mI (214) cpu_start: Multicore app[0m
D (214) cpu_start: Pro cpu up[0m
D (215) cpu_start: Starting app cpu, entry point is 0x40081178[0m
D (0) cpu_start: App cpu up[0m
D (224) clk: RTC_SLOW_CLK calibration value: 3105792[0m
D (235) cpu_start: calling init function: 0x400d154c on core: 0[0m
[0;32mI (236) cpu_start: Pro cpu start user code[0m
[0;32mI (236) cpu_start: cpu freq: 160000000 Hz[0m
D (241) cpu_start: calling init function: 0x400d1590 on core: 0[0m
[0;32mI (247) cpu_start: Application information:[0m
[0;32mI (252) cpu_start: Project name:     drone_flight_control[0m
[0;32mI (258) cpu_start: App version:      1[0m
[0;32mI (263) cpu_start: Compile time:     Jan 27 2024 11:38:47[0m
[0;32mI (269) cpu_start: ELF file SHA256:  14aab36ac...[0m
[0;32mI (274) cpu_start: ESP-IDF:          v5.3-dev-1288-g5524b692ee-dirty[0m
[0;32mI (281) cpu_start: Min chip rev:     v0.0[0m
[0;32mI (286) cpu_start: Max chip rev:     v3.99 [0m
[0;32mI (291) cpu_start: Chip rev:         v3.0[0m
D (295) cpu_start: calling init function: 0x400d16d8 on core: 0[0m
D (302) memory_layout: Checking 9 reserved memory ranges:[0m
D (307) memory_layout: Reserved memory range 0x3ff82000 - 0x3ff82000[0m
D (313) memory_layout: Reserved memory range 0x3ffae000 - 0x3ffae6e0[0m
D (320) memory_layout: Reserved memory range 0x3ffb0000 - 0x3ffb2d20[0m
D (326) memory_layout: Reserved memory range 0x3ffe0000 - 0x3ffe0440[0m
D (333) memory_layout: Reserved memory range 0x3ffe3f20 - 0x3ffe4350[0m
D (339) memory_layout: Reserved memory range 0x40070000 - 0x40078000[0m
D (345) memory_layout: Reserved memory range 0x40078000 - 0x40080000[0m
D (352) memory_layout: Reserved memory range 0x40080000 - 0x4008ecc4[0m
D (358) memory_layout: Reserved memory range 0x50001fe8 - 0x50002000[0m
D (365) memory_layout: Building list of available memory regions:[0m
D (371) memory_layout: Available memory region 0x3ffae6e0 - 0x3ffb0000[0m
D (378) memory_layout: Available memory region 0x3ffb2d20 - 0x3ffb8000[0m
D (384) memory_layout: Available memory region 0x3ffb8000 - 0x3ffc0000[0m
D (391) memory_layout: Available memory region 0x3ffc0000 - 0x3ffc2000[0m
D (397) memory_layout: Available memory region 0x3ffc2000 - 0x3ffc4000[0m
D (404) memory_layout: Available memory region 0x3ffc4000 - 0x3ffc6000[0m
D (410) memory_layout: Available memory region 0x3ffc6000 - 0x3ffc8000[0m
D (417) memory_layout: Available memory region 0x3ffc8000 - 0x3ffca000[0m
D (424) memory_layout: Available memory region 0x3ffca000 - 0x3ffcc000[0m
D (430) memory_layout: Available memory region 0x3ffcc000 - 0x3ffce000[0m
D (437) memory_layout: Available memory region 0x3ffce000 - 0x3ffd0000[0m
D (443) memory_layout: Available memory region 0x3ffd0000 - 0x3ffd2000[0m
D (450) memory_layout: Available memory region 0x3ffd2000 - 0x3ffd4000[0m
D (457) memory_layout: Available memory region 0x3ffd4000 - 0x3ffd6000[0m
D (463) memory_layout: Available memory region 0x3ffd6000 - 0x3ffd8000[0m
D (470) memory_layout: Available memory region 0x3ffd8000 - 0x3ffda000[0m
D (476) memory_layout: Available memory region 0x3ffda000 - 0x3ffdc000[0m
D (483) memory_layout: Available memory region 0x3ffdc000 - 0x3ffde000[0m
D (490) memory_layout: Available memory region 0x3ffde000 - 0x3ffe0000[0m
D (496) memory_layout: Available memory region 0x3ffe0440 - 0x3ffe3f20[0m
D (503) memory_layout: Available memory region 0x3ffe4350 - 0x3ffe8000[0m
D (509) memory_layout: Available memory region 0x3ffe8000 - 0x3fff0000[0m
D (516) memory_layout: Available memory region 0x3fff0000 - 0x3fff8000[0m
D (523) memory_layout: Available memory region 0x3fff8000 - 0x3fffc000[0m
D (529) memory_layout: Available memory region 0x3fffc000 - 0x40000000[0m
D (536) memory_layout: Available memory region 0x4008ecc4 - 0x40090000[0m
D (542) memory_layout: Available memory region 0x40090000 - 0x40092000[0m
D (549) memory_layout: Available memory region 0x40092000 - 0x40094000[0m
D (556) memory_layout: Available memory region 0x40094000 - 0x40096000[0m
D (562) memory_layout: Available memory region 0x40096000 - 0x40098000[0m
D (569) memory_layout: Available memory region 0x40098000 - 0x4009a000[0m
D (575) memory_layout: Available memory region 0x4009a000 - 0x4009c000[0m
D (582) memory_layout: Available memory region 0x4009c000 - 0x4009e000[0m
D (589) memory_layout: Available memory region 0x4009e000 - 0x400a0000[0m
[0;32mI (595) heap_init: Initializing. RAM available for dynamic allocation:[0m
D (603) heap_init: New heap initialised at 0x3ffae6e0[0m
[0;32mI (608) heap_init: At 3FFAE6E0 len 00001920 (6 KiB): DRAM[0m
D (614) heap_init: New heap initialised at 0x3ffb2d20[0m
[0;32mI (619) heap_init: At 3FFB2D20 len 0002D2E0 (180 KiB): DRAM[0m
[0;32mI (625) heap_init: At 3FFE0440 len 00003AE0 (14 KiB): D/IRAM[0m
[0;32mI (631) heap_init: At 3FFE4350 len 0001BCB0 (111 KiB): D/IRAM[0m
D (638) heap_init: New heap initialised at 0x4008ecc4[0m
[0;32mI (643) heap_init: At 4008ECC4 len 0001133C (68 KiB): IRAM[0m
D (649) cpu_start: calling init function: 0x400d16e4 on core: 0[0m
D (655) cpu_start: calling init function: 0x400d3d68 on core: 0[0m
D (661) cpu_start: calling init function: 0x400e85b8 on core: 0[0m
D (667) cpu_start: calling init function: 0x400d16f0 on core: 0[0m
D (673) intr_alloc: Connected src 46 to int 2 (cpu 0)[0m
D (678) cpu_start: calling init function: 0x400d16fc on core: 0[0m
D (684) cpu_start: calling init function: 0x400d5498 on core: 0[0m
D (690) cpu_start: calling init function: 0x400d6684 on core: 0[0m
D (696) cpu_start: calling init function: 0x400d3dd4 on core: 0[0m
D (702) cpu_start: calling init function: 0x400d1708 on core: 0[0m
D (708) cpu_start: calling init function: 0x400d1714 on core: 0[0m
D (714) spi_flash: trying chip: issi[0m
D (718) spi_flash: trying chip: gd[0m
D (721) spi_flash: trying chip: mxic[0m
D (725) spi_flash: trying chip: winbond[0m
D (729) spi_flash: trying chip: generic[0m
[0;32mI (733) spi_flash: detected chip: generic[0m
[0;32mI (737) spi_flash: flash io: dio[0m
[0;33mW (741) spi_flash: Detected size(4096k) larger than the size in the binary image header(2048k). Using the size in the binary image header.[0m
D (754) cpu_start: calling init function: 0x400e85c0 on core: 0[0m
D (760) cpu_start: calling init function: 0x400dd2e4[0m
[0;33mW (765) i2c: This driver is an old driver, please migrate your application code to adapt `driver/i2c_master.h`[0m
D (776) cpu_start: calling init function: 0x400d748c[0m
D (781) cpu_start: calling init function: 0x4008613c[0m
D (786) cpu_start: calling init function: 0x400d27a8[0m
D (791) cpu_start: calling init function: 0x400d1cac[0m
D (796) cpu_start: calling init function: 0x400d13b4[0m
D (801) cpu_start: calling init function: 0x400d42c8 on core: 0[0m
D (807) intr_alloc: Connected src 17 to int 3 (cpu 0)[0m
D (812) cpu_start: calling init function: 0x400d173c on core: 0[0m
D (819) intr_alloc: Connected src 24 to int 9 (cpu 0)[0m
D (823) app_start: Starting scheduler on CPU0[0m
[0;32mD (828) intr_alloc: Connected src 25 to int 2 (cpu 1)[0m
D (828) app_start: Starting scheduler on CPU1[0m
I (828) main_task: Started on CPU0[0m
D (848) heap_init: New heap initialised at 0x3ffe0440[0m
D (848) heap_init: New heap initialised at 0x3ffe4350[0m
D (848) intr_alloc: Connected src 16 to int 12 (cpu 0)[0m
[0;32mI (848) main_task: Calling app_main()[0m
D (858) intr_alloc: Connected src 49 to int 13 (cpu 0)[0m
[0;32mI (868) IMU: devid=0x34[0m
[0;32mI (868) IMU: getRate()=0[0m
[0;32mI (868) IMU: getExternalFrameSync()=0[0m
[0;32mI (868) IMU: getDLPFMode()=6[0m
[0;32mI (878) ESC_controller: Create RMT TX channel[0m
Created RMT TX ChannelsD (878) rmt: new group(0) at 0x3ffbc848, occupy=ffffff00[0m
[0;D (888) intr_alloc: Connected src 47 to int 3 (cpu 1)[0m
32mI (888) IMU: getFullScaleAccelRange()=0[0m
D (898) rmt: group clock resolution:80000000[0m
[0;32mI (898) IMU: getFullScaleGyroRange()=0[0m
[0;32mI (898) gpio: GPIO[32]| InputEn: 0| OutputEn: 1| OpenDrain: 0| Pullup: 1| Pulldown: 0| Intr:0 [0m
[0;32mI (888) main_task: Returned from app_main()[0m
D (918) rmt: new tx channel(0,0) at 0x3ffbc4c8, gpio=32, res=40000000Hz, hw_mem_base=0x3ff56800, dma_mem_base=0x0, dma_nodes_nc=0x0,ping_pong_size=32, queue_depth=10[0m
D (938) intr_alloc: Connected src 47 to int 3 (cpu 1)[0m
D (938) rmt: group clock resolution:80000000[0m
[0;32mI (948) gpio: GPIO[26]| InputEn: 0| OutputEn: 1| OpenDrain: 0| Pullup: 1| Pulldown: 0| Intr:0 [0m
D (958) rmt: new tx channel(0,1) at 0x3ffb40d4, gpio=26, res=40000000Hz, hw_mem_base=0x3ff56900, dma_mem_base=0x0, dma_nodes_nc=0x0,ping_pong_size=32, queue_depth=10[0m
D (968) intr_alloc: Connected src 47 to int 3 (cpu 1)[0m
D (978) rmt: group clock resolution:80000000[0m
[0;32mI (978) gpio: GPIO[33]| InputEn: 0| OutputEn: 1| OpenDrain: 0| Pullup: 1| Pulldown: 0| Intr:0 [0m
D (988) rmt: new tx channel(0,2) at 0x3ffb42c8, gpio=33, res=40000000Hz, hw_mem_base=0x3ff56a00, dma_mem_base=0x0, dma_nodes_nc=0x0,ping_pong_size=32, queue_depth=10[0m
D (1008) intr_alloc: Connected src 47 to int 3 (cpu 1)[0m
D (1008) rmt: group clock resolution:80000000[0m
[0;32mI (1008) gpio: GPIO[25]| InputEn: 0| OutputEn: 1| OpenDrain: 0| Pullup: 1| Pulldown: 0| Intr:0 [0m
D (1018) rmt: new tx channel(0,3) at 0x3ffb45e0, gpio=25, res=40000000Hz, hw_mem_base=0x3ff56b00, dma_mem_base=0x0, dma_nodes_nc=0x0,ping_pong_size=32, queue_depth=10[0m
[0;32mI (1038) ESC_controller: Install Dshot ESC encoder[0m
D (1038) rmt: new bytes encoder @0x3ffb4928[0m
D (1048) rmt: new copy encoder @0x3ffb4978[0m
D (1048) rmt: new bytes encoder @0x3ffb49cc[0m
D (1058) rmt: new copy encoder @0x3ffb494c[0m
D (1058) rmt: new bytes encoder @0x3ffb4a10[0m
D (1068) rmt: new copy encoder @0x3ffb4ac4[0m
D (1068) rmt: new bytes encoder @0x3ffb4a54[0m
D (1068) rmt: new copy encoder @0x3ffb4a78[0m
[0;32mI (1078) ESC_controller: Enable RMT TX channel[0m
[0;32mI (1078) ESC_controller: Start ESCs by sending zero throttle for a while...[0m
[0;32mI (11088) ESC_controller: ESC Values: 902.99, 668.62, 931.38, 697.01[0m
[0;32mI (11088) ESC_controller: ESC Values: 903.64, 667.40, 932.60, 696.36[0m
[0;32mI (11088) ESC_controller: ESC Values: 903.84, 667.57, 932.43, 696.16[0m
[0;32mI (11098) ESC_controller: ESC Values: 903.51, 668.28, 931.72, 696.49[0m
[0;32mI (11098) ESC_controller: ESC Values: 903.30, 667.55, 932.45, 696.70[0m
[0;32mI (11108) ESC_controller: ESC Values: 903.82, 667.39, 932.61, 696.18[0m
[0;32mI (11118) ESC_controller: ESC Values: 903.94, 666.97, 933.03, 696.06[0m
[0;32mI (11118) ESC_controller: ESC Values: 904.54, 666.65, 933.35, 695.46[0m
[0;32mI (11128) ESC_controller: ESC Values: 904.85, 665.92, 934.08, 695.15[0m
[0;32mI (11138) ESC_controller: ESC Values: 905.14, 665.87, 934.13, 694.86[0m
[0;32mI (11148) ESC_controller: ESC Values: 905.52, 666.09, 933.91, 694.48[0m
[0;32mI (11148) ESC_controller: ESC Values: 905.51, 665.55, 934.45, 694.49[0m
[0;32mI (11238) ESC_controller: ESC Values: 659.47, 649.83, 950.17, 940.53[0m
[0;32mI (11358) ESC_controller: ESC Values: 665.28, 648.70, 951.30, 934.72[0m
[0;32mI (11478) ESC_controller: ESC Values: 673.41, 647.93, 952.07, 926.59[0m
[0;32mI (11598) ESC_controller: ESC Values: 681.36, 647.21, 952.79, 918.64[0m
[0;32mI (11718) ESC_controller: ESC Values: 689.33, 646.61, 953.39, 910.67[0m
[0;32mI (11838) ESC_controller: ESC Values: 697.33, 646.15, 953.85, 902.67[0m
[0;32mI (11958) ESC_controller: ESC Values: 705.31, 645.79, 954.21, 894.69[0m
[0;32mI (12078) ESC_controller: ESC Values: 713.29, 645.54, 954.46, 886.71[0m
[0;32mI (12198) ESC_controller: ESC Values: 721.28, 645.39, 954.61, 878.72[0m
[0;32mI (12318) ESC_controller: ESC Values: 729.28, 645.36, 954.64, 870.72[0m
[0;32mI (12438) ESC_controller: ESC Values: 737.24, 645.44, 954.56, 862.76[0m
[0;32mI (12558) ESC_controller: ESC Values: 745.23, 645.56, 954.44, 854.77[0m
[0;32mI (12678) ESC_controller: ESC Values: 753.28, 645.78, 954.22, 846.72[0m
[0;32mI (12798) ESC_controller: ESC Values: 761.28, 646.10, 953.90, 838.72[0m
[0;32mI (12918) ESC_controller: ESC Values: 769.28, 646.50, 953.50, 830.72[0m
[0;32mI (13038) ESC_controller: ESC Values: 777.33, 646.94, 953.06, 822.67[0m
[0;32mI (13158) ESC_controller: ESC Values: 785.36, 647.47, 952.53, 814.64[0m
[0;32mI (13278) ESC_controller: ESC Values: 793.39, 648.07, 951.93, 806.61[0m
[0;32mI (13398) ESC_controller: ESC Values: 801.41, 648.72, 951.28, 798.59[0m
[0;32mI (13518) ESC_controller: ESC Values: 809.44, 649.42, 950.58, 790.56[0m
[0;32mI (13638) ESC_controller: ESC Values: 817.46, 650.18, 949.82, 782.54[0m
[0;32mI (13758) ESC_controller: ESC Values: 825.52, 650.94, 949.06, 774.48[0m
[0;32mI (13878) ESC_controller: ESC Values: 833.57, 651.73, 948.27, 766.43[0m
[0;32mI (13998) ESC_controller: ESC Values: 841.65, 652.57, 947.43, 758.35[0m
[0;32mI (14118) ESC_controller: ESC Values: 849.67, 653.45, 946.55, 750.33[0m
[0;32mI (14238) ESC_controller: ESC Values: 857.66, 654.37, 945.63, 742.34[0m
[0;32mI (14358) ESC_controller: ESC Values: 865.66, 655.30, 944.70, 734.34[0m
