
[0;32mI (217) cpu_start: Multicore app[0m
D (217) cpu_start: Pro cpu up[0m
D (217) cpu_start: Starting app cpu, entry point iï¿½ets Jul 29 2019 12:21:46

rst:0x1 (POWERON_RESET),boot:0x13 (SPI_FAST_FLASH_BOOT)
configsip: 0, SPIWP:0xee
clk_drv:0x00,q_drv:0x00,d_drv:0x00,cs0_drv:0x00,hd_drv:0x00,wp_drv:0x00
mode:DIO, clock div:2
load:0x3fff0030,len:7172
load:0x40078000,len:15532
load:0x40080400,len:4
load:0x40080404,len:3904
entry 0x40080640
[0;32mI (29) boot: ESP-IDF v5.3-dev-1288-g5524b692ee-dirty 2nd stage bootloader[0m
[0;32mI (29) boot: compile time Jan 27 2024 11:38:47[0m
[0;32mI (32) boot: Multicore bootloader[0m
[0;32mI (36) boot: chip revision: v3.0[0m
[0;32mI (40) boot.esp32: SPI Speed      : 40MHz[0m
[0;32mI (44) boot.esp32: SPI Mode       : DIO[0m
[0;32mI (49) boot.esp32: SPI Flash Size : 2MB[0m
[0;32mI (53) boot: Enabling RNG early entropy source...[0m
[0;32mI (59) boot: Partition Table:[0m
[0;32mI (62) boot: ## Label            Usage          Type ST Offset   Length[0m
[0;32mI (70) boot:  0 nvs              WiFi data        01 02 00009000 00006000[0m
[0;32mI (77) boot:  1 phy_init         RF data          01 01 0000f000 00001000[0m
[0;32mI (84) boot:  2 factory          factory app      00 00 00010000 00100000[0m
[0;32mI (92) boot: End of partition table[0m
[0;32mI (96) esp_image: segment 0: paddr=00010020 vaddr=3f400020 size=0cfach ( 53164) map[0m
[0;32mI (123) esp_image: segment 1: paddr=0001cfd4 vaddr=3ffb0000 size=03044h ( 12356) load[0m
[0;32mI (128) esp_image: segment 2: paddr=00020020 vaddr=400d0020 size=1c078h (114808) map[0m
[0;32mI (168) esp_image: segment 3: paddr=0003c0a0 vaddr=3ffb3044 size=00348h (   840) load[0m
[0;32mI (169) esp_image: segment 4: paddr=0003c3f0 vaddr=40080000 size=0ecd8h ( 60632) load[0m
[0;32mI (205) boot: Loaded app from partition at offset 0x10000[0m
[0;32mI (205) boot: Disabling RNG early entropy source...[0m
[0;32mI (217) cpu_start: Multicore app[0m
D (217) cpu_start: Pro cpu up[0m
D (217) cpu_start: Starting app cpu, entry point is 0x40081178[0m
D (0) cpu_start: App cpu up[0m
D (226) clk: RTC_SLOW_CLK calibration value: 3076813[0m
D (238) cpu_start: calling init function: 0x400d1650 on core: 0[0m
[0;32mI (238) cpu_start: Pro cpu start user code[0m
[0;32mI (238) cpu_start: cpu freq: 160000000 Hz[0m
D (244) cpu_start: calling init function: 0x400d1694 on core: 0[0m
[0;32mI (250) cpu_start: Application information:[0m
[0;32mI (255) cpu_start: Project name:     drone_flight_control[0m
[0;32mI (261) cpu_start: App version:      1[0m
[0;32mI (265) cpu_start: Compile time:     Jan 31 2024 22:48:20[0m
[0;32mI (271) cpu_start: ELF file SHA256:  706173ca2...[0m
[0;32mI (277) cpu_start: ESP-IDF:          v5.3-dev-1288-g5524b692ee-dirty[0m
[0;32mI (284) cpu_start: Min chip rev:     v0.0[0m
[0;32mI (289) cpu_start: Max chip rev:     v3.99 [0m
[0;32mI (293) cpu_start: Chip rev:         v3.0[0m
D (298) cpu_start: calling init function: 0x400d17dc on core: 0[0m
D (304) memory_layout: Checking 9 reserved memory ranges:[0m
D (310) memory_layout: Reserved memory range 0x3ff82000 - 0x3ff82000[0m
D (316) memory_layout: Reserved memory range 0x3ffae000 - 0x3ffae6e0[0m
D (322) memory_layout: Reserved memory range 0x3ffb0000 - 0x3ffb3e68[0m
D (329) memory_layout: Reserved memory range 0x3ffe0000 - 0x3ffe0440[0m
D (335) memory_layout: Reserved memory range 0x3ffe3f20 - 0x3ffe4350[0m
D (342) memory_layout: Reserved memory range 0x40070000 - 0x40078000[0m
D (348) memory_layout: Reserved memory range 0x40078000 - 0x40080000[0m
D (354) memory_layout: Reserved memory range 0x40080000 - 0x4008ecd8[0m
D (361) memory_layout: Reserved memory range 0x50001fe8 - 0x50002000[0m
D (367) memory_layout: Building list of available memory regions:[0m
D (374) memory_layout: Available memory region 0x3ffae6e0 - 0x3ffb0000[0m
D (380) memory_layout: Available memory region 0x3ffb3e68 - 0x3ffb8000[0m
D (387) memory_layout: Available memory region 0x3ffb8000 - 0x3ffc0000[0m
D (393) memory_layout: Available memory region 0x3ffc0000 - 0x3ffc2000[0m
D (400) memory_layout: Available memory region 0x3ffc2000 - 0x3ffc4000[0m
D (406) memory_layout: Available memory region 0x3ffc4000 - 0x3ffc6000[0m
D (413) memory_layout: Available memory region 0x3ffc6000 - 0x3ffc8000[0m
D (420) memory_layout: Available memory region 0x3ffc8000 - 0x3ffca000[0m
D (426) memory_layout: Available memory region 0x3ffca000 - 0x3ffcc000[0m
D (433) memory_layout: Available memory region 0x3ffcc000 - 0x3ffce000[0m
D (439) memory_layout: Available memory region 0x3ffce000 - 0x3ffd0000[0m
D (446) memory_layout: Available memory region 0x3ffd0000 - 0x3ffd2000[0m
D (453) memory_layout: Available memory region 0x3ffd2000 - 0x3ffd4000[0m
D (459) memory_layout: Available memory region 0x3ffd4000 - 0x3ffd6000[0m
D (466) memory_layout: Available memory region 0x3ffd6000 - 0x3ffd8000[0m
D (472) memory_layout: Available memory region 0x3ffd8000 - 0x3ffda000[0m
D (479) memory_layout: Available memory region 0x3ffda000 - 0x3ffdc000[0m
D (486) memory_layout: Available memory region 0x3ffdc000 - 0x3ffde000[0m
D (492) memory_layout: Available memory region 0x3ffde000 - 0x3ffe0000[0m
D (499) memory_layout: Available memory region 0x3ffe0440 - 0x3ffe3f20[0m
D (505) memory_layout: Available memory region 0x3ffe4350 - 0x3ffe8000[0m
D (512) memory_layout: Available memory region 0x3ffe8000 - 0x3fff0000[0m
D (519) memory_layout: Available memory region 0x3fff0000 - 0x3fff8000[0m
D (525) memory_layout: Available memory region 0x3fff8000 - 0x3fffc000[0m
D (532) memory_layout: Available memory region 0x3fffc000 - 0x40000000[0m
D (538) memory_layout: Available memory region 0x4008ecd8 - 0x40090000[0m
D (545) memory_layout: Available memory region 0x40090000 - 0x40092000[0m
D (552) memory_layout: Available memory region 0x40092000 - 0x40094000[0m
D (558) memory_layout: Available memory region 0x40094000 - 0x40096000[0m
D (565) memory_layout: Available memory region 0x40096000 - 0x40098000[0m
D (571) memory_layout: Available memory region 0x40098000 - 0x4009a000[0m
D (578) memory_layout: Available memory region 0x4009a000 - 0x4009c000[0m
D (585) memory_layout: Available memory region 0x4009c000 - 0x4009e000[0m
D (5