32mI (213) cpu_start: cpu freq: 160000000 Hz[0m
[0;32mI (213) cpu_start: Application information:[0m
[0;32mI (216)ï¿½ets Jul 29 2019 12:21:46

rst:0x1 (POWERON_RESET),boot:0x13 (SPI_FAST_FLASH_BOOT)
configsip: 0, SPIWP:0xee
clk_drv:0x00,q_drv:0x00,d_drv:0x00,cs0_drv:0x00,hd_drv:0x00,wp_drv:0x00
mode:DIO, clock div:2
load:0x3fff0030,len:7172
load:0x40078000,len:15532
load:0x40080400,len:4
load:0x40080404,len:3904
entry 0x40080640
[0;32mI (29) boot: ESP-IDF v5.3-dev-1288-g5524b692ee-dirty 2nd stage bootloader[0m
[0;32mI (29) boot: compile time Jan 25 2024 13:26:40[0m
[0;32mI (32) boot: Multicore bootloader[0m
[0;32mI (36) boot: chip revision: v3.0[0m
[0;32mI (40) boot.esp32: SPI Speed      : 40MHz[0m
[0;32mI (44) boot.esp32: SPI Mode       : DIO[0m
[0;32mI (49) boot.esp32: SPI Flash Size : 2MB[0m
[0;32mI (53) boot: Enabling RNG early entropy source...[0m
[0;32mI (59) boot: Partition Table:[0m
[0;32mI (62) boot: ## Label            Usage          Type ST Offset   Length[0m
[0;32mI (70) boot:  0 nvs              WiFi data        01 02 00009000 00006000[0m
[0;32mI (77) boot:  1 phy_init         RF data          01 01 0000f000 00001000[0m
[0;32mI (84) boot:  2 factory          factory app      00 00 00010000 00100000[0m
[0;32mI (92) boot: End of partition table[0m
[0;32mI (96) esp_image: segment 0: paddr=00010020 vaddr=3f400020 size=0b150h ( 45392) map[0m
[0;32mI (120) esp_image: segment 1: paddr=0001b178 vaddr=3ffb0000 size=02298h (  8856) load[0m
[0;32mI (124) esp_image: segment 2: paddr=0001d418 vaddr=40080000 size=02c00h ( 11264) load[0m
[0;32mI (130) esp_image: segment 3: paddr=00020020 vaddr=400d0020 size=176c8h ( 95944) map[0m
[0;32mI (167) esp_image: segment 4: paddr=000376f0 vaddr=40082c00 size=0b140h ( 45376) load[0m
[0;32mI (192) boot: Loaded app from partition at offset 0x10000[0m
[0;32mI (192) boot: Disabling RNG early entropy source...[0m
[0;32mI (204) cpu_start: Multicore app[0m
[0;32mI (213) cpu_start: Pro cpu start user code[0m
[0;32mI (213) cpu_start: cpu freq: 160000000 Hz[0m
[0;32mI (213) cpu_start: Application information:[0m
[0;32mI (216) cpu_start: Project name:     drone_flight_control[0m
[0;32mI (222) cpu_start: App version:      1[0m
[0;32mI (226) cpu_start: Compile time:     Jan 25 2024 16:45:39[0m
[0;32mI (232) cpu_start: ELF file SHA256:  c7a4c097d...[0m
[0;32mI (238) cpu_start: ESP-IDF:          v5.3-dev-1288-g5524b692ee-dirty[0m
[0;32mI (245) cpu_start: Min chip rev:     v0.0[0m
[0;32mI (249) cpu_start: Max chip rev:     v3.99 [0m
[0;32mI (254) cpu_start: Chip rev:         v3.0[0m
[0;32mI (259) heap_init: Initializing. RAM available for dynamic allocation:[0m
[0;32mI (266) heap_init: At 3FFAE6E0 len 00001920 (6 KiB): DRAM[0m
[0;32mI (272) heap_init: At 3FFB2C18 len 0002D3E8 (180 KiB): DRAM[0m
[0;32mI (278) heap_init: At 3FFE0440 len 00003AE0 (14 KiB): D/IRAM[0m
[0;32mI (285) heap_init: At 3FFE4350 len 0001BCB0 (111 KiB): D/IRAM[0m
[0;32mI (291) heap_init: At 4008DD40 len 000122C0 (72 KiB): IRAM[0m
[0;32mI (299) spi_flash: detected chip: generic[0m
[0;32mI (302) spi_flash: flash io: dio[0m
[0;33mW (306) spi_flash: Detected size(4096k) larger than the size in the binary image header(2048k). Using the size in the binary image header.[0m
[0;33mW (319) i2c: This driver is an old driver, please migrate your application code to adapt `driver/i2c_master.h`[0m
[0;32mI (331) main_task: Started on CPU0[0m
[0;32mI (341) main_task: Calling app_main()[0m
[0;32mI (341) IMU: I have entered MPU CODE[0m
[0;32mI (341) PWM: Hi we are finally in the LOOP[0m
[0;32mI (341) PWM: ESC[0m
[0;32mI (341) IMU: devid=0x34[0m
[0;32mI (351) IMU: getRate()=0[0m
[0;32mI (351) main_task: Returned from app_main()[0m
[0;32mI (351) IMU: getExternalFrameSync()=0[0m
[0;32mI (361) IMU: getDLPFMode()=6[0m
[0;32mI (361) IMU: getFullScaleAccelRange()=0[0m
[0;32mI (371) IMU: getFullScaleGyroRange()=0[0m
[0;31mE (1341) FreeRTOS: FreeRTOS Task "PWM" should not return, Aborting now![0m

abort() was called at PC 0x400874e3 on core 0


Backtrace: 0x40081962:0x3ffb9e70 0x40086a1d:0x3ffb9e90 0x4008c6b1:0x3ffb9eb0 0x400874e3:0x3ffb9f20




ELF file SHA256: c7a4c097d

Rebooting...
ets Jul 29 2019 12:21:46

rst:0xc (SW_CPU_RESET),boot:0x13 (SPI_FAST_FLASH_BOOT)
configsip: 0, SPIWP:0xee
clk_drv:0x00,q_drv:0x00,d_drv:0x00,cs0_drv:0x00,hd_drv:0x00,wp_drv:0x00
mode:DIO, clock div:2
load:0x3fff0030,len:7172
load:0x40078000,len:15532
load:0x40080400,len:4
load:0x40080404,len:3904
entry 0x40080640
[0;32mI (29) boot: ESP-IDF v5.3-dev-1288-g5524b692ee-dirty 2nd stage bootloader[0m
[0;32mI (29) boot: compile time Jan 25 2024 13:26:40[0m
[0;32mI (32) boot: Multicore bootloader[0m
[0;32mI (36) boot: chip revision: v3.0[0m
[0;32mI (39) boot.esp32: SPI Speed      : 40MHz[0m
[0;32mI (44) boot.esp32: SPI Mode       : DIO[0m
[0;32mI (49) boot.esp32: SPI Flash Size : 2MB[0m
[0;32mI (53) boot: Enabling RNG early entropy source...[0m
[0;32mI (59) boot: Partition Table:[0m
[0;32mI (62) boot: ## Label            Usage          Type ST Offset   Length[0m
[0;32mI (69) boot:  0 nvs              WiFi data        01 02 00009000 00006000[0m
[0;32mI (77) boot:  1 phy_init         RF data          01 01 0000f000 00001000[0m
[0;32mI (84) boot:  2 factory          factory app      00 00 00010000 00100000[0m
[0;32mI (92) boot: End of partition table[0m
[0;32mI (96) esp_image: segment 0: paddr=00010020 vaddr=3f400020 size=0b150h ( 45392) map[0m
[0;32mI (120) esp_image: segment 1: paddr=0001b178 vaddr=3ffb0000 size=02298h (  8856) load[0m
[0;32mI (124) esp_image: segment 2: paddr=0001d418 vaddr=40080000 size=02c00h ( 11264) load[0m
[0;32mI (130) esp_image: segment 3: paddr=00020020 vaddr=400d0020 size=176c8h ( 95944) map[0m
[0;32mI (167) esp_image: segment 4: paddr=000376f0 vaddr=40082c00 size=0b140h ( 45376) load[0m
[0;32mI (192) boot: Loaded app from partition at offset 0x10000[0m
[0;32mI (192) boot: Disabling RNG early entropy source...[0m
[0;32mI (204) cpu_start: Multicore app[0m
[0;32mI (213) cpu_start: Pro cpu start user code[0m
[0;32mI (213) cpu_start: cpu freq: 160000000 Hz[0m
[0;32mI (213) cpu_start: Application information:[0m
[0;32mI (216) cpu_start: Project name:     drone_flight_control[0m
[0;32mI (222) cpu_start: App version:      1[0m
[0;32mI (226) cpu_start: Compile time:     Jan 25 2024 16:45:39[0m
[0;32mI (232) cpu_start: ELF file SHA256:  c7a4c097d...[0m
[0;32mI (238) cpu_start: ESP-IDF:          v5.3-dev-1288-g5524b692ee-dirty[0m
[0;32mI (245) cpu_start: Min chip rev:     v0.0[0m
[0;32mI (249) cpu_start: Max chip rev:     v3.99 [0m
[0;32mI (254) cpu_start: Chip rev:         v3.0[0m
[0;32mI (259) heap_init: Initializing. RAM available for dynamic allocation:[0m
[0;32mI (266) heap_init: At 3FFAE6E0 len 00001920 (6 KiB): DRAM[0m
[0;32mI (272) heap_init: At 3FFB2C18 len 0002D3E8 (180 KiB): DRAM[0m
[0;32mI (278) heap_init: At 3FFE0440 len 00003AE0 (14 KiB): D/IRAM[0m
[0;32mI (285) heap_init: At 3FFE4350 len 0001BCB0 (111 KiB): D/IRAM[0m
[0;32mI (291) heap_init: At 4008DD40 len 000122C0 (72 KiB): IRAM[0m
[0;32mI (299) spi_flash: detected chip: generic[0m
[0;32mI (302) spi_flash: flash io: dio[0m
[0;33mW (306) spi_flash: Detected size(4096k) larger than the size in the binary image header(2048k). Using the size in the binary image header.[0m
[0;33mW (319) i2c: This driver is an old driver, please migrate your application code to adapt `driver/i2c_master.h`[0m
[0;32mI (331) main_task: Started on CPU0[0m
[0;32mI (341) main_task: Calling app_main()[0m
[0;32mI (341) IMU: I have entered MPU CODE[0m
[0;32mI (341) PWM: Hi we are finally in the LOOP[0m
[0;32mI (341) PWM: ESC[0m
[0;32mI (341) IMU: devid=0x34[0m
[0;32mI (351) IMU: getRate()=0[0m
[0;32mI (351) main_task: Returned from app_main()[0m
[0;32mI (351) IMU: getExternalFrameSync()=0[0m
[0;32mI (361) IMU: getDLPFMode()=6[0m
[0;32mI (361) IMU: getFullScaleAccelRange()=0[0m
[0;32mI (371) IMU: getFullScaleGyroRange()=0[0m
[0;31mE (1341) FreeRTOS: FreeRTOS Task "PWM" should not return, Aborting now![0m

abort() was called at PC 0x400874e3 on core 0


Backtrace: 0x40081962:0x3ffb9e70 0x40086a1d:0x3ffb9e90 0x4008c6b1:0x3ffb9eb0 0x400874e3:0x3ffb9f20




ELF file SHA256: c7a4c097d

Rebooting...
ets Jul 29 2019 12:21:46

rst:0xc (SW_CPU_RESET),boot:0x13 (SPI_FAST_FLASH_BOOT)
configsip: 0, SPIWP:0xee
clk_drv:0x00,q_drv:0x00,d_drv:0x00,cs0_drv:0x00,hd_drv:0x00,wp_drv:0x00
mode:DIO, clock div:2
load:0x3fff0030,len:7172
load:0x40078000,len:15532
load:0x40080400,len:4
load:0x40080404,len:3904
entry 0x40080640
[0;32mI (29) boot: ESP-IDF v5.3-dev-1288-g5524b692ee-dirty 2nd stage bootloader[0m
[0;32mI (29) boot: compile time Jan 25 2024 13:26:40[0m
[0;32mI (32) boot: Multicore bootloader[0m
[0;32mI (36) boot: chip revision: v3.0[0m
[0;32mI (39) boot.esp32: SPI Speed      : 40MHz[0m
[0;32mI (44) boot.esp32: SPI Mode       : DIO[0m
[0;32mI (49) boot.esp32: SPI Flash Size : 2MB[0m
[0;32mI (53) boot: Enabling RNG early entropy source...[0m
[0;32mI (59) boot: Partition Table:[0m
[0;32mI (62) boot: ## Label            Usage          Type ST Offset   Length[0m
[0;32mI (69) boot:  0 nvs              WiFi data        01 02 00009000 00006000[0m
[0;32mI (77) boot:  1 phy_init         RF data          01 01 0000f000 00001000[0m
[0;32mI (84) boot:  2 factory          factory app      00 00 00010000 00100000[0m
[0;32mI (92) boot: End of partition table[0m
[0;32mI (96) esp_image: segment 0: paddr=00010020 vaddr=3f400020 size=0b150h ( 45392) map[0m
[0;32mI (120) esp_image: segment 1: paddr=0001b178 vaddr=3ffb0000 size=02298h (  8856) load[0m
[0;32mI (124) esp_image: segment 2: paddr=0001d418 vaddr=40080000 size=02c00h ( 11264) load[0m
[0;32mI (130) esp_image: segment 3: paddr=00020020 vaddr=400d0020 size=176c8h ( 95944) map[0m
[0;32mI (167) esp_image: segment 4: paddr=000376f0 vaddr=40082c00 size=0b140h ( 45376) load[0m
[0;32mI (192) boot: Loaded app from partition at offset 0x10000[0m
[0;32mI (192) boot: Disabling RNG early entropy source...[0m
[0;32mI (204) cpu_start: Multicore app[0m
[0;32mI (213) cpu_start: Pro cpu start user code[0m
[0;32mI (213) cpu_start: cpu freq: 160000000 Hz[0m
[0;32mI (213) cpu_start: Application information:[0m
[0;32mI (216) cpu_start: Project name:     drone_flight_control[0m
[0;32mI (222) cpu_start: App version:      1[0m
[0;32mI (226) cpu_start: Compile time:     Jan 25 2024 16:45:39[0m
[0;32mI (232) cpu_start: ELF file SHA256:  c7a4c097d...[0m
[0;32mI (238) cpu_start: ESP-IDF:          v5.3-dev-1288-g5524b692ee-dirty[0m
[0;32mI (245) cpu_start: Min chip rev:     v0.0[0m
[0;32mI (249) cpu_start: Max chip rev:     v3.99 [0m
[0;32mI (254) cpu_start: Chip rev:         v3.0[0m
[0;32mI (259) heap_init: Initializing. RAM available for dynamic allocation:[0m
[0;32mI (266) heap_init: At 3FFAE6E0 len 00001920 (6 KiB): DRAM[0m
[0;32mI (272) heap_init: At 3FFB2C18 len 0002D3E8 (180 KiB): DRAM[0m
[0;32mI (278) heap_init: At 3FFE0440 len 00003AE0 (14 KiB): D/IRAM[0m
[0;32mI (285) heap_init: At 3FFE4350 len 0001BCB0 (111 KiB): D/IRAM[0m
[0;32mI (291) heap_init: At 4008DD40 len 000122C0 (72 KiB): IRAM[0m
[0;32mI (299) spi_flash: detected chip: generic[0m
[0;32mI (302) spi_flash: flash io: dio[0m
[0;33mW (306) spi_flash: Detected size(4096k) larger than the size in the binary image header(2048k). Using the size in the binary image header.[0m
[0;33mW (319) i2c: This driver is an old driver, please migrate your application code to adapt `driver/i2c_master.h`[0m
[0;32mI (331) main_task: Started on CPU0[0m
[0;32mI (341) main_task: Calling app_main()[0m
[0;32mI (341) IMU: I have entered MPU CODE[0m
[0;32mI (341) PWM: Hi we are finally in the LOOP[0m
[0;32mI (341) PWM: ESC[0m
[0;32mI (341) IMU: devid=0x34[0m
[0;32mI (351) IMU: getRate()=0[0m
[0;32mI (351) main_task: Returned from app_main()[0m
[0;32mI (351) IMU: getExternalFrameSync()=0[0m
[0;32mI (361) IMU: getDLPFMode()=6[0m
[0;32mI (361) IMU: getFullScaleAccelRange()=0[0m
[0;32mI (371) IMU: getFullScaleGyroRange()=0[0m
[0;31mE (1341) FreeRTOS: FreeRTOS Task "PWM" should not return, Aborting now![0m

abort() was called at PC 0x400874e3 on core 0


Backtrace: 0x40081962:0x3ffb9e70 0x40086a1d:0x3ffb9e90 0x4008c6b1:0x3ffb9eb0 0x400874e3:0x3ffb9f20




ELF file SHA256: c7a4c097d

Rebooting...
ets Jul 29 2019 12:21:46

rst:0xc (SW_CPU_RESET),boot:0x13 (SPI_FAST_FLASH_BOOT)
configsip: 0, SPIWP:0xee
clk_drv:0x00,q_drv:0x00,d_drv:0x00,cs0_drv:0x00,hd_drv:0x00,wp_drv:0x00
mode:DIO, clock div:2
load:0x3fff0030,len:7172
load:0x40078000,len:15532
load:0x40080400,len:4
load:0x40080404,len:3904
entry 0x40080640
[0;32mI (29) boot: ESP-IDF v5.3-dev-1288-g5524b692ee-dirty 2nd stage bootloader[0m
[0;32mI (29) boot: compile time Jan 25 2024 13:26:40[0m
[0;32mI (32) boot: Multicore bootloader[0m
[0;32mI (36) boot: chip revision: v3.0[0m
[0;32mI (39) boot.esp32: SPI Speed      : 40MHz[0m
[0;32mI (44) boot.esp32: SPI Mode       : DIO[0m
[0;32mI (49) boot.esp32: SPI Flash Size : 2MB[0m
[0;32mI (53) boot: Enabling RNG early entropy source...[0m
[0;32mI (59) boot: Partition Table:[0m
[0;32mI (62) boot: ## Label            Usage          Type ST Offset   Length[0m
[0;32mI (69) boot:  0 nvs              WiFi data        01 02 00009000 00006000[0m
[0;32mI (77) boot:  1 phy_init         RF data          01 01 0000f000 00001000[0m
[0;32mI (84) boot:  2 factory          factory app      00 00 00010000 00100000[0m
[0;32mI (92) boot: End of partition table[0m
[0;32mI (96) esp_image: segment 0: paddr=00010020 vaddr=3f400020 size=0b150h ( 45392) map[0m
[0;32mI (120) esp_image: segment 1: paddr=0001b178 vaddr=3ffb0000 size=02298h (  8856) load[0m
[0;32mI (124) esp_image: segment 2: paddr=0001d418 vaddr=40080000 size=02c00h ( 11264) load[0m
[0;32mI (130) esp_image: segment 3: paddr=00020020 vaddr=400d0020 size=176c8h ( 95944) map[0m
[0;32mI (167) esp_image: segment 4: paddr=000376f0 vaddr=40082c00 size=0b140h ( 45376) load[0m
[0;32mI (192) boot: Loaded app from partition at offset 0x10000[0m
[0;32mI (192) boot: Disabling RNG early entropy source...[0m
[0;32mI (204) cpu_start: Multicore app[0m
[0;32mI (213) cpu_start: Pro cpu start user code[0m
[0;32mI (213) cpu_start: cpu freq: 160000000 Hz[0m
[0;32mI (213) cpu_start: Application information:[0m
[0;32mI (216) cpu_start: Project name:     drone_flight_control[0m
[0;32mI (222) cpu_start: App version:      1[0m
[0;32mI (226) cpu_start: Compile time:     Jan 25 2024 16:45:39[0m
[0;32mI (232) cpu_start: ELF file SHA256:  c7a4c097d...[0m
[0;32mI (238) cpu_start: ESP-IDF:          v5.3-dev-1288-g5524b692ee-dirty[0m
[0;32mI (245) cpu_start: Min chip rev:     v0.0[0m
[0;32mI (249) cpu_start: Max chip rev:     v3.99 [0m
[0;32mI (254) cpu_start: Chip rev:         v3.0[0m
[0;32mI (259) heap_init: Initializing. RAM available for dynamic allocation:[0m
[0;32mI (266) heap_init: At 3FFAE6E0 len 00001920 (6 KiB): DRAM[0m
[0;32mI (272) heap_init: At 3FFB2C18 len 0002D3E8 (180 KiB): DRAM[0m
[0;32mI (278) heap_init: At 3FFE0440 len 00003AE0 (14 KiB): D/IRAM[0m
[0;32mI (285) heap_init: At 3FFE4350 len 0001BCB0 (111 KiB): D/IRAM[0m
[0;32mI (291) heap_init: At 4008DD40 len 000122C0 (72 KiB): IRAM[0m
[0;32mI (299) spi_flash: detected chip: generic[0m
[0;32mI (302) spi_flash: flash io: dio[0m
[0;33mW (306) spi_flash: Detected size(4096k) larger than the size in the binary image header(2048k). Using the size in the binary image header.[0m
[0;33mW (319) i2c: This driver is an old driver, please migrate your application code to adapt `driver/i2c_master.h`[0m
[0;32mI (331) main_task: Started on CPU0[0m
[0;32mI (341) main_task: Calling app_main()[0m
[0;32mI (341) IMU: I have entered MPU CODE[0m
[0;32mI (341) PWM: Hi we are finally in the LOOP[0m
[0;32mI (341) PWM: ESC[0m
[0;32mI (341) IMU: devid=0x34[0m
[0;32mI (351) IMU: getRate()=0[0m
[0;32mI (351) main_task: Returned from app_main()[0m
[0;32mI (351) IMU: getExternalFrameSync()=0[0m
[0;32mI (361) IMU: getDLPFMode()=6[0m
[0;32mI (361) IMU: getFullScaleAccelRange()=0[0m
[0;32mI (371) IMU: getFullScaleGyroRange()=0[0m
[0;31mE (1341) FreeRTOS: FreeRTOS Task "PWM" should not return, Aborting now![0m

abort() was called at PC 0x400874e3 on core 0


Backtrace: 0x40081962:0x3ffb9e70 0x40086a1d:0x3ffb9e90 0x4008c6b1:0x3ffb9eb0 0x400874e3:0x3ffb9f20




ELF file SHA256: c7a4c097d

Rebooting...
ets Jul 29 2019 12:21:46

rst:0xc (SW_CPU_RESET),boot:0x13 (SPI_FAST_FLASH_BOOT)
configsip: 0, SPIWP:0xee
clk_drv:0x00,q_drv:0x00,d_drv:0x00,cs0_drv:0x00,hd_drv:0x00,wp_drv:0x00
mode:DIO, clock div:2
load:0x3fff0030,len:7172
load:0x40078000,len:15532
load:0x40080400,len:4
load:0x40080404,len:3904
entry 0x40080640
[0;32mI (29) boot: ESP-IDF v5.3-dev-1288-g5524b692ee-dirty 2nd stage bootloader[0m
[0;32mI (29) boot: compile time Jan 25 2024 13:26:40[0m
[0;32mI (32) boot: Multicore bootloader[0m
[0;32mI (36) boot: chip revision: v3.0[0m
[0;32mI (39) boot.esp32: SPI Speed      : 40MHz[0m
[0;32mI (44) boot.esp32: SPI Mode       : DIO[0m
[0;32mI (49) boot.esp32: SPI Flash Size : 2MB[0m
[0;32mI (53) boot: Enabling RNG early entropy source...[0m
[0;32mI (59) boot: Partition Table:[0m
[0;32mI (62) boot: ## Label            Usage          Type ST Offset   Length[0m
[0;32mI (69) boot:  0 nvs              WiFi data        01 02 00009000 00006000[0m
[0;32mI (77) boot:  1 phy_init         RF data          01 01 0000f000 00001000[0m
[0;32mI (84) boot:  2 factory          factory app      00 00 00010000 00100000[0m
[0;32mI (92) boot: End of partition table[0m
[0;32mI (96) esp_image: segment 0: paddr=00010020 vaddr=3f400020 size=0b150h ( 45392) map[0m
[0;32mI (120) esp_image: segment 1: paddr=0001b178 vaddr=3ffb0000 size=02298h (  8856) load[0m
[0;32mI (124) esp_image: segment 2: paddr=0001d418 vaddr=40080000 size=02c00h ( 11264) load[0m
[0;32mI (130) esp_image: segment 3: paddr=00020020 vaddr=400d0020 size=176c8h ( 95944) map[0m
[0;32mI (167) esp_image: segment 4: paddr=000376f0 vaddr=40082c00 size=0b140h ( 45376) load[0m
[0;32mI (192) boot: Loaded app from partition at offset 0x10000[0m
[0;32mI (192) boot: Disabling RNG early entropy source...[0m
[0;32mI (204) cpu_start: Multicore app[0m
[0;32mI (213) cpu_start: Pro cpu start user code[0m
[0;32mI (213) cpu_start: cpu freq: 160000000 Hz[0m
[0;32mI (213) cpu_start: Application information:[0m
[0;32mI (216) cpu_start: Project name:     drone_flight_control[0m
[0;32mI (222) cpu_start: App version:      1[0m
[0;32mI (226) cpu_start: Compile time:     Jan 25 2024 16:45:39[0m
[0;32mI (232) cpu_start: ELF file SHA256:  c7a4c097d...[0m
[0;32mI (238) cpu_start: ESP-IDF:          v5.3-dev-1288-g5524b692ee-dirty[0m
[0;32mI (245) cpu_start: Min chip rev:     v0.0[0m
[0;32mI (249) cpu_start: Max chip rev:     v3.99 [0m
[0;32mI (254) cpu_start: Chip rev:         v3.0[0m
[0;32mI (259) heap_init: Initializing. RAM available for dynamic allocation:[0m
[0;32mI (266) heap_init: At 3FFAE6E0 len 00001920 (6 KiB): DRAM[0m
[0;32mI (272) heap_init: At 3FFB2C18 len 0002D3E8 (180 KiB): DRAM[0m
[0;32mI (278) heap_init: At 3FFE0440 len 00003AE0 (14 KiB): D/IRAM[0m
[0;32mI (285) heap_init: At 3FFE4350 len 0001BCB0 (111 KiB): D/IRAM[0m
[0;32mI (291) heap_init: At 4008DD40 len 000122C0 (72 KiB): IRAM[0m
[0;32mI (299) spi_flash: detected chip: generic[0m
[0;32mI (302) spi_flash: flash io: dio[0m
[0;33mW (306) spi_flash: Detected size(4096k) larger than the size in the binary image header(2048k). Using the size in the binary image header.[0m
[0;33mW (319) i2c: This driver is an old driver, please migrate your application code to adapt `driver/i2c_master.h`[0m
[0;32mI (331) main_task: Started on CPU0[0m
[0;32mI (341) main_task: Calling app_main()[0m
[0;32mI (341) IMU: I have entered MPU CODE[0m
[0;32mI (341) PWM: Hi we are finally in the LOOP[0m
[0;32mI (341) PWM: ESC[0m
[0;32mI (341) IMU: devid=0x34[0m
[0;32mI (351) IMU: getRate()=0[0m
[0;32mI (351) main_task: Returned from app_main()[0m
[0;32mI (351) IMU: getExternalFrameSync()=0[0m
[0;32mI (361) IMU: getDLPFMode()=6[0m
[0;32mI (361) IMU: getFullScaleAccelRange()=0[0m
[0;32mI (371) IMU: getFullScaleGyroRange()=0[0m
[0;31mE (1341) FreeRTOS: FreeRTOS Task "PWM" should not return, Aborting now![0m

abort() was called at PC 0x400874e3 on core 0


Backtrace: 0x40081962:0x3ffb9e70 0x40086a1d:0x3ffb9e90 0x4008c6b1:0x3ffb9eb0 0x400874e3:0x3ffb9f20




ELF file SHA256: c7a4c097d

Rebooting...
ets Jul 29 2019 12:21:46

rst:0xc (SW_CPU_RESET),boot:0x13 (SPI_FAST_FLASH_BOOT)
configsip: 0, SPIWP:0xee
clk_drv:0x00,q_drv:0x00,d_drv:0x00,cs0_drv:0x00,hd_drv:0x00,wp_drv:0x00
mode:DIO, clock div:2
load:0x3fff0030,len:7172
load:0x40078000,len:15532
load:0x40080400,len:4
load:0x40080404,len:3904
entry 0x40080640
[0;32mI (29) boot: ESP-IDF v5.3-dev-1288-g5524b692ee-dirty 2nd stage bootloader[0m
[0;32mI (29) boot: compile time Jan 25 2024 13:26:40[0m
[0;32mI (32) boot: Multicore bootloader[0m
[0;32mI (36) boot: chip revision: v3.0[0m
[0;32mI (39) boot.esp32: SPI Speed      : 40MHz[0m
[0;32mI (44) boot.esp32: SPI Mode       : DIO[0m
[0;32mI (49) boot.esp32: SPI Flash Size : 2MB[0m
[0;32mI (53) boot: Enabling RNG early entropy source...[0m
[0;32mI (59) boot: Partition Table:[0m
[0;32mI (62) boot: ## Label            Usage          Type ST Offset   Length[0m
[0;32mI (69) boot:  0 nvs              WiFi data        01 02 00009000 00006000[0m
[0;32mI (77) boot:  1 phy_init         RF data          01 01 0000f000 00001000[0m
[0;32mI (84) boot:  2 factory          factory app      00 00 00010000 00100000[0m
[0;32mI (92) boot: End of partition table[0m
[0;32mI (96) esp_image: segment 0: paddr=00010020 vaddr=3f400020 size=0b150h ( 45392) map[0m
[0;32mI (120) esp_image: segment 1: paddr=0001b178 vaddr=3ffb0000 size=02298h (  8856) load[0m
[0;32mI (124) esp_image: segment 2: paddr=0001d418 vaddr=40080000 size=02c00h ( 11264) load[0m
[0;32mI (130) esp_image: segment 3: paddr=00020020 vaddr=400d0020 size=176c8h ( 95944) map[0m
[0;32mI (167) esp_image: segment 4: paddr=000376f0 vaddr=40082c00 size=0b140h ( 45376) load[0m
[0;32mI (192) boot: Loaded app from partition at offset 0x10000[0m
[0;32mI (192) boot: Disabling RNG early entropy source...[0m
[0;32mI (204) cpu_start: Multicore app[0m
[0;32mI (213) cpu_start: Pro cpu start user code[0m
[0;32mI (213) cpu_start: cpu freq: 160000000 Hz[0m
[0;32mI (213) cpu_start: Application information:[0m
[0;32mI (216) cpu_start: Project name:     drone_flight_control[0m
[0;32mI (222) cpu_start: App version:      1[0m
[0;32mI (226) cpu_start: Compile time:     Jan 25 2024 16:45:39[0m
[0;32mI (232) cpu_start: ELF file SHA256:  c7a4c097d...[0m
[0;32mI (238) cpu_start: ESP-IDF:          v5.3-dev-1288-g5524b692ee-dirty[0m
[0;32mI (245) cpu_start: Min chip rev:     v0.0[0m
[0;32mI (249) cpu_start: Max chip rev:     v3.99 [0m
[0;32mI (254) cpu_start: Chip rev:         v3.0[0m
[0;32mI (259) heap_init: Initializing. RAM available for dynamic allocation:[0m
[0;32mI (266) heap_init: At 3FFAE6E0 len 00001920 (6 KiB): DRAM[0m
[0;32mI (272) heap_init: At 3FFB2C18 len 0002D3E8 (180 KiB): DRAM[0m
[0;32mI (278) heap_init: At 3FFE0440 len 00003AE0 (14 KiB): D/IRAM[0m
[0;32mI (285) heap_init: At 3FFE4350 len 0001BCB0 (111 KiB): D/IRAM[0m
[0;32mI (291) heap_init: At 4008DD40 len 000122C0 (72 KiB): IRAM[0m
[0;32mI (299) spi_flash: detected chip: generic[0m
[0;32mI (302) spi_flash: flash io: dio[0m
[0;33mW (306) spi_flash: Detected size(4096k) larger than the size in the binary image header(2048k). Using the size in the binary image header.[0m
[0;33mW (319) i2c: This driver is an old driver, please migrate your application code to adapt `driver/i2c_master.h`[0m
[0;32mI (331) main_task: Started on CPU0[0m
[0;32mI (341) main_task: Calling app_main()[0m
[0;32mI (341) IMU: I have entered MPU CODE[0m
[0;32mI (341) PWM: Hi we are finally in the LOOP[0m
[0;32mI (341) PWM: ESC[0m
[0;32mI (341) IMU: devid=0x34[0m
[0;32mI (351) IMU: getRate()=0[0m
[0;32mI (351) main_task: Returned from app_main()[0m
[0;32mI (351) IMU: getExternalFrameSync()=0[0m
[0;32mI (361) IMU: getDLPFMode()=6[0m
[0;32mI (361) IMU: getFullScaleAccelRange()=0[0m
[0;32mI (371) IMU: getFullScaleGyroRange()=0[0m
[0;31mE (1341) FreeRTOS: FreeRTOS Task "PWM" should not return, Aborting now![0m

abort() was called at PC 0x400874e3 on core 0


Backtrace: 0x40081962:0x3ffb9e70 0x40086a1d:0x3ffb9e90 0x4008c6b1:0x3ffb9eb0 0x400874e3:0x3ffb9f20




ELF file SHA256: c7a4c097d

Rebooting...
ets Jul 29 2019 12:21:46

rst:0xc (SW_CPU_RESET),boot:0x13 (SPI_FAST_FLASH_BOOT)
configsip: 0, SPIWP:0xee
clk_drv:0x00,q_drv:0x00,d_drv:0x00,cs0_drv:0x00,hd_drv:0x00,wp_drv:0x00
mode:DIO, clock div:2
load:0x3fff0030,len:7172
load:0x40078000,len:15532
load:0x40080400,len:4
load:0x40080404,len:3904
entry 0x40080640
[0;32mI (29) boot: ESP-IDF v5.3-dev-1288-g5524b692ee-dirty 2nd stage bootloader[0m
[0;32mI (29) boot: compile time Jan 25 2024 13:26:40[0m
[0;32mI (32) boot: Multicore bootloader[0m
[0;32mI (36) boot: chip revision: v3.0[0m
[0;32mI (39) boot.esp32: SPI Speed      : 40MHz[0m
[0;32mI (44) boot.esp32: SPI Mode       : DIO[0m
[0;32mI (49) boot.esp32: SPI Flash Size : 2MB[0m
[0;32mI (53) boot: Enabling RNG early entropy source...[0m
[0;32mI (59) boot: Partition Table:[0m
[0;32mI (62) boot: ## Label            Usage          Type ST Offset   Length[0m
[0;32mI (69) boot:  0 nvs              WiFi data        01 02 00009000 00006000[0m
[0;32mI (77) boot:  1 phy_init         RF data          01 01 0000f000 00001000[0m
[0;32mI (84) boot:  2 factory          factory app      00 00 00010000 00100000[0m
[0;32mI (92) boot: End of partition table[0m
[0;32mI (96) esp_image: segment 0: paddr=00010020 vaddr=3f400020 size=0b150h ( 45392) map[0m
[0;32mI (120) esp_image: segment 1: paddr=0001b178 vaddr=3ffb0000 size=02298h (  8856) load[0m
[0;32mI (124) esp_image: segment 2: paddr=0001d418 vaddr=40080000 size=02c00h ( 11264) load[0m
[0;32mI (130) esp_image: segment 3: paddr=00020020 vaddr=400d0020 size=176c8h ( 95944) map[0m
[0;32mI (167) esp_image: segment 4: paddr=000376f0 vaddr=40082c00 size=0b140h ( 45376) load[0m
[0;32mI (192) boot: Loaded app from partition at offset 0x10000[0m
[0;32mI (192) boot: Disabling RNG early entropy source...[0m
[0;32mI (204) cpu_start: Multicore app[0m
[0;32mI (213) cpu_start: Pro cpu start user code[0m
[0;32mI (213) cpu_start: cpu freq: 160000000 Hz[0m
[0;32mI (213) cpu_start: Application information:[0m
[0;32mI (216) cpu_start: Project name:     drone_flight_control[0m
[0;32mI (222) cpu_start: App version:      1[0m
[0;32mI (226) cpu_start: Compile time:     Jan 25 2024 16:45:39[0m
[0;32mI (232) cpu_start: ELF file SHA256:  c7a4c097d...[0m
[0;32mI (238) cpu_start: ESP-IDF:          v5.3-dev-1288-g5524b692ee-dirty[0m
[0;32mI (245) cpu_start: Min chip rev:     v0.0[0m
[0;32mI (249) cpu_start: Max chip rev:     v3.99 [0m
[0;32mI (254) cpu_start: Chip rev:         v3.0[0m
[0;32mI (259) heap_init: Initializing. RAM available for dynamic allocation:[0m
[0;32mI (266) heap_init: At 3FFAE6E0 len 00001920 (6 KiB): DRAM[0m
[0;32mI (272) heap_init: At 3FFB2C18 len 0002D3E8 (180 KiB): DRAM[0m
[0;32mI (278) heap_init: At 3FFE0440 len 00003AE0 (14 KiB): D/IRAM[0m
[0;32mI (285) heap_init: At 3FFE4350 len 0001BCB0 (111 KiB): D/IRAM[0m
[0;32mI (291) heap_init: At 4008DD40 len 000122C0 (72 KiB): IRAM[0m
[0;32mI (299) spi_flash: detected chip: generic[0m
[0;32mI (302) spi_flash: flash io: dio[0m
[0;33mW (306) spi_flash: Detected size(4096k) larger than the size in the binary image header(2048k). Using the size in the binary image header.[0m
[0;33mW (319) i2c: This driver is an old driver, please migrate your application code to adapt `driver/i2c_master.h`[0m
[0;32mI (331) main_task: Started on CPU0[0m
[0;32mI (341) main_task: Calling app_main()[0m
[0;32mI (341) IMU: I have entered MPU CODE[0m
[0;32mI (341) PWM: Hi we are finally in the LOOP[0m
[0;32mI (341) PWM: ESC[0m
[0;32mI (341) IMU: devid=0x34[0m
[0;32mI (351) IMU: getRate()=0[0m
[0;32mI (351) main_task: Returned from app_main()[0m
[0;32mI (351) IMU: getExternalFrameSync()=0[0m
[0;32mI (361) IMU: getDLPFMode()=6[0m
[0;32mI (361) IMU: getFullScaleAccelRange()=0[0m
[0;32mI (371) IMU: getFullScaleGyroRange()=0[0m
[0;31mE (1341) FreeRTOS: FreeRTOS Task "PWM" should not return, Aborting now![0m

abort() was called at PC 0x400874e3 on core 0


Backtrace: 0x40081962:0x3ffb9e70 0x40086a1d:0x3ffb9e90 0x4008c6b1:0x3ffb9eb0 0x400874e3:0x3ffb9f20




ELF file SHA256: c7a4c097d

Rebooting...
ets Jul 29 2019 12:21:46

rst:0xc (SW_CPU_RESET),boot:0x13 (SPI_FAST_FLASH_BOOT)
configsip: 0, SPIWP:0xee
clk_drv:0x00,q_drv:0x00,d_drv:0x00,cs0_drv:0x00,hd_drv:0x00,wp_drv:0x00
mode:DIO, clock div:2
load:0x3fff0030,len:7172
load:0x40078000,len:15532
load:0x40080400,len:4
load:0x40080404,len:3904
entry 0x40080640
[0;32mI (29) boot: ESP-IDF v5.3-dev-1288-g5524b692ee-dirty 2nd stage bootloader[0m
[0;32mI (29) boot: compile time Jan 25 2024 13:26:40[0m
[0;32mI (32) boot: Multicore bootloader[0m
[0;32mI (36) boot: chip revision: v3.0[0m
[0;32mI (39) boot.esp32: SPI Speed      : 40MHz[0m
[0;32mI (44) boot.esp32: SPI Mode       : DIO[0m
[0;32mI (49) boot.esp32: SPI Flash Size : 2MB[0m
[0;32mI (53) boot: Enabling RNG early entropy source...[0m
[0;32mI (59) boot: Partition Table:[0m
[0;32mI (62) boot: ## Label            Usage          Type ST Offset   Length[0m
[0;32mI (69) boot:  0 nvs              WiFi data        01 02 00009000 00006000[0m
[0;32mI (77) boot:  1 phy_init         RF data          01 01 0000f000 00001000[0m
[0;32mI (84) boot:  2 factory          factory app      00 00 00010000 00100000[0m
[0;32mI (92) boot: End of partition table[0m
[0;32mI (96) esp_image: segment 0: paddr=00010020 vaddr=3f400020 size=0b150h ( 45392) map[0m
[0;32mI (120) esp_image: segment 1: paddr=0001b178 vaddr=3ffb0000 size=02298h (  8856) load[0m
[0;32mI (124) esp_image: segment 2: paddr=0001d418 vaddr=40080000 size=02c00h ( 11264) load[0m
[0;32mI (130) esp_image: segment 3: paddr=00020020 vaddr=400d0020 size=176c8h ( 95944) map[0m
[0;32mI (167) esp_image: segment 4: paddr=000376f0 vaddr=40082c00 size=0b140h ( 45376) load[0m
[0;32mI (192) boot: Loaded app from partition at offset 0x10000[0m
[0;32mI (192) boot: Disabling RNG early entropy source...[0m
[0;32mI (204) cpu_start: Multicore app[0m
[0;32mI (213) cpu_start: Pro cpu start user code[0m
[0;32mI (213) cpu_start: cpu freq: 160000000 Hz[0m
[0;32mI (213) cpu_start: Application information:[0m
[0;32mI (216) cpu_start: Project name:     drone_flight_control[0m
[0;32mI (222) cpu_start: App version:      1[0m
[0;32mI (226) cpu_start: Compile time:     Jan 25 2024 16:45:39[0m
[0;32mI (232) cpu_start: ELF file SHA256:  c7a4c097d...[0m
[0;32mI (238) cpu_start: ESP-IDF:          v5.3-dev-1288-g5524b692ee-dirty[0m
[0;32mI (245) cpu_start: Min chip rev:     v0.0[0m
[0;32mI (249) cpu_start: Max chip rev:     v3.99 [0m
[0;32mI (254) cpu_start: Chip rev:         v3.0[0m
[0;32mI (259) heap_init: Initializing. RAM available for dynamic allocation:[0m
[0;32mI (266) heap_init: At 3FFAE6E0 len 00001920 (6 KiB): DRAM[0m
[0;32mI (272) heap_init: At 3FFB2C18 len 0002D3E8 (180 KiB): DRAM[0m
[0;32mI (278) heap_init: At 3FFE0440 len 00003AE0 (14 KiB): D/IRAM[0m
[0;32mI (285) heap_init: At 3FFE4350 len 0001BCB0 (111 KiB): D/IRAM[0m
[0;32mI (291) heap_init: At 4008DD40 len 000122C0 (72 KiB): IRAM[0m
[0;32mI (299) spi_flash: detected chip: generic[0m
[0;32mI (302) spi_flash: flash io: dio[0m
[0;33mW (306) spi_flash: Detected size(4096k) larger than the size in the binary image header(2048k). Using the size in the binary image header.[0m
[0;33mW (319) i2c: This driver is an old driver, please migrate your application code to adapt `driver/i2c_master.h`[0m
[0;32mI (331) main_task: Started on CPU0[0m
[0;32mI (341) main_task: Calling app_main()[0m
[0;32mI (341) IMU: I have entered MPU CODE[0m
[0;32mI (341) PWM: Hi we are finally in the LOOP[0m
[0;32mI (341) PWM: ESC[0m
[0;32mI (341) IMU: devid=0x34[0m
[0;32mI (351) IMU: getRate()=0[0m
[0;32mI (351) main_task: Returned from app_main()[0m
[0;32mI (351) IMU: getExternalFrameSync()=0[0m
[0;32mI (361) IMU: getDLPFMode()=6[0m
[0;32mI (361) IMU: getFullScaleAccelRange()=0[0m
[0;32mI (371) IMU: getFullScaleGyroRange()=0[0m
[0;31mE (1341) FreeRTOS: FreeRTOS Task "PWM" should not return, Aborting now![0m

abort() was called at PC 0x400874e3 on core 0


Backtrace: 0x40081962:0x3ffb9e70 0x40086a1d:0x3ffb9e90 0x4008c6b1:0x3ffb9eb0 0x400874e3:0x3ffb9f20




ELF file SHA256: c7a4c097d

Rebooting...
ets Jul 29 2019 12:21:46

rst:0xc (SW_CPU_RESET),boot:0x13 (SPI_FAST_FLASH_BOOT)
configsip: 0, SPIWP:0xee
clk_drv:0x00,q_drv:0x00,d_drv:0x00,cs0_drv:0x00,hd_drv:0x00,wp_drv:0x00
mode:DIO, clock div:2
load:0x3fff0030,len:7172
load:0x40078000,len:15532
load:0x40080400,len:4
load:0x40080404,len:3904
entry 0x40080640
[0;32mI (29) boot: ESP-IDF v5.3-dev-1288-g5524b692ee-dirty 2nd stage bootloader[0m
[0;32mI (29) boot: compile time Jan 25 2024 13:26:40[0m
[0;32mI (32) boot: Multicore bootloader[0m
[0;32mI (36) boot: chip revision: v3.0[0m
[0;32mI (39) boot.esp32: SPI Speed      : 40MHz[0m
[0;32mI (44) boot.esp32: SPI Mode       : DIO[0m
[0;32mI (49) boot.esp32: SPI Flash Size : 2MB[0m
[0;32mI (53) boot: Enabling RNG early entropy source...[0m
[0;32mI (59) boot: Partition Table:[0m
[0;32mI (62) boot: ## Label            Usage          Type ST Offset   Length[0m
[0;32mI (69) boot:  0 nvs              WiFi data        01 02 00009000 00006000[0m
[0;32mI (77) boot:  1 phy_init         RF data          01 01 0000f000 00001000[0m
[0;32mI (84) boot:  2 factory          factory app      00 00 00010000 00100000[0m
[0;32mI (92) boot: End of partition table[0m
[0;32mI (96) esp_image: segment 0: paddr=00010020 vaddr=3f400020 size=0b150h ( 45392) map[0m
[0;32mI (120) esp_image: segment 1: paddr=0001b178 vaddr=3ffb0000 size=02298h (  8856) load[0m
[0;32mI (124) esp_image: segment 2: paddr=0001d418 vaddr=40080000 size=02c00h ( 11264) load[0m
[0;32mI (130) esp_image: segment 3: paddr=00020020 vaddr=400d0020 size=176c8h ( 95944) map[0m
[0;32mI (167) esp_image: segment 4: paddr=000376f0 vaddr=40082c00 size=0b140h ( 45376) load[0m
[0;32mI (192) boot: Loaded app from partition at offset 0x10000[0m
[0;32mI (192) boot: Disabling RNG early entropy source...[0m
[0;32mI (204) cpu_start: Multicore app[0m
[0;32mI (213) cpu_start: Pro cpu start user code[0m
[0;32mI (213) cpu_start: cpu freq: 160000000 Hz[0m
[0;32mI (213) cpu_start: Application information:[0m
[0;32mI (216) cpu_start: Project name:     drone_flight_control[0m
[0;32mI (222) cpu_start: App version:      1[0m
[0;32mI (226) cpu_start: Compile time:     Jan 25 2024 16:45:39[0m
[0;32mI (232) cpu_start: ELF file SHA256:  c7a4c097d...[0m
[0;32mI (238) cpu_start: ESP-IDF:          v5.3-dev-1288-g5524b692ee-dirty[0m
[0;32mI (245) cpu_start: Min chip rev:     v0.0[0m
[0;32mI (249) cpu_start: Max chip rev:     v3.99 [0m
[0;32mI (254) cpu_start: Chip rev:         v3.0[0m
[0;32mI (259) heap_init: Initializing. RAM available for dynamic allocation:[0m
[0;32mI (266) heap_init: At 3FFAE6E0 len 00001920 (6 KiB): DRAM[0m
[0;32mI (272) heap_init: At 3FFB2C18 len 0002D3E8 (180 KiB): DRAM[0m
[0;32mI (278) heap_init: At 3FFE0440 len 00003AE0 (14 KiB): D/IRAM[0m
[0;32mI (285) heap_init: At 3FFE4350 len 0001BCB0 (111 KiB): D/IRAM[0m
[0;32mI (291) heap_init: At 4008DD40 len 000122C0 (72 KiB): IRAM[0m
[0;32mI (299) spi_flash: detected chip: generic[0m
[0;32mI (302) spi_flash: flash io: dio[0m
[0;33mW (306) spi_flash: Detected size(4096k) larger than the size in the binary image header(2048k). Using the size in the binary image header.[0m
[0;33mW (319) i2c: This driver is an old driver, please migrate your application code to adapt `driver/i2c_master.h`[0m
[0;32mI (331) main_task: Started on CPU0[0m
[0;32mI (341) main_task: Calling app_main()[0m
[0;32mI (341) IMU: I have entered MPU CODE[0m
[0;32mI (341) PWM: Hi we are finally in the LOOP[0m
[0;32mI (341) PWM: ESC[0m
[0;32mI (341) IMU: devid=0x34[0m
[0;32mI (351) IMU: getRate()=0[0m
[0;32mI (351) main_task: Returned from app_main()[0m
[0;32mI (351) IMU: getExternalFrameSync()=0[0m
[0;32mI (361) IMU: getDLPFMode()=6[0m
[0;32mI (361) IMU: getFullScaleAccelRange()=0[0m
[0;32mI (371) IMU: getFullScaleGyroRange()=0[0m
[0;31mE (1341) FreeRTOS: FreeRTOS Task "PWM" should not return, Aborting now![0m

abort() was called at PC 0x400874e3 on core 0


Backtrace: 0x40081962:0x3ffb9e70 0x40086a1d:0x3ffb9e90 0x4008c6b1:0x3ffb9eb0 0x400874e3:0x3ffb9f20




ELF file SHA256: c7a4c097d

Rebooting...
ets Jul 29 2019 12:21:46

rst:0xc (SW_CPU_RESET),boot:0x13 (SPI_FAST_FLASH_BOOT)
configsip: 0, SPIWP:0xee
clk_drv:0x00,q_drv:0x00,d_drv:0x00,cs0_drv:0x00,hd_drv:0x00,wp_drv:0x00
mode:DIO, clock div:2
load:0x3fff0030,len:7172
load:0x40078000,len:15532
load:0x40080400,len:4
load:0x40080404,len:3904
entry 0x40080640
[0;32mI (29) boot: ESP-IDF v5.3-dev-1288-g5524b692ee-dirty 2nd stage bootloader[0m
[0;32mI (29) boot: compile time Jan 25 2024 13:26:40[0m
[0;32mI (32) boot: Multicore bootloader[0m
[0;32mI (36) boot: chip revision: v3.0[0m
[0;32mI (39) boot.esp32: SPI Speed      : 40MHz[0m
[0;32mI (44) boot.esp32: SPI Mode       : DIO[0m
[0;32mI (49) boot.esp32: SPI Flash Size : 2MB[0m
[0;32mI (53) boot: Enabling RNG early entropy source...[0m
[0;32mI (59) boot: Partition Table:[0m
[0;32mI (62) boot: ## Label            Usage          Type ST Offset   Length[0m
[0;32mI (69) boot:  0 nvs              WiFi data        01 02 00009000 00006000[0m
[0;32mI (77) boot:  1 phy_init         RF data          01 01 0000f000 00001000[0m
[0;32mI (84) boot:  2 factory          factory app      00 00 00010000 00100000[0m
[0;32mI (92) boot: End of partition table[0m
[0;32mI (96) esp_image: segment 0: paddr=00010020 vaddr=3f400020 size=0b150h ( 45392) map[0m
[0;32mI (120) esp_image: segment 1: paddr=0001b178 vaddr=3ffb0000 size=02298h (  8856) load[0m
[0;32mI (124) esp_image: segment 2: paddr=0001d418 vaddr=40080000 size=02c00h ( 11264) load[0m
[0;32mI (130) esp_image: segment 3: paddr=00020020 vaddr=400d0020 size=176c8h ( 95944) map[0m
[0;32mI (167) esp_image: segment 4: paddr=000376f0 vaddr=40082c00 size=0b140h ( 45376) load[0m
[0;32mI (192) boot: Loaded app from partition at offset 0x10000[0m
[0;32mI (192) boot: Disabling RNG early entropy source...[0m
[0;32mI (204) cpu_start: Multicore app[0m
[0;32mI (213) cpu_start: Pro cpu start user code[0m
[0;32mI (213) cpu_start: cpu freq: 160000000 Hz[0m
[0;32mI (213) cpu_start: Application information:[0m
[0;32mI (216) cpu_start: Project name:     drone_flight_control[0m
[0;32mI (222) cpu_start: App version:      1[0m
[0;32mI (226) cpu_start: Compile time:     Jan 25 2024 16:45:39[0m
[0;32mI (232) cpu_start: ELF file SHA256:  c7a4c097d...[0m
[0;32mI (238) cpu_start: ESP-IDF:          v5.3-dev-1288-g5524b692ee-dirty[0m
[0;32mI (245) cpu_start: Min chip rev:     v0.0[0m
[0;32mI (249) cpu_start: Max chip rev:     v3.99 [0m
[0;32mI (254) cpu_start: Chip rev:         v3.0[0m
[0;32mI (259) heap_init: Initializing. RAM available for dynamic allocation:[0m
[0;32mI (266) heap_init: At 3FFAE6E0 len 00001920 (6 KiB): DRAM[0m
[0;32mI (272) heap_init: At 3FFB2C18 len 0002D3E8 (180 KiB): DRAM[0m
[0;32mI (278) heap_init: At 3FFE0440 len 00003AE0 (14 KiB): D/IRAM[0m
[0;32mI (285) heap_init: At 3FFE4350 len 0001BCB0 (111 KiB): D/IRAM[0m
[0;32mI (291) heap_init: At 4008DD40 len 000122C0 (72 KiB): IRAM[0m
[0;32mI (299) spi_flash: detected chip: generic[0m
[0;32mI (302) spi_flash: flash io: dio[0m
[0;33mW (306) spi_flash: Detected size(4096k) larger than the size in the binary image header(2048k). Using the size in the binary image header.[0m
[0;33mW (319) i2c: This driver is an old driver, please migrate your application code to adapt `driver/i2c_master.h`[0m
[0;32mI (331) main_task: Started on CPU0[0m
[0;32mI (341) main_task: Calling app_main()[0m
[0;32mI (341) IMU: I have entered MPU CODE[0m
[0;32mI (341) PWM: Hi we are finally in the LOOP[0m
[0;32mI (341) PWM: ESC[0m
[0;32mI (341) IMU: devid=0x34[0m
[0;32mI (351) IMU: getRate()=0[0m
[0;32mI (351) main_task: Returned from app_main()[0m
[0;32mI (351) IMU: getExternalFrameSync()=0[0m
[0;32mI (361) IMU: getDLPFMode()=6[0m
[0;32mI (361) IMU: getFullScaleAccelRange()=0[0m
[0;32mI (371) IMU: getFullScaleGyroRange()=0[0m
[0;31mE (1341) FreeRTOS: FreeRTOS Task "PWM" should not return, Aborting now![0m

abort() was called at PC 0x400874e3 on core 0


Backtrace: 0x40081962:0x3ffb9e70 0x40086a1d:0x3ffb9e90 0x4008c6b1:0x3ffb9eb0 0x400874e3:0x3ffb9f20




ELF file SHA256: c7a4c097d

Rebooting...
ets Jul 29 2019 12:21:46

rst:0xc (SW_CPU_RESET),boot:0x13 (SPI_FAST_FLASH_BOOT)
configsip: 0, SPIWP:0xee
clk_drv:0x00,q_drv:0x00,d_drv:0x00,cs0_drv:0x00,hd_drv:0x00,wp_drv:0x00
mode:DIO, clock div:2
load:0x3fff0030,len:7172
load:0x40078000,len:15532
load:0x40080400,len:4
load:0x40080404,len:3904
entry 0x40080640
[0;32mI (29) boot: ESP-IDF v5.3-dev-1288-g5524b692ee-dirty 2nd stage bootloader[0m
[0;32mI (29) boot: compile time Jan 25 2024 13:26:40[0m
[0;32mI (32) boot: Multicore bootloader[0m
[0;32mI (36) boot: chip revision: v3.0[0m
[0;32mI (39) boot.esp32: SPI Speed      : 40MHz[0m
[0;32mI (44) boot.esp32: SPI Mode       : DIO[0m
[0;32mI (49) boot.esp32: SPI Flash Size : 2MB[0m
[0;32mI (53) boot: Enabling RNG early entropy source...[0m
[0;32mI (59) boot: Partition Table:[0m
[0;32mI (62) boot: ## Label            Usage          Type ST Offset   Length[0m
[0;32mI (69) boot:  0 nvs              WiFi data        01 02 00009000 00006000[0m
[0;32mI (77) boot:  1 phy_init         RF data          01 01 0000f000 00001000[0m
[0;32mI (84) boot:  2 factory          factory app      00 00 00010000 00100000[0m
[0;32mI (92) boot: End of partition table[0m
[0;32mI (96) esp_image: segment 0: paddr=00010020 vaddr=3f400020 size=0b150h ( 45392) map[0m
[0;32mI (120) esp_image: segment 1: paddr=0001b178 vaddr=3ffb0000 size=02298h (  8856) load[0m
[0;32mI (124) esp_image: segment 2: paddr=0001d418 vaddr=40080000 size=02c00h ( 11264) load[0m
[0;32mI (130) esp_image: segment 3: paddr=00020020 vaddr=400d0020 size=176c8h ( 95944) map[0m
[0;32mI (167) esp_image: segment 4: paddr=000376f0 vaddr=40082c00 size=0b140h ( 45376) load[0m
[0;32mI (192) boot: Loaded app from partition at offset 0x10000[0m
[0;32mI (192) boot: Disabling RNG early entropy source...[0m
[0;32mI (204) cpu_start: Multicore app[0m
[0;32mI (213) cpu_start: Pro cpu start user code[0m
[0;32mI (213) cpu_start: cpu freq: 160000000 Hz[0m
[0;32mI (213) cpu_start: Application information:[0m
[0;32mI (216) cpu_start: Project name:     drone_flight_control[0m
[0;32mI (222) cpu_start: App version:      1[0m
[0;32mI (226) cpu_start: Compile time:     Jan 25 2024 16:45:39[0m
[0;32mI (232) cpu_start: ELF file SHA256:  c7a4c097d...[0m
[0;32mI (238) cpu_start: ESP-IDF:          v5.3-dev-1288-g5524b692ee-dirty[0m
[0;32mI (245) cpu_start: Min chip rev:     v0.0[0m
[0;32mI (249) cpu_start: Max chip rev:     v3.99 [0m
[0;32mI (254) cpu_start: Chip rev:         v3.0[0m
[0;32mI (259) heap_init: Initializing. RAM available for dynamic allocation:[0m
[0;32mI (266) heap_init: At 3FFAE6E0 len 00001920 (6 KiB): DRAM[0m
[0;32mI (272) heap_init: At 3FFB2C18 len 0002D3E8 (180 KiB): DRAM[0m
[0;32mI (278) heap_init: At 3FFE0440 len 00003AE0 (14 KiB): D/IRAM[0m
[0;32mI (285) heap_init: At 3FFE4350 len 0001BCB0 (111 KiB): D/IRAM[0m
[0;32mI (291) heap_init: At 4008DD40 len 000122C0 (72 KiB): IRAM[0m
[0;32mI (299) spi_flash: detected chip: generic[0m
[0;32mI (302) spi_flash: flash io: dio[0m
[0;33mW (306) spi_flash: Detected size(4096k) larger than the size in the binary image header(2048k). Using the size in the binary image header.[0m
[0;33mW (319) i2c: This driver is an old driver, please migrate your application code to adapt `driver/i2c_master.h`[0m
[0;32mI (331) main_task: Started on CPU0[0m
[0;32mI (341) main_task: Calling app_main()[0m
[0;32mI (341) IMU: I have entered MPU CODE[0m
[0;32mI (341) PWM: Hi we are finally in the LOOP[0m
[0;32mI (341) PWM: ESC[0m
[0;32mI (341) IMU: devid=0x34[0m
[0;32mI (351) IMU: getRate()=0[0m
[0;32mI (351) main_task: Returned from app_main()[0m
[0;32mI (351) IMU: getExternalFrameSync()=0[0m
[0;32mI (361) IMU: getDLPFMode()=6[0m
[0;32mI (361) IMU: getFullScaleAccelRange()=0[0m
[0;32mI (371) IMU: getFullScaleGyroRange()=0[0m
[0;31mE (1341) FreeRTOS: FreeRTOS Task "PWM" should not return, Aborting now![0m

abort() was called at PC 0x400874e3 on core 0


Backtrace: 0x40081962:0x3ffb9e70 0x40086a1d:0x3ffb9e90 0x4008c6b1:0x3ffb9eb0 0x400874e3:0x3ffb9f20




ELF file SHA256: c7a4c097d

Rebooting...
ets Jul 29 2019 12:21:46

rst:0xc (SW_CPU_RESET),boot:0x13 (SPI_FAST_FLASH_BOOT)
configsip: 0, SPIWP:0xee
clk_drv:0x00,q_drv:0x00,d_drv:0x00,cs0_drv:0x00,hd_drv:0x00,wp_drv:0x00
mode:DIO, clock div:2
load:0x3fff0030,len:7172
load:0x40078000,len:15532
load:0x40080400,len:4
load:0x40080404,len:3904
entry 0x40080640
[0;32mI (29) boot: ESP-IDF v5.3-dev-1288-g5524b692ee-dirty 2nd stage bootloader[0m
[0;32mI (29) boot: compile time Jan 25 2024 13:26:40[0m
[0;32mI (32) boot: Multicore bootloader[0m
[0;32mI (36) boot: chip revision: v3.0[0m
[0;32mI (39) boot.esp32: SPI Speed      : 40MHz[0m
[0;32mI (44) boot.esp32: SPI Mode       : DIO[0m
[0;32mI (49) boot.esp32: SPI Flash Size : 2MB[0m
[0;32mI (53) boot: Enabling RNG early entropy source...[0m
[0;32mI (59) boot: Partition Table:[0m
[0;32mI (62) boot: ## Label            Usage          Type ST Offset   Length[0m
[0;32mI (69) boot:  0 nvs              WiFi data        01 02 00009000 00006000[0m
[0;32mI (77) boot:  1 phy_init         RF data          01 01 0000f000 00001000[0m
[0;32mI (84) boot:  2 factory          factory app      00 00 00010000 00100000[0m
[0;32mI (92) boot: End of partition table[0m
[0;32mI (96) esp_image: segment 0: paddr=00010020 vaddr=3f400020 size=0b150h ( 45392) map[0m
[0;32mI (120) esp_image: segment 1: paddr=0001b178 vaddr=3ffb0000 size=02298h (  8856) load[0m
[0;32mI (124) esp_image: segment 2: paddr=0001d418 vaddr=40080000 size=02c00h ( 11264) load[0m
[0;32mI (130) esp_image: segment 3: paddr=00020020 vaddr=400d0020 size=176c8h ( 95944) map[0m
[0;32mI (167) esp_image: segment 4: paddr=000376f0 vaddr=40082c00 size=0b140h ( 45376) load[0m
[0;32mI (192) boot: Loaded app from partition at offset 0x10000[0m
[0;32mI (192) boot: Disabling RNG early entropy source...[0m
[0;32mI (204) cpu_start: Multicore app[0m
[0;32mI (213) cpu_start: Pro cpu start user code[0m
[0;32mI (213) cpu_start: cpu freq: 160000000 Hz[0m
[0;32mI (213) cpu_start: Application information:[0m
[0;32mI (216) cpu_start: Project name:     drone_flight_control[0m
[0;32mI (222) cpu_start: App version:      1[0m
[0;32mI (226) cpu_start: Compile time:     Jan 25 2024 16:45:39[0m
[0;32mI (232) cpu_start: ELF file SHA256:  c7a4c097d...[0m
[0;32mI (238) cpu_start: ESP-IDF:          v5.3-dev-1288-g5524b692ee-dirty[0m
[0;32mI (245) cpu_start: Min chip rev:     v0.0[0m
[0;32mI (249) cpu_start: Max chip rev:     v3.99 [0m
[0;32mI (254) cpu_start: Chip rev:         v3.0[0m
[0;32mI (259) heap_init: Initializing. RAM available for dynamic allocation:[0m
[0;32mI (266) heap_init: At 3FFAE6E0 len 00001920 (6 KiB): DRAM[0m
[0;32mI (272) heap_init: At 3FFB2C18 len 0002D3E8 (180 KiB): DRAM[0m
[0;32mI (278) heap_init: At 3FFE0440 len 00003AE0 (14 KiB): D/IRAM[0m
[0;32mI (285) heap_init: At 3FFE4350 len 0001BCB0 (111 KiB): D/IRAM[0m
[0;32mI (291) heap_init: At 4008DD40 len 000122C0 (72 KiB): IRAM[0m
[0;32mI (299) spi_flash: detected chip: generic[0m
[0;32mI (302) spi_flash: flash io: dio[0m
[0;33mW (306) spi_flash: Detected size(4096k) larger than the size in the binary image header(2048k). Using the size in the binary image header.[0m
[0;33mW (319) i2c: This driver is an old driver, please migrate your application code to adapt `driver/i2c_master.h`[0m
[0;32mI (331) main_task: Started on CPU0[0m
[0;32mI (341) main_task: Calling app_main()[0m
[0;32mI (341) IMU: I have entered MPU CODE[0m
[0;32mI (341) PWM: Hi we are finally in the LOOP[0m
[0;32mI (341) PWM: ESC[0m
[0;32mI (341) IMU: devid=0x34[0m
[0;32mI (351) IMU: getRate()=0[0m
[0;32mI (351) main_task: Returned from app_main()[0m
[0;32mI (351) IMU: getExternalFrameSync()=0[0m
[0;32mI (361) IMU: getDLPFMode()=6[0m
[0;32mI (361) IMU: getFullScaleAccelRange()=0[0m
[0;32mI (371) IMU: getFullScaleGyroRange()=0[0m
[0;31mE (1341) FreeRTOS: FreeRTOS Task "PWM" should not return, Aborting now![0m

abort() was called at PC 0x400874e3 on core 0


Backtrace: 0x40081962:0x3ffb9e70 0x40086a1d:0x3ffb9e90 0x4008c6b1:0x3ffb9eb0 0x400874e3:0x3ffb9f20




ELF file SHA256: c7a4c097d

Rebooting...
ets Jul 29 2019 12:21:46

rst:0xc (SW_CPU_RESET),boot:0x13 (SPI_FAST_FLASH_BOOT)
configsip: 0, SPIWP:0xee
clk_drv:0x00,q_drv:0x00,d_drv:0x00,cs0_drv:0x00,hd_drv:0x00,wp_drv:0x00
mode:DIO, clock div:2
load:0x3fff0030,len:7172
load:0x40078000,len:15532
load:0x40080400,len:4
load:0x40080404,len:3904
entry 0x40080640
[0;32mI (29) boot: ESP-IDF v5.3-dev-1288-g5524b692ee-dirty 2nd stage bootloader[0m
[0;32mI (29) boot: compile time Jan 25 2024 13:26:40[0m
[0;32mI (32) boot: Multicore bootloader[0m
[0;32mI (36) boot: chip revision: v3.0[0m
[0;32mI (39) boot.esp32: SPI Speed      : 40MHz[0m
[0;32mI (44) boot.esp32: SPI Mode       : DIO[0m
[0;32mI (49) boot.esp32: SPI Flash Size : 2MB[0m
[0;32mI (53) boot: Enabling RNG early entropy source...[0m
[0;32mI (59) boot: Partition Table:[0m
[0;32mI (62) boot: ## Label            Usage          Type ST Offset   Length[0m
[0;32mI (69) boot:  0 nvs              WiFi data        01 02 00009000 00006000[0m
[0;32mI (77) boot:  1 phy_init         RF data          01 01 0000f000 00001000[0m
[0;32mI (84) boot:  2 factory          factory app      00 00 00010000 00100000[0m
[0;32mI (92) boot: End of partition table[0m
[0;32mI (96) esp_image: segment 0: paddr=00010020 vaddr=3f400020 size=0b150h ( 45392) map[0m
[0;32mI (120) esp_image: segment 1: paddr=0001b178 vaddr=3ffb0000 size=02298h (  8856) load[0m
[0;32mI (124) esp_image: segment 2: paddr=0001d418 vaddr=40080000 size=02c00h ( 11264) load[0m
[0;32mI (130) esp_image: segment 3: paddr=00020020 vaddr=400d0020 size=176c8h ( 95944) map[0m
[0;32mI (167) esp_image: segment 4: paddr=000376f0 vaddr=40082c00 size=0b140h ( 45376) load[0m
[0;32mI (192) boot: Loaded app from partition at offset 0x10000[0m
[0;32mI (192) boot: Disabling RNG early entropy source...[0m
[0;32mI (204) cpu_start: Multicore app[0m
[0;32mI (213) cpu_start: Pro cpu start user code[0m
[0;32mI (213) cpu_start: cpu freq: 160000000 Hz[0m
[0;32mI (213) cpu_start: Application information:[0m
[0;32mI (216) cpu_start: Project name:     drone_flight_control[0m
[0;32mI (222) cpu_start: App version:      1[0m
[0;32mI (226) cpu_start: Compile time:     Jan 25 2024 16:45:39[0m
[0;32mI (232) cpu_start: ELF file SHA256:  c7a4c097d...[0m
[0;32mI (238) cpu_start: ESP-IDF:          v5.3-dev-1288-g5524b692ee-dirty[0m
[0;32mI (245) cpu_start: Min chip rev:     v0.0[0m
[0;32mI (249) cpu_start: Max chip rev:     v3.99 [0m
[0;32mI (254) cpu_start: Chip rev:         v3.0[0m
[0;32mI (259) heap_init: Initializing. RAM available for dynamic allocation:[0m
[0;32mI (266) heap_init: At 3FFAE6E0 len 00001920 (6 KiB): DRAM[0m
[0;32mI (272) heap_init: At 3FFB2C18 len 0002D3E8 (180 KiB): DRAM[0m
[0;32mI (278) heap_init: At 3FFE0440 len 00003AE0 (14 KiB): D/IRAM[0m
[0;32mI (285) heap_init: At 3FFE4350 len 0001BCB0 (111 KiB): D/IRAM[0m
[0;32mI (291) heap_init: At 4008DD40 len 000122C0 (72 KiB): IRAM[0m
[0;32mI (299) spi_flash: detected chip: generic[0m
[0;32mI (302) spi_flash: flash io: dio[0m
[0;33mW (306) spi_flash: Detected size(4096k) larger than the size in the binary image header(2048k). Using the size in the binary image header.[0m
[0;33mW (319) i2c: This driver is an old driver, please migrate your application code to adapt `driver/i2c_master.h`[0m
[0;32mI (331) main_task: Started on CPU0[0m
[0;32mI (341) main_task: Calling app_main()[0m
[0;32mI (341) IMU: I have entered MPU CODE[0m
[0;32mI (341) PWM: Hi we are finally in the LOOP[0m
[0;32mI (341) PWM: ESC[0m
[0;32mI (341) IMU: devid=0x34[0m
[0;32mI (351) IMU: getRate()=0[0m
[0;32mI (351) main_task: Returned from app_main()[0m
[0;32mI (351) IMU: getExternalFrameSync()=0[0m
[0;32mI (361) IMU: getDLPFMode()=6[0m
[0;32mI (361) IMU: getFullScaleAccelRange()=0[0m
[0;32mI (371) IMU: getFullScaleGyroRange()=0[0m
[0;31mE (1341) FreeRTOS: FreeRTOS Task "PWM" should not return, Aborting now![0m

abort() was called at PC 0x400874e3 on core 0


Backtrace: 0x40081962:0x3ffb9e70 0x40086a1d:0x3ffb9e90 0x4008c6b1:0x3ffb9eb0 0x400874e3:0x3ffb9f20




ELF file SHA256: c7a4c097d

Rebooting...
ets Jul 29 2019 12:21:46

rst:0xc (SW_CPU_RESET),boot:0x13 (SPI_FAST_FLASH_BOOT)
configsip: 0, SPIWP:0xee
clk_drv:0x00,q_drv:0x00,d_drv:0x00,cs0_drv:0x00,hd_drv:0x00,wp_drv:0x00
mode:DIO, clock div:2
load:0x3fff0030,len:7172
load:0x40078000,len:15532
load:0x40080400,len:4
load:0x40080404,len:3904
entry 0x40080640
[0;32mI (29) boot: ESP-IDF v5.3-dev-1288-g5524b692ee-dirty 2nd stage bootloader[0m
[0;32mI (29) boot: compile time Jan 25 2024 13:26:40[0m
[0;32mI (32) boot: Multicore bootloader[0m
[0;32mI (36) boot: chip revision: v3.0[0m
[0;32mI (39) boot.esp32: SPI Speed      : 40MHz[0m
[0;32mI (44) boot.esp32: SPI Mode       : DIO[0m
[0;32mI (49) boot.esp32: SPI Flash Size : 2MB[0m
[0;32mI (53) boot: Enabling RNG early entropy source...[0m
[0;32mI (59) boot: Partition Table:[0m
[0;32mI (62) boot: ## Label            Usage          Type ST Offset   Length[0m
[0;32mI (69) boot:  0 nvs              WiFi data        01 02 00009000 00006000[0m
[0;32mI (77) boot:  1 phy_init         RF data          01 01 0000f000 00001000[0m
[0;32mI (84) boot:  2 factory          factory app      00 00 00010000 00100000[0m
[0;32mI (92) boot: End of partition table[0m
[0;32mI (96) esp_image: segment 0: paddr=00010020 vaddr=3f400020 size=0b150h ( 45392) map[0m
[0;32mI (120) esp_image: segment 1: paddr=0001b178 vaddr=3ffb0000 size=02298h (  8856) load[0m
[0;32mI (124) esp_image: segment 2: paddr=0001d418 vaddr=40080000 size=02c00h ( 11264) load[0m
[0;32mI (130) esp_image: segment 3: paddr=00020020 vaddr=400d0020 size=176c8h ( 95944) map[0m
[0;32mI (167) esp_image: segment 4: paddr=000376f0 vaddr=40082c00 size=0b140h ( 45376) load[0m
[0;32mI (192) boot: Loaded app from partition at offset 0x10000[0m
[0;32mI (192) boot: Disabling RNG early entropy source...[0m
[0;32mI (204) cpu_start: Multicore app[0m
[0;32mI (213) cpu_start: Pro cpu start user code[0m
[0;32mI (213) cpu_start: cpu freq: 160000000 Hz[0m
[0;32mI (213) cpu_start: Application information:[0m
[0;32mI (216) cpu_start: Project name:     drone_flight_control[0m
[0;32mI (222) cpu_start: App version:      1[0m
[0;32mI (226) cpu_start: Compile time:     Jan 25 2024 16:45:39[0m
[0;32mI (232) cpu_start: ELF file SHA256:  c7a4c097d...[0m
[0;32mI (238) cpu_start: ESP-IDF:          v5.3-dev-1288-g5524b692ee-dirty[0m
[0;32mI (245) cpu_start: Min chip rev:     v0.0[0m
[0;32mI (249) cpu_start: Max chip rev:     v3.99 [0m
[0;32mI (254) cpu_start: Chip rev:         v3.0[0m
[0;32mI (259) heap_init: Initializing. RAM available for dynamic allocation:[0m
[0;32mI (266) heap_init: At 3FFAE6E0 len 00001920 (6 KiB): DRAM[0m
[0;32mI (272) heap_init: At 3FFB2C18 len 0002D3E8 (180 KiB): DRAM[0m
[0;32mI (278) heap_init: At 3FFE0440 len 00003AE0 (14 KiB): D/IRAM[0m
[0;32mI (285) heap_init: At 3FFE4350 len 0001BCB0 (111 KiB): D/IRAM[0m
[0;32mI (291) heap_init: At 4008DD40 len 000122C0 (72 KiB): IRAM[0m
[0;32mI (299) spi_flash: detected chip: generic[0m
[0;32mI (302) spi_flash: flash io: dio[0m
[0;33mW (306) spi_flash: Detected size(4096k) larger than the size in the binary image header(2048k). Using the size in the binary image header.[0m
[0;33mW (319) i2c: This driver is an old driver, please migrate your application code to adapt `driver/i2c_master.h`[0m
[0;32mI (331) main_task: Started on CPU0[0m
[0;32mI (341) main_task: Calling app_main()[0m
[0;32mI (341) IMU: I have entered MPU CODE[0m
[0;32mI (341) PWM: Hi we are finally in the LOOP[0m
[0;32mI (341) PWM: ESC[0m
[0;32mI (341) IMU: devid=0x34[0m
[0;32mI (351) IMU: getRate()=0[0m
[0;32mI (351) main_task: Returned from app_main()[0m
[0;32mI (351) IMU: getExternalFrameSync()=0[0m
[0;32mI (361) IMU: getDLPFMode()=6[0m
[0;32mI (361) IMU: getFullScaleAccelRange()=0[0m
[0;32mI (371) IMU: getFullScaleGyroRange()=0[0m
[0;31mE (1341) FreeRTOS: FreeRTOS Task "PWM" should not return, Aborting now![0m

abort() was called at PC 0x400874e3 on core 0


Backtrace: 0x40081962:0x3ffb9e70 0x40086a1d:0x3ffb9e90 0x4008c6b1:0x3ffb9eb0 0x400874e3:0x3ffb9f20




ELF file SHA256: c7a4c097d

Rebooting...
ets Jul 29 2019 12:21:46

rst:0xc (SW_CPU_RESET),boot:0x13 (SPI_FAST_FLASH_BOOT)
configsip: 0, SPIWP:0xee
clk_drv:0x00,q_drv:0x00,d_drv:0x00,cs0_drv:0x00,hd_drv:0x00,wp_drv:0x00
mode:DIO, clock div:2
load:0x3fff0030,len:7172
load:0x40078000,len:15532
load:0x40080400,len:4
load:0x40080404,len:3904
entry 0x40080640
[0;32mI (29) boot: ESP-IDF v5.3-dev-1288-g5524b692ee-dirty 2nd stage bootloader[0m
[0;32mI (29) boot: compile time Jan 25 2024 13:26:40[0m
[0;32mI (32) boot: Multicore bootloader[0m
[0;32mI (36) boot: chip revision: v3.0[0m
[0;32mI (39) boot.esp32: SPI Speed      : 40MHz[0m
[0;32mI (44) boot.esp32: SPI Mode       : DIO[0m
[0;32mI (49) boot.esp32: SPI Flash Size : 2MB[0m
[0;32mI (53) boot: Enabling RNG early entropy source...[0m
[0;32mI (59) boot: Partition Table:[0m
[0;32mI (62) boot: ## Label            Usage          Type ST Offset   Length[0m
[0;32mI (69) boot:  0 nvs              WiFi data        01 02 00009000 00006000[0m
[0;32mI (77) boot:  1 phy_init         RF data          01 01 0000f000 00001000[0m
[0;32mI (84) boot:  2 factory          factory app      00 00 00010000 00100000[0m
[0;32mI (92) boot: End of partition table[0m
[0;32mI (96) esp_image: segment 0: paddr=00010020 vaddr=3f400020 size=0b150h ( 45392) map[0m
[0;32mI (120) esp_image: segment 1: paddr=0001b178 vaddr=3ffb0000 size=02298h (  8856) load[0m
[0;32mI (124) esp_image: segment 2: paddr=0001d418 vaddr=40080000 size=02c00h ( 11264) load[0m
[0;32mI (130) esp_image: segment 3: paddr=00020020 vaddr=400d0020 size=176c8h ( 95944) map[0m
[0;32mI (167) esp_image: segment 4: paddr=000376f0 vaddr=40082c00 size=0b140h ( 45376) load[0m
[0;32mI (192) boot: Loaded app from partition at offset 0x10000[0m
[0;32mI (192) boot: Disabling RNG early entropy source...[0m
[0;32mI (204) cpu_start: Multicore app[0m
[0;32mI (213) cpu_start: Pro cpu start user code[0m
[0;32mI (213) cpu_start: cpu freq: 160000000 Hz[0m
[0;32mI (213) cpu_start: Application information:[0m
[0;32mI (216) cpu_start: Project name:     drone_flight_control[0m
[0;32mI (222) cpu_start: App version:      1[0m
[0;32mI (226) cpu_start: Compile time:     Jan 25 2024 16:45:39[0m
[0;32mI (232) cpu_start: ELF file SHA256:  c7a4c097d...[0m
[0;32mI (238) cpu_start: ESP-IDF:          v5.3-dev-1288-g5524b692ee-dirty[0m
[0;32mI (245) cpu_start: Min chip rev:     v0.0[0m
[0;32mI (249) cpu_start: Max chip rev:     v3.99 [0m
[0;32mI (254) cpu_start: Chip rev:         v3.0[0m
[0;32mI (259) heap_init: Initializing. RAM available for dynamic allocation:[0m
[0;32mI (266) heap_init: At 3FFAE6E0 len 00001920 (6 KiB): DRAM[0m
[0;32mI (272) heap_init: At 3FFB2C18 len 0002D3E8 (180 KiB): DRAM[0m
[0;32mI (278) heap_init: At 3FFE0440 len 00003AE0 (14 KiB): D/IRAM[0m
[0;32mI (285) heap_init: At 3FFE4350 len 0001BCB0 (111 KiB): D/IRAM[0m
[0;32mI (291) heap_init: At 4008DD40 len 000122C0 (72 KiB): IRAM[0m
[0;32mI (299) spi_flash: detected chip: generic[0m
[0;32mI (302) spi_flash: flash io: dio[0m
[0;33mW (306) spi_flash: Detected size(4096k) larger than the size in the binary image header(2048k). Using the size in the binary image header.[0m
[0;33mW (319) i2c: This driver is an old driver, please migrate your application code to adapt `driver/i2c_master.h`[0m
[0;32mI (331) main_task: Started on CPU0[0m
[0;32mI (341) main_task: Calling app_main()[0m
[0;32mI (341) IMU: I have entered MPU CODE[0m
[0;32mI (341) PWM: Hi we are finally in the LOOP[0m
[0;32mI (341) PWM: ESC[0m
[0;32mI (341) IMU: devid=0x34[0m
[0;32mI (351) IMU: getRate()=0[0m
[0;32mI (351) main_task: Returned from app_main()[0m
[0;32mI (351) IMU: getExternalFrameSync()=0[0m
[0;32mI (361) IMU: getDLPFMode()=6[0m
[0;32mI (361) IMU: getFullScaleAccelRange()=0[0m
[0;32mI (371) IMU: getFullScaleGyroRange()=0[0m
[0;31mE (1341) FreeRTOS: FreeRTOS Task "PWM" should not return, Aborting now![0m

abort() was called at PC 0x400874e3 on core 0


Backtrace: 0x40081962:0x3ffb9e70 0x40086a1d:0x3ffb9e90 0x4008c6b1:0x3ffb9eb0 0x400874e3:0x3ffb9f20




ELF file SHA256: c7a4c097d

Rebooting...
ets Jul 29 2019 12:21:46

rst:0xc (SW_CPU_RESET),boot:0x13 (SPI_FAST_FLASH_BOOT)
configsip: 0, SPIWP:0xee
clk_drv:0x00,q_drv:0x00,d_drv:0x00,cs0_drv:0x00,hd_drv:0x00,wp_drv:0x00
mode:DIO, clock div:2
load:0x3fff0030,len:7172
load:0x40078000,len:15532
load:0x40080400,len:4
load:0x40080404,len:3904
entry 0x40080640
[0;32mI (29) boot: ESP-IDF v5.3-dev-1288-g5524b692ee-dirty 2nd stage bootloader[0m
[0;32mI (29) boot: compile time Jan 25 2024 13:26:40[0m
[0;32mI (32) boot: Multicore bootloader[0m
[0;32mI (36) boot: chip revision: v3.0[0m
[0;32mI (39) boot.esp32: SPI Speed      : 40MHz[0m
[0;32mI (44) boot.esp32: SPI Mode       : DIO[0m
[0;32mI (49) boot.esp32: SPI Flash Size : 2MB[0m
[0;32mI (53) boot: Enabling RNG early entropy source...[0m
[0;32mI (59) boot: Partition Table:[0m
[0;32mI (62) boot: ## Label            Usage          Type ST Offset   Length[0m
[0;32mI (69) boot:  0 nvs              WiFi data        01 02 00009000 00006000[0m
[0;32mI (77) boot:  1 phy_init         RF data          01 01 0000f000 00001000[0m
[0;32mI (84) boot:  2 factory          factory app      00 00 00010000 00100000[0m
[0;32mI (92) boot: End of partition table[0m
[0;32mI (96) esp_image: segment 0: paddr=00010020 vaddr=3f400020 size=0b150h ( 45392) map[0m
[0;32mI (120) esp_image: segment 1: paddr=0001b178 vaddr=3ffb0000 size=02298h (  8856) load[0m
[0;32mI (124) esp_image: segment 2: paddr=0001d418 vaddr=40080000 size=02c00h ( 11264) load[0m
[0;32mI (130) esp_image: segment 3: paddr=00020020 vaddr=400d0020 size=176c8h ( 95944) map[0m
[0;32mI (167) esp_image: segment 4: paddr=000376f0 vaddr=40082c00 size=0b140h ( 45376) load[0m
[0;32mI (192) boot: Loaded app from partition at offset 0x10000[0m
[0;32mI (192) boot: Disabling RNG early entropy source...[0m
[0;32mI (204) cpu_start: Multicore app[0m
[0;32mI (213) cpu_start: Pro cpu start user code[0m
[0;32mI (213) cpu_start: cpu freq: 160000000 Hz[0m
[0;32mI (213) cpu_start: Application information:[0m
[0;32mI (216) cpu_start: Project name:     drone_flight_control[0m
[0;32mI (222) cpu_start: App version:      1[0m
[0;32mI (226) cpu_start: Compile time:     Jan 25 2024 16:45:39[0m
[0;32mI (232) cpu_start: ELF file SHA256:  c7a4c097d...[0m
[0;32mI (238) cpu_start: ESP-IDF:          v5.3-dev-1288-g5524b692ee-dirty[0m
[0;32mI (245) cpu_start: Min chip rev:     v0.0[0m
[0;32mI (249) cpu_start: Max chip rev:     v3.99 [0m
[0;32mI (254) cpu_start: Chip rev:         v3.0[0m
[0;32mI (259) heap_init: Initializing. RAM available for dynamic allocation:[0m
[0;32mI (266) heap_init: At 3FFAE6E0 len 00001920 (6 KiB): DRAM[0m
[0;32mI (272) heap_init: At 3FFB2C18 len 0002D3E8 (180 KiB): DRAM[0m
[0;32mI (278) heap_init: At 3FFE0440 len 00003AE0 (14 KiB): D/IRAM[0m
[0;32mI (285) heap_init: At 3FFE4350 len 0001BCB0 (111 KiB): D/IRAM[0m
[0;32mI (291) heap_init: At 4008DD40 len 000122C0 (72 KiB): IRAM[0m
[0;32mI (299) spi_flash: detected chip: generic[0m
[0;32mI (302) spi_flash: flash io: dio[0m
[0;33mW (306) spi_flash: Detected size(4096k) larger than the size in the binary image header(2048k). Using the size in the binary image header.[0m
[0;33mW (319) i2c: This driver is an old driver, please migrate your application code to adapt `driver/i2c_master.h`[0m
[0;32mI (331) main_task: Started on CPU0[0m
[0;32mI (341) main_task: Calling app_main()[0m
[0;32mI (341) IMU: I have entered MPU CODE[0m
[0;32mI (341) PWM: Hi we are finally in the LOOP[0m
[0;32mI (341) PWM: ESC[0m
[0;32mI (341) IMU: devid=0x34[0m
[0;32mI (351) IMU: getRate()=0[0m
[0;32mI (351) main_task: Returned from app_main()[0m
[0;32mI (351) IMU: getExternalFrameSync()=0[0m
[0;32mI (361) IMU: getDLPFMode()=6[0m
[0;32mI (361) IMU: getFullScaleAccelRange()=0[0m
[0;32mI (371) IMU: getFullScaleGyroRange()=0[0m
[0;31mE (1341) FreeRTOS: FreeRTOS Task "PWM" should not return, Aborting now![0m

abort() was called at PC 0x400874e3 on core 0


Backtrace: 0x40081962:0x3ffb9e70 0x40086a1d:0x3ffb9e90 0x4008c6b1:0x3ffb9eb0 0x400874e3:0x3ffb9f20




ELF file SHA256: c7a4c097d

Rebooting...
ets Jul 29 2019 12:21:46

rst:0xc (SW_CPU_RESET),boot:0x13 (SPI_FAST_FLASH_BOOT)
configsip: 0, SPIWP:0xee
clk_drv:0x00,q_drv:0x00,d_drv:0x00,cs0_drv:0x00,hd_drv:0x00,wp_drv:0x00
mode:DIO, clock div:2
load:0x3fff0030,len:7172
load:0x40078000,len:15532
load:0x40080400,len:4
load:0x40080404,len:3904
entry 0x40080640
[0;32mI (29) boot: ESP-IDF v5.3-dev-1288-g5524b692ee-dirty 2nd stage bootloader[0m
[0;32mI (29) boot: compile time Jan 25 2024 13:26:40[0m
[0;32mI (32) boot: Multicore bootloader[0m
[0;32mI (36) boot: chip revision: v3.0[0m
[0;32mI (39) boot.esp32: SPI Speed      : 40MHz[0m
[0;32mI (44) boot.esp32: SPI Mode       : DIO[0m
[0;32mI (49) boot.esp32: SPI Flash Size : 2MB[0m
[0;32mI (53) boot: Enabling RNG early entropy source...[0m
[0;32mI (59) boot: Partition Table:[0m
[0;32mI (62) boot: ## Label            Usage          Type ST Offset   Length[0m
[0;32mI (69) boot:  0 nvs              WiFi data        01 02 00009000 00006000[0m
[0;32mI (77) boot:  1 phy_init         RF data          01 01 0000f000 00001000[0m
[0;32mI (84) boot:  2 factory          factory app      00 00 00010000 00100000[0m
[0;32mI (92) boot: End of partition table[0m
[0;32mI (96) esp_image: segment 0: paddr=00010020 vaddr=3f400020 size=0b150h ( 45392) map[0m
[0;32mI (120) esp_image: segment 1: paddr=0001b178 vaddr=3ffb0000 size=02298h (  8856) load[0m
[0;32mI (124) esp_image: segment 2: paddr=0001d418 vaddr=40080000 size=02c00h ( 11264) load[0m
[0;32mI (130) esp_image: segment 3: paddr=00020020 vaddr=400d0020 size=176c8h ( 95944) map[0m
[0;32mI (167) esp_image: segment 4: paddr=000376f0 vaddr=40082c00 size=0b140h ( 45376) load[0m
[0;32mI (192) boot: Loaded app from partition at offset 0x10000[0m
[0;32mI (192) boot: Disabling RNG early entropy source...[0m
[0;32mI (204) cpu_start: Multicore app[0m
[0;32mI (213) cpu_start: Pro cpu start user code[0m
[0;32mI (213) cpu_start: cpu freq: 160000000 Hz[0m
[0;32mI (213) cpu_start: Application information:[0m
[0;32mI (216) cpu_start: Project name:     drone_flight_control[0m
[0;32mI (222) cpu_start: App version:      1[0m
[0;32mI (226) cpu_start: Compile time:     Jan 25 2024 16:45:39[0m
[0;32mI (232) cpu_start: ELF file SHA256:  c7a4c097d...[0m
[0;32mI (238) cpu_start: ESP-IDF:          v5.3-dev-1288-g5524b692ee-dirty[0m
[0;32mI (245) cpu_start: Min chip rev:     v0.0[0m
[0;32mI (249) cpu_start: Max chip rev:     v3.99 [0m
[0;32mI (254) cpu_start: Chip rev:         v3.0[0m
[0;32mI (259) heap_init: Initializing. RAM available for dynamic allocation:[0m
[0;32mI (266) heap_init: At 3FFAE6E0 len 00001920 (6 KiB): DRAM[0m
[0;32mI (272) heap_init: At 3FFB2C18 len 0002D3E8 (180 KiB): DRAM[0m
[0;32mI (278) heap_init: At 3FFE0440 len 00003AE0 (14 KiB): D/IRAM[0m
[0;32mI (285) heap_init: At 3FFE4350 len 0001BCB0 (111 KiB): D/IRAM[0m
[0;32mI (291) heap_init: At 4008DD40 len 000122C0 (72 KiB): IRAM[0m
[0;32mI (299) spi_flash: detected chip: generic[0m
[0;32mI (302) spi_flash: flash io: dio[0m
[0;33mW (306) spi_flash: Detected size(4096k) larger than the size in the binary image header(2048k). Using the size in the binary image header.[0m
[0;33mW (319) i2c: This driver is an old driver, please migrate your application code to adapt `driver/i2c_master.h`[0m
[0;32mI (331) main_task: Started on CPU0[0m
[0;32mI (341) main_task: Calling app_main()[0m
[0;32mI (341) IMU: I have entered MPU CODE[0m
[0;32mI (341) PWM: Hi we are finally in the LOOP[0m
[0;32mI (341) PWM: ESC[0m
[0;32mI (341) IMU: devid=0x34[0m
[0;32mI (351) IMU: getRate()=0[0m
[0;32mI (351) main_task: Returned from app_main()[0m
[0;32mI (351) IMU: getExternalFrameSync()=0[0m
[0;32mI (361) IMU: getDLPFMode()=6[0m
[0;32mI (361) IMU: getFullScaleAccelRange()=0[0m
[0;32mI (371) IMU: getFullScaleGyroRange()=0[0m
[0;31mE (1341) FreeRTOS: FreeRTOS Task "PWM" should not return, Aborting now![0m

abort() was called at PC 0x400874e3 on core 0


Backtrace: 0x40081962:0x3ffb9e70 0x40086a1d:0x3ffb9e90 0x4008c6b1:0x3ffb9eb0 0x400874e3:0x3ffb9f20




ELF file SHA256: c7a4c097d

Rebooting...
ets Jul 29 2019 12:21:46

rst:0xc (SW_CPU_RESET),boot:0x13 (SPI_FAST_FLASH_BOOT)
configsip: 0, SPIWP:0xee
clk_drv:0x00,q_drv:0x00,d_drv:0x00,cs0_drv:0x00,hd_drv:0x00,wp_drv:0x00
mode:DIO, clock div:2
load:0x3fff0030,len:7172
load:0x40078000,len:15532
load:0x40080400,len:4
load:0x40080404,len:3904
entry 0x40080640
[0;32mI (29) boot: ESP-IDF v5.3-dev-1288-g5524b692ee-dirty 2nd stage bootloader[0m
[0;32mI (29) boot: compile time Jan 25 2024 13:26:40[0m
[0;32mI (32) boot: Multicore bootloader[0m
[0;32mI (36) boot: chip revision: v3.0[0m
[0;32mI (39) boot.esp32: SPI Speed      : 40MHz[0m
[0;32mI (44) boot.esp32: SPI Mode       : DIO[0m
[0;32mI (49) boot.esp32: SPI Flash Size : 2MB[0m
[0;32mI (53) boot: Enabling RNG early entropy source...[0m
[0;32mI (59) boot: Partition Table:[0m
[0;32mI (62) boot: ## Label            Usage          Type ST Offset   Length[0m
[0;32mI (69) boot:  0 nvs              WiFi data        01 02 00009000 00006000[0m
[0;32mI (77) boot:  1 phy_init         RF data          01 01 0000f000 00001000[0m
[0;32mI (84) boot:  2 factory          factory app      00 00 00010000 00100000[0m
[0;32mI (92) boot: End of partition table[0m
[0;32mI (96) esp_image: segment 0: paddr=00010020 vaddr=3f400020 size=0b150h ( 45392) map[0m
[0;32mI (120) esp_image: segment 1: paddr=0001b178 vaddr=3ffb0000 size=02298h (  8856) load[0m
[0;32mI (124) esp_image: segment 2: paddr=0001d418 vaddr=40080000 size=02c00h ( 11264) load[0m
[0;32mI (130) esp_image: segment 3: paddr=00020020 vaddr=400d0020 size=176c8h ( 95944) map[0m
[0;32mI (167) esp_image: segment 4: paddr=000376f0 vaddr=40082c00 size=0b140h ( 45376) load[0m
[0;32mI (192) boot: Loaded app from partition at offset 0x10000[0m
[0;32mI (192) boot: Disabling RNG early entropy source...[0m
[0;32mI (204) cpu_start: Multicore app[0m
[0;32mI (213) cpu_start: Pro cpu start user code[0m
[0;32mI (213) cpu_start: cpu freq: 160000000 Hz[0m
[0;32mI (213) cpu_start: Application information:[0m
[0;32mI (216) cpu_start: Project name:     drone_flight_control[0m
[0;32mI (222) cpu_start: App version:      1[0m
[0;32mI (226) cpu_start: Compile time:     Jan 25 2024 16:45:39[0m
[0;32mI (232) cpu_start: ELF file SHA256:  c7a4c097d...[0m
[0;32mI (238) cpu_start: ESP-IDF:          v5.3-dev-1288-g5524b692ee-dirty[0m
[0;32mI (245) cpu_start: Min chip rev:     v0.0[0m
[0;32mI (249) cpu_start: Max chip rev:     v3.99 [0m
[0;32mI (254) cpu_start: Chip rev:         v3.0[0m
[0;32mI (259) heap_init: Initializing. RAM available for dynamic allocation:[0m
[0;32mI (266) heap_init: At 3FFAE6E0 len 00001920 (6 KiB): DRAM[0m
[0;32mI (272) heap_init: At 3FFB2C18 len 0002D3E8 (180 KiB): DRAM[0m
[0;32mI (278) heap_init: At 3FFE0440 len 00003AE0 (14 KiB): D/IRAM[0m
[0;32mI (285) heap_init: At 3FFE4350 len 0001BCB0 (111 KiB): D/IRAM[0m
[0;32mI (291) heap_init: At 4008DD40 len 000122C0 (72 KiB): IRAM[0m
[0;32mI (299) spi_flash: detected chip: generic[0m
[0;32mI (302) spi_flash: flash io: dio[0m
[0;33mW (306) spi_flash: Detected size(4096k) larger than the size in the binary image header(2048k). Using the size in the binary image header.[0m
[0;33mW (319) i2c: This driver is an old driver, please migrate your application code to adapt `driver/i2c_master.h`[0m
[0;32mI (331) main_task: Started on CPU0[0m
[0;32mI (341) main_task: Calling app_main()[0m
[0;32mI (341) IMU: I have entered MPU CODE[0m
[0;32mI (341) PWM: Hi we are finally in the LOOP[0m
[0;32mI (341) PWM: ESC[0m
[0;32mI (341) IMU: devid=0x34[0m
[0;32mI (351) IMU: getRate()=0[0m
[0;32mI (351) main_task: Returned from app_main()[0m
[0;32mI (351) IMU: getExternalFrameSync()=0[0m
[0;32mI (361) IMU: getDLPFMode()=6[0m
[0;32mI (361) IMU: getFullScaleAccelRange()=0[0m
[0;32mI (371) IMU: getFullScaleGyroRange()=0[0m
[0;31mE (1341) FreeRTOS: FreeRTOS Task "PWM" should not return, Aborting now![0m

abort() was called at PC 0x400874e3 on core 0


Backtrace: 0x40081962:0x3ffb9e70 0x40086a1d:0x3ffb9e90 0x4008c6b1:0x3ffb9eb0 0x400874e3:0x3ffb9f20




ELF file SHA256: c7a4c097d

Rebooting...
ets Jul 29 2019 12:21:46

rst:0xc (SW_CPU_RESET),boot:0x13 (SPI_FAST_FLASH_BOOT)
configsip: 0, SPIWP:0xee
clk_drv:0x00,q_drv:0x00,d_drv:0x00,cs0_drv:0x00,hd_drv:0x00,wp_drv:0x00
mode:DIO, clock div:2
load:0x3fff0030,len:7172
load:0x40078000,len:15532
load:0x40080400,len:4
load:0x40080404,len:3904
entry 0x40080640
[0;32mI (29) boot: ESP-IDF v5.3-dev-1288-g5524b692ee-dirty 2nd stage bootloader[0m
[0;32mI (29) boot: compile time Jan 25 2024 13:26:40[0m
[0;32mI (32) boot: Multicore bootloader[0m
[0;32mI (36) boot: chip revision: v3.0[0m
[0;32mI (39) boot.esp32: SPI Speed      : 40MHz[0m
[0;32mI (44) boot.esp32: SPI Mode       : DIO[0m
[0;32mI (49) boot.esp32: SPI Flash Size : 2MB[0m
[0;32mI (53) boot: Enabling RNG early entropy source...[0m
[0;32mI (59) boot: Partition Table:[0m
[0;32mI (62) boot: ## Label            Usage          Type ST Offset   Length[0m
[0;32mI (69) boot:  0 nvs              WiFi data        01 02 00009000 00006000[0m
[0;32mI (77) boot:  1 phy_init         RF data          01 01 0000f000 00001000[0m
[0;32mI (84) boot:  2 factory          factory app      00 00 00010000 00100000[0m
[0;32mI (92) boot: End of partition table[0m
[0;32mI (96) esp_image: segment 0: paddr=00010020 vaddr=3f400020 size=0b150h ( 45392) map[0m
[0;32mI (120) esp_image: segment 1: paddr=0001b178 vaddr=3ffb0000 size=02298h (  8856) load[0m
[0;32mI (124) esp_image: segment 2: paddr=0001d418 vaddr=40080000 size=02c00h ( 11264) load[0m
[0;32mI (130) esp_image: segment 3: paddr=00020020 vaddr=400d0020 size=176c8h ( 95944) map[0m
[0;32mI (167) esp_image: segment 4: paddr=000376f0 vaddr=40082c00 size=0b140h ( 45376) load[0m
[0;32mI (192) boot: Loaded app from partition at offset 0x10000[0m
[0;32mI (192) boot: Disabling RNG early entropy source...[0m
[0;32mI (204) cpu_start: Multicore app[0m
[0;32mI (213) cpu_start: Pro cpu start user code[0m
[0;32mI (213) cpu_start: cpu freq: 160000000 Hz[0m
[0;32mI (213) cpu_start: Application information:[0m
[0;32mI (216) cpu_start: Project name:     drone_flight_control[0m
[0;32mI (222) cpu_start: App version:      1[0m
[0;32mI (226) cpu_start: Compile time:     Jan 25 2024 16:45:39[0m
[0;32mI (232) cpu_start: ELF file SHA256:  c7a4c097d...[0m
[0;32mI (238) cpu_start: ESP-IDF:          v5.3-dev-1288-g5524b692ee-dirty[0m
[0;32mI (245) cpu_start: Min chip rev:     v0.0[0m
[0;32mI (249) cpu_start: Max chip rev:     v3.99 [0m
[0;32mI (254) cpu_start: Chip rev:         v3.0[0m
[0;32mI (259) heap_init: Initializing. RAM available for dynamic allocation:[0m
[0;32mI (266) heap_init: At 3FFAE6E0 len 00001920 (6 KiB): DRAM[0m
[0;32mI (272) heap_init: At 3FFB2C18 len 0002D3E8 (180 KiB): DRAM[0m
[0;32mI (278) heap_init: At 3FFE0440 len 00003AE0 (14 KiB): D/IRAM[0m
[0;32mI (285) heap_init: At 3FFE4350 len 0001BCB0 (111 KiB): D/IRAM[0m
[0;32mI (291) heap_init: At 4008DD40 len 000122C0 (72 KiB): IRAM[0m
[0;32mI (299) spi_flash: detected chip: generic[0m
[0;32mI (302) spi_flash: flash io: dio[0m
[0;33mW (306) spi_flash: Detected size(4096k) larger than the size in the binary image header(2048k). Using the size in the binary image header.[0m
[0;33mW (319) i2c: This driver is an old driver, please migrate your application code to adapt `driver/i2c_master.h`[0m
[0;32mI (331) main_task: Started on CPU0[0m
[0;32mI (341) main_task: Calling app_main()[0m
[0;32mI (341) IMU: I have entered MPU CODE[0m
[0;32mI (341) PWM: Hi we are finally in the LOOP[0m
[0;32mI (341) PWM: ESC[0m
[0;32mI (341) IMU: devid=0x34[0m
[0;32mI (351) IMU: getRate()=0[0m
[0;32mI (351) main_task: Returned from app_main()[0m
[0;32mI (351) IMU: getExternalFrameSync()=0[0m
[0;32mI (361) IMU: getDLPFMode()=6[0m
[0;32mI (361) IMU: getFullScaleAccelRange()=0[0m
[0;32mI (371) IMU: getFullScaleGyroRange()=0[0m
[0;31mE (1341) FreeRTOS: FreeRTOS Task "PWM" should not return, Aborting now![0m

abort() was called at PC 0x400874e3 on core 0


Backtrace: 0x40081962:0x3ffb9e70 0x40086a1d:0x3ffb9e90 0x4008c6b1:0x3ffb9eb0 0x400874e3:0x3ffb9f20




ELF file SHA256: c7a4c097d

Rebooting...
ets Jul 29 2019 12:21:46

rst:0xc (SW_CPU_RESET),boot:0x13 (SPI_FAST_FLASH_BOOT)
configsip: 0, SPIWP:0xee
clk_drv:0x00,q_drv:0x00,d_drv:0x00,cs0_drv:0x00,hd_drv:0x00,wp_drv:0x00
mode:DIO, clock div:2
load:0x3fff0030,len:7172
load:0x40078000,len:15532
load:0x40080400,len:4
load:0x40080404,len:3904
entry 0x40080640
[0;32mI (29) boot: ESP-IDF v5.3-dev-1288-g5524b692ee-dirty 2nd stage bootloader[0m
[0;32mI (29) boot: compile time Jan 25 2024 13:26:40[0m
[0;32mI (32) boot: Multicore bootloader[0m
[0;32mI (36) boot: chip revision: v3.0[0m
[0;32mI (39) boot.esp32: SPI Speed      : 40MHz[0m
[0;32mI (44) boot.esp32: SPI Mode       : DIO[0m
[0;32mI (49) boot.esp32: SPI Flash Size : 2MB[0m
[0;32mI (53) boot: Enabling RNG early entropy source...[0m
[0;32mI (59) boot: Partition Table:[0m
[0;32mI (62) boot: ## Label            Usage          Type ST Offset   Length[0m
[0;32mI (69) boot:  0 nvs              WiFi data        01 02 00009000 00006000[0m
[0;32mI (77) boot:  1 phy_init         RF data          01 01 0000f000 00001000[0m
[0;32mI (84) boot:  2 factory          factory app      00 00 00010000 00100000[0m
[0;32mI (92) boot: End of partition table[0m
[0;32mI (96) esp_image: segment 0: paddr=00010020 vaddr=3f400020 size=0b150h ( 45392) map[0m
[0;32mI (120) esp_image: segment 1: paddr=0001b178 vaddr=3ffb0000 size=02298h (  8856) load[0m
[0;32mI (124) esp_image: segment 2: paddr=0001d418 vaddr=40080000 size=02c00h ( 11264) load[0m
[0;32mI (130) esp_image: segment 3: paddr=00020020 vaddr=400d0020 size=176c8h ( 95944) map[0m
[0;32mI (167) esp_image: segment 4: paddr=000376f0 vaddr=40082c00 size=0b140h ( 45376) load[0m
[0;32mI (192) boot: Loaded app from partition at offset 0x10000[0m
[0;32mI (192) boot: Disabling RNG early entropy source...[0m
[0;32mI (204) cpu_start: Multicore app[0m
[0;32mI (213) cpu_start: Pro cpu start user code[0m
[0;32mI (213) cpu_start: cpu freq: 160000000 Hz[0m
[0;32mI (213) cpu_start: Application information:[0m
[0;32mI (216) cpu_start: Project name:     drone_flight_control[0m
[0;32mI (222) cpu_start: App version:      1[0m
[0;32mI (226) cpu_start: Compile time:     Jan 25 2024 16:45:39[0m
[0;32mI (232) cpu_start: ELF file SHA256:  c7a4c097d...[0m
[0;32mI (238) cpu_start: ESP-IDF:          v5.3-dev-1288-g5524b692ee-dirty[0m
[0;32mI (245) cpu_start: Min chip rev:     v0.0[0m
[0;32mI (249) cpu_start: Max chip rev:     v3.99 [0m
[0;32mI (254) cpu_start: Chip rev:         v3.0[0m
[0;32mI (259) heap_init: Initializing. RAM available for dynamic allocation:[0m
[0;32mI (266) heap_init: At 3FFAE6E0 len 00001920 (6 KiB): DRAM[0m
[0;32mI (272) heap_init: At 3FFB2C18 len 0002D3E8 (180 KiB): DRAM[0m
[0;32mI (278) heap_init: At 3FFE0440 len 00003AE0 (14 KiB): D/IRAM[0m
[0;32mI (285) heap_init: At 3FFE4350 len 0001BCB0 (111 KiB): D/IRAM[0m
[0;32mI (291) heap_init: At 4008DD40 len 000122C0 (72 KiB): IRAM[0m
[0;32mI (299) spi_flash: detected chip: generic[0m
[0;32mI (302) spi_flash: flash io: dio[0m
[0;33mW (306) spi_flash: Detected size(4096k) larger than the size in the binary image header(2048k). Using the size in the binary image header.[0m
[0;33mW (319) i2c: This driver is an old driver, please migrate your application code to adapt `driver/i2c_master.h`[0m
[0;32mI (331) main_task: Started on CPU0[0m
[0;32mI (341) main_task: Calling app_main()[0m
[0;32mI (341) IMU: I have entered MPU CODE[0m
[0;32mI (341) PWM: Hi we are finally in the LOOP[0m
[0;32mI (341) PWM: ESC[0m
[0;32mI (341) IMU: devid=0x34[0m
[0;32mI (351) IMU: getRate()=0[0m
[0;32mI (351) main_task: Returned from app_main()[0m
[0;32mI (351) IMU: getExternalFrameSync()=0[0m
[0;32mI (361) IMU: getDLPFMode()=6[0m
[0;32mI (361) IMU: getFullScaleAccelRange()=0[0m
[0;32mI (371) IMU: getFullScaleGyroRange()=0[0m
[0;31mE (1341) FreeRTOS: FreeRTOS Task "PWM" should not return, Aborting now![0m

abort() was called at PC 0x400874e3 on core 0


Backtrace: 0x40081962:0x3ffb9e70 0x40086a1d:0x3ffb9e90 0x4008c6b1:0x3ffb9eb0 0x400874e3:0x3ffb9f20




ELF file SHA256: c7a4c097d

Rebooting...
ets Jul 29 2019 12:21:46

rst:0xc (SW_CPU_RESET),boot:0x13 (SPI_FAST_FLASH_BOOT)
configsip: 0, SPIWP:0xee
clk_drv:0x00,q_drv:0x00,d_drv:0x00,cs0_drv:0x00,hd_drv:0x00,wp_drv:0x00
mode:DIO, clock div:2
load:0x3fff0030,len:7172
load:0x40078000,len:15532
load:0x40080400,len:4
load:0x40080404,len:3904
entry 0x40080640
[0;32mI (29) boot: ESP-IDF v5.3-dev-1288-g5524b692ee-dirty 2nd stage bootloader[0m
[0;32mI (29) boot: compile time Jan 25 2024 13:26:40[0m
[0;32mI (32) boot: Multicore bootloader[0m
[0;32mI (36) boot: chip revision: v3.0[0m
[0;32mI (39) boot.esp32: SPI Speed      : 40MHz[0m
[0;32mI (44) boot.esp32: SPI Mode       : DIO[0m
[0;32mI (49) boot.esp32: SPI Flash Size : 2MB[0m
[0;32mI (53) boot: Enabling RNG early entropy source...[0m
[0;32mI (59) boot: Partition Table:[0m
[0;32mI (62) boot: ## Label            Usage          Type ST Offset   Length[0m
[0;32mI (69) boot:  0 nvs              WiFi data        01 02 00009000 00006000[0m
[0;32mI (77) boot:  1 phy_init         RF data          01 01 0000f000 00001000[0m
[0;32mI (84) boot:  2 factory          factory app      00 00 00010000 00100000[0m
[0;32mI (92) boot: End of partition table[0m
[0;32mI (96) esp_image: segment 0: paddr=00010020 vaddr=3f400020 size=0b150h ( 45392) map[0m
[0;32mI (120) esp_image: segment 1: paddr=0001b178 vaddr=3ffb0000 size=02298h (  8856) load[0m
[0;32mI (124) esp_image: segment 2: paddr=0001d418 vaddr=40080000 size=02c00h ( 11264) load[0m
[0;32mI (130) esp_image: segment 3: paddr=00020020 vaddr=400d0020 size=176c8h ( 95944) map[0m
[0;32mI (167) esp_image: segment 4: paddr=000376f0 vaddr=40082c00 size=0b140h ( 45376) load[0m
[0;32mI (192) boot: Loaded app from partition at offset 0x10000[0m
[0;32mI (192) boot: Disabling RNG early entropy source...[0m
[0;32mI (204) cpu_start: Multicore app[0m
[0;32mI (213) cpu_start: Pro cpu start user code[0m
[0;32mI (213) cpu_start: cpu freq: 160000000 Hz[0m
[0;32mI (213) cpu_start: Application information:[0m
[0;32mI (216) cpu_start: Project name:     drone_flight_control[0m
[0;32mI (222) cpu_start: App version:      1[0m
[0;32mI (226) cpu_start: Compile time:     Jan 25 2024 16:45:39[0m
[0;32mI (232) cpu_start: ELF file SHA256:  c7a4c097d...[0m
[0;32mI (238) cpu_start: ESP-IDF:          v5.3-dev-1288-g5524b692ee-dirty[0m
[0;32mI (245) cpu_start: Min chip rev:     v0.0[0m
[0;32mI (249) cpu_start: Max chip rev:     v3.99 [0m
[0;32mI (254) cpu_start: Chip rev:         v3.0[0m
[0;32mI (259) heap_init: Initializing. RAM available for dynamic allocation:[0m
[0;32mI (266) heap_init: At 3FFAE6E0 len 00001920 (6 KiB): DRAM[0m
[0;32mI (272) heap_init: At 3FFB2C18 len 0002D3E8 (180 KiB): DRAM[0m
[0;32mI (278) heap_init: At 3FFE0440 len 00003AE0 (14 KiB): D/IRAM[0m
[0;32mI (285) heap_init: At 3FFE4350 len 0001BCB0 (111 KiB): D/IRAM[0m
[0;32mI (291) heap_init: At 4008DD40 len 000122C0 (72 KiB): IRAM[0m
[0;32mI (299) spi_flash: detected chip: generic[0m
[0;32mI (302) spi_flash: flash io: dio[0m
[0;33mW (306) spi_flash: Detected size(4096k) larger than the size in the binary image header(2048k). Using the size in the binary image header.[0m
[0;33mW (319) i2c: This driver is an old driver, please migrate your application code to adapt `driver/i2c_master.h`[0m
[0;32mI (331) main_task: Started on CPU0[0m
[0;32mI (341) main_task: Calling app_main()[0m
[0;32mI (341) IMU: I have entered MPU CODE[0m
[0;32mI (341) PWM: Hi we are finally in the LOOP[0m
[0;32mI (341) PWM: ESC[0m
[0;32mI (341) IMU: devid=0x34[0m
[0;32mI (351) IMU: getRate()=0[0m
[0;32mI (351) main_task: Returned from app_main()[0m
[0;32mI (351) IMU: getExternalFrameSync()=0[0m
[0;32mI (361) IMU: getDLPFMode()=6[0m
[0;32mI (361) IMU: getFullScaleAccelRange()=0[0m
[0;32mI (371) IMU: getFullScaleGyroRange()=0[0m
[0;31mE (1341) FreeRTOS: FreeRTOS Task "PWM" should not return, Aborting now![0m

abort() was called at PC 0x400874e3 on core 0


Backtrace: 0x40081962:0x3ffb9e70 0x40086a1d:0x3ffb9e90 0x4008c6b1:0x3ffb9eb0 0x400874e3:0x3ffb9f20




ELF file SHA256: c7a4c097d

Rebooting...
ets Jul 29 2019 12:21:46

rst:0xc (SW_CPU_RESET),boot:0x13 (SPI_FAST_FLASH_BOOT)
configsip: 0, SPIWP:0xee
clk_drv:0x00,q_drv:0x00,d_drv:0x00,cs0_drv:0x00,hd_drv:0x00,wp_drv:0x00
mode:DIO, clock div:2
load:0x3fff0030,len:7172
load:0x40078000,len:15532
load:0x40080400,len:4
load:0x40080404,len:3904
entry 0x40080640
[0;32mI (29) boot: ESP-IDF v5.3-dev-1288-g5524b692ee-dirty 2nd stage bootloader[0m
[0;32mI (29) boot: compile time Jan 25 2024 13:26:40[0m
[0;32mI (32) boot: Multicore bootloader[0m
[0;32mI (36) boot: chip revision: v3.0[0m
[0;32mI (39) boot.esp32: SPI Speed      : 40MHz[0m
[0;32mI (44) boot.esp32: SPI Mode       : DIO[0m
[0;32mI (49) boot.esp32: SPI Flash Size : 2MB[0m
[0;32mI (53) boot: Enabling RNG early entropy source...[0m
[0;32mI (59) boot: Partition Table:[0m
[0;32mI (62) boot: ## Label            Usage          Type ST Offset   Length[0m
[0;32mI (69) boot:  0 nvs              WiFi data        01 02 00009000 00006000[0m
[0;32mI (77) boot:  1 phy_init         RF data          01 01 0000f000 00001000[0m
[0;32mI (84) boot:  2 factory          factory app      00 00 00010000 00100000[0m
[0;32mI (92) boot: End of partition table[0m
[0;32mI (96) esp_image: segment 0: paddr=00010020 vaddr=3f400020 size=0b150h ( 45392) map[0m
[0;32mI (120) esp_image: segment 1: paddr=0001b178 vaddr=3ffb0000 size=02298h (  8856) load[0m
[0;32mI (124) esp_image: segment 2: paddr=0001d418 vaddr=40080000 size=02c00h ( 11264) load[0m
[0;32mI (130) esp_image: segment 3: paddr=00020020 vaddr=400d0020 size=176c8h ( 95944) map[0m
[0;32mI (167) esp_image: segment 4: paddr=000376f0 vaddr=40082c00 size=0b140h ( 45376) load[0m
[0;32mI (192) boot: Loaded app from partition at offset 0x10000[0m
[0;32mI (192) boot: Disabling RNG early entropy source...[0m
[0;32mI (204) cpu_start: Multicore app[0m
[0;32mI (213) cpu_start: Pro cpu start user code[0m
[0;32mI (213) cpu_start: cpu freq: 160000000 Hz[0m
[0;32mI (213) cpu_start: Application information:[0m
[0;32mI (216) cpu_start: Project name:     drone_flight_control[0m
[0;32mI (222) cpu_start: App version:      1[0m
[0;32mI (226) cpu_start: Compile time:     Jan 25 2024 16:45:39[0m
[0;32mI (232) cpu_start: ELF file SHA256:  c7a4c097d...[0m
[0;32mI (238) cpu_start: ESP-IDF:          v5.3-dev-1288-g5524b692ee-dirty[0m
[0;32mI (245) cpu_start: Min chip rev:     v0.0[0m
[0;32mI (249) cpu_start: Max chip rev:     v3.99 [0m
[0;32mI (254) cpu_start: Chip rev:         v3.0[0m
[0;32mI (259) heap_init: Initializing. RAM available for dynamic allocation:[0m
[0;32mI (266) heap_init: At 3FFAE6E0 len 00001920 (6 KiB): DRAM[0m
[0;32mI (272) heap_init: At 3FFB2C18 len 0002D3E8 (180 KiB): DRAM[0m
[0;32mI (278) heap_init: At 3FFE0440 len 00003AE0 (14 KiB): D/IRAM[0m
[0;32mI (285) heap_init: At 3FFE4350 len 0001BCB0 (111 KiB): D/IRAM[0m
[0;32mI (291) heap_init: At 4008DD40 len 000122C0 (72 KiB): IRAM[0m
[0;32mI (299) spi_flash: detected chip: generic[0m
[0;32mI (302) spi_flash: flash io: dio[0m
[0;33mW (306) spi_flash: Detected size(4096k) larger than the size in the binary image header(2048k). Using the size in the binary image header.[0m
[0;33mW (319) i2c: This driver is an old driver, please migrate your application code to adapt `driver/i2c_master.h`[0m
[0;32mI (331) main_task: Started on CPU0[0m
[0;32mI (341) main_task: Calling app_main()[0m
[0;32mI (341) IMU: I have entered MPU CODE[0m
[0;32mI (341) PWM: Hi we are finally in the LOOP[0m
[0;32mI (341) PWM: ESC[0m
[0;32mI (341) IMU: devid=0x34[0m
[0;32mI (351) IMU: getRate()=0[0m
[0;32mI (351) main_task: Returned from app_main()[0m
[0;32mI (351) IMU: getExternalFrameSync()=0[0m
[0;32mI (361) IMU: getDLPFMode()=6[0m
[0;32mI (361) IMU: getFullScaleAccelRange()=0[0m
[0;32mI (371) IMU: getFullScaleGyroRange()=0[0m
[0;31mE (1341) FreeRTOS: FreeRTOS Task "PWM" should not return, Aborting now![0m

abort() was called at PC 0x400874e3 on core 0


Backtrace: 0x40081962:0x3ffb9e70 0x40086a1d:0x3ffb9e90 0x4008c6b1:0x3ffb9eb0 0x400874e3:0x3ffb9f20




ELF file SHA256: c7a4c097d

Rebooting...
ets Jul 29 2019 12:21:46

rst:0xc (SW_CPU_RESET),boot:0x13 (SPI_FAST_FLASH_BOOT)
configsip: 0, SPIWP:0xee
clk_drv:0x00,q_drv:0x00,d_drv:0x00,cs0_drv:0x00,hd_drv:0x00,wp_drv:0x00
mode:DIO, clock div:2
load:0x3fff0030,len:7172
load:0x40078000,len:15532
load:0x40080400,len:4
load:0x40080404,len:3904
entry 0x40080640
[0;32mI (29) boot: ESP-IDF v5.3-dev-1288-g5524b692ee-dirty 2nd stage bootloader[0m
[0;32mI (29) boot: compile time Jan 25 2024 13:26:40[0m
[0;32mI (32) boot: Multicore bootloader[0m
[0;32mI (36) boot: chip revision: v3.0[0m
[0;32mI (39) boot.esp32: SPI Speed      : 40MHz[0m
[0;32mI (44) boot.esp32: SPI Mode       : DIO[0m
[0;32mI (49) boot.esp32: SPI Flash Size : 2MB[0m
[0;32mI (53) boot: Enabling RNG early entropy source...[0m
[0;32mI (59) boot: Partition Table:[0m
[0;32mI (62) boot: ## Label            Usage          Type ST Offset   Length[0m
[0;32mI (69) boot:  0 nvs              WiFi data        01 02 00009000 00006000[0m
[0;32mI (77) boot:  1 phy_init         RF data          01 01 0000f000 00001000[0m
[0;32mI (84) boot:  2 factory          factory app      00 00 00010000 00100000[0m
[0;32mI (92) boot: End of partition table[0m
[0;32mI (96) esp_image: segment 0: paddr=00010020 vaddr=3f400020 size=0b150h ( 45392) map[0m
[0;32mI (120) esp_image: segment 1: paddr=0001b178 vaddr=3ffb0000 size=02298h (  8856) load[0m
[0;32mI (124) esp_image: segment 2: paddr=0001d418 vaddr=40080000 size=02c00h ( 11264) load[0m
[0;32mI (130) esp_image: segment 3: paddr=00020020 vaddr=400d0020 size=176c8h ( 95944) map[0m
[0;32mI (167) esp_image: segment 4: paddr=000376f0 vaddr=40082c00 size=0b140h ( 45376) load[0m
[0;32mI (192) boot: Loaded app from partition at offset 0x10000[0m
[0;32mI (192) boot: Disabling RNG early entropy source...[0m
[0;32mI (204) cpu_start: Multicore app[0m
[0;32mI (213) cpu_start: Pro cpu start user code[0m
[0;32mI (213) cpu_start: cpu freq: 160000000 Hz[0m
[0;32mI (213) cpu_start: Application information:[0m
[0;32mI (216) cpu_start: Project name:     drone_flight_control[0m
[0;32mI (222) cpu_start: App version:      1[0m
[0;32mI (226) cpu_start: Compile time:     Jan 25 2024 16:45:39[0m
[0;32mI (232) cpu_start: ELF file SHA256:  c7a4c097d...[0m
[0;32mI (238) cpu_start: ESP-IDF:          v5.3-dev-1288-g5524b692ee-dirty[0m
[0;32mI (245) cpu_start: Min chip rev:     v0.0[0m
[0;32mI (249) cpu_start: Max chip rev:     v3.99 [0m
[0;32mI (254) cpu_start: Chip rev:         v3.0[0m
[0;32mI (259) heap_init: Initializing. RAM available for dynamic allocation:[0m
[0;32mI (266) heap_init: At 3FFAE6E0 len 00001920 (6 KiB): DRAM[0m
[0;32mI (272) heap_init: At 3FFB2C18 len 0002D3E8 (180 KiB): DRAM[0m
[0;32mI (278) heap_init: At 3FFE0440 len 00003AE0 (14 KiB): D/IRAM[0m
[0;32mI (285) heap_init: At 3FFE4350 len 0001BCB0 (111 KiB): D/IRAM[0m
[0;32mI (291) heap_init: At 4008DD40 len 000122C0 (72 KiB): IRAM[0m
[0;32mI (299) spi_flash: detected chip: generic[0m
[0;32mI (302) spi_flash: flash io: dio[0m
[0;33mW (306) spi_flash: Detected size(4096k) larger than the size in the binary image header(2048k). Using the size in the binary image header.[0m
[0;33mW (319) i2c: This driver is an old driver, please migrate your application code to adapt `driver/i2c_master.h`[0m
[0;32mI (331) main_task: Started on CPU0[0m
[0;32mI (341) main_task: Calling app_main()[0m
[0;32mI (341) IMU: I have entered MPU CODE[0m
[0;32mI (341) PWM: Hi we are finally in the LOOP[0m
[0;32mI (341) PWM: ESC[0m
[0;32mI (341) IMU: devid=0x34[0m
[0;32mI (351) IMU: getRate()=0[0m
[0;32mI (351) main_task: Returned from app_main()[0m
[0;32mI (351) IMU: getExternalFrameSync()=0[0m
[0;32mI (361) IMU: getDLPFMode()=6[0m
[0;32mI (361) IMU: getFullScaleAccelRange()=0[0m
[0;32mI (371) IMU: getFullScaleGyroRange()=0[0m
[0;31mE (1341) FreeRTOS: FreeRTOS Task "PWM" should not return, Aborting now![0m

abort() was called at PC 0x400874e3 on core 0


Backtrace: 0x40081962:0x3ffb9e70 0x40086a1d:0x3ffb9e90 0x4008c6b1:0x3ffb9eb0 0x400874e3:0x3ffb9f20




ELF file SHA256: c7a4c097d

Rebooting...
ets Jul 29 2019 12:21:46

rst:0xc (SW_CPU_RESET),boot:0x13 (SPI_FAST_FLASH_BOOT)
configsip: 0, SPIWP:0xee
clk_drv:0x00,q_drv:0x00,d_drv:0x00,cs0_drv:0x00,hd_drv:0x00,wp_drv:0x00
mode:DIO, clock div:2
load:0x3fff0030,len:7172
load:0x40078000,len:15532
load:0x40080400,len:4
load:0x40080404,len:3904
entry 0x40080640
[0;32mI (29) boot: ESP-IDF v5.3-dev-1288-g5524b692ee-dirty 2nd stage bootloader[0m
[0;32mI (29) boot: compile time Jan 25 2024 13:26:40[0m
[0;32mI (32) boot: Multicore bootloader[0m
[0;32mI (36) boot: chip revision: v3.0[0m
[0;32mI (39) boot.esp32: SPI Speed      : 40MHz[0m
[0;32mI (44) boot.esp32: SPI Mode       : DIO[0m
[0;32mI (49) boot.esp32: SPI Flash Size : 2MB[0m
[0;32mI (53) boot: Enabling RNG early entropy source...[0m
[0;32mI (59) boot: Partition Table:[0m
[0;32mI (62) boot: ## Label            Usage          Type ST Offset   Length[0m
[0;32mI (69) boot:  0 nvs              WiFi data        01 02 00009000 00006000[0m
[0;32mI (77) boot:  1 phy_init         RF data          01 01 0000f000 00001000[0m
[0;32mI (84) boot:  2 factory          factory app      00 00 00010000 00100000[0m
[0;32mI (92) boot: End of partition table[0m
[0;32mI (96) esp_image: segment 0: paddr=00010020 vaddr=3f400020 size=0b150h ( 45392) map[0m
[0;32mI (120) esp_image: segment 1: paddr=0001b178 vaddr=3ffb0000 size=02298h (  8856) load[0m
[0;32mI (124) esp_image: segment 2: paddr=0001d418 vaddr=40080000 size=02c00h ( 11264) load[0m
[0;32mI (130) esp_image: segment 3: paddr=00020020 vaddr=400d0020 size=176c8h ( 95944) map[0m
[0;32mI (167) esp_image: segment 4: paddr=000376f0 vaddr=40082c00 size=0b140h ( 45376) load[0m
[0;32mI (192) boot: Loaded app from partition at offset 0x10000[0m
[0;32mI (192) boot: Disabling RNG early entropy source...[0m
[0;32mI (204) cpu_start: Multicore app[0m
[0;32mI (213) cpu_start: Pro cpu start user code[0m
[0;32mI (213) cpu_start: cpu freq: 160000000 Hz[0m
[0;32mI (213) cpu_start: Application information:[0m
[0;32mI (216) cpu_start: Project name:     drone_flight_control[0m
[0;32mI (222) cpu_start: App version:      1[0m
[0;32mI (226) cpu_start: Compile time:     Jan 25 2024 16:45:39[0m
[0;32mI (232) cpu_start: ELF file SHA256:  c7a4c097d...[0m
[0;32mI (238) cpu_start: ESP-IDF:          v5.3-dev-1288-g5524b692ee-dirty[0m
[0;32mI (245) cpu_start: Min chip rev:     v0.0[0m
[0;32mI (249) cpu_start: Max chip rev:     v3.99 [0m
[0;32mI (254) cpu_start: Chip rev:         v3.0[0m
[0;32mI (259) heap_init: Initializing. RAM available for dynamic allocation:[0m
[0;32mI (266) heap_init: At 3FFAE6E0 len 00001920 (6 KiB): DRAM[0m
[0;32mI (272) heap_init: At 3FFB2C18 len 0002D3E8 (180 KiB): DRAM[0m
[0;32mI (278) heap_init: At 3FFE0440 len 00003AE0 (14 KiB): D/IRAM[0m
[0;32mI (285) heap_init: At 3FFE4350 len 0001BCB0 (111 KiB): D/IRAM[0m
[0;32mI (291) heap_init: At 4008DD40 len 000122C0 (72 KiB): IRAM[0m
[0;32mI (299) spi_flash: detected chip: generic[0m
[0;32mI (302) spi_flash: flash io: dio[0m
[0;33mW (306) spi_flash: Detected size(4096k) larger than the size in the binary image header(2048k). Using the size in the binary image header.[0m
