s 0x400811ac[0m
D (0) cpu_start: App cpu up[0m
D (228) clk: RTC_SLOW_CLK calibration value: 3097600[0m
D (240) cpu_startï¿½ets Jul 29 2019 12:21:46

rst:0x1 (POWERON_RESET),boot:0x13 (SPI_FAST_FLASH_BOOT)
configsip: 0, SPIWP:0xee
clk_drv:0x00,q_drv:0x00,d_drv:0x00,cs0_drv:0x00,hd_drv:0x00,wp_drv:0x00
mode:DIO, clock div:2
load:0x3fff0030,len:7172
load:0x40078000,len:15532
load:0x40080400,len:4
load:0x40080404,len:3904
entry 0x40080640
[0;32mI (29) boot: ESP-IDF v5.3-dev-1288-g5524b692ee-dirty 2nd stage bootloader[0m
[0;32mI (29) boot: compile time Jan 27 2024 11:38:47[0m
[0;32mI (32) boot: Multicore bootloader[0m
[0;32mI (36) boot: chip revision: v3.0[0m
[0;32mI (40) boot.esp32: SPI Speed      : 40MHz[0m
[0;32mI (44) boot.esp32: SPI Mode       : DIO[0m
[0;32mI (49) boot.esp32: SPI Flash Size : 2MB[0m
[0;32mI (53) boot: Enabling RNG early entropy source...[0m
[0;32mI (59) boot: Partition Table:[0m
[0;32mI (62) boot: ## Label            Usage          Type ST Offset   Length[0m
[0;32mI (70) boot:  0 nvs              WiFi data        01 02 00009000 00006000[0m
[0;32mI (77) boot:  1 phy_init         RF data          01 01 0000f000 00001000[0m
[0;32mI (84) boot:  2 factory          factory app      00 00 00010000 00100000[0m
[0;32mI (92) boot: End of partition table[0m
[0;32mI (96) esp_image: segment 0: paddr=00010020 vaddr=3f400020 size=0d1f0h ( 53744) map[0m
[0;32mI (123) esp_image: segment 1: paddr=0001d218 vaddr=3ffb0000 size=0237ch (  9084) load[0m
[0;32mI (127) esp_image: segment 2: paddr=0001f59c vaddr=40080000 size=00a7ch (  2684) load[0m
[0;32mI (130) esp_image: segment 3: paddr=00020020 vaddr=400d0020 size=1bfb4h (114612) map[0m
[0;32mI (177) esp_image: segment 4: paddr=0003bfdc vaddr=40080a7c size=0e4dch ( 58588) load[0m
[0;32mI (207) boot: Loaded app from partition at offset 0x10000[0m
[0;32mI (207) boot: Disabling RNG early entropy source...[0m
[0;32mI (219) cpu_start: Multicore app[0m
D (219) cpu_start: Pro cpu up[0m
D (219) cpu_start: Starting app cpu, entry point is 0x400811ac[0m
D (0) cpu_start: App cpu up[0m
D (228) clk: RTC_SLOW_CLK calibration value: 3098778[0m
D (240) cpu_start: calling init function: 0x400d1638 on core: 0[0m
[0;32mI (240) cpu_start: Pro cpu start user code[0m
[0;32mI (240) cpu_start: cpu freq: 160000000 Hz[0m
D (246) cpu_start: calling init function: 0x400d167c on core: 0[0m
[0;32mI (252) cpu_start: Application information:[0m
[0;32mI (257) cpu_start: Project name:     drone_flight_control[0m
[0;32mI (263) cpu_start: App version:      1[0m
[0;32mI (267) cpu_start: Compile time:     Jan 31 2024 22:48:20[0m
[0;32mI (274) cpu_start: ELF file SHA256:  3d57bc8b8...[0m
[0;32mI (279) cpu_start: ESP-IDF:          v5.3-dev-1288-g5524b692ee-dirty[0m
[0;32mI (286) cpu_start: Min chip rev:     v0.0[0m
[0;32mI (291) cpu_start: Max chip rev:     v3.99 [0m
[0;32mI (295) cpu_start: Chip rev:         v3.0[0m
D (300) cpu_start: calling init function: 0x400d17c4 on core: 0[0m
D (306) memory_layout: Checking 9 reserved memory ranges:[0m
D (312) memory_layout: Reserved memory range 0x3ff82000 - 0x3ff82000[0m
D (318) memory_layout: Reserved memory range 0x3ffae000 - 0x3ffae6e0[0m
D (324) memory_layout: Reserved memory range 0x3ffb0000 - 0x3ffb2d38[0m
D (331) memory_layout: Reserved memory range 0x3ffe0000 - 0x3ffe0440[0m
D (337) memory_layout: Reserved memory range 0x3ffe3f20 - 0x3ffe4350[0m
D (344) memory_layout: Reserved memory range 0x40070000 - 0x40078000[0m
D (350) memory_layout: Reserved memory range 0x40078000 - 0x40080000[0m
D (357) memory_layout: Reserved memory range 0x40080000 - 0x4008ef58[0m
D (363) memory_layout: Reserved memory range 0x50001fe8 - 0x50002000[0m
D (369) memory_layout: Building list of available memory regions:[0m
D (376) memory_layout: Available memory region 0x3ffae6e0 - 0x3ffb0000[0m
D (382) memory_layout: Available memory region 0x3ffb2d38 - 0x3ffb8000[0m
D (389) memory_layout: Available memory region 0x3ffb8000 - 0x3ffc0000[0m
D (395) memory_layout: Available memory region 0x3ffc0000 - 0x3ffc2000[0m
D (402) memory_layout: Available memory region 0x3ffc2000 - 0x3ffc4000[0m
D (409) memory_layout: Available memory region 0x3ffc4000 - 0x3ffc6000[0m
D (415) memory_layout: Available memory region 0x3ffc6000 - 0x3ffc8000[0m
D (422) memory_layout: Available memory region 0x3ffc8000 - 0x3ffca000[0m
D (428) memory_layout: Available memory region 0x3ffca000 - 0x3ffcc000[0m
D (435) memory_layout: Available memory region 0x3ffcc000 - 0x3ffce000[0m
D (442) memory_layout: Available memory region 0x3ffce000 - 0x3ffd0000[0m
D (448) memory_layout: Available memory region 0x3ffd0000 - 0x3ffd2000[0m
D (455) memory_layout: Available memory region 0x3ffd2000 - 0x3ffd4000[0m
D (461) memory_layout: Available memory region 0x3ffd4000 - 0x3ffd6000[0m
D (468) memory_layout: Available memory region 0x3ffd6000 - 0x3ffd8000[0m
D (475) memory_layout: Available memory region 0x3ffd8000 - 0x3ffda000[0m
D (481) memory_layout: Available memory region 0x3ffda000 - 0x3ffdc000[0m
D (488) memory_layout: Available memory region 0x3ffdc000 - 0x3ffde000[0m
D (494) memory_layout: Available memory region 0x3ffde000 - 0x3ffe0000[0m
D (501) memory_layout: Available memory region 0x3ffe0440 - 0x3ffe3f20[0m
D (508) memory_layout: Available memory region 0x3ffe4350 - 0x3ffe8000[0m
D (514) memory_layout: Available memory region 0x3ffe8000 - 0x3fff0000[0m
D (521) memory_layout: Available memory region 0x3fff0000 - 0x3fff8000[0m
D (527) memory_layout: Available memory region 0x3fff8000 - 0x3fffc000[0m
D (534) memory_layout: Available memory region 0x3fffc000 - 0x40000000[0m
D (541) memory_layout: Available memory region 0x4008ef58 - 0x40090000[0m
D (547) memory_layout: Available memory region 0x40090000 - 0x40092000[0m
D (554) memory_layout: Available memory region 0x40092000 - 0x40094000[0m
D (560) memory_layout: Available memory region 0x40094000 - 0x40096000[0m
D (567) memory_layout: Available memory region 0x40096000 - 0x40098000[0m
D (573) memory_layout: Available memory region 0x40098000 - 0x4009a000[0m
D (580) memory_layout: Available memory region 0x4009a000 - 0x4009c000[0m
D (587) memory_layout: Available memory region 0x4009c000 - 0x4009e000[0m
D (593) memory_layout: Available memory region 0x4009e000 - 0x400a0000[0m
[0;32mI (600) heap_init: Initializing. RAM available for dynamic allocation:[0m
D (607) heap_init: New heap initialised at 0x3ffae6e0[0m
[0;32mI (612) heap_init: At 3FFAE6E0 len 00001920 (6 KiB): DRAM[0m
D (618) heap_init: New heap initialised at 0x3ffb2d38[0m
[0;32mI (623) heap_init: At 3FFB2D38 len 0002D2C8 (180 KiB): DRAM[0m
[0;32mI (630) heap_init: At 3FFE0440 len 00003AE0 (14 KiB): D/IRAM[0m
[0;32mI (636) heap_init: At 3FFE4350 len 0001BCB0 (111 KiB): D/IRAM[0m
D (642) heap_init: New heap initialised at 0x4008ef58[0m
[0;32mI (648) heap_init: At 4008EF58 len 000110A8 (68 KiB): IRAM[0m
D (654) cpu_start: calling init function: 0x400d17d0 on core: 0[0m
D (660) cpu_start: calling init function: 0x400d3fcc on core: 0[0m
D (666) cpu_start: calling init function: 0x400ea4c0 on core: 0[0m
D (672) cpu_start: calling init function: 0x400d17dc on core: 0[0m
D (678) intr_alloc: Connected src 46 to int 2 (cpu 0)[0m
D (683) cpu_start: calling init function: 0x400d17e8 on core: 0[0m
D (689) cpu_start: calling init function: 0x400d56fc on core: 0[0m
D (695) cpu_start: calling init function: 0x400d8100 on core: 0[0m
D (701) cpu_start: calling init function: 0x400d4038 on core: 0[0m
D (707) cpu_start: calling init function: 0x400d17f4 on core: 0[0m
D (713) cpu_start: calling init function: 0x400d1800 on core: 0[0m
D (719) spi_flash: trying chip: issi[0m
D (722) spi_flash: trying chip: gd[0m
D (726) spi_flash: trying chip: mxic[0m
D (729) spi_flash: trying chip: winbond[0m
D (733) spi_flash: trying chip: generic[0m
[0;32mI (737) spi_flash: detected chip: generic[0m
[0;32mI (742) spi_flash: flash io: dio[0m
[0;33mW (746) spi_flash: Detected size(4096k) larger than the size in the binary image header(2048k). Using the size in the binary image header.[0m
D (759) cpu_start: calling init function: 0x400ea4c8 on core: 0[0m
D (765) cpu_start: calling init function: 0x400df1ec[0m
[0;33mW (770) i2c: This driver is an old driver, please migrate your application code to adapt `driver/i2c_master.h`[0m
D (781) cpu_start: calling init function: 0x400d90e4[0m
D (786) cpu_start: calling init function: 0x40086170[0m
D (791) cpu_start: calling init function: 0x400d2894[0m
D (796) cpu_start: calling init function: 0x400d1d98[0m
D (801) cpu_start: calling init function: 0x400d14a0[0m
D (806) cpu_start: calling init function: 0x400d452c on core: 0[0m
D (812) intr_alloc: Connected src 17 to int 3 (cpu 0)[0m
D (817) cpu_start: calling init function: 0x400d1828 on core: 0[0m
D (823) intr_alloc: Connected src 24 to int 9 (cpu 0)[0m
D (828) app_start: Starting scheduler on CPU0[0m
[0;32D (833) intr_alloc: Connected src 25 to int 2 (cpu 1)[0m
D (833) app_start: Starting scheduler on CPU1[0m
mI (833) main_task: Started on CPU0[0m
D (853) heap_init: New heap initialised at 0x3ffe0440[0m
D (853) heap_init: New heap initialised at 0x3ffe4350[0m
D (853) intr_alloc: Connected src 16 to int 12 (cpu 0)[0m
[0;32mI (853) main_task: Calling app_main()[0m
D (863) intr_alloc: Connected src 49 to int 13 (cpu 0)[0m
D (863) intr_alloc: Connected src 35 to int 17 (cpu 0)[0m
[0;32mI (873) IMU: devid=0x34[0m
[0;32mI (873) IMU: getRate()=0[0m
[0;32mI (883) IMU: getExternalFrameSync()=0[0m
[0;32mI (883) IMU: getDLPFMode()=6[0m
[0;32mI (883) ESC_controller: Create RMT TX channel[0m
[0;32mI (893) IMU: getFullScaleAccelRange()=0[0m
Created RMT TX ChannelsD (893) rmt: new group(0) at 0x3ffbf708, occupy=ffffff00[0m
[0D (903) intr_alloc: Connected src 47 to int 18 (cpu 0)[0m
;32mI (893) IMU: getFullScaleGyroRange()=0[0m
D (913) rmt: group clock resolution:80000000[0m
[0;32mI (913) PWM: LIDAR_DISTANCE=3.000000[0m
[0;32mI (913) gpio: GPIO[32]| InputEn: 0| OutputEn: 1| OpenDrain: 0| Pullup: 1| Pulldown: 0| Intr:0 [0m
[0;32mI (913) IMU: roll=-0.037644 pitch=0.017211 yaw=-0.000229[0m
D (933) rmt: new tx channel(0,0) at 0x3ffbf398, gpio=32, res=40000000Hz, hw_mem_base=0x3ff56800, dma_mem_base=0x0, dma_nodes_nc=0x0,ping_pong_size=32, queue_depth=10[0m
D (953) intr_alloc: Connected src 47 to int 18 (cpu 0)[0m
D (953) rmt: group clock resolution:80000000[0m
[0;32mI (963) gpio: GPIO[26]| InputEn: 0| OutputEn: 1| OpenDrain: 0| Pullup: 1| Pulldown: 0| Intr:0 [0m
D (973) rmt: new tx channel(0,1) at 0x3ffbf8f8, gpio=26, res=40000000Hz, hw_mem_base=0x3ff56900, dma_mem_base=0x0, dma_nodes_nc=0x0,ping_pong_size=32, queue_depth=10[0m
D (983) intr_alloc: Connected src 47 to int 18 (cpu 0)[0m
D (993) rmt: group clock resolution:80000000[0m
[0;32mI (993) gpio: GPIO[33]| InputEn: 0| OutputEn: 1| OpenDrain: 0| Pullup: 1| Pulldown: 0| Intr:0 [0m
D (1003) rmt: new tx channel(0,2) at 0x3ffbfc3c, gpio=33, res=40000000Hz, hw_mem_base=0x3ff56a00, dma_mem_base=0x0, dma_nodes_nc=0x0,ping_pong_size=32, queue_depth=10[0m
D (1023) intr_alloc: Connected src 47 to int 18 (cpu 0)[0m
D (1023) rmt: group clock resolution:80000000[0m
[0;32mI (1033) gpio: GPIO[25]| InputEn: 0| OutputEn: 1| OpenDrain: 0| Pullup: 1| Pulldown: 0| Intr:0 [0m
[0;32mI (1033) IMU: roll=-1.229678 pitch=0.556910 yaw=-0.012161[0m
[0;32mI (1033) PWM: LIDAR_DISTANCE=3.000000[0m
D (1043) rmt: new tx channel(0,3) at 0x3ffbff90, gpio=25, res=40000000Hz, hw_mem_base=0x3ff56b00, dma_mem_base=0x0, dma_nodes_nc=0x0,ping_pong_size=32, queue_depth=10[0m
[0;32mI (1063) ESC_controller: Install Dshot ESC encoder[0m
D (1073) rmt: new bytes encoder @0x3ffc0304[0m
D (1073) rmt: new copy encoder @0x3ffc0328[0m
D (1073) rmt: new bytes encoder @0x3ffc035c[0m
D (1083) rmt: new copy encoder @0x3ffc0380[0m
D (1083) rmt: new bytes encoder @0x3ffc03b4[0m
D (1093) rmt: new copy encoder @0x3ffc03d8[0m
D (1093) rmt: new bytes encoder @0x3ffc040c[0m
D (1103) rmt: new copy encoder @0x3ffc0430[0m
[0;32mI (1103) ESC_controller: Enable RMT TX channel[0m
[0;32mI (1103) ESC_controller: Start ESCs by sending zero throttle for a while...[0m
[0;32mI (893) main_task: Returned from app_main()[0m
[0;32mI (1143) IMU: roll=-2.399052 pitch=1.083423 yaw=-0.034225[0m
[0;32mI (1143) PWM: LIDAR_DISTANCE=3.000000[0m
[0;32mI (1243) IMU: roll=-3.468740 pitch=1.554398 yaw=-0.062836[0m
[0;32mI (1243) PWM: LIDAR_DISTANCE=3.000000[0m
[0;32mI (1343) IMU: roll=-4.575794 pitch=1.905357 yaw=-0.087708[0m
[0;32mI (1343) PWM: LIDAR_DISTANCE=3.000000[0m
[0;32mI (1443) IMU: roll=-3.518539 pitch=1.536725 yaw=-0.064484[0m
[0;32mI (1443) PWM: LIDAR_DISTANCE=3.000000[0m
[0;32mI (1543) IMU: roll=-4.618596 pitch=1.918078 yaw=-0.095596[0m
[0;32mI (1643) IMU: roll=-3.551215 pitch=1.566435 yaw=-0.074020[0m
[0;32mI (1743) IMU: roll=-4.672072 pitch=1.878796 yaw=-0.098206[0m
[0;32mI (1843) IMU: roll=-3.562699 pitch=1.687587 yaw=-0.086441[0m
[0;32mI (1943) IMU: roll=-4.718826 pitch=1.637173 yaw=-0.087555[0m
[0;32mI (11113) PWM: LIDAR_DISTANCE=3.000000[0m
[0;32mI (11113) IMU: roll=-3.591956 pitch=1.667067 yaw=-0.088623[0m
[0;32mI (11113) PWM: LIDAR_DISTANCE=3.000000[0m
[0;32mI (11123) PWM: LIDAR_DISTANCE=3.000000[0m
[0;32mI (11133) PWM: LIDAR_DISTANCE=3.000000[0m
[0;32mI (11143) PWM: LIDAR_DISTANCE=3.000000[0m
[0;32mI (11153) PWM: LIDAR_DISTANCE=3.000000[0m
[0;32mI (11213) IMU: roll=-34.693817 pitch=-83.471474 yaw=35.535233[0m
[0;32mI (11213) PWM: LIDAR_DISTANCE=3.000000[0m
[0;32mI (11313) IMU: roll=-34.690048 pitch=-82.773598 yaw=35.163040[0m
[0;32mI (11313) PWM: LIDAR_DISTANCE=3.000000[0m
[0;32mI (11413) IMU: roll=-34.690243 pitch=-82.073036 yaw=34.796402[0m
[0;32mI (11413) PWM: LIDAR_DISTANCE=3.000000[0m
[0;32mI (11513) IMU: roll=-34.694153 pitch=-81.363365 yaw=34.422134[0m
[0;32mI (11513) PWM: LIDAR_DISTANCE=3.000000[0m
[0;32mI (11613) IMU: roll=-34.691196 pitch=-80.647224 yaw=34.039642[0m
[0;32mI (11613) PWM: LIDAR_DISTANCE=3.000000[0m
[0;32mI (11713) IMU: roll=-34.680374 pitch=-79.926338 yaw=33.652740[0m
[0;32mI (11713) PWM: LIDAR_DISTANCE=3.000000[0m
[0;32mI (11813) IMU: roll=-34.669636 pitch=-79.201820 yaw=33.269806[0m
[0;32mI (11813) PWM: LIDAR_DISTANCE=3.000000[0m
[0;32mI (11913) IMU: roll=-34.653728 pitch=-78.468864 yaw=32.882324[0m
[0;32mI (11913) PWM: LIDAR_DISTANCE=3.000000[0m
[0;32mI (12013) IMU: roll=-34.631897 pitch=-77.734558 yaw=32.489380[0m
[0;32mI (12013) PWM: LIDAR_DISTANCE=3.000000[0m
[0;32mI (12113) IMU: roll=-34.607491 pitch=-76.989220 yaw=32.089218[0m
[0;32mI (12113) PWM: LIDAR_DISTANCE=3.000000[0m
[0;32mI (12213) IMU: roll=-34.581696 pitch=-76.241798 yaw=31.690277[0m
[0;32mI (12213) PWM: LIDAR_DISTANCE=3.000000[0m
[0;32mI (12313) IMU: roll=-34.548164 pitch=-75.491310 yaw=31.289520[0m
[0;32mI (12313) PWM: LIDAR_DISTANCE=3.000000[0m
[0;32mI (12413) IMU: roll=-34.510166 pitch=-74.736588 yaw=30.887894[0m
[0;32mI (12413) PWM: LIDAR_DISTANCE=3.000000[0m
[0;32mI (12513) IMU: roll=-34.464676 pitch=-73.978912 yaw=30.489319[0m
[0;32mI (12513) PWM: LIDAR_DISTANCE=3.000000[0m
[0;32mI (12613) IMU: roll=-34.422791 pitch=-73.203438 yaw=30.077972[0m
[0;32mI (12613) PWM: LIDAR_DISTANCE=3.000000[0m
[0;32mI (12713) IMU: roll=-34.383301 pitch=-72.426094 yaw=29.694000[0m
[0;32mI (12713) PWM: LIDAR_DISTANCE=3.000000[0m
[0;32mI (12813) IMU: roll=-34.322628 pitch=-71.653015 yaw=29.283585[0m
[0;32mI (12813) PWM: LIDAR_DISTANCE=3.000000[0m
[0;32mI (12913) IMU: roll=-34.259350 pitch=-70.868095 yaw=28.865860[0m
[0;32mI (12913) PWM: LIDAR_DISTANCE=3.000000[0m
[0;32mI (13013) IMU: roll=-34.194897 pitch=-70.077339 yaw=28.448349[0m
[0;32mI (13013) PWM: LIDAR_DISTANCE=3.000000[0m
[0;32mI (13113) IMU: roll=-34.119316 pitch=-69.282181 yaw=28.028442[0m
[0;32mI (13113) PWM: LIDAR_DISTANCE=3.000000[0m
[0;32mI (13213) IMU: roll=-34.036556 pitch=-68.486687 yaw=27.607666[0m
[0;32mI (13213) PWM: LIDAR_DISTANCE=3.000000[0m
[0;32mI (13313) IMU: roll=-33.951084 pitch=-67.683594 yaw=27.180328[0m
[0;32mI (13313) PWM: LIDAR_DISTANCE=3.000000[0m
[0;32mI (13413) IMU: roll=-33.860050 pitch=-66.874313 yaw=26.752884[0m
[0;32mI (13413) PWM: LIDAR_DISTANCE=3.000000[0m
[0;32mI (13513) IMU: roll=-33.761948 pitch=-66.063034 yaw=26.325760[0m
[0;32mI (13513) PWM: LIDAR_DISTANCE=3.000000[0m
[0;32mI (13613) IMU: roll=-33.661743 pitch=-65.246452 yaw=25.899155[0m
[0;32mI (13613) PWM: LIDAR_DISTANCE=3.000000[0m
[0;32mI (13713) IMU: roll=-33.554142 pitch=-64.423828 yaw=25.468506[0m
[0;32mI (13713) PWM: LIDAR_DISTANCE=3.000000[0m
[0;32mI (13813) IMU: roll=-33.439663 pitch=-63.598461 yaw=25.039780[0m
[0;32mI (13813) PWM: LIDAR_DISTANCE=3.000000[0m
[0;32mI (13913) IMU: roll=-33.317703 pitch=-62.770054 yaw=24.609512[0m
[0;32mI (13913) PWM: LIDAR_DISTANCE=3.000000[0m
[0;32mI (14013) IMU: roll=-33.188881 pitch=-61.936314 yaw=24.176804[0m
[0;32mI (14013) PWM: LIDAR_DISTANCE=3.000000[0m
[0;32mI (14113) IMU: roll=-33.052658 pitch=-61.099689 yaw=23.744431[0m
[0;32mI (14113) PWM: LIDAR_DISTANCE=3.000000[0m
[0;32mI (14213) IMU: roll=-32.908756 pitch=-60.256618 yaw=23.309158[0m
[0;32mI (14213) PWM: LIDAR_DISTANCE=3.000000[0m
[0;32mI (14313) IMU: roll=-32.762360 pitch=-59.408329 yaw=22.874176[0m
[0;32mI (14313) PWM: LIDAR_DISTANCE=3.000000[0m
[0;32mI (14413) IMU: roll=-32.607414 pitch=-58.555111 yaw=22.434265[0m
[0;32mI (14413) PWM: LIDAR_DISTANCE=3.000000[0m
[0;32mI (14513) IMU: roll=-32.442642 pitch=-57.695934 yaw=21.995331[0m
[0;32mI (14513) PWM: LIDAR_DISTANCE=3.000000[0m
[0;32mI (14613) IMU: roll=-32.274052 pitch=-56.835079 yaw=21.557785[0m
[0;32mI (14613) PWM: LIDAR_DISTANCE=3.000000[0m
[0;32mI (14713) IMU: roll=-32.096039 pitch=-55.969555 yaw=21.116806[0m
[0;32mI (14713) PWM: LIDAR_DISTANCE=3.000000[0m
[0;32mI (14813) IMU: roll=-31.911146 pitch=-55.097992 yaw=20.677826[0m
[0;32mI (14813) PWM: LIDAR_DISTANCE=3.000000[0m
[0;32mI (14913) IMU: roll=-31.719641 pitch=-54.226696 yaw=20.242874[0m
[0;32mI (14913) PWM: LIDAR_DISTANCE=3.000000[0m
[0;32mI (15013) IMU: roll=-31.520227 pitch=-53.352692 yaw=19.807098[0m
[0;32mI (15013) PWM: LIDAR_DISTANCE=3.000000[0m
[0;32mI (15113) IMU: roll=-31.314560 pitch=-52.472717 yaw=19.371567[0m
[0;32mI (15113) PWM: LIDAR_DISTANCE=3.000000[0m
[0;32mI (15213) IMU: roll=-31.100430 pitch=-51.588837 yaw=18.936386[0m
[0;32mI (15213) PWM: LIDAR_DISTANCE=3.000000[0m
[0;32mI (15313) IMU: roll=-30.879887 pitch=-50.703293 yaw=18.502808[0m
[0;32mI (15313) PWM: LIDAR_DISTANCE=3.000000[0m
[0;32mI (15413) IMU: roll=-30.652353 pitch=-49.814575 yaw=18.070404[0m
[0;32mI (15413) PWM: LIDAR_DISTANCE=3.000000[0m
[0;32mI (15513) IMU: roll=-30.413870 pitch=-48.919353 yaw=17.639359[0m
[0;32mI (15513) PWM: LIDAR_DISTANCE=3.000000[0m
[0;32mI (15613) IMU: roll=-30.170120 pitch=-48.023117 yaw=17.209732[0m
[0;32mI (15613) PWM: LIDAR_DISTANCE=3.000000[0m
[0;32mI (15713) IMU: roll=-29.914587 pitch=-47.122776 yaw=16.779175[0m
[0;32mI (15713) PWM: LIDAR_DISTANCE=3.000000[0m
[0;32mI (15813) IMU: roll=-29.649223 pitch=-46.216808 yaw=16.348816[0m
[0;32mI (15813) PWM: LIDAR_DISTANCE=3.000000[0m
[0;32mI (15913) IMU: roll=-29.370216 pitch=-45.313370 yaw=15.921326[0m
[0;32mI (15913) PWM: LIDAR_DISTANCE=3.000000[0m
[0;32mI (16013) IMU: roll=-29.085299 pitch=-44.405167 yaw=15.498184[0m
[0;32mI (16013) PWM: LIDAR_DISTANCE=3.000000[0m
[0;32mI (16113) IMU: roll=-28.793568 pitch=-43.493195 yaw=15.074249[0m
[0;32mI (16113) PWM: LIDAR_DISTANCE=3.000000[0m
[0;32mI (16213) IMU: roll=-28.492374 pitch=-42.578281 yaw=14.655762[0m
[0;32mI (16213) PWM: LIDAR_DISTANCE=3.000000[0m
[0;32mI (16313) IMU: roll=-28.182274 pitch=-41.663040 yaw=14.239685[0m
[0;32mI (16313) PWM: LIDAR_DISTANCE=3.000000[0m
[0;32mI (16413) IMU: roll=-27.866652 pitch=-40.741467 yaw=13.825119[0m
[0;32mI (16413) PWM: LIDAR_DISTANCE=3.000000[0m
[0;32mI (16513) IMU: roll=-27.539621 pitch=-39.819756 yaw=13.415619[0m
[0;32mI (16513) PWM: LIDAR_DISTANCE=3.000000[0m
[0;32mI (16613) IMU: roll=-27.203211 pitch=-38.897312 yaw=13.007675[0m
[0;32mI (16613) PWM: LIDAR_DISTANCE=3.000000[0m
[0;32mI (16713) IMU: roll=-26.857582 pitch=-37.972843 yaw=12.593643[0m
[0;32mI (16713) PWM: LIDAR_DISTANCE=3.000000[0m
[0;32mI (16813) IMU: roll=-26.497139 pitch=-37.041523 yaw=12.185730[0m
[0;32mI (16813) PWM: LIDAR_DISTANCE=3.000000[0m
[0;32mI (16913) IMU: roll=-26.127045 pitch=-36.111389 yaw=11.786819[0m
[0;32mI (16913) PWM: LIDAR_DISTANCE=3.000000[0m
[0;32mI (17013) IMU: roll=-25.751156 pitch=-35.182442 yaw=11.393036[0m
[0;32mI (17013) PWM: LIDAR_DISTANCE=3.000000[0m
[0;32mI (17113) IMU: roll=-25.374014 pitch=-34.243404 yaw=11.004364[0m
[0;32mI (17113) PWM: LIDAR_DISTANCE=3.000000[0m
[0;32mI (17213) IMU: roll=-24.983316 pitch=-33.307438 yaw=10.620270[0m
[0;32mI (17213) PWM: LIDAR_DISTANCE=3.000000[0m
[0;32mI (17313) IMU: roll=-24.582790 pitch=-32.366913 yaw=10.240417[0m
[0;32mI (17313) PWM: LIDAR_DISTANCE=3.000000[0m
[0;32mI (17413) IMU: roll=-24.175587 pitch=-31.428764 yaw=9.868439[0m
[0;32mI (17413) PWM: LIDAR_DISTANCE=3.000000[0m
[0;32mI (17513) IMU: roll=-23.746944 pitch=-30.480986 yaw=9.493698[0m
[0;32mI (17513) PWM: LIDAR_DISTANCE=3.000000[0m
[0;32mI (17613) IMU: roll=-23.311789 pitch=-29.534138 yaw=9.127884[0m
[0;32mI (17613) PWM: LIDAR_DISTANCE=3.000000[0m
[0;32mI (17713) IMU: roll=-22.870054 pitch=-28.595646 yaw=8.775955[0m
[0;32mI (17713) PWM: LIDAR_DISTANCE=3.000000[0m
[0;32mI (17813) IMU: roll=-22.419561 pitch=-27.648315 yaw=8.426163[0m
[0;32mI (17813) PWM: LIDAR_DISTANCE=3.000000[0m
[0;32mI (17913) IMU: roll=-21.963419 pitch=-26.696419 yaw=8.080246[0m
[0;32mI (17913) PWM: LIDAR_DISTANCE=3.000000[0m
[0;32mI (18013) IMU: roll=-21.491232 pitch=-25.745811 yaw=7.737091[0m
[0;32mI (18013) PWM: LIDAR_DISTANCE=3.000000[0m
[0;32mI (18113) IMU: roll=-21.013411 pitch=-24.796021 yaw=7.405350[0m
[0;32mI (18113) PWM: LIDAR_DISTANCE=3.000000[0m
[0;32mI (18213) IMU: roll=-20.524994 pitch=-23.843019 yaw=7.076859[0m
[0;32mI (18213) PWM: LIDAR_DISTANCE=3.000000[0m
[0;32mI (18313) IMU: roll=-20.018030 pitch=-22.885397 yaw=6.756332[0m
[0;32mI (18313) PWM: LIDAR_DISTANCE=3.000000[0m
[0;32mI (18413) IMU: roll=-19.507494 pitch=-21.935669 yaw=6.446533[0m
[0;32mI (18413) PWM: LIDAR_DISTANCE=3.000000[0m
[0;32mI (18513) IMU: roll=-18.995007 pitch=-20.977684 yaw=6.139099[0m
[0;32mI (18513) PWM: LIDAR_DISTANCE=3.000000[0m
[0;32mI (18613) IMU: roll=-18.467207 pitch=-20.019239 yaw=5.841217[0m
[0;32mI (18613) PWM: LIDAR_DISTANCE=3.000000[0m
[0;32mI (18713) IMU: roll=-17.929659 pitch=-19.065071 yaw=5.550354[0m
[0;32mI (18713) PWM: LIDAR_DISTANCE=3.000000[0m
[0;32mI (18813) IMU: roll=-17.398039 pitch=-18.121021 yaw=5.278687[0m
[0;32mI (18813) PWM: LIDAR_DISTANCE=3.000000[0m
[0;32mI (18913) IMU: roll=-16.900005 pitch=-17.206402 yaw=5.033966[0m
[0;32mI (18913) PWM: LIDAR_DISTANCE=3.000000[0m
[0;32mI (19013) IMU: roll=-16.356205 pitch=-16.225376 yaw=4.760330[0m
[0;32mI (19013) PWM: LIDAR_DISTANCE=3.000000[0m
[0;32mI (19113) IMU: roll=-15.760265 pitch=-15.287764 yaw=4.512680[0m
[0;32mI (19113) PWM: LIDAR_DISTANCE=3.000000[0m
[0;32mI (19213) IMU: roll=-15.191813 pitch=-14.320359 yaw=4.264847[0m
[0;32mI (19213) PWM: LIDAR_DISTANCE=3.000000[0m
[0;32mI (19313) IMU: roll=-14.566821 pitch=-13.360255 yaw=4.018448[0m
[0;32mI (19313) PWM: LIDAR_DISTANCE=3.000000[0m
[0;32mI (19413) IMU: roll=-13.954612 pitch=-12.418549 yaw=3.801117[0m
[0;32mI (19413) PWM: LIDAR_DISTANCE=3.000000[0m
[0;32mI (19513) IMU: roll=-13.293582 pitch=-11.433645 yaw=3.568542[0m
[0;32mI (19513) PWM: LIDAR_DISTANCE=3.000000[0m
[0;32mI (19613) IMU: roll=-12.654705 pitch=-10.479104 yaw=3.355011[0m
[0;32mI (19613) PWM: LIDAR_DISTANCE=3.000000[0m
[0;32mI (19713) IMU: roll=-12.034792 pitch=-9.513888 yaw=3.147888[0m
[0;32mI (19713) PWM: LIDAR_DISTANCE=3.000000[0m
[0;32mI (19813) IMU: roll=-11.402669 pitch=-8.572254 yaw=2.955414[0m
[0;32mI (19813) PWM: LIDAR_DISTANCE=3.000000[0m
[0;32mI (19913) IMU: roll=-10.760986 pitch=-7.638783 yaw=2.776825[0m
[0;32mI (19913) PWM: LIDAR_DISTANCE=3.000000[0m
[0;32mI (20013) IMU: roll=-10.132473 pitch=-6.712140 yaw=2.613739[0m
[0;32mI (20013) PWM: LIDAR_DISTANCE=3.000000[0m
[0;32mI (20013) ESC_controller: Transmitting throttle values: 1832.00, 1633.00, 1242.00, 1691.00[0m
[0;32mI (20113) IMU: roll=-9.463006 pitch=-5.759341 yaw=2.448318[0m
[0;32mI (20113) PWM: LIDAR_DISTANCE=3.000000[0m
[0;32mI (20113) ESC_controller: Transmitting throttle values: 1833.00, 1644.00, 1262.00, 1698.00[0m
[0;32mI (20213) IMU: roll=-8.786580 pitch=-4.820892 yaw=2.300461[0m
[0;32mI (20213) PWM: LIDAR_DISTANCE=3.000000[0m
[0;32mI (20213) ESC_controller: Transmitting throttle values: 1835.00, 1655.00, 1282.00, 1706.00[0m
[0;32mI (20313) IMU: roll=-8.112055 pitch=-3.882701 yaw=2.164703[0m
[0;32mI (20313) PWM: LIDAR_DISTANCE=3.000000[0m
[0;32mI (20313) ESC_controller: Transmitting throttle values: 1836.00, 1666.00, 1302.00, 1713.00[0m
[0;32mI (20413) IMU: roll=-7.430689 pitch=-2.945640 yaw=2.039169[0m
[0;32mI (20413) PWM: LIDAR_DISTANCE=3.000000[0m
[0;32mI (20413) ESC_controller: Transmitting throttle values: 1838.00, 1677.00, 1322.00, 1721.00[0m
[0;32mI (20513) IMU: roll=-6.741257 pitch=-2.019668 yaw=1.923599[0m
[0;32mI (20513) PWM: LIDAR_DISTANCE=3.000000[0m
[0;32mI (20513) ESC_controller: Transmitting throttle values: 1839.00, 1688.00, 1342.00, 1729.00[0m
[0;32mI (20613) IMU: roll=-6.068305 pitch=-1.076664 yaw=1.814133[0m
[0;32mI (20613) PWM: LIDAR_DISTANCE=3.000000[0m
[0;32mI (20613) ESC_controller: Transmitting throttle values: 1840.00, 1699.00, 1362.00, 1737.00[0m
[0;32mI (20713) IMU: roll=-5.381411 pitch=-0.140732 yaw=1.717133[0m
[0;32mI (20713) PWM: LIDAR_DISTANCE=3.000000[0m
[0;32mI (20713) ESC_controller: Transmitting throttle values: 1841.00, 1710.00, 1382.00, 1745.00[0m
[0;32mI (20813) IMU: roll=-4.731623 pitch=0.826964 yaw=1.624603[0m
[0;32mI (20813) PWM: LIDAR_DISTANCE=3.000000[0m
[0;32mI (20813) ESC_controller: Transmitting throttle values: 1842.00, 1722.00, 1403.00, 1752.00[0m
[0;32mI (20913) IMU: roll=-3.900547 pitch=1.633782 yaw=1.558762[0m
[0;32mI (20913) PWM: LIDAR_DISTANCE=3.000000[0m
[0;32mI (20913) ESC_controller: Transmitting throttle values: 1842.00, 1731.00, 1423.00, 1763.00[0m
[0;32mI (21013) IMU: roll=-3.170730 pitch=2.533862 yaw=1.500916[0m
[0;32mI (21013) PWM: LIDAR_DISTANCE=3.000000[0m
[0;32mI (21013) ESC_controller: Transmitting throttle values: 1843.00, 1742.00, 1443.00, 1771.00[0m
[0;32mI (21113) IMU: roll=-3.934528 pitch=1.695464 yaw=1.550797[0m
[0;32mI (21113) PWM: LIDAR_DISTANCE=3.000000[0m
[0;32mI (21113) ESC_controller: Transmitting throttle values: 1873.00, 1752.00, 1431.00, 1782.00[0m
[0;32mI (21213) IMU: roll=-2.806814 pitch=1.592162 yaw=1.555832[0m
[0;32mI (21213) PWM: LIDAR_DISTANCE=3.000000[0m
[0;32mI (21213) ESC_controller: Transmitting throttle values: 1868.00, 1750.00, 1456.00, 1804.00[0m
[0;32mI (21313) IMU: roll=-3.960182 pitch=1.729553 yaw=1.544724[0m
[0;32mI (21313) PWM: LIDAR_DISTANCE=3.000000[0m
[0;32mI (21313) ESC_controller: Transmitting throttle values: 1891.00, 1777.00, 1453.00, 1797.00[0m
[0;32mI (21413) IMU: roll=-4.655769 pitch=0.838353 yaw=1.608093[0m
[0;32mI (21413) PWM: LIDAR_DISTANCE=3.000000[0m
[0;32mI (21413) ESC_controller: Transmitting throttle values: 1912.00, 1782.00, 1451.00, 1814.00[0m
[0;32mI (21513) IMU: roll=-3.872259 pitch=1.691503 yaw=1.540665[0m
[0;32mI (21513) PWM: LIDAR_DISTANCE=3.000000[0m
[0;32mI (21513) ESC_controller: Transmitting throttle values: 1902.00, 1792.00, 1483.00, 1821.00[0m
[0;32mI (21613) IMU: roll=-2.867883 pitch=1.194396 yaw=1.572906[0m
[0;32mI (21613) PWM: LIDAR_DISTANCE=3.000000[0m
[0;32mI (21613) ESC_controller: Transmitting throttle values: 1912.00, 1788.00, 1491.00, 1846.00[0m
[0;32mI (21713) IMU: roll=-3.912204 pitch=1.714300 yaw=1.537155[0m
[0;32mI (21713) PWM: LIDAR_DISTANCE=3.000000[0m
[0;32mI (21713) ESC_controller: Transmitting throttle values: 1929.00, 1818.00, 1495.00, 1836.00[0m
[0;32mI (21813) IMU: roll=-3.210776 pitch=0.847226 yaw=1.589432[0m
[0;32mI (21813) PWM: LIDAR_DISTANCE=3.000000[0m
[0;32mI (21813) ESC_controller: Transmitting throttle values: 1939.00, 1809.00, 1504.00, 1867.00[0m
[0;32mI (21913) IMU: roll=-3.918087 pitch=1.783651 yaw=1.528625[0m
[0;32mI (21913) PWM: LIDAR_DISTANCE=3.000000[0m
[0;32mI (21913) ESC_controller: Transmitting throttle values: 1947.00, 1839.00, 1518.00, 1855.00[0m
[0;32mI (22013) IMU: roll=-3.172672 pitch=0.950893 yaw=1.576721[0m
[0;32mI (22013) PWM: LIDAR_DISTANCE=3.000000[0m
[0;32mI (22013) ESC_controller: Transmitting throttle values: 1958.00, 1829.00, 1525.00, 1886.00[0m
[0;32mI (22113) IMU: roll=-3.958566 pitch=1.828796 yaw=1.520981[0m
[0;32mI (22113) PWM: LIDAR_DISTANCE=3.000000[0m
[0;32mI (22113) ESC_controller: Transmitting throttle values: 1967.00, 1860.00, 1537.00, 1874.00[0m
[0;32mI (22213) IMU: roll=-3.362361 pitch=0.894840 yaw=1.573563[0m
[0;32mI (22213) PWM: LIDAR_DISTANCE=3.000000[0m
[0;32mI (22213) ESC_controller: Transmitting throttle values: 1980.00, 1851.00, 1543.00, 1905.00[0m
[0;32mI (22313) IMU: roll=-3.990934 pitch=1.883822 yaw=1.506790[0m
[0;32mI (22313) PWM: LIDAR_DISTANCE=3.000000[0m
[0;32mI (22313) ESC_controller: Transmitting throttle values: 1986.00, 1881.00, 1558.00, 1893.00[0m
[0;32mI (22413) IMU: roll=-4.453479 pitch=0.852558 yaw=1.582535[0m
[0;32mI (22413) PWM: LIDAR_DISTANCE=3.000000[0m
[0;32mI (22413) ESC_controller: Transmitting throttle values: 2000.00, 1881.00, 1551.00, 1915.00[0m
[0;32mI (22513) IMU: roll=-3.786595 pitch=1.805369 yaw=1.510025[0m
[0;32mI (22513) PWM: LIDAR_DISTANCE=3.000000[0m
[0;32mI (22513) ESC_controller: Transmitting throttle values: 2000.00, 1895.00, 1583.00, 1919.00[0m
[0;32mI (22613) IMU: roll=-2.766463 pitch=1.320510 yaw=1.537247[0m
[0;32mI (22613) PWM: LIDAR_DISTANCE=3.000000[0m
[0;32mI (22613) ESC_controller: Transmitting throttle values: 2000.00, 1890.00, 1592.00, 1945.00[0m
[0;32mI (22713) IMU: roll=-3.859255 pitch=1.722178 yaw=1.512131[0m
[0;32mI (22713) PWM: LIDAR_DISTANCE=3.000000[0m
[0;32mI (22713) ESC_controller: Transmitting throttle values: 2000.00, 1920.00, 1593.00, 1935.00[0m
[0;32mI (22813) IMU: roll=-3.287408 pitch=0.988732 yaw=1.576050[0m
[0;32mI (22813) PWM: LIDAR_DISTANCE=3.000000[0m
[0;32mI (22813) ESC_controller: Transmitting throttle values: 2000.00, 1913.00, 1603.00, 1963.00[0m
[0;32mI (22913) IMU: roll=-1.715833 pitch=0.390749 yaw=1.534027[0m
[0;32mI (22913) PWM: LIDAR_DISTANCE=3.000000[0m
[0;32mI (22913) ESC_controller: Transmitting throttle values: 2000.00, 1906.00, 1624.00, 1989.00[0m
[0;32mI (23013) IMU: roll=-2.617801 pitch=-1.170862 yaw=5.129913[0m
[0;32mI (23013) PWM: LIDAR_DISTANCE=3.000000[0m
[0;32mI (23013) ESC_controller: Transmitting throttle values: 2000.00, 1952.00, 1572.00, 2000.00[0m
[0;32mI (23113) IMU: roll=-3.213275 pitch=0.271399 yaw=7.690369[0m
[0;32mI (23113) PWM: LIDAR_DISTANCE=3.000000[0m
[0;32mI (23113) ESC_controller: Transmitting throttle values: 2000.00, 1996.00, 1587.00, 2000.00[0m
[0;32mI (23213) IMU: roll=-2.185313 pitch=0.083116 yaw=7.179810[0m
[0;32mI (23213) PWM: LIDAR_DISTANCE=3.000000[0m
[0;32mI (23213) ESC_controller: Transmitting throttle values: 2000.00, 1974.00, 1616.00, 2000.00[0m
[0;32mI (23313) IMU: roll=-2.431922 pitch=-2.515580 yaw=5.149582[0m
[0;32mI (23313) PWM: LIDAR_DISTANCE=3.000000[0m
[0;32mI (23313) ESC_controller: Transmitting throttle values: 2000.00, 1948.00, 1613.00, 2000.00[0m
[0;32mI (23413) IMU: roll=-3.507169 pitch=-4.720731 yaw=2.894760[0m
[0;32mI (23413) PWM: LIDAR_DISTANCE=3.000000[0m
[0;32mI (23413) ESC_controller: Transmitting throttle values: 2000.00, 1941.00, 1616.00, 2000.00[0m
[0;32mI (23513) IMU: roll=-5.219780 pitch=-1.785260 yaw=1.505707[0m
[0;32mI (23513) PWM: LIDAR_DISTANCE=3.000000[0m
[0;32mI (23513) ESC_controller: Transmitting throttle values: 2000.00, 1994.00, 1654.00, 2000.00[0m
[0;32mI (23613) IMU: roll=-4.757487 pitch=-0.051860 yaw=0.855164[0m
[0;32mI (23613) PWM: LIDAR_DISTANCE=6.000000[0m
[0;32mI (23613) ESC_controller: Transmitting throttle values: 2000.00, 1999.00, 1681.00, 2000.00[0m
[0;32mI (23713) IMU: roll=-1.761473 pitch=-0.857379 yaw=-0.899567[0m
[0;32mI (23713) PWM: LIDAR_DISTANCE=10.000000[0m
[0;32mI (23713) ESC_controller: Transmitting throttle values: 2000.00, 1954.00, 1719.00, 2000.00[0m
[0;32mI (23813) IMU: roll=-0.216225 pitch=-2.684910 yaw=-2.438507[0m
[0;32mI (23813) PWM: LIDAR_DISTANCE=13.000000[0m
[0;32mI (23813) ESC_controller: Transmitting throttle values: 2000.00, 1937.00, 1727.00, 2000.00[0m
[0;32mI (23913) IMU: roll=-1.974524 pitch=-3.817095 yaw=-4.556625[0m
[0;32mI (23913) PWM: LIDAR_DISTANCE=18.000000[0m
[0;32mI (23913) ESC_controller: Transmitting throttle values: 2000.00, 1950.00, 1725.00, 2000.00[0m
[0;32mI (24013) IMU: roll=-3.621531 pitch=-3.715269 yaw=-6.559616[0m
[0;32mI (24013) PWM: LIDAR_DISTANCE=22.000000[0m
[0;32mI (24013) ESC_controller: Transmitting throttle values: 2000.00, 1962.00, 1742.00, 2000.00[0m
[0;32mI (24113) IMU: roll=-5.579941 pitch=-0.808657 yaw=-7.048859[0m
[0;32mI (24113) PWM: LIDAR_DISTANCE=26.000000[0m
[0;32mI (24113) ESC_controller: Transmitting throttle values: 2000.00, 2000.00, 1754.00, 2000.00[0m
[0;32mI (24213) IMU: roll=-4.243495 pitch=1.340938 yaw=-6.959152[0m
[0;32mI (24213) PWM: LIDAR_DISTANCE=30.000000[0m
[0;32mI (24213) ESC_controller: Transmitting throttle values: 2000.00, 1998.00, 1782.00, 2000.00[0m
[0;32mI (24313) IMU: roll=-5.225887 pitch=2.482924 yaw=-7.293045[0m
[0;32mI (24313) PWM: LIDAR_DISTANCE=31.000000[0m
[0;32mI (24313) ESC_controller: Transmitting throttle values: 2000.00, 2000.00, 1775.00, 1995.00[0m
[0;32mI (24413) IMU: roll=-3.709061 pitch=3.124906 yaw=-8.162018[0m
[0;32mI (24413) PWM: LIDAR_DISTANCE=33.000000[0m
[0;32mI (24413) ESC_controller: Transmitting throttle values: 2000.00, 1989.00, 1802.00, 2000.00[0m
[0;32mI (24513) IMU: roll=-3.229393 pitch=1.347422 yaw=-8.983154[0m
[0;32mI (24513) PWM: LIDAR_DISTANCE=36.000000[0m
[0;32mI (24513) ESC_controller: Transmitting throttle values: 2000.00, 1966.00, 1787.00, 2000.00[0m
[0;32mI (24613) IMU: roll=-5.724964 pitch=-0.375700 yaw=-8.881516[0m
[0;32mI (24613) PWM: LIDAR_DISTANCE=38.000000[0m
[0;32mI (24613) ESC_controller: Transmitting throttle values: 2000.00, 1984.00, 1748.00, 2000.00[0m
[0;32mI (24713) IMU: roll=-7.343902 pitch=1.853547 yaw=-9.406677[0m
[0;32mI (24713) PWM: LIDAR_DISTANCE=42.000000[0m
[0;31mE (24713) FreeRTOS: FreeRTOS Task "PWM" should not return, Aborting now![0m

abort() was called at PC 0x40087fbf on core 1


Backtrace: 0x40081a0a:0x3ffbae30 0x4008747d:0x3ffbae50 0x4008d891:0x3ffbae70 0x40087fbf:0x3ffbaee0




ELF file SHA256: 3d57bc8b8

Rebooting...
ets Jul 29 2019 12:21:46

rst:0xc (SW_CPU_RESET),boot:0x13 (SPI_FAST_FLASH_BOOT)
configsip: 0, SPIWP:0xee
clk_drv:0x00,q_drv:0x00,d_drv:0x00,cs0_drv:0x00,hd_drv:0x00,wp_drv:0x00
mode:DIO, clock div:2
load:0x3fff0030,len:7172
load:0x40078000,len:15532
load:0x40080400,len:4
load:0x40080404,len:3904
entry 0x40080640
[0;32mI (29) boot: ESP-IDF v5.3-dev-1288-g5524b692ee-dirty 2nd stage bootloader[0m
[0;32mI (29) boot: compile time Jan 27 2024 11:38:47[0m
[0;32mI (32) boot: Multicore bootloader[0m
[0;32mI (36) boot: chip revision: v3.0[0m
[0;32mI (39) boot.esp32: SPI Speed      : 40MHz[0m
[0;32mI (44) boot.esp32: SPI Mode       : DIO[0m
[0;32mI (49) boot.esp32: SPI Flash Size : 2MB[0m
[0;32mI (53) boot: Enabling RNG early entropy source...[0m
[0;32mI (59) boot: Partition Table:[0m
[0;32mI (62) boot: ## Label            Usage          Type ST Offset   Length[0m
[0;32mI (69) boot:  0 nvs              WiFi data        01 02 00009000 00006000[0m
[0;32mI (77) boot:  1 phy_init         RF data          01 01 0000f000 00001000[0m
[0;32mI (84) boot:  2 factory          factory app      00 00 00010000 00100000[0m
[0;32mI (92) boot: End of partition table[0m
[0;32mI (96) esp_image: segment 0: paddr=00010020 vaddr=3f400020 size=0d1f0h ( 53744) map[0m
[0;32mI (123) esp_image: segment 1: paddr=0001d218 vaddr=3ffb0000 size=0237ch (  9084) load[0m
[0;32mI (127) esp_image: segment 2: paddr=0001f59c vaddr=40080000 size=00a7ch (  2684) load[0m
[0;32mI (130) esp_image: segment 3: paddr=00020020 vaddr=400d0020 size=1bfb4h (114612) map[0m
[0;32mI (177) esp_image: segment 4: paddr=0003bfdc vaddr=40080a7c size=0e4dch ( 58588) load[0m
[0;32mI (207) boot: Loaded app from partition at offset 0x10000[0m
[0;32mI (207) boot: Disabling RNG early entropy source...[0m
[0;32mI (219) cpu_start: Multicore app[0m
D (219) cpu_start: Pro cpu up[0m
D (219) cpu_start: Starting app cpu, entry point is 0x400811ac[0m
D (206) cpu_start: App cpu up[0m
D (228) clk: RTC_SLOW_CLK calibration value: 3102605[0m
D (240) cpu_start: calling init function: 0x400d1638 on core: 0[0m
[0;32mI (240) cpu_start: Pro cpu start user code[0m
[0;32mI (240) cpu_start: cpu freq: 160000000 Hz[0m
D (246) cpu_start: calling init function: 0x400d167c on core: 0[0m
[0;32mI (252) cpu_start: Application information:[0m
[0;32mI (257) cpu_start: Project name:     drone_flight_control[0m
[0;32mI (263) cpu_start: App version:      1[0m
[0;32mI (267) cpu_start: Compile time:     Jan 31 2024 22:48:20[0m
[0;32mI (274) cpu_start: ELF file SHA256:  3d57bc8b8...[0m
[0;32mI (279) cpu_start: ESP-IDF:          v5.3-dev-1288-g5524b692ee-dirty[0m
[0;32mI (286) cpu_start: Min chip rev:     v0.0[0m
[0;32mI (291) cpu_start: Max chip rev:     v3.99 [0m
[0;32mI (296) cpu_start: Chip rev:         v3.0[0m
D (300) cpu_start: calling init function: 0x400d17c4 on core: 0[0m
D (306) memory_layout: Checking 9 reserved memory ranges:[0m
D (312) memory_layout: Reserved memory range 0x3ff82000 - 0x3ff82000[0m
D (318) memory_layout: Reserved memory range 0x3ffae000 - 0x3ffae6e0[0m
D (325) memory_layout: Reserved memory range 0x3ffb0000 - 0x3ffb2d38[0m
D (331) memory_layout: Reserved memory range 0x3ffe0000 - 0x3ffe0440[0m
D (337) memory_layout: Reserved memory range 0x3ffe3f20 - 0x3ffe4350[0m
D (344) memory_layout: Reserved memory range 0x40070000 - 0x40078000[0m
D (350) memory_layout: Reserved memory range 0x40078000 - 0x40080000[0m
D (357) memory_layout: Reserved memory range 0x40080000 - 0x4008ef58[0m
D (363) memory_layout: Reserved memory range 0x50001fe8 - 0x50002000[0m
D (369) memory_layout: Building list of available memory regions:[0m
D (376) memory_layout: Available memory region 0x3ffae6e0 - 0x3ffb0000[0m
D (382) memory_layout: Available memory region 0x3ffb2d38 - 0x3ffb8000[0m
D (389) memory_layout: Available memory region 0x3ffb8000 - 0x3ffc0000[0m
D (395) memory_layout: Available memory region 0x3ffc0000 - 0x3ffc2000[0m
D (402) memory_layout: Available memory region 0x3ffc2000 - 0x3ffc4000[0m
D (409) memory_layout: Available memory region 0x3ffc4000 - 0x3ffc6000[0m
D (415) memory_layout: Available memory region 0x3ffc6000 - 0x3ffc8000[0m
D (422) memory_layout: Available memory region 0x3ffc8000 - 0x3ffca000[0m
D (428) memory_layout: Available memory region 0x3ffca000 - 0x3ffcc000[0m
D (435) memory_layout: Available memory region 0x3ffcc000 - 0x3ffce000[0m
D (442) memory_layout: Available memory region 0x3ffce000 - 0x3ffd0000[0m
D (448) memory_layout: Available memory region 0x3ffd0000 - 0x3ffd2000[0m
D (455) memory_layout: Available memory region 0x3ffd2000 - 0x3ffd4000[0m
D (461) memory_layout: Available memory region 0x3ffd4000 - 0x3ffd6000[0m
D (468) memory_layout: Available memory region 0x3ffd6000 - 0x3ffd8000[0m
D (475) memory_layout: Available memory region 0x3ffd8000 - 0x3ffda000[0m
D (481) memory_layout: Available memory region 0x3ffda000 - 0x3ffdc000[0m
D (488) memory_layout: Available memory region 0x3ffdc000 - 0x3ffde000[0m
D (494) memory_layout: Available memory region 0x3ffde000 - 0x3ffe0000[0m
D (501) memory_layout: Available memory region 0x3ffe0440 - 0x3ffe3f20[0m
D (508) memory_layout: Available memory region 0x3ffe4350 - 0x3ffe8000[0m
D (514) memory_layout: Available memory region 0x3ffe8000 - 0x3fff0000[0m
D (521) memory_layout: Available memory region 0x3fff0000 - 0x3fff8000[0m
D (527) memory_layout: Available memory region 0x3fff8000 - 0x3fffc000[0m
D (534) memory_layout: Available memory region 0x3fffc000 - 0x40000000[0m
D (541) memory_layout: Available memory region 0x4008ef58 - 0x40090000[0m
D (547) memory_layout: Available memory region 0x40090000 - 0x40092000[0m
D (554) memory_layout: Available memory region 0x40092000 - 0x40094000[0m
D (560) memory_layout: Available memory region 0x40094000 - 0x40096000[0m
D (567) memory_layout: Available memory region 0x40096000 - 0x40098000[0m
D (574) memory_layout: Available memory region 0x40098000 - 0x4009a000[0m
D (580) memory_layout: Available memory region 0x4009a000 - 0x4009c000[0m
D (587) memory_layout: Available memory region 0x4009c000 - 0x4009e000[0m
D (593) memory_layout: Available memory region 0x4009e000 - 0x400a0000[0m
[0;32mI (600) heap_init: Initializing. RAM available for dynamic allocation:[0m
D (607) heap_init: New heap initialised at 0x3ffae6e0[0m
[0;32mI (612) heap_init: At 3FFAE6E0 len 00001920 (6 KiB): DRAM[0m
D (618) heap_init: New heap initialised at 0x3ffb2d38[0m
[0;32mI (623) heap_init: At 3FFB2D38 len 0002D2C8 (180 KiB): DRAM[0m
[0;32mI (630) heap_init: At 3FFE0440 len 00003AE0 (14 KiB): D/IRAM[0m
[0;32mI (636) heap_init: At 3FFE4350 len 0001BCB0 (111 KiB): D/IRAM[0m
D (643) heap_init: New heap initialised at 0x4008ef58[0m
[0;32mI (648) heap_init: At 4008EF58 len 000110A8 (68 KiB): IRAM[0m
D (654) cpu_start: calling init function: 0x400d17d0 on core: 0[0m
D (660) cpu_start: calling init function: 0x400d3fcc on core: 0[0m
D (666) cpu_start: calling init function: 0x400ea4c0 on core: 0[0m
D (672) cpu_start: calling init function: 0x400d17dc on core: 0[0m
D (678) intr_alloc: Connected src 46 to int 2 (cpu 0)[0m
D (683) cpu_start: calling init function: 0x400d17e8 on core: 0[0m
D (689) cpu_start: calling init function: 0x400d56fc on core: 0[0m
D (695) cpu_start: calling init function: 0x400d8100 on core: 0[0m
D (701) cpu_start: calling init function: 0x400d4038 on core: 0[0m
D (707) cpu_start: calling init function: 0x400d17f4 on core: 0[0m
D (713) cpu_start: calling init function: 0x400d1800 on core: 0[0m
D (719) spi_flash: trying chip: issi[0m
D (722) spi_flash: trying chip: gd[0m
D (726) spi_flash: trying chip: mxic[0m
D (730) spi_flash: trying chip: winbond[0m
D (733) spi_flash: trying chip: generic[0m
[0;32mI (737) spi_flash: detected chip: generic[0m
[0;32mI (742) spi_flash: flash io: dio[0m
[0;33mW (746) spi_flash: Detected size(4096k) larger than the size in the binary image header(2048k). Using the size in the binary image header.[0m
D (759) cpu_start: calling init function: 0x400ea4c8 on core: 0[0m
D (765) cpu_start: calling init function: 0x400df1ec[0m
[0;33mW (770) i2c: This driver is an old driver, please migrate your application code to adapt `driver/i2c_master.h`[0m
D (781) cpu_start: calling init function: 0x400d90e4[0m
D (786) cpu_start: calling init function: 0x40086170[0m
D (791) cpu_start: calling init function: 0x400d2894[0m
D (796) cpu_start: calling init function: 0x400d1d98[0m
D (801) cpu_start: calling init function: 0x400d14a0[0m
D (806) cpu_start: calling init function: 0x400d452c on core: 0[0m
D (812) intr_alloc: Connected src 17 to int 3 (cpu 0)[0m
D (817) cpu_start: calling init function: 0x400d1828 on core: 0[0m
D (823) intr_alloc: Connected src 24 to int 9 (cpu 0)[0m
D (828) app_start: Starting scheduler on CPU0[0m
[0;32D (833) intr_alloc: Connected src 25 to int 2 (cpu 1)[0m
D (833) app_start: Starting scheduler on CPU1[0m
mI (833) main_task: Started on CPU0[0m
D (853) heap_init: New heap initialised at 0x3ffe0440[0m
D (853) heap_init: New heap initialised at 0x3ffe4350[0m
D (853) intr_alloc: Connected src 16 to int 12 (cpu 0)[0m
[0;32mI (853) main_task: Calling app_main()[0m
D (863) intr_alloc: Connected src 49 to int 13 (cpu 0)[0m
D (863) intr_alloc: Connected src 35 to int 17 (cpu 0)[0m
[0;32mI (873) IMU: devid=0x34[0m
[0;32mI (873) IMU: getRate()=0[0m
[0;32mI (883) IMU: getExternalFrameSync()=0[0m
[0;32mI (883) IMU: getDLPFMode()=6[0m
[0;32mI (883) ESC_controller: Create RMT TX channel[0m
[0;32mI (893) IMU: getFullScaleAccelRange()=0[0m
Created RMT TX ChannelsD (893) rmt: new group(0) at 0x3ffbf708, occupy=ffffff00[0m
[0D (903) intr_alloc: Connected src 47 to int 18 (cpu 0)[0m
;32mI (893) IMU: getFullScaleGyroRange()=0[0m
D (913) rmt: group clock resolution:80000000[0m
[0;32mI (913) PWM: LIDAR_DISTANCE=45.000000[0m
[0;32mI (913) gpio: GPIO[32]| InputEn: 0| OutputEn: 1| OpenDrain: 0| Pullup: 1| Pulldown: 0| Intr:0 [0m
[0;31mE (923) FreeRTOS: FreeRTOS Task "PWM" should not return, Aborting now![0m

abort() was called at PC 0x40087fbf on core 1


Backtrace: 0x40081a0a:0x3ffbae30 0x4008747d:0x3ffbae50 0x4008d891:0x3ffbae70 0x40087fbf:0x3ffbaee0




ELF file SHA256: 3d57bc8b8

Rebooting...
ets Jul 29 2019 12:21:46

rst:0xc (SW_CPU_RESET),boot:0x13 (SPI_FAST_FLASH_BOOT)
configsip: 0, SPIWP:0xee
clk_drv:0x00,q_drv:0x00,d_drv:0x00,cs0_drv:0x00,hd_drv:0x00,wp_drv:0x00
mode:DIO, clock div:2
load:0x3fff0030,len:7172
load:0x40078000,len:15532
load:0x40080400,len:4
load:0x40080404,len:3904
entry 0x40080640
[0;32mI (29) boot: ESP-IDF v5.3-dev-1288-g5524b692ee-dirty 2nd stage bootloader[0m
[0;32mI (29) boot: compile time Jan 27 2024 11:38:47[0m
[0;32mI (32) boot: Multicore bootloader[0m
[0;32mI (36) boot: chip revision: v3.0[0m
[0;32mI (39) boot.esp32: SPI Speed      : 40MHz[0m
[0;32mI (44) boot.esp32: SPI Mode       : DIO[0m
[0;32mI (49) boot.esp32: SPI Flash Size : 2MB[0m
[0;32mI (53) boot: Enabling RNG early entropy source...[0m
[0;32mI (59) boot: Partition Table:[0m
[0;32mI (62) boot: ## Label            Usage          Type ST Offset   Length[0m
[0;32mI (69) boot:  0 nvs              WiFi data        01 02 00009000 00006000[0m
[0;32mI (77) boot:  1 phy_init         RF data          01 01 0000f000 00001000[0m
[0;32mI (84) boot:  2 factory          factory app      00 00 00010000 00100000[0m
[0;32mI (92) boot: End of partition table[0m
[0;32mI (96) esp_image: segment 0: paddr=00010020 vaddr=3f400020 size=0d1f0h ( 53744) map[0m
[0;32mI (123) esp_image: segment 1: paddr=0001d218 vaddr=3ffb0000 size=0237ch (  9084) load[0m
[0;32mI (127) esp_image: segment 2: paddr=0001f59c vaddr=40080000 size=00a7ch (  2684) load[0m
[0;32mI (130) esp_image: segment 3: paddr=00020020 vaddr=400d0020 size=1bfb4h (114612) map[0m
[0;32mI (177) esp_image: segment 4: paddr=0003bfdc vaddr=40080a7c size=0e4dch ( 58588) load[0m
[0;32mI (207) boot: Loaded app from partition at offset 0x10000[0m
[0;32mI (207) boot: Disabling RNG early entropy source...[0m
[0;32mI (219) cpu_start: Multicore app[0m
D (219) cpu_start: Pro cpu up[0m
D (219) cpu_start: Starting app cpu, entry point is 0x400811ac[0m
D (206) cpu_start: App cpu up[0m
D (228) clk: RTC_SLOW_CLK calibration value: 3105690[0m
D (240) cpu_start: calling init function: 0x400d1638 on core: 0[0m
[0;32mI (240) cpu_start: Pro cpu start user code[0m
[0;32mI (240) cpu_start: cpu freq: 160000000 Hz[0m
D (246) cpu_start: calling init function: 0x400d167c on core: 0[0m
[0;32mI (252) cpu_start: Application information:[0m
[0;32mI (257) cpu_start: Project name:     drone_flight_control[0m
[0;32mI (263) cpu_start: App version:      1[0m
[0;32mI (267) cpu_start: Compile time:     Jan 31 2024 22:48:20[0m
[0;32mI (274) cpu_start: ELF file SHA256:  3d57bc8b8...[0m
[0;32mI (279) cpu_start: ESP-IDF:          v5.3-dev-1288-g5524b692ee-dirty[0m
[0;32mI (286) cpu_start: Min chip rev:     v0.0[0m
[0;32mI (291) cpu_start: Max chip rev:     v3.99 [0m
[0;32mI (296) cpu_start: Chip rev:         v3.0[0m
D (300) cpu_start: calling init function: 0x400d17c4 on core: 0[0m
D (306) memory_layout: Checking 9 reserved memory ranges:[0m
D (312) memory_layout: Reserved memory range 0x3ff82000 - 0x3ff82000[0m
D (318) memory_layout: Reserved memory range 0x3ffae000 - 0x3ffae6e0[0m
D (325) memory_layout: Reserved memory range 0x3ffb0000 - 0x3ffb2d38[0m
D (331) memory_layout: Reserved memory range 0x3ffe0000 - 0x3ffe0440[0m
D (337) memory_layout: Reserved memory range 0x3ffe3f20 - 0x3ffe4350[0m
D (344) memory_layout: Reserved memory range 0x40070000 - 0x40078000[0m
D (350) memory_layout: Reserved memory range 0x40078000 - 0x40080000[0m
D (357) memory_layout: Reserved memory range 0x40080000 - 0x4008ef58[0m
D (363) memory_layout: Reserved memory range 0x50001fe8 - 0x50002000[0m
D (369) memory_layout: Building list of available memory regions:[0m
D (376) memory_layout: Available memory region 0x3ffae6e0 - 0x3ffb0000[0m
D (382) memory_layout: Available memory region 0x3ffb2d38 - 0x3ffb8000[0m
D (389) memory_layout: Available memory region 0x3ffb8000 - 0x3ffc0000[0m
D (395) memory_layout: Available memory region 0x3ffc0000 - 0x3ffc2000[0m
D (402) memory_layout: Available memory region 0x3ffc2000 - 0x3ffc4000[0m
D (409) memory_layout: Available memory region 0x3ffc4000 - 0x3ffc6000[0m
D (415) memory_layout: Available memory region 0x3ffc6000 - 0x3ffc8000[0m
D (422) memory_layout: Available memory region 0x3ffc8000 - 0x3ffca000[0m
D (428) memory_layout: Available memory region 0x3ffca000 - 0x3ffcc000[0m
D (435) memory_layout: Available memory region 0x3ffcc000 - 0x3ffce000[0m
D (442) memory_layout: Available memory region 0x3ffce000 - 0x3ffd0000[0m
D (448) memory_layout: Available memory region 0x3ffd0000 - 0x3ffd2000[0m
D (455) memory_layout: Available memory region 0x3ffd2000 - 0x3ffd4000[0m
D (461) memory_layout: Available memory region 0x3ffd4000 - 0x3ffd6000[0m
D (468) memory_layout: Available memory region 0x3ffd6000 - 0x3ffd8000[0m
D (475) memory_layout: Available memory region 0x3ffd8000 - 0x3ffda000[0m
D (481) memory_layout: Available memory region 0x3ffda000 - 0x3ffdc000[0m
D (488) memory_layout: Available memory region 0x3ffdc000 - 0x3ffde000[0m
D (494) memory_layout: Available memory region 0x3ffde000 - 0x3ffe0000[0m
D (501) memory_layout: Available memory region 0x3ffe0440 - 0x3ffe3f20[0m
D (508) memory_layout: Available memory region 0x3ffe4350 - 0x3ffe8000[0m
D (514) memory_layout: Available memory region 0x3ffe8000 - 0x3fff0000[0m
D (521) memory_layout: Available memory region 0x3fff0000 - 0x3fff8000[0m
D (527) memory_layout: Available memory region 0x3fff8000 - 0x3fffc000[0m
D (534) memory_layout: Available memory region 0x3fffc000 - 0x40000000[0m
D (541) memory_layout: Available memory region 0x4008ef58 - 0x40090000[0m
D (547) memory_layout: Available memory region 0x40090000 - 0x40092000[0m
D (554) memory_layout: Available memory region 0x40092000 - 0x40094000[0m
D (560) memory_layout: Available memory region 0x40094000 - 0x40096000[0m
D (567) memory_layout: Available memory region 0x40096000 - 0x40098000[0m
D (574) memory_layout: Available memory region 0x40098000 - 0x4009a000[0m
D (580) memory_layout: Available memory region 0x4009a000 - 0x4009c000[0m
D (587) memory_layout: Available memory region 0x4009c000 - 0x4009e000[0m
D (593) memory_layout: Available memory region 0x4009e000 - 0x400a0000[0m
[0;32mI (600) heap_init: Initializing. RAM available for dynamic allocation:[0m
D (607) heap_init: New heap initialised at 0x3ffae6e0[0m
[0;32mI (612) heap_init: At 3FFAE6E0 len 00001920 (6 KiB): DRAM[0m
D (618) heap_init: New heap initialised at 0x3ffb2d38[0m
[0;32mI (623) heap_init: At 3FFB2D38 len 0002D2C8 (180 KiB): DRAM[0m
[0;32mI (630) heap_init: At 3FFE0440 len 00003AE0 (14 KiB): D/IRAM[0m
[0;32mI (636) heap_init: At 3FFE4350 len 0001BCB0 (111 KiB): D/IRAM[0m
D (643) heap_init: New heap initialised at 0x4008ef58[0m
[0;32mI (648) heap_init: At 4008EF58 len 000110A8 (68 KiB): IRAM[0m
D (654) cpu_start: calling init function: 0x400d17d0 on core: 0[0m
D (660) cpu_start: calling init function: 0x400d3fcc on core: 0[0m
D (666) cpu_start: calling init function: 0x400ea4c0 on core: 0[0m
D (672) cpu_start: calling init function: 0x400d17dc on core: 0[0m
D (678) intr_alloc: Connected src 46 to int 2 (cpu 0)[0m
D (683) cpu_start: calling init function: 0x400d17e8 on core: 0[0m
D (689) cpu_start: calling init function: 0x400d56fc on core: 0[0m
D (695) cpu_start: calling init function: 0x400d8100 on core: 0[0m
D (701) cpu_start: calling init function: 0x400d4038 on core: 0[0m
D (707) cpu_start: calling init function: 0x400d17f4 on core: 0[0m
D (713) cpu_start: calling init function: 0x400d1800 on core: 0[0m
D (719) spi_flash: trying chip: issi[0m
D (722) spi_flash: trying chip: gd[0m
D (726) spi_flash: trying chip: mxic[0m
D (730) spi_flash: trying chip: winbond[0m
D (733) spi_flash: trying chip: generic[0m
[0;32mI (737) spi_flash: detected chip: generic[0m
[0;32mI (742) spi_flash: flash io: dio[0m
[0;33mW (746) spi_flash: Detected size(4096k) larger than the size in the binary image header(2048k). Using the size in the binary image header.[0m
D (759) cpu_start: calling init function: 0x400ea4c8 on core: 0[0m
D (765) cpu_start: calling init function: 0x400df1ec[0m
[0;33mW (770) i2c: This driver is an old driver, please migrate your application code to adapt `driver/i2c_master.h`[0m
D (781) cpu_start: calling init function: 0x400d90e4[0m
D (786) cpu_start: calling init function: 0x40086170[0m
D (791) cpu_start: calling init function: 0x400d2894[0m
D (796) cpu_start: calling init function: 0x400d1d98[0m
D (801) cpu_start: calling init function: 0x400d14a0[0m
D (806) cpu_start: calling init function: 0x400d452c on core: 0[0m
D (812) intr_alloc: Connected src 17 to int 3 (cpu 0)[0m
D (817) cpu_start: calling init function: 0x400d1828 on core: 0[0m
D (823) intr_alloc: Connected src 24 to int 9 (cpu 0)[0m
D (828) app_start: Starting scheduler on CPU0[0m
[0;32D (833) intr_alloc: Connected src 25 to int 2 (cpu 1)[0m
D (833) app_start: Starting scheduler on CPU1[0m
mI (833) main_task: Started on CPU0[0m
D (853) heap_init: New heap initialised at 0x3ffe0440[0m
D (853) heap_init: New heap initialised at 0x3ffe4350[0m
D (853) intr_alloc: Connected src 16 to int 12 (cpu 0)[0m
[0;32mI (853) main_task: Calling app_main()[0m
D (863) intr_alloc: Connected src 49 to int 13 (cpu 0)[0m
D (863) intr_alloc: Connected src 35 to int 17 (cpu 0)[0m
[0;32mI (873) IMU: devid=0x34[0m
[0;32mI (873) IMU: getRate()=0[0m
[0;32mI (883) IMU: getExternalFrameSync()=0[0m
[0;32mI (883) IMU: getDLPFMode()=6[0m
[0;32mI (883) ESC_controller: Create RMT TX channel[0m
[0;32mI (883) IMU: getFullScaleAccelRange()=0[0m
Created RMT TX ChannelsD (893) rmt: new group(0) at 0x3ffbf708, occupy=ffffff00[0m
[0D (903) intr_alloc: Connected src 47 to int 18 (cpu 0)[0m
;32mI (893) IMU: getFullScaleGyroRange()=0[0m
D (913) rmt: group clock resolution:80000000[0m
[0;32mI (913) PWM: LIDAR_DISTANCE=43.000000[0m
[0;32mI (913) gpio: GPIO[32]| InputEn: 0| OutputEn: 1| OpenDrain: 0| Pullup: 1| Pulldown: 0| Intr:0 [0m
[0;31mE (923) FreeRTOS: FreeRTOS Task "PWM" should not return, Aborting now![0m

abort() was called at PC 0x40087fbf on core 1


Backtrace: 0x40081a0a:0x3ffbae30 0x4008747d:0x3ffbae50 0x4008d891:0x3ffbae70 0x40087fbf:0x3ffbaee0




ELF file SHA256: 3d57bc8b8

Rebooting...
ets Jul 29 2019 12:21:46

rst:0xc (SW_CPU_RESET),boot:0x13 (SPI_FAST_FLASH_BOOT)
configsip: 0, SPIWP:0xee
clk_drv:0x00,q_drv:0x00,d_drv:0x00,cs0_drv:0x00,hd_drv:0x00,wp_drv:0x00
mode:DIO, clock div:2
load:0x3fff0030,len:7172
load:0x40078000,len:15532
load:0x40080400,len:4
load:0x40080404,len:3904
entry 0x40080640
[0;32mI (29) boot: ESP-IDF v5.3-dev-1288-g5524b692ee-dirty 2nd stage bootloader[0m
[0;32mI (29) boot: compile time Jan 27 2024 11:38:47[0m
[0;32mI (32) boot: Multicore bootloader[0m
[0;32mI (36) boot: chip revision: v3.0[0m
[0;32mI (39) boot.esp32: SPI Speed      : 40MHz[0m
[0;32mI (44) boot.esp32: SPI Mode       : DIO[0m
[0;32mI (49) boot.esp32: SPI Flash Size : 2MB[0m
[0;32mI (53) boot: Enabling RNG early entropy source...[0m
[0;32mI (59) boot: Partition Table:[0m
[0;32mI (62) boot: ## Label            Usage          Type ST Offset   Length[0m
[0;32mI (69) boot:  0 nvs              WiFi data        01 02 00009000 00006000[0m
[0;32mI (77) boot:  1 phy_init         RF data          01 01 0000f000 00001000[0m
[0;32mI (84) boot:  2 factory          factory app      00 00 00010000 00100000[0m
[0;32mI (92) boot: End of partition table[0m
[0;32mI (96) esp_image: segment 0: paddr=00010020 vaddr=3f400020 size=0d1f0h ( 53744) map[0m
[0;32mI (123) esp_image: segment 1: paddr=0001d218 vaddr=3ffb0000 size=0237ch (  9084) load[0m
[0;32mI (127) esp_image: segment 2: paddr=0001f59c vaddr=40080000 size=00a7ch (  2684) load[0m
[0;32mI (130) esp_image: segment 3: paddr=00020020 vaddr=400d0020 size=1bfb4h (114612) map[0m
[0;32mI (177) esp_image: segment 4: paddr=0003bfdc vaddr=40080a7c size=0e4dch ( 58588) load[0m
[0;32mI (207) boot: Loaded app from partition at offset 0x10000[0m
[0;32mI (207) boot: Disabling RNG early entropy source...[0m
[0;32mI (219) cpu_start: Multicore app[0m
D (219) cpu_start: Pro cpu up[0m
D (219) cpu_start: Starting app cpu, entry point is 0x400811ac[0m
D (206) cpu_start: App cpu up[0m
D (228) clk: RTC_SLOW_CLK calibration value: 3106918[0m
D (240) cpu_start: calling init function: 0x400d1638 on core: 0[0m
[0;32mI (240) cpu_start: Pro cpu start user code[0m
[0;32mI (240) cpu_start: cpu freq: 160000000 Hz[0m
D (246) cpu_start: calling init function: 0x400d167c on core: 0[0m
[0;32mI (252) cpu_start: Application information:[0m
[0;32mI (257) cpu_start: Project name:     drone_flight_control[0m
[0;32mI (263) cpu_start: App version:      1[0m
[0;32mI (267) cpu_start: Compile time:     Jan 31 2024 22:48:20[0m
[0;32mI (274) cpu_start: ELF file SHA256:  3d57bc8b8...[0m
[0;32mI (279) cpu_start: ESP-IDF:          v5.3-dev-1288-g5524b692ee-dirty[0m
[0;32mI (286) cpu_start: Min chip rev:     v0.0[0m
[0;32mI (291) cpu_start: Max chip rev:     v3.99 [0m
[0;32mI (296) cpu_start: Chip rev:         v3.0[0m
D (300) cpu_start: calling init function: 0x400d17c4 on core: 0[0m
D (306) memory_layout: Checking 9 reserved memory ranges:[0m
D (312) memory_layout: Reserved memory range 0x3ff82000 - 0x3ff82000[0m
D (318) memory_layout: Reserved memory range 0x3ffae000 - 0x3ffae6e0[0m
D (325) memory_layout: Reserved memory range 0x3ffb0000 - 0x3ffb2d38[0m
D (331) memory_layout: Reserved memory range 0x3ffe0000 - 0x3ffe0440[0m
D (337) memory_layout: Reserved memory range 0x3ffe3f20 - 0x3ffe4350[0m
D (344) memory_layout: Reserved memory range 0x40070000 - 0x40078000[0m
D (350) memory_layout: Reserved memory range 0x40078000 - 0x40080000[0m
D (357) memory_layout: Reserved memory range 0x40080000 - 0x4008ef58[0m
D (363) memory_layout: Reserved memory range 0x50001fe8 - 0x50002000[0m
D (369) memory_layout: Building list of available memory regions:[0m
D (376) memory_layout: Available memory region 0x3ffae6e0 - 0x3ffb0000[0m
D (382) memory_layout: Available memory region 0x3ffb2d38 - 0x3ffb8000[0m
D (389) memory_layout: Available memory region 0x3ffb8000 - 0x3ffc0000[0m
D (395) memory_layout: Available memory region 0x3ffc0000 - 0x3ffc2000[0m
D (402) memory_layout: Available memory region 0x3ffc2000 - 0x3ffc4000[0m
D (409) memory_layout: Available memory region 0x3ffc4000 - 0x3ffc6000[0m
D (415) memory_layout: Available memory region 0x3ffc6000 - 0x3ffc8000[0m
D (422) memory_layout: Available memory region 0x3ffc8000 - 0x3ffca000[0m
D (428) memory_layout: Available memory region 0x3ffca000 - 0x3ffcc000[0m
D (435) memory_layout: Available memory region 0x3ffcc000 - 0x3ffce000[0m
D (442) memory_layout: Available memory region 0x3ffce000 - 0x3ffd0000[0m
D (448) memory_layout: Available memory region 0x3ffd0000 - 0x3ffd2000[0m
D (455) memory_layout: Available memory region 0x3ffd2000 - 0x3ffd4000[0m
D (461) memory_layout: Available memory region 0x3ffd4000 - 0x3ffd6000[0m
D (468) memory_layout: Available memory region 0x3ffd6000 - 0x3ffd8000[0m
D (475) memory_layout: Available memory region 0x3ffd8000 - 0x3ffda000[0m
D (481) memory_layout: Available memory region 0x3ffda000 - 0x3ffdc000[0m
D (488) memory_layout: Available memory region 0x3ffdc000 - 0x3ffde000[0m
D (494) memory_layout: Available memory region 0x3ffde000 - 0x3ffe0000[0m
D (501) memory_layout: Available memory region 0x3ffe0440 - 0x3ffe3f20[0m
D (508) memory_layout: Available memory region 0x3ffe4350 - 0x3ffe8000[0m
D (514) memory_layout: Available memory region 0x3ffe8000 - 0x3fff0000[0m
D (521) memory_layout: Available memory region 0x3fff0000 - 0x3fff8000[0m
D (527) memory_layout: Available memory region 0x3fff8000 - 0x3fffc000[0m
D (534) memory_layout: Available memory region 0x3fffc000 - 0x40000000[0m
D (541) memory_layout: Available memory region 0x4008ef58 - 0x40090000[0m
D (547) memory_layout: Available memory region 0x40090000 - 0x40092000[0m
D (554) memory_layout: Available memory region 0x40092000 - 0x40094000[0m
D (560) memory_layout: Available memory region 0x40094000 - 0x40096000[0m
D (567) memory_layout: Available memory region 0x40096000 - 0x40098000[0m
D (574) memory_layout: Available memory region 0x40098000 - 0x4009a000[0m
D (580) memory_layout: Available memory region 0x4009a000 - 0x4009c000[0m
D (587) memory_layout: Available memory region 0x4009c000 - 0x4009e000[0m
D (593) memory_layout: Available memory region 0x4009e000 - 0x400a0000[0m
[0;32mI (600) heap_init: Initializing. RAM available for dynamic allocation:[0m
D (607) heap_init: New heap initialised at 0x3ffae6e0[0m
[0;32mI (612) heap_init: At 3FFAE6E0 len 00001920 (6 KiB): DRAM[0m
D (618) heap_init: New heap initialised at 0x3ffb2d38[0m
[0;32mI (623) heap_init: At 3FFB2D38 len 0002D2C8 (180 KiB): DRAM[0m
[0;32mI (630) heap_init: At 3FFE0440 len 00003AE0 (14 KiB): D/IRAM[0m
[0;32mI (636) heap_init: At 3FFE4350 len 0001BCB0 (111 KiB): D/IRAM[0m
D (643) heap_init: New heap initialised at 0x4008ef58[0m
[0;32mI (648) heap_init: At 4008EF58 len 000110A8 (68 KiB): IRAM[0m
D (654) cpu_start: calling init function: 0x400d17d0 on core: 0[0m
D (660) cpu_start: calling init function: 0x400d3fcc on core: 0[0m
D (666) cpu_start: calling init function: 0x400ea4c0 on core: 0[0m
D (672) cpu_start: calling init function: 0x400d17dc on core: 0[0m
D (678) intr_alloc: Connected src 46 to int 2 (cpu 0)[0m
D (683) cpu_start: calling init function: 0x400d17e8 on core: 0[0m
D (689) cpu_start: calling init function: 0x400d56fc on core: 0[0m
D (695) cpu_start: calling init function: 0x400d8100 on core: 0[0m
D (701) cpu_start: calling init function: 0x400d4038 on core: 0[0m
D (707) cpu_start: calling init function: 0x400d17f4 on core: 0[0m
D (713) cpu_start: calling init function: 0x400d1800 on core: 0[0m
D (719) spi_flash: trying chip: issi[0m
D (722) spi_flash: trying chip: gd[0m
D (726) spi_flash: trying chip: mxic[0m
D (730) spi_flash: trying chip: winbond[0m
D (733) spi_flash: trying chip: generic[0m
[0;32mI (737) spi_flash: detected chip: generic[0m
[0;32mI (742) spi_flash: flash io: dio[0m
[0;33mW (746) spi_flash: Detected size(4096k) larger than the size in the binary image header(2048k). Using the size in the binary image header.[0m
D (759) cpu_start: calling init function: 0x400ea4c8 on core: 0[0m
D (765) cpu_start: calling init function: 0x400df1ec[0m
[0;33mW (770) i2c: This driver is an old driver, please migrate your application code to adapt `driver/i2c_master.h`[0m
D (781) cpu_start: calling init function: 0x400d90e4[0m
D (786) cpu_start: calling init function: 0x40086170[0m
D (791) cpu_start: calling init function: 0x400d2894[0m
D (796) cpu_start: calling init function: 0x400d1d98[0m
D (801) cpu_start: calling init function: 0x400d14a0[0m
D (806) cpu_start: calling init function: 0x400d452c on core: 0[0m
D (812) intr_alloc: Connected src 17 to int 3 (cpu 0)[0m
D (817) cpu_start: calling init function: 0x400d1828 on core: 0[0m
D (823) intr_alloc: Connected src 24 to int 9 (cpu 0)[0m
D (828) app_start: Starting scheduler on CPU0[0m
[0;32D (833) intr_alloc: Connected src 25 to int 2 (cpu 1)[0m
D (833) app_start: Starting scheduler on CPU1[0m
mI (833) main_task: Started on CPU0[0m
D (853) heap_init: New heap initialised at 0x3ffe0440[0m
D (853) heap_init: New heap initialised at 0x3ffe4350[0m
D (853) intr_alloc: Connected src 16 to int 12 (cpu 0)[0m
[0;32mI (853) main_task: Calling app_main()[0m
D (863) intr_alloc: Connected src 49 to int 13 (cpu 0)[0m
D (863) intr_alloc: Connected src 35 to int 17 (cpu 0)[0m
[0;32mI (873) IMU: devid=0x34[0m
[0;32mI (873) IMU: getRate()=0[0m
[0;32mI (883) IMU: getExternalFrameSync()=0[0m
[0;32mI (883) IMU: getDLPFMode()=6[0m
[0;32mI (883) ESC_controller: Create RMT TX channel[0m
[0;32mI (893) IMU: getFullScaleAccelRange()=0[0m
Created RMT TX ChannelsD (893) rmt: new group(0) at 0x3ffbf708, occupy=ffffff00[0m
[0D (903) intr_alloc: Connected src 47 to int 18 (cpu 0)[0m
;32mI (893) IMU: getFullScaleGyroRange()=0[0m
D (913) rmt: group clock resolution:80000000[0m
[0;32mI (913) PWM: LIDAR_DISTANCE=18.000000[0m
[0;32mI (913) gpio: GPIO[32]| InputEn: 0| OutputEn: 1| OpenDrain: 0| Pullup: 1| Pulldown: 0| Intr:0 [0m
[0;32mI (913) IMU: roll=-0.038833 pitch=0.036097 yaw=0.022141[0m
D (933) rmt: new tx channel(0,0) at 0x3ffbf398, gpio=32, res=40000000Hz, hw_mem_base=0x3ff56800, dma_mem_base=0x0, dma_nodes_nc=0x0,ping_pong_size=32, queue_depth=10[0m
D (953) intr_alloc: Connected src 47 to int 18 (cpu 0)[0m
D (953) rmt: group clock resolution:80000000[0m
[0;32mI (963) gpio: GPIO[26]| InputEn: 0| OutputEn: 1| OpenDrain: 0| Pullup: 1| Pulldown: 0| Intr:0 [0m
D (973) rmt: new tx channel(0,1) at 0x3ffbf8f8, gpio=26, res=40000000Hz, hw_mem_base=0x3ff56900, dma_mem_base=0x0, dma_nodes_nc=0x0,ping_pong_size=32, queue_depth=10[0m
D (983) intr_alloc: Connected src 47 to int 18 (cpu 0)[0m
D (993) rmt: group clock resolution:80000000[0m
[0;32mI (993) gpio: GPIO[33]| InputEn: 0| OutputEn: 1| OpenDrain: 0| Pullup: 1| Pulldown: 0| Intr:0 [0m
D (1003) rmt: new tx channel(0,2) at 0x3ffbfc4c, gpio=33, res=40000000Hz, hw_mem_base=0x3ff56a00, dma_mem_base=0x0, dma_nodes_nc=0x0,ping_pong_size=32, queue_depth=10[0m
D (1023) intr_alloc: Connected src 47 to int 18 (cpu 0)[0m
D (1023) rmt: group clock resolution:80000000[0m
[0;32mI (1033) gpio: GPIO[25]| InputEn: 0| OutputEn: 1| OpenDrain: 0| Pullup: 1| Pulldown: 0| Intr:0 [0m
[0;32mI (1033) IMU: roll=-0.450725 pitch=2.633432 yaw=-0.257980[0m
[0;32mI (1033) PWM: LIDAR_DISTANCE=17.000000[0m
D (1043) rmt: new tx channel(0,3) at 0x3ffbffa0, gpio=25, res=40000000Hz, hw_mem_base=0x3ff56b00, dma_mem_base=0x0, dma_nodes_nc=0x0,ping_pong_size=32, queue_depth=10[0m
[0;32mI (1063) ESC_controller: Install Dshot ESC encoder[0m
D (1073) rmt: new bytes encoder @0x3ffc0314[0m
D (1073) rmt: new copy encoder @0x3ffc0338[0m
D (1073) rmt: new bytes encoder @0x3ffc036c[0m
D (1083) rmt: new copy encoder @0x3ffc0390[0m
D (1083) rmt: new bytes encoder @0x3ffc03c4[0m
D (1093) rmt: new copy encoder @0x3ffc03e8[0m
D (1093) rmt: new bytes encoder @0x3ffc041c[0m
D (1103) rmt: new copy encoder @0x3ffc0440[0m
[0;32mI (1103) ESC_controller: Enable RMT TX channel[0m
[0;32mI (1103) ESC_controller: Start ESCs by sending zero throttle for a while...[0m
[0;32mI (893) main_task: Returned from app_main()[0m
[0;32mI (1143) IMU: roll=0.780328 pitch=4.248657 yaw=-0.522949[0m
[0;32mI (1143) PWM: LIDAR_DISTANCE=16.000000[0m
[0;32mI (1243) IMU: roll=2.325029 pitch=3.038529 yaw=-1.320648[0m
[0;32mI (1243) PWM: LIDAR_DISTANCE=10.000000[0m
[0;32mI (1343) IMU: roll=0.975015 pitch=0.519923 yaw=-1.522049[0m
[0;32mI (1343) PWM: LIDAR_DISTANCE=7.000000[0m
[0;32mI (1443) IMU: roll=0.364073 pitch=0.294670 yaw=-0.339233[0m
[0;32mI (1443) PWM: LIDAR_DISTANCE=5.000000[0m
[0;32mI (1543) IMU: roll=-0.716916 pitch=3.067454 yaw=0.449585[0m
[0;32mI (1643) IMU: roll=-1.322500 pitch=3.403574 yaw=1.583847[0m
[0;32mI (1743) IMU: roll=-2.259106 pitch=2.800714 yaw=1.650192[0m
[0;32mI (1843) IMU: roll=-3.236080 pitch=2.200179 yaw=1.682236[0m
[0;32mI (1943) IMU: roll=-3.972826 pitch=1.338043 yaw=1.732162[0m
