[0;32mI (201) boot: Loaded app from partition at offset 0x10000[0m
[0;32mI (201) boot: Disabling RNG early entropy source..ï¿½ets Jul 29 2019 12:21:46

rst:0x1 (POWERON_RESET),boot:0x13 (SPI_FAST_FLASH_BOOT)
configsip: 0, SPIWP:0xee
clk_drv:0x00,q_drv:0x00,d_drv:0x00,cs0_drv:0x00,hd_drv:0x00,wp_drv:0x00
mode:DIO, clock div:2
load:0x3fff0030,len:7172
load:0x40078000,len:15532
load:0x40080400,len:4
load:0x40080404,len:3904
entry 0x40080640
[0;32mI (29) boot: ESP-IDF v5.3-dev-1288-g5524b692ee-dirty 2nd stage bootloader[0m
[0;32mI (29) boot: compile time Jan 25 2024 13:26:40[0m
[0;32mI (32) boot: Multicore bootloader[0m
[0;32mI (36) boot: chip revision: v3.0[0m
[0;32mI (40) boot.esp32: SPI Speed      : 40MHz[0m
[0;32mI (44) boot.esp32: SPI Mode       : DIO[0m
[0;32mI (49) boot.esp32: SPI Flash Size : 2MB[0m
[0;32mI (53) boot: Enabling RNG early entropy source...[0m
[0;32mI (59) boot: Partition Table:[0m
[0;32mI (62) boot: ## Label            Usage          Type ST Offset   Length[0m
[0;32mI (70) boot:  0 nvs              WiFi data        01 02 00009000 00006000[0m
[0;32mI (77) boot:  1 phy_init         RF data          01 01 0000f000 00001000[0m
[0;32mI (84) boot:  2 factory          factory app      00 00 00010000 00100000[0m
[0;32mI (92) boot: End of partition table[0m
[0;32mI (96) esp_image: segment 0: paddr=00010020 vaddr=3f400020 size=0c488h ( 50312) map[0m
[0;32mI (122) esp_image: segment 1: paddr=0001c4b0 vaddr=3ffb0000 size=022f8h (  8952) load[0m
[0;32mI (125) esp_image: segment 2: paddr=0001e7b0 vaddr=40080000 size=01868h (  6248) load[0m
[0;32mI (130) esp_image: segment 3: paddr=00020020 vaddr=400d0020 size=19aa0h (105120) map[0m
[0;32mI (172) esp_image: segment 4: paddr=00039ac8 vaddr=40081868 size=0d3c0h ( 54208) load[0m
[0;32mI (201) boot: Loaded app from partition at offset 0x10000[0m
[0;32mI (201) boot: Disabling RNG early entropy source...[0m
[0;32mI (213) cpu_start: Multicore app[0m
[0;32mI (221) cpu_start: Pro cpu start user code[0m
[0;32mI (221) cpu_start: cpu freq: 160000000 Hz[0m
[0;32mI (221) cpu_start: Application information:[0m
[0;32mI (224) cpu_start: Project name:     drone_flight_control[0m
[0;32mI (231) cpu_start: App version:      1[0m
[0;32mI (235) cpu_start: Compile time:     Jan 25 2024 16:45:39[0m
[0;32mI (241) cpu_start: ELF file SHA256:  73ac14f4b...[0m
[0;32mI (246) cpu_start: ESP-IDF:          v5.3-dev-1288-g5524b692ee-dirty[0m
[0;32mI (253) cpu_start: Min chip rev:     v0.0[0m
[0;32mI (258) cpu_start: Max chip rev:     v3.99 [0m
[0;32mI (263) cpu_start: Chip rev:         v3.0[0m
[0;32mI (268) heap_init: Initializing. RAM available for dynamic allocation:[0m
[0;32mI (275) heap_init: At 3FFAE6E0 len 00001920 (6 KiB): DRAM[0m
[0;32mI (281) heap_init: At 3FFB2C98 len 0002D368 (180 KiB): DRAM[0m
[0;32mI (287) heap_init: At 3FFE0440 len 00003AE0 (14 KiB): D/IRAM[0m
[0;32mI (294) heap_init: At 3FFE4350 len 0001BCB0 (111 KiB): D/IRAM[0m
[0;32mI (300) heap_init: At 4008EC28 len 000113D8 (68 KiB): IRAM[0m
[0;32mI (308) spi_flash: detected chip: generic[0m
[0;32mI (311) spi_flash: flash io: dio[0m
[0;33mW (315) spi_flash: Detected size(4096k) larger than the size in the binary image header(2048k). Using the size in the binary image header.[0m
[0;33mW (328) i2c: This driver is an old driver, please migrate your application code to adapt `driver/i2c_master.h`[0m
[0;32mI (339) main_task: Started on CPU0[0m
[0;32mI (349) main_task: Calling app_main()[0m
[0;32mI (349) PWM: ESC done bro [0m
[0;32mI (349) IMU: I have entered MPU CODE[0m
[0;32mI (349) IMU: devid=0x34[0m
[0;32mI (349) IMU: getRate()=0[0m
[0;32mI (359) IMU: getExternalFrameSync()=0[0m
[0;32mI (359) IMU: getDLPFMode()=6[0m
[0;32mI (369) ESC_controller: Create RMT TX channel[0m
[0;32mI (369) IMU: getFullScaleAccelRange()=0[0m
Created RMT TX Channels[0;32mI (369) IMU: getFullScaleGyroRange()=0[0m
[0;32mI (379) gpio: GPIO[33]| InputEn: 0| OutputEn: 1| OpenDrain: 0| Pullup: 1| Pulldown: 0| Intr:0 [0m
[0;32mI (389) gpio: GPIO[25]| InputEn: 0| OutputEn: 1| OpenDrain: 0| Pullup: 1| Pulldown: 0| Intr:0 [0m
[0;32mI (399) gpio: GPIO[32]| InputEn: 0| OutputEn: 1| OpenDrain: 0| Pullup: 1| Pulldown: 0| Intr:0 [0m
[0;32mI (409) gpio: GPIO[26]| InputEn: 0| OutputEn: 1| OpenDrain: 0| Pullup: 1| Pulldown: 0| Intr:0 [0m
[0;32mI (419) ESC_controller: Install Dshot ESC encoder[0m
[0;32mI (419) ESC_controller: Enable RMT TX channel[0m
[0;32mI (429) ESC_controller: Start ESCs by sending zero throttle for a while...[0m
[0;32mI (369) main_task: Returned from app_main()[0m
[0;32mI (1349) PWM: ESC done bro [0m
[0;32mI (2349) PWM: ESC done bro [0m
[0;32mI (3349) PWM: ESC done bro [0m
[0;32mI (4349) PWM: ESC done bro [0m
[0;32mI (4389) IMU: roll:0.000000 pitch=0.000000 yaw=0.000000[0m
[0;32mI (4509) IMU: roll:0.008606 pitch=0.827716 yaw=30.009125[0m
[0;32mI (4629) IMU: roll:0.479272 pitch=1.492029 yaw=60.006882[0m
[0;32mI (4749) IMU: roll:1.151450 pitch=1.832137 yaw=89.993866[0m
[0;32mI (4869) IMU: roll:1.928967 pitch=1.798243 yaw=119.965332[0m
[0;32mI (4989) IMU: roll:2.543709 pitch=1.389161 yaw=149.917389[0m
[0;32mI (5109) IMU: roll:2.840564 pitch=0.735144 yaw=179.856598[0m
[0;32mI (5229) IMU: roll:2.792964 pitch=0.019200 yaw=209.798584[0m
[0;32mI (5349) PWM: ESC done bro [0m
[0;32mI (5349) IMU: roll:2.462846 pitch=-0.588160 yaw=239.758484[0m
[0;32mI (5469) IMU: roll:1.838837 pitch=-0.958383 yaw=-90.247589[0m
[0;32mI (5589) IMU: roll:1.109016 pitch=-0.952447 yaw=-60.237976[0m
[0;32mI (5709) IMU: roll:0.462784 pitch=-0.591658 yaw=-30.218468[0m
[0;32mI (5829) IMU: roll:0.065291 pitch=0.062316 yaw=-0.203407[0m
[0;32mI (5949) IMU: roll:0.087466 pitch=0.816316 yaw=29.803360[0m
[0;32mI (6069) IMU: roll:0.514585 pitch=1.443527 yaw=59.800491[0m
[0;32mI (6189) IMU: roll:1.150312 pitch=1.781000 yaw=89.787079[0m
[0;32mI (6309) IMU: roll:1.863997 pitch=1.769293 yaw=119.758911[0m
[0;32mI (6349) PWM: ESC done bro [0m
[0;32mI (6429) IMU: roll:2.466068 pitch=1.398996 yaw=149.712830[0m
[0;32mI (6549) IMU: roll:2.812447 pitch=0.773184 yaw=179.931946[0m
[0;32mI (6669) IMU: roll:2.824939 pitch=0.062254 yaw=209.596924[0m
[0;32mI (6789) IMU: roll:2.450427 pitch=-0.559171 yaw=239.555664[0m
[0;32mI (6909) IMU: roll:1.827377 pitch=-0.916234 yaw=-90.459396[0m
[0;32mI (7029) IMU: roll:1.097353 pitch=-0.909083 yaw=-60.451477[0m
[0;32mI (7149) IMU: roll:0.505017 pitch=-0.534692 yaw=-30.433983[0m
[0;32mI (7269) IMU: roll:0.079583 pitch=0.070743 yaw=-0.419411[0m
[0;32mI (7349) PWM: ESC done bro [0m
[0;32mI (7389) IMU: roll:-0.017862 pitch=0.813518 yaw=29.587509[0m
[0;32mI (7509) IMU: roll:0.371116 pitch=1.512107 yaw=59.585678[0m
[0;32mI (7629) IMU: roll:1.058877 pitch=1.921305 yaw=89.575821[0m
[0;32mI (7749) IMU: roll:1.840400 pitch=1.929863 yaw=119.549973[0m
[0;32mI (7869) IMU: roll:2.462811 pitch=1.570536 yaw=149.504547[0m
[0;32mI (7989) IMU: roll:2.825058 pitch=0.949257 yaw=179.444183[0m
[0;32mI (8109) IMU: roll:2.889088 pitch=0.216772 yaw=209.382416[0m
[0;32mI (8229) IMU: roll:2.578303 pitch=-0.455254 yaw=239.334595[0m
